01-15 02:35:43.415 30562 30562 E Diag_Lib:  Diag_LSM_Init: Failed to open handle to diag driver, error = 13
01-15 02:35:43.420 30562 30562 I Atfwd_Daemon: result : 255 	 ,Init step :0 	 ,qmiErrorCode: 0
01-15 02:35:43.420 30562 30562 I Atfwd_Daemon: result : 0 	 ,Init step :1 	 ,qmiErrorCode: 0
01-15 02:35:43.421 30562 30562 I ServiceManager: Waiting for service AtCmdFwd...
01-15 02:35:44.426 30562 30562 I ServiceManager: Waiting for service AtCmdFwd...
01-15 02:35:45.428 30562 30562 I ServiceManager: Waiting for service AtCmdFwd...
01-15 02:35:46.429 30562 30562 I ServiceManager: Waiting for service AtCmdFwd...
01-15 02:35:47.431 30562 30562 I ServiceManager: Waiting for service AtCmdFwd...
01-15 02:35:48.432 30562 30562 W Atfwd_Sendcmd: AtCmdFwd service not published, waiting... retryCnt : 1
01-15 02:35:53.434 30562 30562 I ServiceManager: Waiting for service AtCmdFwd...
01-15 02:35:54.436 30562 30562 I ServiceManager: Waiting for service AtCmdFwd...
01-15 02:35:55.438 30562 30562 I ServiceManager: Waiting for service AtCmdFwd...
01-15 02:35:56.440 30562 30562 I ServiceManager: Waiting for service AtCmdFwd...
01-15 02:35:57.442 30562 30562 I ServiceManager: Waiting for service AtCmdFwd...
01-15 02:35:58.444 30562 30562 W Atfwd_Sendcmd: AtCmdFwd service not published, waiting... retryCnt : 2
01-15 02:36:08.446 30562 30562 I ServiceManager: Waiting for service AtCmdFwd...
01-15 02:36:09.448 30562 30562 I ServiceManager: Waiting for service AtCmdFwd...
01-15 02:36:10.450 30562 30562 I ServiceManager: Waiting for service AtCmdFwd...
01-15 02:36:11.452 30562 30562 I ServiceManager: Waiting for service AtCmdFwd...
01-15 02:36:12.454 30562 30562 I ServiceManager: Waiting for service AtCmdFwd...
01-15 02:36:13.456 30562 30562 W Atfwd_Sendcmd: AtCmdFwd service not published, waiting... retryCnt : 3
01-15 02:36:28.458 30562 30562 I ServiceManager: Waiting for service AtCmdFwd...
01-15 02:36:29.460 30562 30562 I ServiceManager: Waiting for service AtCmdFwd...
01-15 02:36:30.464 30562 30562 I ServiceManager: Waiting for service AtCmdFwd...
01-15 02:36:31.466 30562 30562 I ServiceManager: Waiting for service AtCmdFwd...
01-15 02:36:32.468 30562 30562 I ServiceManager: Waiting for service AtCmdFwd...
01-15 02:36:33.469 30562 30562 W Atfwd_Sendcmd: AtCmdFwd service not published, waiting... retryCnt : 4
01-15 02:36:53.472 30562 30562 I ServiceManager: Waiting for service AtCmdFwd...
01-15 02:36:54.474 30562 30562 I ServiceManager: Waiting for service AtCmdFwd...
01-15 02:36:55.476 30562 30562 I ServiceManager: Waiting for service AtCmdFwd...
01-15 02:36:56.478 30562 30562 I ServiceManager: Waiting for service AtCmdFwd...
01-15 02:36:57.480 30562 30562 I ServiceManager: Waiting for service AtCmdFwd...
01-15 02:36:58.482 30562 30562 W Atfwd_Sendcmd: AtCmdFwd service not published, waiting... retryCnt : 5
01-15 02:37:10.612 22674 22771 I WorkerWrapper: Worker result SUCCESS for Work [ id=d34873cd-1e5c-4220-9c0c-53f241fd67b0, tags={ com.etsy.android.lib.logger.elk.uploading.ElkLogUploadWorker, elk-logs } ]
01-15 02:37:23.483 30562 30562 I Atfwd_Sendcmd: AtCmdFwd service not ready - Exhausted retry attempts - :6
01-15 02:37:23.483 30562 30562 I Atfwd_Daemon: result : -1 	 ,Init step :2 	 ,qmiErrorCode: 0
01-15 02:37:28.485 30562 30562 I ServiceManager: Waiting for service AtCmdFwd...
01-15 02:37:29.487 30562 30562 I ServiceManager: Waiting for service AtCmdFwd...
01-15 02:37:30.489 30562 30562 I ServiceManager: Waiting for service AtCmdFwd...
01-15 02:37:30.618  3740 30578 I EventLogService: Opted in for usage reporting
01-15 02:37:30.623  3740 30578 I EventLogService: Aggregate from 1705255630340 (log), 1705255630340 (data)
01-15 02:37:30.625  3740 30577 I CheckinService: Checking schedule, now: 1705257450625 next: 1705256903349
01-15 02:37:30.625  3740 30577 I CheckinService: active receiver: enabled
01-15 02:37:30.626  3740 30577 I CheckinService: Preparing to send checkin request
01-15 02:37:30.675  3740 30577 I EventLogService: Accumulating logs since 1705257450623
01-15 02:37:30.681  3740 30577 I EventLogService: Opted in for usage reporting
01-15 02:37:30.693  3740 30578 I ServiceDumpSys: dumping service [account]
01-15 02:37:30.721  3740 30577 I CheckinRequestBuilder: Checkin reason type: 11 attempt count: 1
01-15 02:37:30.722  3740 30577 E ActivityThread: Failed to find provider info for com.google.android.wearable.settings
01-15 02:37:30.827   921  3405 I ActivityManager: Start proc 30581:com.google.android.gms.unstable/u0a12 for service com.google.android.gms/.droidguard.DroidGuardService
01-15 02:37:30.869 30581 30581 W System  : ClassLoader referenced unknown path: /system/priv-app/PrebuiltGmsCore/lib/arm64
01-15 02:37:30.885 30581 30581 I MultiDex: VM with version 2.1.0 has multidex support
01-15 02:37:30.885 30581 30581 I MultiDex: install
01-15 02:37:30.885 30581 30581 I MultiDex: VM has multidex support, MultiDex support library is disabled.
01-15 02:37:30.977 30581 30581 I ProviderInstaller: Installed default security provider GmsCore_OpenSSL
01-15 02:37:31.025  3349  4311 E MDM     : [89] b.run: Couldn't connect to Google API client: ConnectionResult{statusCode=API_UNAVAILABLE, resolution=null, message=null}
01-15 02:37:31.096  3349  3781 W GCoreFlp: No location to return for getLastLocation()
01-15 02:37:31.096  3196 30598 W FusedLocationProvider: location=null
01-15 02:37:31.119 30581 30591 I GoogleURLConnFactory: Using platform SSLCertificateSocketFactory
01-15 02:37:31.490 30562 30562 I ServiceManager: Waiting for service AtCmdFwd...
01-15 02:37:31.971   921  3450 W ActivityManager: Unable to start service Intent { act=com.google.android.gms.droidguard.service.PING pkg=com.google.android.gms (has extras) } U=0: not found
01-15 02:37:32.122 30581 30591 I Adreno  : QUALCOMM build                   : 63c06b2, I8366cd0437
01-15 02:37:32.122 30581 30591 I Adreno  : Build Date                       : 10/21/15
01-15 02:37:32.122 30581 30591 I Adreno  : OpenGL ES Shader Compiler Version: XE031.05.13.02
01-15 02:37:32.122 30581 30591 I Adreno  : Local Branch                     : 
01-15 02:37:32.122 30581 30591 I Adreno  : Remote Branch                    : quic/LA.BF64.1.2.9_v2
01-15 02:37:32.122 30581 30591 I Adreno  : Remote Branch                    : NONE
01-15 02:37:32.122 30581 30591 I Adreno  : Reconstruct Branch               : NOTHING
01-15 02:37:32.202 30581 30591 I Adreno  : QUALCOMM build                   : 63c06b2, I8366cd0437
01-15 02:37:32.202 30581 30591 I Adreno  : Build Date                       : 10/21/15
01-15 02:37:32.202 30581 30591 I Adreno  : OpenGL ES Shader Compiler Version: XE031.05.13.02
01-15 02:37:32.202 30581 30591 I Adreno  : Local Branch                     : 
01-15 02:37:32.202 30581 30591 I Adreno  : Remote Branch                    : quic/LA.BF64.1.2.9_v2
01-15 02:37:32.202 30581 30591 I Adreno  : Remote Branch                    : NONE
01-15 02:37:32.202 30581 30591 I Adreno  : Reconstruct Branch               : NOTHING
01-15 02:37:32.232 30591 30591 W Binder_1: type=1400 audit(0.0:293): avc: denied { read } for name="/" dev="tmpfs" ino=12316 scontext=u:r:untrusted_app:s0:c512,c768 tcontext=u:object_r:device:s0 tclass=dir permissive=0
01-15 02:37:32.260 30581 30591 I Adreno  : QUALCOMM build                   : 63c06b2, I8366cd0437
01-15 02:37:32.260 30581 30591 I Adreno  : Build Date                       : 10/21/15
01-15 02:37:32.260 30581 30591 I Adreno  : OpenGL ES Shader Compiler Version: XE031.05.13.02
01-15 02:37:32.260 30581 30591 I Adreno  : Local Branch                     : 
01-15 02:37:32.260 30581 30591 I Adreno  : Remote Branch                    : quic/LA.BF64.1.2.9_v2
01-15 02:37:32.260 30581 30591 I Adreno  : Remote Branch                    : NONE
01-15 02:37:32.260 30581 30591 I Adreno  : Reconstruct Branch               : NOTHING
01-15 02:37:32.282 30591 30591 W Binder_1: type=1400 audit(0.0:294): avc: denied { search } for name="532" dev="proc" ino=292930 scontext=u:r:untrusted_app:s0:c512,c768 tcontext=u:r:zygote:s0 tclass=dir permissive=0
01-15 02:37:32.282 30591 30591 W Binder_1: type=1400 audit(0.0:295): avc: denied { search } for name="com.android.settings" dev="dm-2" ino=801289 scontext=u:r:untrusted_app:s0:c512,c768 tcontext=u:object_r:system_app_data_file:s0 tclass=dir permissive=0
01-15 02:37:32.282 30591 30591 W Binder_1: type=1400 audit(0.0:296): avc: denied { read } for name="/" dev="tmpfs" ino=12316 scontext=u:r:untrusted_app:s0:c512,c768 tcontext=u:object_r:device:s0 tclass=dir permissive=0
01-15 02:37:32.390  3740 30577 I CheckinRequestBuilder: Classify the device as Phone.
01-15 02:37:32.403  3740 30577 I EventLogService: Opted in for usage reporting
01-15 02:37:32.491 30562 30562 I ServiceManager: Waiting for service AtCmdFwd...
01-15 02:37:33.027  3740 30577 I CheckinTask: Sending checkin request (18091 bytes)
01-15 02:37:33.317  3740 30577 I CheckinResponseProcessor: From server: 1414 gservices [full]
01-15 02:37:33.491 30562 30562 W Atfwd_Sendcmd: AtCmdFwd service not published, waiting... retryCnt : 1
01-15 02:37:33.576  3196  3212 I GservicesProvider: main update completed
01-15 02:37:33.602   921   934 I ActivityManager: Start proc 30614:com.google.android.configupdater/u0a5 for broadcast com.google.android.configupdater/.CertPin.CertPinUpdateRequestReceiver
01-15 02:37:33.604  3740 30577 I CheckinRequestBuilder: Checkin reason type: 11 attempt count: 1
01-15 02:37:33.606  3740 30577 E ActivityThread: Failed to find provider info for com.google.android.wearable.settings
01-15 02:37:33.651   921  3462 I Telecom : PhoneAccountRegistrar: SimCallManager queried, returning: null
01-15 02:37:33.651  9511  9511 I Babel_telephony: TeleModule.updateConnectionManagerRegistration, registration preference changed from false to false
01-15 02:37:33.652  9511  9511 W Babel   : BAM#gBA: invalid account id: -1
01-15 02:37:33.652  9511  9511 W Babel   : BAM#gBA: invalid account id: -1
01-15 02:37:33.652  9511  9511 I Babel_telephony: TeleModule.updateIncomingCallRegistration, preferred account for incoming calls changed from: null to null
01-15 02:37:33.660 30614 30614 W System  : ClassLoader referenced unknown path: /system/priv-app/ConfigUpdater/lib/arm64
01-15 02:37:33.696  3740 30577 I CheckinRequestBuilder: Classify the device as Phone.
01-15 02:37:33.702  3740 30577 I EventLogService: Opted in for usage reporting
01-15 02:37:33.717  3740 30577 I CheckinTask: Checkin success: https://android.clients.google.com/checkin (1 requests sent)
01-15 02:37:33.717 30614 30614 E ConfigUpdater: Received malformed URL while handling Gservices.CHANGED_ACTION intent_firewall: null null
01-15 02:37:33.728  3740 30577 I CheckinService: Checking schedule, now: 1705257453728 next: 1705297740717
01-15 02:37:33.728  3740 30577 I CheckinService: active receiver: disabled
01-15 02:37:33.732 30614 30614 E ConfigUpdater: Received malformed URL while handling Gservices.CHANGED_ACTION apn_db: null null
01-15 02:37:33.735 30614 30614 E ConfigUpdater: Received malformed URL while handling Gservices.CHANGED_ACTION tzdata: null null
01-15 02:37:33.739 30614 30614 E ConfigUpdater: Received malformed URL while handling Gservices.CHANGED_ACTION selinux: null null
01-15 02:37:33.744 30614 30614 E ConfigUpdater: Received malformed URL while handling Gservices.CHANGED_ACTION carrier_provisioning_urls: null null
01-15 02:37:33.760   921 23639 I ActivityManager: Start proc 30642:com.google.android.apps.gcs/u0a11 for broadcast com.google.android.apps.gcs/.receiver.GservicesChangedReceiver
01-15 02:37:33.796 30642 30642 W System  : ClassLoader referenced unknown path: /system/priv-app/GCS/lib/arm64
01-15 02:37:33.851 30642 30642 W ClientExperimentManager: [1] d.a: com.google.android.apps.gcs does not have permission com.google.android.apps.gcs.WRITE_EXPERIMENTS; disabling overrides
01-15 02:37:33.868 30642 30642 W InstanceID/Rpc: Found 10012
01-15 02:37:33.876   921 23639 I ActivityManager: Killing 25490:com.google.android.gms:snet/u0a12 (adj 15): empty for 34089s
01-15 02:37:33.923   921  3222 I ActivityManager: Start proc 30665:com.google.android.partnersetup/u0a18 for broadcast com.google.android.partnersetup/.GservicesChangedReceiver
01-15 02:37:33.960 30665 30665 W System  : ClassLoader referenced unknown path: /system/priv-app/GooglePartnerSetup/lib/arm64
01-15 02:37:34.064   921   932 W ActivityManager: Unable to start service Intent { cmp=com.google.android.gms/.measurement.service.b } U=0: not found
01-15 02:37:34.098  3740  3740 I SystemUpdateService: receiver: Intent { act=com.google.gservices.intent.action.GSERVICES_CHANGED flg=0x10 cmp=com.google.android.gms/.update.SystemUpdateService$Receiver }
01-15 02:37:34.100  3740 30689 I CheckinService: Checking schedule, now: 1705257454100 next: 1705297740717
01-15 02:37:34.100  3740 30689 I CheckinService: active receiver: disabled
01-15 02:37:34.125  3740 30690 I SystemUpdateService: active receiver: enabled
01-15 02:37:34.154  3740 30690 I SystemUpdateService: showing system update notification
01-15 02:37:34.169  3740  3740 I OcrUtils: Updating ocr activity enabled=true
01-15 02:37:34.202  3349  3349 I GCoreUlr: Starting service, intent=Intent { act=com.google.android.location.reporting.ACTION_UPDATE_WORLD cmp=com.google.android.gms/com.google.android.location.reporting.service.DispatchingService (has extras) }, extras=Bundle[{receiverAction=com.google.gservices.intent.action.GSERVICES_CHANGED}]
01-15 02:37:34.213  3349  3349 I GCoreUlr: DispatchingService.onCreate()
01-15 02:37:34.265   921  3462 I ActivityManager: Killing 27735:com.alphainventor.filemanager/u0a80 (adj 15): empty for 19899s
01-15 02:37:34.292  3349 30696 I GCoreUlr: WorldUpdater received intent Intent { act=com.google.android.location.reporting.ACTION_UPDATE_WORLD cmp=com.google.android.gms/com.google.android.location.reporting.service.DispatchingService (has extras) } with receiverAction com.google.gservices.intent.action.GSERVICES_CHANGED
01-15 02:37:34.326  3349 30696 I GCoreUlr: WorldUpdater:com.google.gservices.intent.action.GSERVICES_CHANGED: Ensuring that reporting is stopped because of reasons: (no Google accounts)
01-15 02:37:34.332  3349 30696 I GCoreUlr: Unbound from all location providers
01-15 02:37:34.341  3349  3349 I GCoreUlr: DispatchingService.onDestroy()
01-15 02:37:34.341  3349  3349 I GCoreUlr: Stopping handler for UlrDispSvcFast
01-15 02:37:34.345  3349  3349 I GCoreUlr: Unbound from all location providers
01-15 02:37:34.455  3740  4684 E Icing   : Loading extension /data/data/com.google.android.gms/files/libAppDataSearchExt_arm64_v8a.so failed
01-15 02:37:34.517 30976 30703 I GservicesUpdateTask: Updating Gservices keys
01-15 02:37:34.615  3740  3740 I Kids    : [GCoreUtils] Current gmscore version, 8186448 is smaller than the required version 8400000
01-15 02:37:34.645  3740  3740 I Kids    : [GCoreUtils] Current gmscore version, 8186448 is smaller than the required version 8400000
01-15 02:37:36.038   921  3376 I ActivityManager: Killing 27243:com.android.sdm.plugins.sprintdm/1001 (adj 15): empty for 9190s
01-15 02:37:37.400   921   931 I ActivityManager: Killing 25383:com.github.kr328.clash:background/u0a78 (adj 15): empty for 6097s
01-15 02:37:38.493 30562 30562 I ServiceManager: Waiting for service AtCmdFwd...
01-15 02:37:39.495 30562 30562 I ServiceManager: Waiting for service AtCmdFwd...
01-15 02:37:40.498 30562 30562 I ServiceManager: Waiting for service AtCmdFwd...
01-15 02:37:40.731   921  2825 I InputReader: Reconfiguring input devices.  changes=0x00000010
01-15 02:37:40.745   921  3405 W ActivityManager: Permission Denial: Accessing service ComponentInfo{com.google.android.music/com.google.android.music.dial.DialMediaRouteProviderService} from pid=19484, uid=10086 that is not exported from uid 10059
01-15 02:37:40.746   921 23638 W ActivityManager: Permission Denial: Accessing service ComponentInfo{com.google.android.music/com.google.android.music.dial.DialMediaRouteProviderService} from pid=31757, uid=10039 that is not exported from uid 10059
01-15 02:37:40.807  3740 30710 I PackageBroadcastService: Null package name or gms related package.  Ignoreing.
01-15 02:37:40.821 30976 30713 I UpdateIcingCorporaServi: Updating corpora: APPS=com.google.android.gms, CONTACTS=MAYBE
01-15 02:37:40.843  3740  4684 I Icing   : updateResources: need to parse f{com.google.android.gms}
01-15 02:37:40.878 30976 30713 I UpdateIcingCorporaServi: UpdateCorporaTask done [took 57 ms] updated apps [took 57 ms] 
01-15 02:37:41.499 30562 30562 I ServiceManager: Waiting for service AtCmdFwd...
01-15 02:37:42.500 30562 30562 I ServiceManager: Waiting for service AtCmdFwd...
01-15 02:37:43.501 30562 30562 W Atfwd_Sendcmd: AtCmdFwd service not published, waiting... retryCnt : 2
01-15 02:37:53.503 30562 30562 I ServiceManager: Waiting for service AtCmdFwd...
01-15 02:37:54.505 30562 30562 I ServiceManager: Waiting for service AtCmdFwd...
01-15 02:37:55.507 30562 30562 I ServiceManager: Waiting for service AtCmdFwd...
01-15 02:37:56.509 30562 30562 I ServiceManager: Waiting for service AtCmdFwd...
01-15 02:37:57.512 30562 30562 I ServiceManager: Waiting for service AtCmdFwd...
01-15 02:37:58.513 30562 30562 W Atfwd_Sendcmd: AtCmdFwd service not published, waiting... retryCnt : 3
01-15 02:38:13.516 30562 30562 I ServiceManager: Waiting for service AtCmdFwd...
01-15 02:38:14.517 30562 30562 I ServiceManager: Waiting for service AtCmdFwd...
01-15 02:38:15.518 30562 30562 I ServiceManager: Waiting for service AtCmdFwd...
01-15 02:38:16.520 30562 30562 I ServiceManager: Waiting for service AtCmdFwd...
01-15 02:38:17.521 30562 30562 I ServiceManager: Waiting for service AtCmdFwd...
01-15 02:38:18.523 30562 30562 W Atfwd_Sendcmd: AtCmdFwd service not published, waiting... retryCnt : 4
01-15 02:38:38.525 30562 30562 I ServiceManager: Waiting for service AtCmdFwd...
01-15 02:38:39.526 30562 30562 I ServiceManager: Waiting for service AtCmdFwd...
01-15 02:38:40.527 30562 30562 I ServiceManager: Waiting for service AtCmdFwd...
01-15 02:38:41.529 30562 30562 I ServiceManager: Waiting for service AtCmdFwd...
01-15 02:38:42.531 30562 30562 I ServiceManager: Waiting for service AtCmdFwd...
01-15 02:38:43.533 30562 30562 W Atfwd_Sendcmd: AtCmdFwd service not published, waiting... retryCnt : 5
01-15 02:39:08.534 30562 30562 I Atfwd_Sendcmd: AtCmdFwd service not ready - Exhausted retry attempts - :6
01-15 02:39:08.535 30562 30562 I Atfwd_Daemon: result : -1 	 ,Init step :2 	 ,qmiErrorCode: 0
01-15 02:39:18.537 30562 30562 I ServiceManager: Waiting for service AtCmdFwd...
01-15 02:39:19.538 30562 30562 I ServiceManager: Waiting for service AtCmdFwd...
01-15 02:39:20.539 30562 30562 I ServiceManager: Waiting for service AtCmdFwd...
01-15 02:39:21.542 30562 30562 I ServiceManager: Waiting for service AtCmdFwd...
01-15 02:39:22.544 30562 30562 I ServiceManager: Waiting for service AtCmdFwd...
01-15 02:39:23.545 30562 30562 W Atfwd_Sendcmd: AtCmdFwd service not published, waiting... retryCnt : 1
01-15 02:39:28.547 30562 30562 I ServiceManager: Waiting for service AtCmdFwd...
01-15 02:39:29.549 30562 30562 I ServiceManager: Waiting for service AtCmdFwd...
01-15 02:39:30.552 30562 30562 I ServiceManager: Waiting for service AtCmdFwd...
01-15 02:39:31.554 30562 30562 I ServiceManager: Waiting for service AtCmdFwd...
01-15 02:39:32.556 30562 30562 I ServiceManager: Waiting for service AtCmdFwd...
01-15 02:39:33.557 30562 30562 W Atfwd_Sendcmd: AtCmdFwd service not published, waiting... retryCnt : 2
01-15 02:39:43.559 30562 30562 I ServiceManager: Waiting for service AtCmdFwd...
01-15 02:39:44.562 30562 30562 I ServiceManager: Waiting for service AtCmdFwd...
01-15 02:39:45.564 30562 30562 I ServiceManager: Waiting for service AtCmdFwd...
01-15 02:39:46.566 30562 30562 I ServiceManager: Waiting for service AtCmdFwd...
01-15 02:39:47.568 30562 30562 I ServiceManager: Waiting for service AtCmdFwd...
01-15 02:39:48.569 30562 30562 W Atfwd_Sendcmd: AtCmdFwd service not published, waiting... retryCnt : 3
01-15 02:40:03.571 30562 30562 I ServiceManager: Waiting for service AtCmdFwd...
01-15 02:40:04.572 30562 30562 I ServiceManager: Waiting for service AtCmdFwd...
01-15 02:40:05.573 30562 30562 I ServiceManager: Waiting for service AtCmdFwd...
01-15 02:40:06.574 30562 30562 I ServiceManager: Waiting for service AtCmdFwd...
01-15 02:40:07.576 30562 30562 I ServiceManager: Waiting for service AtCmdFwd...
01-15 02:40:08.576 30562 30562 W Atfwd_Sendcmd: AtCmdFwd service not published, waiting... retryCnt : 4
01-15 02:40:28.578 30562 30562 I ServiceManager: Waiting for service AtCmdFwd...
01-15 02:40:29.581 30562 30562 I ServiceManager: Waiting for service AtCmdFwd...
01-15 02:40:30.583 30562 30562 I ServiceManager: Waiting for service AtCmdFwd...
01-15 02:40:31.585 30562 30562 I ServiceManager: Waiting for service AtCmdFwd...
01-15 02:40:32.588 30562 30562 I ServiceManager: Waiting for service AtCmdFwd...
01-15 02:40:33.589 30562 30562 W Atfwd_Sendcmd: AtCmdFwd service not published, waiting... retryCnt : 5
01-15 02:40:58.591 30562 30562 I Atfwd_Sendcmd: AtCmdFwd service not ready - Exhausted retry attempts - :6
01-15 02:40:58.591 30562 30562 I Atfwd_Daemon: result : -1 	 ,Init step :2 	 ,qmiErrorCode: 0
01-15 02:41:13.593 30562 30562 I ServiceManager: Waiting for service AtCmdFwd...
01-15 02:41:14.595 30562 30562 I ServiceManager: Waiting for service AtCmdFwd...
01-15 02:41:15.597 30562 30562 I ServiceManager: Waiting for service AtCmdFwd...
01-15 02:41:16.599 30562 30562 I ServiceManager: Waiting for service AtCmdFwd...
01-15 02:41:17.602 30562 30562 I ServiceManager: Waiting for service AtCmdFwd...
01-15 02:41:18.603 30562 30562 W Atfwd_Sendcmd: AtCmdFwd service not published, waiting... retryCnt : 1
01-15 02:41:23.605 30562 30562 I ServiceManager: Waiting for service AtCmdFwd...
01-15 02:41:24.607 30562 30562 I ServiceManager: Waiting for service AtCmdFwd...
01-15 02:41:25.609 30562 30562 I ServiceManager: Waiting for service AtCmdFwd...
01-15 02:41:26.612 30562 30562 I ServiceManager: Waiting for service AtCmdFwd...
01-15 02:41:27.614 30562 30562 I ServiceManager: Waiting for service AtCmdFwd...
01-15 02:41:28.615 30562 30562 W Atfwd_Sendcmd: AtCmdFwd service not published, waiting... retryCnt : 2
01-15 02:41:38.617 30562 30562 I ServiceManager: Waiting for service AtCmdFwd...
01-15 02:41:39.619 30562 30562 I ServiceManager: Waiting for service AtCmdFwd...
01-15 02:41:40.621 30562 30562 I ServiceManager: Waiting for service AtCmdFwd...
01-15 02:41:41.624 30562 30562 I ServiceManager: Waiting for service AtCmdFwd...
01-15 02:41:42.626 30562 30562 I ServiceManager: Waiting for service AtCmdFwd...
01-15 02:41:43.627 30562 30562 W Atfwd_Sendcmd: AtCmdFwd service not published, waiting... retryCnt : 3
01-15 02:41:58.629 30562 30562 I ServiceManager: Waiting for service AtCmdFwd...
01-15 02:41:59.631 30562 30562 I ServiceManager: Waiting for service AtCmdFwd...
01-15 02:42:00.634 30562 30562 I ServiceManager: Waiting for service AtCmdFwd...
01-15 02:42:01.636 30562 30562 I ServiceManager: Waiting for service AtCmdFwd...
01-15 02:42:02.638 30562 30562 I ServiceManager: Waiting for service AtCmdFwd...
01-15 02:42:03.639 30562 30562 W Atfwd_Sendcmd: AtCmdFwd service not published, waiting... retryCnt : 4
01-15 02:42:23.641 30562 30562 I ServiceManager: Waiting for service AtCmdFwd...
01-15 02:42:24.643 30562 30562 I ServiceManager: Waiting for service AtCmdFwd...
01-15 02:42:25.645 30562 30562 I ServiceManager: Waiting for service AtCmdFwd...
01-15 02:42:26.648 30562 30562 I ServiceManager: Waiting for service AtCmdFwd...
01-15 02:42:27.650 30562 30562 I ServiceManager: Waiting for service AtCmdFwd...
01-15 02:42:28.651 30562 30562 W Atfwd_Sendcmd: AtCmdFwd service not published, waiting... retryCnt : 5
01-15 02:42:53.653 30562 30562 I Atfwd_Sendcmd: AtCmdFwd service not ready - Exhausted retry attempts - :6
01-15 02:42:53.653 30562 30562 I Atfwd_Daemon: result : -1 	 ,Init step :2 	 ,qmiErrorCode: 0
01-15 02:43:13.655 30562 30562 I ServiceManager: Waiting for service AtCmdFwd...
01-15 02:43:14.657 30562 30562 I ServiceManager: Waiting for service AtCmdFwd...
01-15 02:43:15.659 30562 30562 I ServiceManager: Waiting for service AtCmdFwd...
01-15 02:43:16.661 30562 30562 I ServiceManager: Waiting for service AtCmdFwd...
01-15 02:43:17.664 30562 30562 I ServiceManager: Waiting for service AtCmdFwd...
01-15 02:43:18.665 30562 30562 W Atfwd_Sendcmd: AtCmdFwd service not published, waiting... retryCnt : 1
01-15 02:43:23.667 30562 30562 I ServiceManager: Waiting for service AtCmdFwd...
01-15 02:43:24.668 30562 30562 I ServiceManager: Waiting for service AtCmdFwd...
01-15 02:43:25.671 30562 30562 I ServiceManager: Waiting for service AtCmdFwd...
01-15 02:43:26.674 30562 30562 I ServiceManager: Waiting for service AtCmdFwd...
01-15 02:43:27.676 30562 30562 I ServiceManager: Waiting for service AtCmdFwd...
01-15 02:43:28.678 30562 30562 W Atfwd_Sendcmd: AtCmdFwd service not published, waiting... retryCnt : 2
01-15 02:43:38.679 30562 30562 I ServiceManager: Waiting for service AtCmdFwd...
01-15 02:43:39.680 30562 30562 I ServiceManager: Waiting for service AtCmdFwd...
01-15 02:43:40.684 30562 30562 I ServiceManager: Waiting for service AtCmdFwd...
01-15 02:43:41.685 30562 30562 I ServiceManager: Waiting for service AtCmdFwd...
01-15 02:43:42.687 30562 30562 I ServiceManager: Waiting for service AtCmdFwd...
01-15 02:43:43.688 30562 30562 W Atfwd_Sendcmd: AtCmdFwd service not published, waiting... retryCnt : 3
01-15 02:43:58.691 30562 30562 I ServiceManager: Waiting for service AtCmdFwd...
01-15 02:43:59.693 30562 30562 I ServiceManager: Waiting for service AtCmdFwd...
01-15 02:44:00.695 30562 30562 I ServiceManager: Waiting for service AtCmdFwd...
01-15 02:44:01.698 30562 30562 I ServiceManager: Waiting for service AtCmdFwd...
01-15 02:44:02.700 30562 30562 I ServiceManager: Waiting for service AtCmdFwd...
01-15 02:44:03.701 30562 30562 W Atfwd_Sendcmd: AtCmdFwd service not published, waiting... retryCnt : 4
01-15 02:44:23.703 30562 30562 I ServiceManager: Waiting for service AtCmdFwd...
01-15 02:44:24.704 30562 30562 I ServiceManager: Waiting for service AtCmdFwd...
01-15 02:44:25.707 30562 30562 I ServiceManager: Waiting for service AtCmdFwd...
01-15 02:44:26.709 30562 30562 I ServiceManager: Waiting for service AtCmdFwd...
01-15 02:44:27.711 30562 30562 I ServiceManager: Waiting for service AtCmdFwd...
01-15 02:44:28.713 30562 30562 W Atfwd_Sendcmd: AtCmdFwd service not published, waiting... retryCnt : 5
01-15 02:44:53.714 30562 30562 I Atfwd_Sendcmd: AtCmdFwd service not ready - Exhausted retry attempts - :6
01-15 02:44:53.715 30562 30562 I Atfwd_Daemon: result : -1 	 ,Init step :2 	 ,qmiErrorCode: 0
01-15 02:45:18.727 30562 30564 E QC-QMI  : qmi_client [30562] c8: failed to locate client data
01-15 02:45:18.735   524   524 E QC-QMI  : qmuxd: RX on fd=18 returned error=0 errno[2:No such file or directory]
01-15 02:45:18.735 30562 30562 I Atfwd_Daemon: Stop the daemon....
01-15 02:45:18.736   524   524 E QC-QMI  : QMUX qmux_client_id=c8 not found in qmux client list, unable to remove
01-15 02:45:18.752 30749 30749 W ATFWD-daemon: type=1400 audit(0.0:297): avc: denied { read write } for name="diag" dev="tmpfs" ino=1221 scontext=u:r:atfwd:s0 tcontext=u:object_r:diag_device:s0 tclass=chr_file permissive=0
01-15 02:45:18.769 30749 30749 I libmdmdetect: ESOC framework not supported
01-15 02:45:18.770 30749 30749 I libmdmdetect: Found internal modem: modem
01-15 02:45:18.770 30749 30749 E Diag_Lib:  Diag_LSM_Init: Failed to open handle to diag driver, error = 13
01-15 02:45:18.777 30749 30749 I Atfwd_Daemon: result : 255 	 ,Init step :0 	 ,qmiErrorCode: 0
01-15 02:45:18.777 30749 30749 I Atfwd_Daemon: result : 0 	 ,Init step :1 	 ,qmiErrorCode: 0
01-15 02:45:18.778 30749 30749 I ServiceManager: Waiting for service AtCmdFwd...
01-15 02:45:19.781 30749 30749 I ServiceManager: Waiting for service AtCmdFwd...
01-15 02:45:20.783 30749 30749 I ServiceManager: Waiting for service AtCmdFwd...
01-15 02:45:21.785 30749 30749 I ServiceManager: Waiting for service AtCmdFwd...
01-15 02:45:22.787 30749 30749 I ServiceManager: Waiting for service AtCmdFwd...
01-15 02:45:23.789 30749 30749 W Atfwd_Sendcmd: AtCmdFwd service not published, waiting... retryCnt : 1
01-15 02:45:28.791 30749 30749 I ServiceManager: Waiting for service AtCmdFwd...
01-15 02:45:29.793 30749 30749 I ServiceManager: Waiting for service AtCmdFwd...
01-15 02:45:30.795 30749 30749 I ServiceManager: Waiting for service AtCmdFwd...
01-15 02:45:31.797 30749 30749 I ServiceManager: Waiting for service AtCmdFwd...
01-15 02:45:32.799 30749 30749 I ServiceManager: Waiting for service AtCmdFwd...
01-15 02:45:33.801 30749 30749 W Atfwd_Sendcmd: AtCmdFwd service not published, waiting... retryCnt : 2
01-15 02:45:43.803 30749 30749 I ServiceManager: Waiting for service AtCmdFwd...
01-15 02:45:44.805 30749 30749 I ServiceManager: Waiting for service AtCmdFwd...
01-15 02:45:45.808 30749 30749 I ServiceManager: Waiting for service AtCmdFwd...
01-15 02:45:46.810 30749 30749 I ServiceManager: Waiting for service AtCmdFwd...
01-15 02:45:47.812 30749 30749 I ServiceManager: Waiting for service AtCmdFwd...
01-15 02:45:48.813 30749 30749 W Atfwd_Sendcmd: AtCmdFwd service not published, waiting... retryCnt : 3
01-15 02:46:03.815 30749 30749 I ServiceManager: Waiting for service AtCmdFwd...
01-15 02:46:04.818 30749 30749 I ServiceManager: Waiting for service AtCmdFwd...
01-15 02:46:05.820 30749 30749 I ServiceManager: Waiting for service AtCmdFwd...
01-15 02:46:06.822 30749 30749 I ServiceManager: Waiting for service AtCmdFwd...
01-15 02:46:07.824 30749 30749 I ServiceManager: Waiting for service AtCmdFwd...
01-15 02:46:08.825 30749 30749 W Atfwd_Sendcmd: AtCmdFwd service not published, waiting... retryCnt : 4
01-15 02:46:25.520  3099  3099 I wpa_supplicant: wlan0: CTRL-EVENT-DISCONNECTED bssid=24:4b:fe:67:36:94 reason=0
01-15 02:46:25.620  3099  3099 I wpa_supplicant: p2p-dev-wlan0: CTRL-EVENT-REGDOM-CHANGE init=CORE type=WORLD
01-15 02:46:25.624   921  2849 E WifiConfigStore: saveWifiConfigBSSID Setting BSSID for "ASUS_90_5G"WPA_PSK to any
01-15 02:46:25.737   921  2849 E native  : do suspend true
01-15 02:46:25.782   762   946 W surfboard: (0x000003D7) [] on_tcp_read remote connection timed out
01-15 02:46:25.785   539   539 E Parcel  : Reading a NULL string not supported here.
01-15 02:46:25.802  3373  3527 W QCNEJ   : |CORE| network lost: 158
01-15 02:46:25.803  3373  3527 W QCNEJ   : |CORE| onLost: unbind the process to WIFI
01-15 02:46:25.861  4931  4955 E SarUtils: getCurrentMCC,the netWorkOperator is invalid
01-15 02:46:25.861  4931  4955 I SarControlServiceFlow: resetSARRuleDataList, the sar rule has been switched to boot mode
01-15 02:46:25.862  4931  4955 I SarControlServiceFlow: getSARControlOperation:searchKey is -1,-1,0,0,0,0,0
01-15 02:46:25.862  4931  4955 E SarControlService: no key has been found,reset the power
01-15 02:46:25.862  4931  4981 I QcRilHookFlow: invoke the qcRilSetSarDsi method,power:0
01-15 02:46:25.865  4931  4981 I QcRilHookFlow: invoke the qcRilSetSarWifiTxPower method,power:127
01-15 02:46:25.868  3740  3740 I SystemUpdateService: receiver: Intent { act=android.net.conn.CONNECTIVITY_CHANGE flg=0x4000010 cmp=com.google.android.gms/.update.SystemUpdateService$ActiveReceiver (has extras) }
01-15 02:46:25.886  3740 30766 I SystemUpdateService: active receiver: enabled
01-15 02:46:25.890  3740  3740 I iu.Environment: update connectivity state; isNetworkMetered? false, isRoaming? false, isBackgroundDataAllowed? false*
01-15 02:46:25.900  3740  5554 I iu.UploadsManager: num queued entries: 0
01-15 02:46:25.901  3740  5554 I iu.UploadsManager: num updated entries: 0
01-15 02:46:25.902  3740  5554 I iu.SyncManager: NEXT; no task
01-15 02:46:25.905  3740  3740 I Kids    : [GCoreUtils] Current gmscore version, 8186448 is smaller than the required version 8400000
01-15 02:46:25.907  3740 30766 I SystemUpdateService: showing system update notification
01-15 02:46:25.917   921 23640 I ActivityManager: Start proc 30771:com.android.sdm.plugins.sprintdm/1001 for broadcast com.android.sdm.plugins.sprintdm/.SprintDMReceiver
01-15 02:46:25.926   512   920 E Netd    : netlink response contains error (No such file or directory)
01-15 02:46:25.971 30771 30771 W System  : ClassLoader referenced unknown path: /system/priv-app/SprintDM/lib/arm64
01-15 02:46:25.983   921   932 I ActivityManager: Killing 21433:com.google.android.youtube/u0a75 (adj 15): empty for 2007s
01-15 02:46:26.010   762   946 W surfboard: (0x000003C0) on_tcp_write_shutdown: UV_ENOTCONN, close tcp connection
01-15 02:46:26.010   762   946 W surfboard: (0x0000017B) on_tcp_write_shutdown: UV_ENOTCONN, close tcp connection
01-15 02:46:26.112  9511 30784 I Babel   : connection state changed from CONNECTED to DISCONNECTED
01-15 02:46:28.828 30749 30749 I ServiceManager: Waiting for service AtCmdFwd...
01-15 02:46:29.395  3099  3099 I wpa_supplicant: wlan0: Trying to associate with SSID 'ASUS_90_5G'
01-15 02:46:29.830 30749 30749 I ServiceManager: Waiting for service AtCmdFwd...
01-15 02:46:30.204  3099  3099 I wpa_supplicant: wlan0: Associated with 24:4b:fe:67:36:94
01-15 02:46:30.221  3099  3099 I wpa_supplicant: p2p-dev-wlan0: CTRL-EVENT-REGDOM-CHANGE init=COUNTRY_IE type=COUNTRY alpha2=CN
01-15 02:46:30.249  3099  3099 I wpa_supplicant: wlan0: WPA: Key negotiation completed with 24:4b:fe:67:36:94 [PTK=CCMP GTK=CCMP]
01-15 02:46:30.250  3099  3099 I wpa_supplicant: wlan0: CTRL-EVENT-CONNECTED - Connection to 24:4b:fe:67:36:94 completed [id=2 id_str=]
01-15 02:46:30.257   921  2849 E WifiConfigStore: saveWifiConfigBSSID Setting BSSID for "ASUS_90_5G"WPA_PSK to any
01-15 02:46:30.273   921  2849 E WifiConfigStore: saveWifiConfigBSSID Setting BSSID for "ASUS_90_5G"WPA_PSK to any
01-15 02:46:30.305  3099  3099 I wpa_supplicant: wlan0: WPA: Group rekeying completed with 24:4b:fe:67:36:94 [GTK=CCMP]
01-15 02:46:30.406   921  2849 E native  : do suspend false
01-15 02:46:30.454   921  2849 E native  : do suspend true
01-15 02:46:30.481   921  2849 E WifiStateMachine: Did not find remoteAddress {192.168.50.1} in /proc/net/arp
01-15 02:46:30.512   921  2851 E ConnectivityService: Unexpected mtu value: 0, wlan0
01-15 02:46:30.585  3373  3527 W QCNEJ   : |CORE| network available: 159
01-15 02:46:30.587  3373  3527 W QCNEJ   : |CORE| onAvailable: bind the process to WIFI
01-15 02:46:30.588  3373  3527 W QCNEJ   : |CORE| newLp: {InterfaceName: wlan0 LinkAddresses: [fe80::aecf:85ff:feca:f7df/64,192.168.50.93/24,]  Routes: [fe80::/64 -> :: wlan0,192.168.50.0/24 -> 0.0.0.0 wlan0,0.0.0.0/0 -> 192.168.50.1 wlan0,] DnsAddresses: [192.168.50.1,] Domains: null MTU: 0 TcpBufferSizes: 524288,2097152,4194304,262144,524288,1048576}
01-15 02:46:30.588  3373  3527 W QCNEJ   : |CORE| curLp: {InterfaceName: wlan0 LinkAddresses: [fe80::aecf:85ff:feca:f7df/64,192.168.50.93/24,]  Routes: [fe80::/64 -> :: wlan0,192.168.50.0/24 -> 0.0.0.0 wlan0,0.0.0.0/0 -> 192.168.50.1 wlan0,] DnsAddresses: [192.168.50.1,] Domains: null MTU: 0}
01-15 02:46:30.617  4931  4955 E SarUtils: getCurrentMCC,the netWorkOperator is invalid
01-15 02:46:30.617  4931  4955 I SarControlServiceFlow: resetSARRuleDataList, the sar rule has been switched to boot mode
01-15 02:46:30.617  4931  4955 I SarControlServiceFlow: getSARControlOperation:searchKey is -1,-1,0,0,1,0,0
01-15 02:46:30.617  4931  4955 E SarControlService: no key has been found,reset the power
01-15 02:46:30.626  4931  4981 I QcRilHookFlow: invoke the qcRilSetSarDsi method,power:0
01-15 02:46:30.628  4931  4981 I QcRilHookFlow: invoke the qcRilSetSarWifiTxPower method,power:127
01-15 02:46:30.637  3740  3740 I SystemUpdateService: receiver: Intent { act=android.net.conn.CONNECTIVITY_CHANGE flg=0x4000010 cmp=com.google.android.gms/.update.SystemUpdateService$ActiveReceiver (has extras) }
01-15 02:46:30.660  3740  3740 I iu.Environment: update connectivity state; isNetworkMetered? false, isRoaming? false, isBackgroundDataAllowed? true*
01-15 02:46:30.666  3740 30811 I SystemUpdateService: active receiver: enabled
01-15 02:46:30.667  3740  5554 I iu.UploadsManager: num queued entries: 0
01-15 02:46:30.667  3740  5554 I iu.UploadsManager: num updated entries: 0
01-15 02:46:30.668  3740  5554 I iu.SyncManager: NEXT; no task
01-15 02:46:30.674  3740  3740 I Kids    : [GCoreUtils] Current gmscore version, 8186448 is smaller than the required version 8400000
01-15 02:46:30.708  3740 30811 I SystemUpdateService: showing system update notification
01-15 02:46:30.782  9511 30816 I Babel   : connection state changed from DISCONNECTED to CONNECTED
01-15 02:46:30.831 30749 30749 I ServiceManager: Waiting for service AtCmdFwd...
01-15 02:46:31.834 30749 30749 I ServiceManager: Waiting for service AtCmdFwd...
01-15 02:46:32.836 30749 30749 I ServiceManager: Waiting for service AtCmdFwd...
01-15 02:46:33.838 30749 30749 W Atfwd_Sendcmd: AtCmdFwd service not published, waiting... retryCnt : 5
01-15 02:46:38.674  3099  3099 I wpa_supplicant: wlan0: CTRL-EVENT-DISCONNECTED bssid=24:4b:fe:67:36:94 reason=0
01-15 02:46:38.790  3099  3099 I wpa_supplicant: p2p-dev-wlan0: CTRL-EVENT-REGDOM-CHANGE init=CORE type=WORLD
01-15 02:46:38.791   921  2849 E WifiConfigStore: saveWifiConfigBSSID Setting BSSID for "ASUS_90_5G"WPA_PSK to any
01-15 02:46:38.817   921  2849 E native  : do suspend true
01-15 02:46:38.848   762   946 W surfboard: (0x000003EB) [] on_tcp_read remote connection timed out
01-15 02:46:38.852   762   946 W surfboard: (0x000003E4) [] on_tcp_read remote connection timed out
01-15 02:46:38.855   762   946 W surfboard: (0x000003E8) [] on_tcp_read remote connection timed out
01-15 02:46:38.860   762   946 W surfboard: (0x000003E7) [] on_tcp_read remote connection timed out
01-15 02:46:38.861   762   946 W surfboard: (0x000003E6) [] on_tcp_read remote connection timed out
01-15 02:46:38.861   762   946 W surfboard: (0x000003E5) [] on_tcp_read remote connection timed out
01-15 02:46:38.882   539   539 E Parcel  : Reading a NULL string not supported here.
01-15 02:46:38.893  3373  3527 W QCNEJ   : |CORE| network lost: 159
01-15 02:46:38.895  3373  3527 W QCNEJ   : |CORE| onLost: unbind the process to WIFI
01-15 02:46:38.950  4931  4955 E SarUtils: getCurrentMCC,the netWorkOperator is invalid
01-15 02:46:38.950  4931  4955 I SarControlServiceFlow: resetSARRuleDataList, the sar rule has been switched to boot mode
01-15 02:46:38.950  4931  4955 I SarControlServiceFlow: getSARControlOperation:searchKey is -1,-1,0,0,0,0,0
01-15 02:46:38.950  4931  4955 E SarControlService: no key has been found,reset the power
01-15 02:46:38.950  4931  4981 I QcRilHookFlow: invoke the qcRilSetSarDsi method,power:0
01-15 02:46:38.953  3740  3740 I SystemUpdateService: receiver: Intent { act=android.net.conn.CONNECTIVITY_CHANGE flg=0x4000010 cmp=com.google.android.gms/.update.SystemUpdateService$ActiveReceiver (has extras) }
01-15 02:46:38.954  4931  4981 I QcRilHookFlow: invoke the qcRilSetSarWifiTxPower method,power:127
01-15 02:46:38.973  3740 30837 I SystemUpdateService: active receiver: enabled
01-15 02:46:38.975  3740  3740 I iu.Environment: update connectivity state; isNetworkMetered? false, isRoaming? false, isBackgroundDataAllowed? false*
01-15 02:46:38.983  3740  5554 I iu.UploadsManager: num queued entries: 0
01-15 02:46:38.984  3740  5554 I iu.UploadsManager: num updated entries: 0
01-15 02:46:38.984  3740  5554 I iu.SyncManager: NEXT; no task
01-15 02:46:38.988  3740  3740 I Kids    : [GCoreUtils] Current gmscore version, 8186448 is smaller than the required version 8400000
01-15 02:46:38.988   512   920 E Netd    : netlink response contains error (No such file or directory)
01-15 02:46:39.006  3740 30837 I SystemUpdateService: showing system update notification
01-15 02:46:39.012  9511 30840 I Babel   : connection state changed from CONNECTED to DISCONNECTED
01-15 02:46:41.272   762   946 E surfboard: (0x000003EC) on_tcp_new_connection: uv_tcp_connect failed -101 network is unreachable
01-15 02:46:42.387  3099  3099 I wpa_supplicant: p2p-dev-wlan0: CTRL-EVENT-REGDOM-CHANGE init=BEACON_HINT type=UNKNOWN
01-15 02:46:42.494  3099  3099 I wpa_supplicant: wlan0: Trying to associate with SSID 'ASUS_90_5G'
01-15 02:46:43.006  3099  3099 I wpa_supplicant: wlan0: Associated with 24:4b:fe:67:36:94
01-15 02:46:43.018  3099  3099 I wpa_supplicant: p2p-dev-wlan0: CTRL-EVENT-REGDOM-CHANGE init=COUNTRY_IE type=COUNTRY alpha2=CN
01-15 02:46:43.052  3099  3099 I wpa_supplicant: wlan0: WPA: Key negotiation completed with 24:4b:fe:67:36:94 [PTK=CCMP GTK=CCMP]
01-15 02:46:43.053  3099  3099 I wpa_supplicant: wlan0: CTRL-EVENT-CONNECTED - Connection to 24:4b:fe:67:36:94 completed [id=2 id_str=]
01-15 02:46:43.064   921  2849 E WifiConfigStore: saveWifiConfigBSSID Setting BSSID for "ASUS_90_5G"WPA_PSK to any
01-15 02:46:43.086   921  2849 E WifiConfigStore: saveWifiConfigBSSID Setting BSSID for "ASUS_90_5G"WPA_PSK to any
01-15 02:46:43.226   921  2849 E native  : do suspend false
01-15 02:46:43.280   921  2849 E native  : do suspend true
01-15 02:46:43.311   921  2849 E WifiStateMachine: Did not find remoteAddress {192.168.50.1} in /proc/net/arp
01-15 02:46:43.343   921  2851 E ConnectivityService: Unexpected mtu value: 0, wlan0
01-15 02:46:43.421  3373  3527 W QCNEJ   : |CORE| network available: 160
01-15 02:46:43.424  3373  3527 W QCNEJ   : |CORE| onAvailable: bind the process to WIFI
01-15 02:46:43.426  3373  3527 W QCNEJ   : |CORE| newLp: {InterfaceName: wlan0 LinkAddresses: [fe80::aecf:85ff:feca:f7df/64,192.168.50.93/24,]  Routes: [fe80::/64 -> :: wlan0,192.168.50.0/24 -> 0.0.0.0 wlan0,0.0.0.0/0 -> 192.168.50.1 wlan0,] DnsAddresses: [192.168.50.1,] Domains: null MTU: 0 TcpBufferSizes: 524288,2097152,4194304,262144,524288,1048576}
01-15 02:46:43.426  3373  3527 W QCNEJ   : |CORE| curLp: {InterfaceName: wlan0 LinkAddresses: [fe80::aecf:85ff:feca:f7df/64,192.168.50.93/24,]  Routes: [fe80::/64 -> :: wlan0,192.168.50.0/24 -> 0.0.0.0 wlan0,0.0.0.0/0 -> 192.168.50.1 wlan0,] DnsAddresses: [192.168.50.1,] Domains: null MTU: 0}
01-15 02:46:43.438  4931  4955 E SarUtils: getCurrentMCC,the netWorkOperator is invalid
01-15 02:46:43.438  4931  4955 I SarControlServiceFlow: resetSARRuleDataList, the sar rule has been switched to boot mode
01-15 02:46:43.438  4931  4955 I SarControlServiceFlow: getSARControlOperation:searchKey is -1,-1,0,0,1,0,0
01-15 02:46:43.438  4931  4955 E SarControlService: no key has been found,reset the power
01-15 02:46:43.438  4931  4981 I QcRilHookFlow: invoke the qcRilSetSarDsi method,power:0
01-15 02:46:43.442  4931  4981 I QcRilHookFlow: invoke the qcRilSetSarWifiTxPower method,power:127
01-15 02:46:43.447  3740  3740 I SystemUpdateService: receiver: Intent { act=android.net.conn.CONNECTIVITY_CHANGE flg=0x4000010 cmp=com.google.android.gms/.update.SystemUpdateService$ActiveReceiver (has extras) }
01-15 02:46:43.455 22674 25628 I WorkerWrapper: Worker result SUCCESS for Work [ id=d34873cd-1e5c-4220-9c0c-53f241fd67b0, tags={ com.etsy.android.lib.logger.elk.uploading.ElkLogUploadWorker, elk-logs } ]
01-15 02:46:43.478  3740  3740 I iu.Environment: update connectivity state; isNetworkMetered? false, isRoaming? false, isBackgroundDataAllowed? true*
01-15 02:46:43.481  3740  5554 I iu.UploadsManager: num queued entries: 0
01-15 02:46:43.481  3740  5554 I iu.UploadsManager: num updated entries: 0
01-15 02:46:43.487  3740 30864 I SystemUpdateService: active receiver: enabled
01-15 02:46:43.491  3740  3740 I Kids    : [GCoreUtils] Current gmscore version, 8186448 is smaller than the required version 8400000
01-15 02:46:43.529  3740 30864 I SystemUpdateService: showing system update notification
01-15 02:46:43.482  3740  5554 I iu.SyncManager: NEXT; no task
01-15 02:46:43.615  9511 30870 I Babel   : connection state changed from DISCONNECTED to CONNECTED
01-15 02:46:58.839 30749 30749 I Atfwd_Sendcmd: AtCmdFwd service not ready - Exhausted retry attempts - :6
01-15 02:46:58.840 30749 30749 I Atfwd_Daemon: result : -1 	 ,Init step :2 	 ,qmiErrorCode: 0
01-15 02:47:03.842 30749 30749 I ServiceManager: Waiting for service AtCmdFwd...
01-15 02:47:04.844 30749 30749 I ServiceManager: Waiting for service AtCmdFwd...
01-15 02:47:05.846 30749 30749 I ServiceManager: Waiting for service AtCmdFwd...
01-15 02:47:06.848 30749 30749 I ServiceManager: Waiting for service AtCmdFwd...
01-15 02:47:07.850 30749 30749 I ServiceManager: Waiting for service AtCmdFwd...
01-15 02:47:08.852 30749 30749 W Atfwd_Sendcmd: AtCmdFwd service not published, waiting... retryCnt : 1
01-15 02:47:13.854 30749 30749 I ServiceManager: Waiting for service AtCmdFwd...
01-15 02:47:14.364  3099  3099 I wpa_supplicant: wlan0: CTRL-EVENT-DISCONNECTED bssid=24:4b:fe:67:36:94 reason=0
01-15 02:47:14.456  3099  3099 I wpa_supplicant: p2p-dev-wlan0: CTRL-EVENT-REGDOM-CHANGE init=CORE type=WORLD
01-15 02:47:14.460   921  2849 E WifiConfigStore: saveWifiConfigBSSID Setting BSSID for "ASUS_90_5G"WPA_PSK to any
01-15 02:47:14.577   921  2849 E native  : do suspend true
01-15 02:47:14.600   762   946 W surfboard: (0x000003F0) [] on_tcp_read remote connection timed out
01-15 02:47:14.605   762   946 W surfboard: (0x000003F5) [] on_tcp_read remote connection timed out
01-15 02:47:14.611   539   539 E Parcel  : Reading a NULL string not supported here.
01-15 02:47:14.614   762   946 W surfboard: (0x000003ED) [] on_tcp_read remote connection timed out
01-15 02:47:14.615   762   946 W surfboard: (0x000003F3) [] on_tcp_read remote connection timed out
01-15 02:47:14.617   762   946 W surfboard: (0x000003EE) [] on_tcp_read remote connection timed out
01-15 02:47:14.622  3373  3527 W QCNEJ   : |CORE| network lost: 160
01-15 02:47:14.623  3373  3527 W QCNEJ   : |CORE| onLost: unbind the process to WIFI
01-15 02:47:14.680  4931  4955 E SarUtils: getCurrentMCC,the netWorkOperator is invalid
01-15 02:47:14.680  4931  4955 I SarControlServiceFlow: resetSARRuleDataList, the sar rule has been switched to boot mode
01-15 02:47:14.680  4931  4955 I SarControlServiceFlow: getSARControlOperation:searchKey is -1,-1,0,0,0,0,0
01-15 02:47:14.680  4931  4955 E SarControlService: no key has been found,reset the power
01-15 02:47:14.681  4931  4981 I QcRilHookFlow: invoke the qcRilSetSarDsi method,power:0
01-15 02:47:14.683  4931  4981 I QcRilHookFlow: invoke the qcRilSetSarWifiTxPower method,power:127
01-15 02:47:14.682  3740  3740 I SystemUpdateService: receiver: Intent { act=android.net.conn.CONNECTIVITY_CHANGE flg=0x4000010 cmp=com.google.android.gms/.update.SystemUpdateService$ActiveReceiver (has extras) }
01-15 02:47:14.705  3740 30895 I SystemUpdateService: active receiver: enabled
01-15 02:47:14.708  3740  3740 I iu.Environment: update connectivity state; isNetworkMetered? false, isRoaming? false, isBackgroundDataAllowed? false*
01-15 02:47:14.714  3740  5554 I iu.UploadsManager: num queued entries: 0
01-15 02:47:14.715  3740  5554 I iu.UploadsManager: num updated entries: 0
01-15 02:47:14.716  3740  5554 I iu.SyncManager: NEXT; no task
01-15 02:47:14.716   512   920 E Netd    : netlink response contains error (No such file or directory)
01-15 02:47:14.718  3740  3740 I Kids    : [GCoreUtils] Current gmscore version, 8186448 is smaller than the required version 8400000
01-15 02:47:14.739  9511 30898 I Babel   : connection state changed from CONNECTED to DISCONNECTED
01-15 02:47:14.743  3740 30895 I SystemUpdateService: showing system update notification
01-15 02:47:14.855 30749 30749 I ServiceManager: Waiting for service AtCmdFwd...
01-15 02:47:15.857 30749 30749 I ServiceManager: Waiting for service AtCmdFwd...
01-15 02:47:16.859 30749 30749 I ServiceManager: Waiting for service AtCmdFwd...
01-15 02:47:17.861 30749 30749 I ServiceManager: Waiting for service AtCmdFwd...
01-15 02:47:18.232  3099  3099 I wpa_supplicant: wlan0: Trying to associate with SSID 'ASUS_90_5G'
01-15 02:47:18.507   762   946 E surfboard: (0x000003FF) on_udp_sent error -101 ENETUNREACH network is unreachable
01-15 02:47:18.518   762   946 E surfboard: (0x00000400) on_udp_sent error -101 ENETUNREACH network is unreachable
01-15 02:47:18.528   762   946 E surfboard: (0x00000401) on_udp_sent error -101 ENETUNREACH network is unreachable
01-15 02:47:18.538   762   946 E surfboard: (0x00000402) on_udp_sent error -101 ENETUNREACH network is unreachable
01-15 02:47:18.546   762   946 E surfboard: (0x00000403) on_udp_sent error -101 ENETUNREACH network is unreachable
01-15 02:47:18.555   762   946 E surfboard: (0x00000404) on_udp_sent error -101 ENETUNREACH network is unreachable
01-15 02:47:18.564   762   946 E surfboard: (0x00000405) on_udp_sent error -101 ENETUNREACH network is unreachable
01-15 02:47:18.575   762   946 E surfboard: (0x00000406) on_udp_sent error -101 ENETUNREACH network is unreachable
01-15 02:47:18.583   762   946 E surfboard: (0x00000407) on_udp_sent error -101 ENETUNREACH network is unreachable
01-15 02:47:18.591   762   946 E surfboard: (0x00000408) on_udp_sent error -101 ENETUNREACH network is unreachable
01-15 02:47:18.599   762   946 E surfboard: (0x00000409) on_udp_sent error -101 ENETUNREACH network is unreachable
01-15 02:47:18.607   762   946 E surfboard: (0x0000040A) on_udp_sent error -101 ENETUNREACH network is unreachable
01-15 02:47:18.608   762 30801 W System.err: java.net.UnknownHostException: Unable to resolve host "gzdata1.fc-streaming.xyz": No address associated with hostname
01-15 02:47:18.608   762 30801 W System.err: 	at java.net.InetAddress.lookupHostByName(InetAddress.java:470)
01-15 02:47:18.608   762 30801 W System.err: 	at java.net.InetAddress.getAllByNameImpl(InetAddress.java:252)
01-15 02:47:18.608   762 30801 W System.err: 	at java.net.InetAddress.getAllByName(InetAddress.java:215)
01-15 02:47:18.608   762 30801 W System.err: 	at l0.z.run(R8$$SyntheticClass:49)
01-15 02:47:18.608   762 30801 W System.err: 	at java.util.concurrent.Executors$RunnableAdapter.call(Executors.java:423)
