12-27 22:23:35.837  4018  4018 E memtrack: Couldn't load memtrack module (No such file or directory)
12-27 22:23:35.837  4018  4018 E android.os.Debug: failed to load memtrack module: -2
12-27 22:23:35.837  4018  4018 I Radio-JNI: register_android_hardware_Radio DONE
12-27 22:23:37.124  1606  2632 W Conscrypt: Could not set socket write timeout: java.net.SocketException: Socket closed
12-27 22:23:37.124  1606  2632 E art     : invalid stream - problem with parameter iterator in /system/priv-app/PrebuiltGmsCore/PrebuiltGmsCore.apk:classes3.dex for method void com.google.android.gms.org.conscrypt.ConscryptFileDescriptorSocket.setSoWriteTimeout(int)
12-27 22:23:37.124  1606  2632 W Conscrypt: 	at com.google.android.gms.org.conscrypt.Platform.setSocketWriteTimeout(:com.google.android.gms@202414019@20.24.14 (040400-319035315):2)
12-27 22:23:37.124  1606  2632 W Conscrypt: 	at com.google.android.gms.org.conscrypt.ConscryptFileDescriptorSocket.setSoWriteTimeout(:com.google.android.gms@202414019@20.24.14 (040400-319035315))
12-27 22:23:41.228   889  1014 E SurfaceFlinger: ro.sf.lcd_density must be defined as a build property
12-27 22:23:41.228  4057  4057 E cutils-trace: Error opening trace file: No such file or directory (2)
12-27 22:23:41.231   889   889 E EGL_emulation: tid 889: eglCreateSyncKHR(1881): error 0x3004 (EGL_BAD_ATTRIBUTE)
12-27 22:23:41.356  4063  4063 E cutils-trace: Error opening trace file: No such file or directory (2)
12-27 22:23:41.365  4063  4063 E memtrack: Couldn't load memtrack module (No such file or directory)
12-27 22:23:41.365  4063  4063 E android.os.Debug: failed to load memtrack module: -2
12-27 22:23:41.366  4063  4063 I Radio-JNI: register_android_hardware_Radio DONE
12-27 22:23:41.763   889  1014 E SurfaceFlinger: ro.sf.lcd_density must be defined as a build property
12-27 22:23:41.763  4089  4089 E cutils-trace: Error opening trace file: No such file or directory (2)
12-27 22:23:41.766   889   889 E EGL_emulation: tid 889: eglCreateSyncKHR(1881): error 0x3004 (EGL_BAD_ATTRIBUTE)
12-27 22:23:41.891  4095  4095 E cutils-trace: Error opening trace file: No such file or directory (2)
12-27 22:23:41.899  4095  4095 E memtrack: Couldn't load memtrack module (No such file or directory)
12-27 22:23:41.899  4095  4095 E android.os.Debug: failed to load memtrack module: -2
12-27 22:23:41.899  4095  4095 I Radio-JNI: register_android_hardware_Radio DONE
12-27 22:23:41.968  1244  2445 I MediaFocusControl:  AudioFocus  abandonAudioFocus() from android.media.AudioManager@d51d90com.android.music.MediaPlaybackService$3@71fa689
12-27 22:23:42.015  1244  2445 I ActivityManager: Killing 1655:com.android.music/u0a40 (adj 15): empty #17
12-27 22:23:42.413  4135  4135 E cutils-trace: Error opening trace file: No such file or directory (2)
12-27 22:23:42.422  4135  4135 E memtrack: Couldn't load memtrack module (No such file or directory)
12-27 22:23:42.422  4135  4135 E android.os.Debug: failed to load memtrack module: -2
12-27 22:23:42.422  4135  4135 I Radio-JNI: register_android_hardware_Radio DONE
12-27 22:23:42.425  4135  4135 I Input   : injectMotionEvent: MotionEvent { action=ACTION_DOWN, actionButton=0, id[0]=0, x[0]=540.0, y[0]=423.0, toolType[0]=TOOL_TYPE_UNKNOWN, buttonState=0, metaState=0, flags=0x0, edgeFlags=0x0, pointerCount=1, historySize=0, eventTime=64284, downTime=64284, deviceId=0, source=0x1002 }
12-27 22:23:42.427  4135  4135 I Input   : injectMotionEvent: MotionEvent { action=ACTION_MOVE, actionButton=0, id[0]=0, x[0]=540.0, y[0]=423.0, toolType[0]=TOOL_TYPE_UNKNOWN, buttonState=0, metaState=0, flags=0x0, edgeFlags=0x0, pointerCount=1, historySize=0, eventTime=64284, downTime=64284, deviceId=0, source=0x1002 }
12-27 22:23:42.446  4135  4135 I Input   : injectMotionEvent: MotionEvent { action=ACTION_MOVE, actionButton=0, id[0]=0, x[0]=540.0, y[0]=423.0, toolType[0]=TOOL_TYPE_UNKNOWN, buttonState=0, metaState=0, flags=0x0, edgeFlags=0x0, pointerCount=1, historySize=0, eventTime=64304, downTime=64304, deviceId=0, source=0x1002 }
12-27 22:23:42.464  4135  4135 I Input   : injectMotionEvent: MotionEvent { action=ACTION_MOVE, actionButton=0, id[0]=0, x[0]=540.0, y[0]=423.0, toolType[0]=TOOL_TYPE_UNKNOWN, buttonState=0, metaState=0, flags=0x0, edgeFlags=0x0, pointerCount=1, historySize=0, eventTime=64322, downTime=64322, deviceId=0, source=0x1002 }
12-27 22:23:42.486  4135  4135 I Input   : injectMotionEvent: MotionEvent { action=ACTION_MOVE, actionButton=0, id[0]=0, x[0]=540.0, y[0]=423.0, toolType[0]=TOOL_TYPE_UNKNOWN, buttonState=0, metaState=0, flags=0x0, edgeFlags=0x0, pointerCount=1, historySize=0, eventTime=64344, downTime=64344, deviceId=0, source=0x1002 }
12-27 22:23:42.503  4135  4135 I Input   : injectMotionEvent: MotionEvent { action=ACTION_MOVE, actionButton=0, id[0]=0, x[0]=540.0, y[0]=423.0, toolType[0]=TOOL_TYPE_UNKNOWN, buttonState=0, metaState=0, flags=0x0, edgeFlags=0x0, pointerCount=1, historySize=0, eventTime=64362, downTime=64362, deviceId=0, source=0x1002 }
12-27 22:23:42.519  4135  4135 I Input   : injectMotionEvent: MotionEvent { action=ACTION_MOVE, actionButton=0, id[0]=0, x[0]=540.0, y[0]=423.0, toolType[0]=TOOL_TYPE_UNKNOWN, buttonState=0, metaState=0, flags=0x0, edgeFlags=0x0, pointerCount=1, historySize=0, eventTime=64377, downTime=64377, deviceId=0, source=0x1002 }
12-27 22:23:42.541  4135  4135 I Input   : injectMotionEvent: MotionEvent { action=ACTION_MOVE, actionButton=0, id[0]=0, x[0]=540.0, y[0]=423.0, toolType[0]=TOOL_TYPE_UNKNOWN, buttonState=0, metaState=0, flags=0x0, edgeFlags=0x0, pointerCount=1, historySize=0, eventTime=64399, downTime=64399, deviceId=0, source=0x1002 }
12-27 22:23:42.557  4135  4135 I Input   : injectMotionEvent: MotionEvent { action=ACTION_MOVE, actionButton=0, id[0]=0, x[0]=540.0, y[0]=423.0, toolType[0]=TOOL_TYPE_UNKNOWN, buttonState=0, metaState=0, flags=0x0, edgeFlags=0x0, pointerCount=1, historySize=0, eventTime=64415, downTime=64415, deviceId=0, source=0x1002 }
12-27 22:23:42.577  4135  4135 I Input   : injectMotionEvent: MotionEvent { action=ACTION_MOVE, actionButton=0, id[0]=0, x[0]=540.0, y[0]=423.0, toolType[0]=TOOL_TYPE_UNKNOWN, buttonState=0, metaState=0, flags=0x0, edgeFlags=0x0, pointerCount=1, historySize=0, eventTime=64436, downTime=64436, deviceId=0, source=0x1002 }
12-27 22:23:42.592  4135  4135 I Input   : injectMotionEvent: MotionEvent { action=ACTION_MOVE, actionButton=0, id[0]=0, x[0]=540.0, y[0]=423.0, toolType[0]=TOOL_TYPE_UNKNOWN, buttonState=0, metaState=0, flags=0x0, edgeFlags=0x0, pointerCount=1, historySize=0, eventTime=64450, downTime=64450, deviceId=0, source=0x1002 }
12-27 22:23:42.611  4135  4135 I Input   : injectMotionEvent: MotionEvent { action=ACTION_MOVE, actionButton=0, id[0]=0, x[0]=540.0, y[0]=423.0, toolType[0]=TOOL_TYPE_UNKNOWN, buttonState=0, metaState=0, flags=0x0, edgeFlags=0x0, pointerCount=1, historySize=0, eventTime=64469, downTime=64469, deviceId=0, source=0x1002 }
12-27 22:23:42.631  4135  4135 I Input   : injectMotionEvent: MotionEvent { action=ACTION_UP, actionButton=0, id[0]=0, x[0]=540.0, y[0]=423.0, toolType[0]=TOOL_TYPE_UNKNOWN, buttonState=0, metaState=0, flags=0x0, edgeFlags=0x0, pointerCount=1, historySize=0, eventTime=64490, downTime=64490, deviceId=0, source=0x1002 }
12-27 22:23:42.663   889  1014 E SurfaceFlinger: ro.sf.lcd_density must be defined as a build property
12-27 22:23:42.688  1568  4146 I OpenGLRenderer: Initialized EGL, version 1.4
12-27 22:23:42.688  1568  4146 W OpenGLRenderer: Failed to choose config with EGL_SWAP_BEHAVIOR_PRESERVED, retrying without...
12-27 22:23:42.692  1568  4146 E eglCodecCommon: glUtilsParamSize: unknow param 0x00008cdf
12-27 22:23:42.693  1568  4146 E eglCodecCommon: glUtilsParamSize: unknow param 0x00008824
12-27 22:23:42.726  1568  4146 E Surface : getSlotFromBufferLocked: unknown buffer: 0x7407adef00
12-27 22:23:42.909  4149  4149 E cutils-trace: Error opening trace file: No such file or directory (2)
12-27 22:23:42.918  4149  4149 E memtrack: Couldn't load memtrack module (No such file or directory)
12-27 22:23:42.918  4149  4149 E android.os.Debug: failed to load memtrack module: -2
12-27 22:23:42.919  4149  4149 I Radio-JNI: register_android_hardware_Radio DONE
12-27 22:23:44.094  1606  2314 W Conscrypt: Could not set socket write timeout: java.net.SocketException: Socket closed
12-27 22:23:44.094  1606  2314 E art     : invalid stream - problem with parameter iterator in /system/priv-app/PrebuiltGmsCore/PrebuiltGmsCore.apk:classes3.dex for method void com.google.android.gms.org.conscrypt.ConscryptFileDescriptorSocket.setSoWriteTimeout(int)
12-27 22:23:44.094  1606  2314 W Conscrypt: 	at com.google.android.gms.org.conscrypt.Platform.setSocketWriteTimeout(:com.google.android.gms@202414019@20.24.14 (040400-319035315):2)
12-27 22:23:44.094  1606  2314 W Conscrypt: 	at com.google.android.gms.org.conscrypt.ConscryptFileDescriptorSocket.setSoWriteTimeout(:com.google.android.gms@202414019@20.24.14 (040400-319035315))
12-27 22:23:44.239   889   968 E SurfaceFlinger: ro.sf.lcd_density must be defined as a build property
12-27 22:23:44.239  4170  4170 E cutils-trace: Error opening trace file: No such file or directory (2)
12-27 22:23:44.242   889   889 E EGL_emulation: tid 889: eglCreateSyncKHR(1881): error 0x3004 (EGL_BAD_ATTRIBUTE)
12-27 22:23:44.368  4178  4178 E cutils-trace: Error opening trace file: No such file or directory (2)
12-27 22:23:44.377  4178  4178 E memtrack: Couldn't load memtrack module (No such file or directory)
12-27 22:23:44.377  4178  4178 E android.os.Debug: failed to load memtrack module: -2
12-27 22:23:44.377  4178  4178 I Radio-JNI: register_android_hardware_Radio DONE
12-27 22:23:44.868  2095  2501 I CheckinUtil: Classify the device as Phone. [CONTEXT service_id=130 ]
12-27 22:23:48.600  1606  3940 E GCM     : Missing checkin config file
12-27 22:23:48.600  1606  3940 W GCM     : GCM FAILED TO INITIALIZE - missing checkin
12-27 22:23:48.602  3556  3578 E FirebaseInstanceId: Token retrieval failed: AUTHENTICATION_FAILED
12-27 22:23:49.775   889  1013 E SurfaceFlinger: ro.sf.lcd_density must be defined as a build property
12-27 22:23:49.775  4224  4224 E cutils-trace: Error opening trace file: No such file or directory (2)
12-27 22:23:49.778   889   889 E EGL_emulation: tid 889: eglCreateSyncKHR(1881): error 0x3004 (EGL_BAD_ATTRIBUTE)
12-27 22:23:49.916  4230  4230 E cutils-trace: Error opening trace file: No such file or directory (2)
12-27 22:23:49.925  4230  4230 E memtrack: Couldn't load memtrack module (No such file or directory)
12-27 22:23:49.925  4230  4230 E android.os.Debug: failed to load memtrack module: -2
12-27 22:23:49.926  4230  4230 I Radio-JNI: register_android_hardware_Radio DONE
12-27 22:23:50.055  2095  2900 I TelephonySpam: TelephonySpamChimeraService - Running Telephony Spam Chimera Service
12-27 22:23:50.068  1244  1564 I AccountManagerService: getTypesVisibleToCaller: isPermitted? true
12-27 22:23:50.080  1244  1564 I AccountManagerService: getTypesVisibleToCaller: isPermitted? true
12-27 22:23:50.085  1244  2876 I AccountManagerService: getTypesVisibleToCaller: isPermitted? true
12-27 22:23:50.087  1244  1564 I AccountManagerService: getTypesVisibleToCaller: isPermitted? true
12-27 22:23:50.091  1244  2876 I AccountManagerService: getTypesVisibleToCaller: isPermitted? true
12-27 22:23:50.096  1606  2005 E CCTFlatFileLogStore: Can't get boot count and uptime from log event.
12-27 22:23:50.096  1606  2005 E CCTFlatFileLogStore: cabw: While parsing a protocol message, the input ended unexpectedly in the middle of a field.  This could mean either that the input has been truncated or that an embedded message misreported its own length.
12-27 22:23:50.096  1606  2005 E CCTFlatFileLogStore: 	at bzzr.h(:com.google.android.gms@202414019@20.24.14 (040400-319035315):3)
12-27 22:23:50.096  1606  2005 E CCTFlatFileLogStore: 	at bzzr.C(:com.google.android.gms@202414019@20.24.14 (040400-319035315):1)
12-27 22:23:50.096  1606  2005 E CCTFlatFileLogStore: 	at bzzr.v(:com.google.android.gms@202414019@20.24.14 (040400-319035315):1)
12-27 22:23:50.096  1606  2005 E CCTFlatFileLogStore: 	at bzzr.t(:com.google.android.gms@202414019@20.24.14 (040400-319035315):7)
12-27 22:23:50.096  1606  2005 E CCTFlatFileLogStore: 	at bzzr.n(:com.google.android.gms@202414019@20.24.14 (040400-319035315):0)
12-27 22:23:50.096  1606  2005 E CCTFlatFileLogStore: 	at rel.a(:com.google.android.gms@202414019@20.24.14 (040400-319035315):49)
12-27 22:23:50.096  1606  2005 E CCTFlatFileLogStore: 	at rej.a(:com.google.android.gms@202414019@20.24.14 (040400-319035315):10)
12-27 22:23:50.096  1606  2005 E CCTFlatFileLogStore: 	at com.google.android.gms.clearcut.uploader.QosUploaderChimeraService.a(:com.google.android.gms@202414019@20.24.14 (040400-319035315):64)
12-27 22:23:50.096  1606  2005 E CCTFlatFileLogStore: 	at com.google.android.gms.clearcut.uploader.QosUploaderChimeraService.a(:com.google.android.gms@202414019@20.24.14 (040400-319035315):2)
12-27 22:23:50.096  1606  2005 E CCTFlatFileLogStore: 	at aeme.call(Unknown Source)
12-27 22:23:50.096  1606  2005 E CCTFlatFileLogStore: 	at java.util.concurrent.FutureTask.run(FutureTask.java:237)
12-27 22:23:50.096  1606  2005 E CCTFlatFileLogStore: 	at soy.b(:com.google.android.gms@202414019@20.24.14 (040400-319035315):12)
12-27 22:23:50.096  1606  2005 E CCTFlatFileLogStore: 	at soy.run(:com.google.android.gms@202414019@20.24.14 (040400-319035315):7)
12-27 22:23:50.096  1606  2005 E CCTFlatFileLogStore: 	at java.util.concurrent.ThreadPoolExecutor.runWorker(ThreadPoolExecutor.java:1113)
12-27 22:23:50.096  1606  2005 E CCTFlatFileLogStore: 	at java.util.concurrent.ThreadPoolExecutor$Worker.run(ThreadPoolExecutor.java:588)
12-27 22:23:50.096  1606  2005 E CCTFlatFileLogStore: 	at sux.run(:com.google.android.gms@202414019@20.24.14 (040400-319035315):0)
12-27 22:23:50.096  1606  2005 E CCTFlatFileLogStore: 	at java.lang.Thread.run(Thread.java:818)
12-27 22:23:50.098  1244  1564 I AccountManagerService: getTypesVisibleToCaller: isPermitted? true
12-27 22:23:50.106  1244  2445 I AccountManagerService: getTypesVisibleToCaller: isPermitted? true
12-27 22:23:50.109  1244  2876 I AccountManagerService: getTypesVisibleToCaller: isPermitted? true
12-27 22:23:50.113  1244  2876 I AccountManagerService: getTypesVisibleToCaller: isPermitted? true
12-27 22:23:50.119  1244  2876 I AccountManagerService: getTypesVisibleToCaller: isPermitted? true
12-27 22:23:50.122  1244  2876 I AccountManagerService: getTypesVisibleToCaller: isPermitted? true
12-27 22:23:50.124  1244  2876 I AccountManagerService: getTypesVisibleToCaller: isPermitted? true
12-27 22:23:50.126  1244  2876 I AccountManagerService: getTypesVisibleToCaller: isPermitted? true
12-27 22:23:50.130  1244  2876 I AccountManagerService: getTypesVisibleToCaller: isPermitted? true
12-27 22:23:50.136  1244  2876 I AccountManagerService: getTypesVisibleToCaller: isPermitted? true
12-27 22:23:50.138  1244  2876 I AccountManagerService: getTypesVisibleToCaller: isPermitted? true
12-27 22:23:50.143  1244  2876 I AccountManagerService: getTypesVisibleToCaller: isPermitted? true
12-27 22:23:50.150  1244  1527 I AccountManagerService: getTypesVisibleToCaller: isPermitted? true
12-27 22:23:50.155  1244  2876 I AccountManagerService: getTypesVisibleToCaller: isPermitted? true
12-27 22:23:50.160  1244  2876 I AccountManagerService: getTypesVisibleToCaller: isPermitted? true
12-27 22:23:50.161  1244  2876 I AccountManagerService: getTypesVisibleToCaller: isPermitted? true
12-27 22:23:50.166  1606  2005 E CCTFlatFileLogStore: Can't get boot count and uptime from log event.
12-27 22:23:50.166  1606  2005 E CCTFlatFileLogStore: cabw: While parsing a protocol message, the input ended unexpectedly in the middle of a field.  This could mean either that the input has been truncated or that an embedded message misreported its own length.
12-27 22:23:50.166  1606  2005 E CCTFlatFileLogStore: 	at bzzr.h(:com.google.android.gms@202414019@20.24.14 (040400-319035315):3)
12-27 22:23:50.166  1606  2005 E CCTFlatFileLogStore: 	at bzzr.C(:com.google.android.gms@202414019@20.24.14 (040400-319035315):1)
12-27 22:23:50.166  1606  2005 E CCTFlatFileLogStore: 	at bzzr.v(:com.google.android.gms@202414019@20.24.14 (040400-319035315):1)
12-27 22:23:50.166  1606  2005 E CCTFlatFileLogStore: 	at bzzr.t(:com.google.android.gms@202414019@20.24.14 (040400-319035315):7)
12-27 22:23:50.166  1606  2005 E CCTFlatFileLogStore: 	at bzzr.n(:com.google.android.gms@202414019@20.24.14 (040400-319035315):0)
12-27 22:23:50.166  1606  2005 E CCTFlatFileLogStore: 	at rel.a(:com.google.android.gms@202414019@20.24.14 (040400-319035315):49)
12-27 22:23:50.166  1606  2005 E CCTFlatFileLogStore: 	at rej.a(:com.google.android.gms@202414019@20.24.14 (040400-319035315):10)
12-27 22:23:50.166  1606  2005 E CCTFlatFileLogStore: 	at com.google.android.gms.clearcut.uploader.QosUploaderChimeraService.a(:com.google.android.gms@202414019@20.24.14 (040400-319035315):64)
12-27 22:23:50.166  1606  2005 E CCTFlatFileLogStore: 	at com.google.android.gms.clearcut.uploader.QosUploaderChimeraService.a(:com.google.android.gms@202414019@20.24.14 (040400-319035315):2)
12-27 22:23:50.166  1606  2005 E CCTFlatFileLogStore: 	at aeme.call(Unknown Source)
12-27 22:23:50.166  1606  2005 E CCTFlatFileLogStore: 	at java.util.concurrent.FutureTask.run(FutureTask.java:237)
12-27 22:23:50.166  1606  2005 E CCTFlatFileLogStore: 	at soy.b(:com.google.android.gms@202414019@20.24.14 (040400-319035315):12)
12-27 22:23:50.166  1606  2005 E CCTFlatFileLogStore: 	at soy.run(:com.google.android.gms@202414019@20.24.14 (040400-319035315):7)
12-27 22:23:50.166  1606  2005 E CCTFlatFileLogStore: 	at java.util.concurrent.ThreadPoolExecutor.runWorker(ThreadPoolExecutor.java:1113)
12-27 22:23:50.166  1606  2005 E CCTFlatFileLogStore: 	at java.util.concurrent.ThreadPoolExecutor$Worker.run(ThreadPoolExecutor.java:588)
12-27 22:23:50.166  1606  2005 E CCTFlatFileLogStore: 	at sux.run(:com.google.android.gms@202414019@20.24.14 (040400-319035315):0)
12-27 22:23:50.166  1606  2005 E CCTFlatFileLogStore: 	at java.lang.Thread.run(Thread.java:818)
12-27 22:23:50.166  1606  2005 E CCTFlatFileLogStore: Can't get boot count and uptime from log event.
12-27 22:23:50.166  1606  2005 E CCTFlatFileLogStore: cabw: While parsing a protocol message, the input ended unexpectedly in the middle of a field.  This could mean either that the input has been truncated or that an embedded message misreported its own length.
12-27 22:23:50.166  1606  2005 E CCTFlatFileLogStore: 	at bzzr.h(:com.google.android.gms@202414019@20.24.14 (040400-319035315):3)
12-27 22:23:50.166  1606  2005 E CCTFlatFileLogStore: 	at bzzr.C(:com.google.android.gms@202414019@20.24.14 (040400-319035315):1)
12-27 22:23:50.166  1606  2005 E CCTFlatFileLogStore: 	at bzzr.v(:com.google.android.gms@202414019@20.24.14 (040400-319035315):1)
12-27 22:23:50.166  1606  2005 E CCTFlatFileLogStore: 	at bzzr.t(:com.google.android.gms@202414019@20.24.14 (040400-319035315):7)
12-27 22:23:50.166  1606  2005 E CCTFlatFileLogStore: 	at bzzr.n(:com.google.android.gms@202414019@20.24.14 (040400-319035315):0)
12-27 22:23:50.166  1606  2005 E CCTFlatFileLogStore: 	at rel.a(:com.google.android.gms@202414019@20.24.14 (040400-319035315):49)
12-27 22:23:50.166  1606  2005 E CCTFlatFileLogStore: 	at rej.a(:com.google.android.gms@202414019@20.24.14 (040400-319035315):10)
12-27 22:23:50.166  1606  2005 E CCTFlatFileLogStore: 	at com.google.android.gms.clearcut.uploader.QosUploaderChimeraService.a(:com.google.android.gms@202414019@20.24.14 (040400-319035315):64)
12-27 22:23:50.166  1606  2005 E CCTFlatFileLogStore: 	at com.google.android.gms.clearcut.uploader.QosUploaderChimeraService.a(:com.google.android.gms@202414019@20.24.14 (040400-319035315):2)
12-27 22:23:50.166  1606  2005 E CCTFlatFileLogStore: 	at aeme.call(Unknown Source)
12-27 22:23:50.166  1606  2005 E CCTFlatFileLogStore: 	at java.util.concurrent.FutureTask.run(FutureTask.java:237)
12-27 22:23:50.166  1606  2005 E CCTFlatFileLogStore: 	at soy.b(:com.google.android.gms@202414019@20.24.14 (040400-319035315):12)
12-27 22:23:50.166  1606  2005 E CCTFlatFileLogStore: 	at soy.run(:com.google.android.gms@202414019@20.24.14 (040400-319035315):7)
12-27 22:23:50.166  1606  2005 E CCTFlatFileLogStore: 	at java.util.concurrent.ThreadPoolExecutor.runWorker(ThreadPoolExecutor.java:1113)
12-27 22:23:50.166  1606  2005 E CCTFlatFileLogStore: 	at java.util.concurrent.ThreadPoolExecutor$Worker.run(ThreadPoolExecutor.java:588)
12-27 22:23:50.166  1606  2005 E CCTFlatFileLogStore: 	at sux.run(:com.google.android.gms@202414019@20.24.14 (040400-319035315):0)
12-27 22:23:50.166  1606  2005 E CCTFlatFileLogStore: 	at java.lang.Thread.run(Thread.java:818)
12-27 22:23:50.168  1244  2876 I AccountManagerService: getTypesVisibleToCaller: isPermitted? true
12-27 22:23:50.170  1606  2005 E CCTFlatFileLogStore: Can't get boot count and uptime from log event.
12-27 22:23:50.170  1606  2005 E CCTFlatFileLogStore: cabw: While parsing a protocol message, the input ended unexpectedly in the middle of a field.  This could mean either that the input has been truncated or that an embedded message misreported its own length.
12-27 22:23:50.170  1606  2005 E CCTFlatFileLogStore: 	at bzzr.h(:com.google.android.gms@202414019@20.24.14 (040400-319035315):3)
12-27 22:23:50.170  1606  2005 E CCTFlatFileLogStore: 	at bzzr.C(:com.google.android.gms@202414019@20.24.14 (040400-319035315):1)
12-27 22:23:50.170  1606  2005 E CCTFlatFileLogStore: 	at bzzr.v(:com.google.android.gms@202414019@20.24.14 (040400-319035315):1)
12-27 22:23:50.170  1606  2005 E CCTFlatFileLogStore: 	at bzzr.t(:com.google.android.gms@202414019@20.24.14 (040400-319035315):7)
12-27 22:23:50.170  1606  2005 E CCTFlatFileLogStore: 	at bzzr.n(:com.google.android.gms@202414019@20.24.14 (040400-319035315):0)
12-27 22:23:50.170  1606  2005 E CCTFlatFileLogStore: 	at rel.a(:com.google.android.gms@202414019@20.24.14 (040400-319035315):49)
12-27 22:23:50.170  1606  2005 E CCTFlatFileLogStore: 	at rej.a(:com.google.android.gms@202414019@20.24.14 (040400-319035315):10)
12-27 22:23:50.170  1606  2005 E CCTFlatFileLogStore: 	at com.google.android.gms.clearcut.uploader.QosUploaderChimeraService.a(:com.google.android.gms@202414019@20.24.14 (040400-319035315):64)
12-27 22:23:50.170  1606  2005 E CCTFlatFileLogStore: 	at com.google.android.gms.clearcut.uploader.QosUploaderChimeraService.a(:com.google.android.gms@202414019@20.24.14 (040400-319035315):2)
12-27 22:23:50.170  1606  2005 E CCTFlatFileLogStore: 	at aeme.call(Unknown Source)
12-27 22:23:50.170  1606  2005 E CCTFlatFileLogStore: 	at java.util.concurrent.FutureTask.run(FutureTask.java:237)
12-27 22:23:50.170  1606  2005 E CCTFlatFileLogStore: 	at soy.b(:com.google.android.gms@202414019@20.24.14 (040400-319035315):12)
12-27 22:23:50.170  1606  2005 E CCTFlatFileLogStore: 	at soy.run(:com.google.android.gms@202414019@20.24.14 (040400-319035315):7)
12-27 22:23:50.170  1606  2005 E CCTFlatFileLogStore: 	at java.util.concurrent.ThreadPoolExecutor.runWorker(ThreadPoolExecutor.java:1113)
12-27 22:23:50.170  1606  2005 E CCTFlatFileLogStore: 	at java.util.concurrent.ThreadPoolExecutor$Worker.run(ThreadPoolExecutor.java:588)
12-27 22:23:50.170  1606  2005 E CCTFlatFileLogStore: 	at sux.run(:com.google.android.gms@202414019@20.24.14 (040400-319035315):0)
12-27 22:23:50.170  1606  2005 E CCTFlatFileLogStore: 	at java.lang.Thread.run(Thread.java:818)
12-27 22:23:50.171  1606  2005 E CCTFlatFileLogStore: Can't get boot count and uptime from log event.
12-27 22:23:50.171  1606  2005 E CCTFlatFileLogStore: cabw: While parsing a protocol message, the input ended unexpectedly in the middle of a field.  This could mean either that the input has been truncated or that an embedded message misreported its own length.
12-27 22:23:50.171  1606  2005 E CCTFlatFileLogStore: 	at bzzr.h(:com.google.android.gms@202414019@20.24.14 (040400-319035315):3)
12-27 22:23:50.171  1606  2005 E CCTFlatFileLogStore: 	at bzzr.C(:com.google.android.gms@202414019@20.24.14 (040400-319035315):1)
12-27 22:23:50.171  1606  2005 E CCTFlatFileLogStore: 	at bzzr.v(:com.google.android.gms@202414019@20.24.14 (040400-319035315):1)
12-27 22:23:50.171  1606  2005 E CCTFlatFileLogStore: 	at bzzr.t(:com.google.android.gms@202414019@20.24.14 (040400-319035315):7)
12-27 22:23:50.171  1606  2005 E CCTFlatFileLogStore: 	at bzzr.n(:com.google.android.gms@202414019@20.24.14 (040400-319035315):0)
12-27 22:23:50.171  1606  2005 E CCTFlatFileLogStore: 	at rel.a(:com.google.android.gms@202414019@20.24.14 (040400-319035315):49)
12-27 22:23:50.171  1606  2005 E CCTFlatFileLogStore: 	at rej.a(:com.google.android.gms@202414019@20.24.14 (040400-319035315):10)
12-27 22:23:50.171  1606  2005 E CCTFlatFileLogStore: 	at com.google.android.gms.clearcut.uploader.QosUploaderChimeraService.a(:com.google.android.gms@202414019@20.24.14 (040400-319035315):64)
12-27 22:23:50.171  1606  2005 E CCTFlatFileLogStore: 	at com.google.android.gms.clearcut.uploader.QosUploaderChimeraService.a(:com.google.android.gms@202414019@20.24.14 (040400-319035315):2)
12-27 22:23:50.171  1606  2005 E CCTFlatFileLogStore: 	at aeme.call(Unknown Source)
12-27 22:23:50.171  1606  2005 E CCTFlatFileLogStore: 	at java.util.concurrent.FutureTask.run(FutureTask.java:237)
12-27 22:23:50.171  1606  2005 E CCTFlatFileLogStore: 	at soy.b(:com.google.android.gms@202414019@20.24.14 (040400-319035315):12)
12-27 22:23:50.171  1606  2005 E CCTFlatFileLogStore: 	at soy.run(:com.google.android.gms@202414019@20.24.14 (040400-319035315):7)
12-27 22:23:50.171  1606  2005 E CCTFlatFileLogStore: 	at java.util.concurrent.ThreadPoolExecutor.runWorker(ThreadPoolExecutor.java:1113)
12-27 22:23:50.171  1606  2005 E CCTFlatFileLogStore: 	at java.util.concurrent.ThreadPoolExecutor$Worker.run(ThreadPoolExecutor.java:588)
12-27 22:23:50.171  1606  2005 E CCTFlatFileLogStore: 	at sux.run(:com.google.android.gms@202414019@20.24.14 (040400-319035315):0)
12-27 22:23:50.171  1606  2005 E CCTFlatFileLogStore: 	at java.lang.Thread.run(Thread.java:818)
12-27 22:23:50.172  1244  2876 I AccountManagerService: getTypesVisibleToCaller: isPermitted? true
12-27 22:23:50.174  1244  2876 I AccountManagerService: getTypesVisibleToCaller: isPermitted? true
12-27 22:23:50.176  1244  2876 I AccountManagerService: getTypesVisibleToCaller: isPermitted? true
12-27 22:23:53.121   889  1013 E SurfaceFlinger: ro.sf.lcd_density must be defined as a build property
12-27 22:23:53.121  4268  4268 E cutils-trace: Error opening trace file: No such file or directory (2)
12-27 22:23:53.126   889   889 E EGL_emulation: tid 889: eglCreateSyncKHR(1881): error 0x3004 (EGL_BAD_ATTRIBUTE)
12-27 22:23:53.263  4274  4274 E cutils-trace: Error opening trace file: No such file or directory (2)
12-27 22:23:53.272  4274  4274 E memtrack: Couldn't load memtrack module (No such file or directory)
12-27 22:23:53.272  4274  4274 E android.os.Debug: failed to load memtrack module: -2
12-27 22:23:53.273  4274  4274 I Radio-JNI: register_android_hardware_Radio DONE
12-27 22:23:53.682   889  1013 E SurfaceFlinger: ro.sf.lcd_density must be defined as a build property
12-27 22:23:53.683  4302  4302 E cutils-trace: Error opening trace file: No such file or directory (2)
12-27 22:23:53.687   889   889 E EGL_emulation: tid 889: eglCreateSyncKHR(1881): error 0x3004 (EGL_BAD_ATTRIBUTE)
12-27 22:23:53.823  4308  4308 E cutils-trace: Error opening trace file: No such file or directory (2)
12-27 22:23:53.833  4308  4308 E memtrack: Couldn't load memtrack module (No such file or directory)
12-27 22:23:53.833  4308  4308 E android.os.Debug: failed to load memtrack module: -2
12-27 22:23:53.833  4308  4308 I Radio-JNI: register_android_hardware_Radio DONE
12-27 22:23:54.418  4346  4346 E cutils-trace: Error opening trace file: No such file or directory (2)
12-27 22:23:54.429  4346  4346 E memtrack: Couldn't load memtrack module (No such file or directory)
12-27 22:23:54.429  4346  4346 E android.os.Debug: failed to load memtrack module: -2
12-27 22:23:54.429  4346  4346 I Radio-JNI: register_android_hardware_Radio DONE
12-27 22:23:54.432  4346  4346 I Input   : injectMotionEvent: MotionEvent { action=ACTION_DOWN, actionButton=0, id[0]=0, x[0]=540.0, y[0]=616.0, toolType[0]=TOOL_TYPE_UNKNOWN, buttonState=0, metaState=0, flags=0x0, edgeFlags=0x0, pointerCount=1, historySize=0, eventTime=76290, downTime=76290, deviceId=0, source=0x1002 }
12-27 22:23:54.433  4346  4346 I Input   : injectMotionEvent: MotionEvent { action=ACTION_MOVE, actionButton=0, id[0]=0, x[0]=540.0, y[0]=616.0, toolType[0]=TOOL_TYPE_UNKNOWN, buttonState=0, metaState=0, flags=0x0, edgeFlags=0x0, pointerCount=1, historySize=0, eventTime=76290, downTime=76290, deviceId=0, source=0x1002 }
12-27 22:23:54.439  4346  4346 I Input   : injectMotionEvent: MotionEvent { action=ACTION_MOVE, actionButton=0, id[0]=0, x[0]=540.0, y[0]=616.0, toolType[0]=TOOL_TYPE_UNKNOWN, buttonState=0, metaState=0, flags=0x0, edgeFlags=0x0, pointerCount=1, historySize=0, eventTime=76297, downTime=76297, deviceId=0, source=0x1002 }
12-27 22:23:54.456  4346  4346 I Input   : injectMotionEvent: MotionEvent { action=ACTION_MOVE, actionButton=0, id[0]=0, x[0]=540.0, y[0]=616.0, toolType[0]=TOOL_TYPE_UNKNOWN, buttonState=0, metaState=0, flags=0x0, edgeFlags=0x0, pointerCount=1, historySize=0, eventTime=76315, downTime=76315, deviceId=0, source=0x1002 }
12-27 22:23:54.477  4346  4346 I Input   : injectMotionEvent: MotionEvent { action=ACTION_MOVE, actionButton=0, id[0]=0, x[0]=540.0, y[0]=616.0, toolType[0]=TOOL_TYPE_UNKNOWN, buttonState=0, metaState=0, flags=0x0, edgeFlags=0x0, pointerCount=1, historySize=0, eventTime=76336, downTime=76336, deviceId=0, source=0x1002 }
12-27 22:23:54.496  4346  4346 I Input   : injectMotionEvent: MotionEvent { action=ACTION_MOVE, actionButton=0, id[0]=0, x[0]=540.0, y[0]=616.0, toolType[0]=TOOL_TYPE_UNKNOWN, buttonState=0, metaState=0, flags=0x0, edgeFlags=0x0, pointerCount=1, historySize=0, eventTime=76354, downTime=76354, deviceId=0, source=0x1002 }
12-27 22:23:54.514  4346  4346 I Input   : injectMotionEvent: MotionEvent { action=ACTION_MOVE, actionButton=0, id[0]=0, x[0]=540.0, y[0]=616.0, toolType[0]=TOOL_TYPE_UNKNOWN, buttonState=0, metaState=0, flags=0x0, edgeFlags=0x0, pointerCount=1, historySize=0, eventTime=76372, downTime=76372, deviceId=0, source=0x1002 }
12-27 22:23:54.531  4346  4346 I Input   : injectMotionEvent: MotionEvent { action=ACTION_MOVE, actionButton=0, id[0]=0, x[0]=540.0, y[0]=616.0, toolType[0]=TOOL_TYPE_UNKNOWN, buttonState=0, metaState=0, flags=0x0, edgeFlags=0x0, pointerCount=1, historySize=0, eventTime=76390, downTime=76390, deviceId=0, source=0x1002 }
12-27 22:23:54.549  4346  4346 I Input   : injectMotionEvent: MotionEvent { action=ACTION_MOVE, actionButton=0, id[0]=0, x[0]=540.0, y[0]=616.0, toolType[0]=TOOL_TYPE_UNKNOWN, buttonState=0, metaState=0, flags=0x0, edgeFlags=0x0, pointerCount=1, historySize=0, eventTime=76408, downTime=76408, deviceId=0, source=0x1002 }
12-27 22:23:54.569  4346  4346 I Input   : injectMotionEvent: MotionEvent { action=ACTION_MOVE, actionButton=0, id[0]=0, x[0]=540.0, y[0]=616.0, toolType[0]=TOOL_TYPE_UNKNOWN, buttonState=0, metaState=0, flags=0x0, edgeFlags=0x0, pointerCount=1, historySize=0, eventTime=76427, downTime=76427, deviceId=0, source=0x1002 }
12-27 22:23:54.587  4346  4346 I Input   : injectMotionEvent: MotionEvent { action=ACTION_MOVE, actionButton=0, id[0]=0, x[0]=540.0, y[0]=616.0, toolType[0]=TOOL_TYPE_UNKNOWN, buttonState=0, metaState=0, flags=0x0, edgeFlags=0x0, pointerCount=1, historySize=0, eventTime=76445, downTime=76445, deviceId=0, source=0x1002 }
12-27 22:23:54.604  4346  4346 I Input   : injectMotionEvent: MotionEvent { action=ACTION_MOVE, actionButton=0, id[0]=0, x[0]=540.0, y[0]=616.0, toolType[0]=TOOL_TYPE_UNKNOWN, buttonState=0, metaState=0, flags=0x0, edgeFlags=0x0, pointerCount=1, historySize=0, eventTime=76462, downTime=76462, deviceId=0, source=0x1002 }
12-27 22:23:54.623  4346  4346 I Input   : injectMotionEvent: MotionEvent { action=ACTION_MOVE, actionButton=0, id[0]=0, x[0]=540.0, y[0]=616.0, toolType[0]=TOOL_TYPE_UNKNOWN, buttonState=0, metaState=0, flags=0x0, edgeFlags=0x0, pointerCount=1, historySize=0, eventTime=76481, downTime=76481, deviceId=0, source=0x1002 }
12-27 22:23:54.641  4346  4346 I Input   : injectMotionEvent: MotionEvent { action=ACTION_UP, actionButton=0, id[0]=0, x[0]=540.0, y[0]=616.0, toolType[0]=TOOL_TYPE_UNKNOWN, buttonState=0, metaState=0, flags=0x0, edgeFlags=0x0, pointerCount=1, historySize=0, eventTime=76499, downTime=76499, deviceId=0, source=0x1002 }
12-27 22:23:54.960  4359  4359 E cutils-trace: Error opening trace file: No such file or directory (2)
12-27 22:23:54.969  4359  4359 E memtrack: Couldn't load memtrack module (No such file or directory)
12-27 22:23:54.969  4359  4359 E android.os.Debug: failed to load memtrack module: -2
12-27 22:23:54.969  4359  4359 I Radio-JNI: register_android_hardware_Radio DONE
12-27 22:23:55.399  2095  4371 I GmscoreIpa: how are you::
12-27 22:23:56.349   889   968 E SurfaceFlinger: ro.sf.lcd_density must be defined as a build property
12-27 22:23:56.350  4382  4382 E cutils-trace: Error opening trace file: No such file or directory (2)
12-27 22:23:56.356   889   889 E EGL_emulation: tid 889: eglCreateSyncKHR(1881): error 0x3004 (EGL_BAD_ATTRIBUTE)
12-27 22:23:56.496  4388  4388 E cutils-trace: Error opening trace file: No such file or directory (2)
12-27 22:23:56.505  4388  4388 E memtrack: Couldn't load memtrack module (No such file or directory)
12-27 22:23:56.505  4388  4388 E android.os.Debug: failed to load memtrack module: -2
12-27 22:23:56.506  4388  4388 I Radio-JNI: register_android_hardware_Radio DONE
12-27 22:23:59.473  1606  4412 I qtaguid : Failed write_ctrl(t -1 3458768941931823104 -1) res=-1 errno=9
12-27 22:23:59.473  1606  4412 I qtaguid : Tagging socket -1 with tag 3000040700000000(805307399) for uid -1 failed errno=-9
12-27 22:23:59.473  1606  4412 I NetworkManagementSocketTagger: tagSocketFd(-1, 805307399, -1) failed with errno-9
12-27 22:23:59.777  1606  4412 E GCM     : Missing checkin config file
12-27 22:23:59.777  1606  4412 W GCM     : GCM FAILED TO INITIALIZE - missing checkin
12-27 22:23:59.781  1606  4412 E GCM     : Missing checkin config file
12-27 22:23:59.781  1606  4412 W GCM     : GCM FAILED TO INITIALIZE - missing checkin
12-27 22:23:59.786  1606  4412 E WakeLock: GCM_HB_ALARM release without a matched acquire!
12-27 22:23:59.786  1606  4412 W WakeLock: GCM_HB_ALARM counter does not exist
12-27 22:23:59.789  1606  4417 I qtaguid : Failed write_ctrl(t -1 3458768941931823104 -1) res=-1 errno=9
12-27 22:23:59.789  1606  4417 I qtaguid : Tagging socket -1 with tag 3000040700000000(805307399) for uid -1 failed errno=-9
12-27 22:23:59.789  1606  4417 I NetworkManagementSocketTagger: tagSocketFd(-1, 805307399, -1) failed with errno-9
12-27 22:24:00.304  1606  4417 E GCM     : Missing checkin config file
12-27 22:24:00.304  1606  4417 W GCM     : GCM FAILED TO INITIALIZE - missing checkin
12-27 22:24:00.307  1606  4417 E GCM     : Missing checkin config file
12-27 22:24:00.307  1606  4417 W GCM     : GCM FAILED TO INITIALIZE - missing checkin
12-27 22:24:00.311  1606  4417 E WakeLock: GCM_HB_ALARM release without a matched acquire!
12-27 22:24:00.311  1606  4417 W WakeLock: GCM_HB_ALARM counter does not exist
12-27 22:24:01.147  2095  2380 I CastDatabase: Saving the database
12-27 22:24:01.155  2095  2380 I SQLiteCastStore: [CastNetworkInfo] saved: 0, skipped: 0, [CastDeviceInfo]: saved 0, skipped 0, [Paired Guest Mode DeviceInfo] saved: 0, skipped: 0. [ProbedNetworks]: saved 0, skipped: 0, [ProbedSocketAddress]: saved 0, skipped: 0, [Network-Device pairs]: saved: 0
12-27 22:24:01.197  1606  4242 E GCM     : Missing checkin config file
12-27 22:24:01.198  1606  4242 W GCM     : GCM FAILED TO INITIALIZE - missing checkin
12-27 22:24:01.979   889  1014 E SurfaceFlinger: ro.sf.lcd_density must be defined as a build property
12-27 22:24:01.980  4440  4440 E cutils-trace: Error opening trace file: No such file or directory (2)
12-27 22:24:01.985   889   889 E EGL_emulation: tid 889: eglCreateSyncKHR(1881): error 0x3004 (EGL_BAD_ATTRIBUTE)
12-27 22:24:02.124  4446  4446 E cutils-trace: Error opening trace file: No such file or directory (2)
12-27 22:24:02.133  4446  4446 E memtrack: Couldn't load memtrack module (No such file or directory)
12-27 22:24:02.133  4446  4446 E android.os.Debug: failed to load memtrack module: -2
12-27 22:24:02.133  4446  4446 I Radio-JNI: register_android_hardware_Radio DONE
12-27 22:24:04.084  2095  2501 W ProviderHelper: Unknown dynamite feature providerinstaller
12-27 22:24:04.084  2095  2501 I DynamiteModule: Considering local module providerinstaller:0 and remote module providerinstaller:0
12-27 22:24:04.084  2095  2501 I DynamiteModule: Considering local module providerinstaller:0 and remote module providerinstaller:0
12-27 22:24:04.088  2095  2501 W Conscrypt: Could not set socket write timeout: java.net.SocketException: Socket closed
12-27 22:24:04.088  2095  2501 E art     : invalid stream - problem with parameter iterator in /system/priv-app/PrebuiltGmsCore/PrebuiltGmsCore.apk:classes3.dex for method void com.google.android.gms.org.conscrypt.ConscryptFileDescriptorSocket.setSoWriteTimeout(int)
12-27 22:24:04.088  2095  2501 W Conscrypt: 	at com.google.android.gms.org.conscrypt.Platform.setSocketWriteTimeout(:com.google.android.gms@202414019@20.24.14 (040400-319035315):2)
12-27 22:24:04.088  2095  2501 W Conscrypt: 	at com.google.android.gms.org.conscrypt.ConscryptFileDescriptorSocket.setSoWriteTimeout(:com.google.android.gms@202414019@20.24.14 (040400-319035315))
12-27 22:24:07.449   889   968 E SurfaceFlinger: ro.sf.lcd_density must be defined as a build property
12-27 22:24:07.449  4483  4483 E cutils-trace: Error opening trace file: No such file or directory (2)
12-27 22:24:07.455   889   889 E EGL_emulation: tid 889: eglCreateSyncKHR(1881): error 0x3004 (EGL_BAD_ATTRIBUTE)
12-27 22:24:07.596  4489  4489 E cutils-trace: Error opening trace file: No such file or directory (2)
12-27 22:24:07.606  4489  4489 E memtrack: Couldn't load memtrack module (No such file or directory)
12-27 22:24:07.606  4489  4489 E android.os.Debug: failed to load memtrack module: -2
12-27 22:24:07.606  4489  4489 I Radio-JNI: register_android_hardware_Radio DONE
12-27 22:24:16.495   889   968 E SurfaceFlinger: ro.sf.lcd_density must be defined as a build property
12-27 22:24:16.495  4533  4533 E cutils-trace: Error opening trace file: No such file or directory (2)
12-27 22:24:16.501   889   889 E EGL_emulation: tid 889: eglCreateSyncKHR(1881): error 0x3004 (EGL_BAD_ATTRIBUTE)
12-27 22:24:16.642  4541  4541 E cutils-trace: Error opening trace file: No such file or directory (2)
12-27 22:24:16.650  4541  4541 E memtrack: Couldn't load memtrack module (No such file or directory)
12-27 22:24:16.650  4541  4541 E android.os.Debug: failed to load memtrack module: -2
12-27 22:24:16.650  4541  4541 I Radio-JNI: register_android_hardware_Radio DONE
12-27 22:24:17.225  4579  4579 E cutils-trace: Error opening trace file: No such file or directory (2)
12-27 22:24:17.234  4579  4579 E memtrack: Couldn't load memtrack module (No such file or directory)
12-27 22:24:17.234  4579  4579 E android.os.Debug: failed to load memtrack module: -2
12-27 22:24:17.235  4579  4579 I Radio-JNI: register_android_hardware_Radio DONE
12-27 22:24:17.238  4579  4579 I Input   : injectMotionEvent: MotionEvent { action=ACTION_DOWN, actionButton=0, id[0]=0, x[0]=540.0, y[0]=851.0, toolType[0]=TOOL_TYPE_UNKNOWN, buttonState=0, metaState=0, flags=0x0, edgeFlags=0x0, pointerCount=1, historySize=0, eventTime=99096, downTime=99096, deviceId=0, source=0x1002 }
12-27 22:24:17.238  4579  4579 I Input   : injectMotionEvent: MotionEvent { action=ACTION_MOVE, actionButton=0, id[0]=0, x[0]=540.0, y[0]=851.0, toolType[0]=TOOL_TYPE_UNKNOWN, buttonState=0, metaState=0, flags=0x0, edgeFlags=0x0, pointerCount=1, historySize=0, eventTime=99096, downTime=99096, deviceId=0, source=0x1002 }
12-27 22:24:17.262  4579  4579 I Input   : injectMotionEvent: MotionEvent { action=ACTION_MOVE, actionButton=0, id[0]=0, x[0]=540.0, y[0]=851.0, toolType[0]=TOOL_TYPE_UNKNOWN, buttonState=0, metaState=0, flags=0x0, edgeFlags=0x0, pointerCount=1, historySize=0, eventTime=99120, downTime=99120, deviceId=0, source=0x1002 }
12-27 22:24:17.281  4579  4579 I Input   : injectMotionEvent: MotionEvent { action=ACTION_MOVE, actionButton=0, id[0]=0, x[0]=540.0, y[0]=851.0, toolType[0]=TOOL_TYPE_UNKNOWN, buttonState=0, metaState=0, flags=0x0, edgeFlags=0x0, pointerCount=1, historySize=0, eventTime=99139, downTime=99139, deviceId=0, source=0x1002 }
12-27 22:24:17.299  4579  4579 I Input   : injectMotionEvent: MotionEvent { action=ACTION_MOVE, actionButton=0, id[0]=0, x[0]=540.0, y[0]=851.0, toolType[0]=TOOL_TYPE_UNKNOWN, buttonState=0, metaState=0, flags=0x0, edgeFlags=0x0, pointerCount=1, historySize=0, eventTime=99157, downTime=99157, deviceId=0, source=0x1002 }
12-27 22:24:17.316  4579  4579 I Input   : injectMotionEvent: MotionEvent { action=ACTION_MOVE, actionButton=0, id[0]=0, x[0]=540.0, y[0]=851.0, toolType[0]=TOOL_TYPE_UNKNOWN, buttonState=0, metaState=0, flags=0x0, edgeFlags=0x0, pointerCount=1, historySize=0, eventTime=99175, downTime=99175, deviceId=0, source=0x1002 }
12-27 22:24:17.334  4579  4579 I Input   : injectMotionEvent: MotionEvent { action=ACTION_MOVE, actionButton=0, id[0]=0, x[0]=540.0, y[0]=851.0, toolType[0]=TOOL_TYPE_UNKNOWN, buttonState=0, metaState=0, flags=0x0, edgeFlags=0x0, pointerCount=1, historySize=0, eventTime=99192, downTime=99192, deviceId=0, source=0x1002 }
12-27 22:24:17.351  4579  4579 I Input   : injectMotionEvent: MotionEvent { action=ACTION_MOVE, actionButton=0, id[0]=0, x[0]=540.0, y[0]=851.0, toolType[0]=TOOL_TYPE_UNKNOWN, buttonState=0, metaState=0, flags=0x0, edgeFlags=0x0, pointerCount=1, historySize=0, eventTime=99209, downTime=99209, deviceId=0, source=0x1002 }
12-27 22:24:17.370  4579  4579 I Input   : injectMotionEvent: MotionEvent { action=ACTION_MOVE, actionButton=0, id[0]=0, x[0]=540.0, y[0]=851.0, toolType[0]=TOOL_TYPE_UNKNOWN, buttonState=0, metaState=0, flags=0x0, edgeFlags=0x0, pointerCount=1, historySize=0, eventTime=99228, downTime=99228, deviceId=0, source=0x1002 }
12-27 22:24:17.387  4579  4579 I Input   : injectMotionEvent: MotionEvent { action=ACTION_MOVE, actionButton=0, id[0]=0, x[0]=540.0, y[0]=851.0, toolType[0]=TOOL_TYPE_UNKNOWN, buttonState=0, metaState=0, flags=0x0, edgeFlags=0x0, pointerCount=1, historySize=0, eventTime=99245, downTime=99245, deviceId=0, source=0x1002 }
12-27 22:24:17.405  4579  4579 I Input   : injectMotionEvent: MotionEvent { action=ACTION_MOVE, actionButton=0, id[0]=0, x[0]=540.0, y[0]=851.0, toolType[0]=TOOL_TYPE_UNKNOWN, buttonState=0, metaState=0, flags=0x0, edgeFlags=0x0, pointerCount=1, historySize=0, eventTime=99264, downTime=99264, deviceId=0, source=0x1002 }
12-27 22:24:17.423  4579  4579 I Input   : injectMotionEvent: MotionEvent { action=ACTION_MOVE, actionButton=0, id[0]=0, x[0]=540.0, y[0]=851.0, toolType[0]=TOOL_TYPE_UNKNOWN, buttonState=0, metaState=0, flags=0x0, edgeFlags=0x0, pointerCount=1, historySize=0, eventTime=99281, downTime=99281, deviceId=0, source=0x1002 }
12-27 22:24:17.442  4579  4579 I Input   : injectMotionEvent: MotionEvent { action=ACTION_UP, actionButton=0, id[0]=0, x[0]=540.0, y[0]=851.0, toolType[0]=TOOL_TYPE_UNKNOWN, buttonState=0, metaState=0, flags=0x0, edgeFlags=0x0, pointerCount=1, historySize=0, eventTime=99301, downTime=99301, deviceId=0, source=0x1002 }
12-27 22:24:17.782  1329  1329 W PathParser: Points are too far apart 4.030360828967057
12-27 22:24:17.782  1329  1329 W PathParser: Points are too far apart 4.030360538880159
12-27 22:24:17.799  1329  1329 W PathParser: Points are too far apart 4.030360828967057
12-27 22:24:17.799  1329  1329 W PathParser: Points are too far apart 4.030360538880159
12-27 22:24:17.817  1329  1329 W PathParser: Points are too far apart 4.030360828967057
12-27 22:24:17.817  1329  1329 W PathParser: Points are too far apart 4.030360538880159
12-27 22:24:17.836  1329  1329 W PathParser: Points are too far apart 4.030360828967057
12-27 22:24:17.836  1329  1329 W PathParser: Points are too far apart 4.030360538880159
12-27 22:24:17.855  1329  1329 W PathParser: Points are too far apart 4.030360828967057
12-27 22:24:17.855  1329  1329 W PathParser: Points are too far apart 4.030360538880159
12-27 22:24:17.879  1329  1329 W PathParser: Points are too far apart 4.030360828967057
12-27 22:24:17.879  1329  1329 W PathParser: Points are too far apart 4.030360538880159
12-27 22:24:18.118  3556  3556 I GAv4    : Google Analytics 12.4.51 is starting up. To enable debug logging on a device run:
12-27 22:24:18.118  3556  3556 I GAv4    :   adb shell setprop log.tag.GAv4 DEBUG
12-27 22:24:18.118  3556  3556 I GAv4    :   adb logcat -s GAv4
12-27 22:24:18.128  3556  3716 E Surface : getSlotFromBufferLocked: unknown buffer: 0x73f5445e80
12-27 22:24:18.135  1244  2444 W InputMethodManagerService: Window already focused, ignoring focus gain of: com.android.internal.view.IInputMethodClient$Stub$Proxy@a244b53 attribute=null, token = android.os.BinderProxy@e7cd541
12-27 22:24:18.138  1606  2010 E GCM     : Missing checkin config file
12-27 22:24:18.138  1606  2010 W GCM     : GCM FAILED TO INITIALIZE - missing checkin
12-27 22:24:18.149  1329  1329 W PathParser: Points are too far apart 4.030360828967057
12-27 22:24:18.149  1329  1329 W PathParser: Points are too far apart 4.030360538880159
12-27 22:24:18.163  3556  3682 W chromium: [WARNING:data_reduction_proxy_config.cc(423)] SPDY proxy OFF at startup
12-27 22:24:18.165  1329  1329 W PathParser: Points are too far apart 4.030360828967057
12-27 22:24:18.165  1329  1329 W PathParser: Points are too far apart 4.030360538880159
12-27 22:24:18.170  3556  3556 W AwContents: onDetachedFromWindow called when already detached. Ignoring
12-27 22:24:18.173   888   888 E SELinux : avc:  denied  { find } for service=batteryproperties scontext=u:r:untrusted_app:s0:c512,c768 tcontext=u:object_r:healthd_service:s0 tclass=service_manager
12-27 22:24:18.182  1329  1329 W PathParser: Points are too far apart 4.030360828967057
12-27 22:24:18.182  1329  1329 W PathParser: Points are too far apart 4.030360538880159
12-27 22:24:18.184  3556  4615 W c.t.tdm.TrustDefenderMo: Scan  already in progress or cancel requested, aborting
12-27 22:24:18.199  1329  1329 W PathParser: Points are too far apart 4.030360828967057
12-27 22:24:18.199  1329  1329 W PathParser: Points are too far apart 4.030360538880159
12-27 22:24:18.216  1329  1329 W PathParser: Points are too far apart 4.030360828967057
12-27 22:24:18.216  1329  1329 W PathParser: Points are too far apart 4.030360538880159
12-27 22:24:18.202  3556  3556 W Thread-320: type=1400 audit(0.0:6): avc: denied { search } for name="1" dev="proc" ino=1036 scontext=u:r:untrusted_app:s0:c512,c768 tcontext=u:r:init:s0 tclass=dir permissive=0
12-27 22:24:18.202  3556  3556 W Thread-320: type=1400 audit(0.0:7): avc: denied { search } for name="2" dev="proc" ino=3202 scontext=u:r:untrusted_app:s0:c512,c768 tcontext=u:r:kernel:s0 tclass=dir permissive=0
12-27 22:24:18.202  3556  3556 W Thread-320: type=1400 audit(0.0:8): avc: denied { search } for name="3" dev="proc" ino=3203 scontext=u:r:untrusted_app:s0:c512,c768 tcontext=u:r:kernel:s0 tclass=dir permissive=0
12-27 22:24:18.202  3556  3556 W Thread-320: type=1400 audit(0.0:9): avc: denied { search } for name="4" dev="proc" ino=3204 scontext=u:r:untrusted_app:s0:c512,c768 tcontext=u:r:kernel:s0 tclass=dir permissive=0
12-27 22:24:18.202  3556  3556 W Thread-320: type=1400 audit(0.0:10): avc: denied { search } for name="5" dev="proc" ino=3205 scontext=u:r:untrusted_app:s0:c512,c768 tcontext=u:r:kernel:s0 tclass=dir permissive=0
12-27 22:24:18.202  3556  3556 W Thread-320: type=1400 audit(0.0:11): avc: denied { search } for name="6" dev="proc" ino=3206 scontext=u:r:untrusted_app:s0:c512,c768 tcontext=u:r:kernel:s0 tclass=dir permissive=0
12-27 22:24:18.202  3556  3556 W Thread-320: type=1400 audit(0.0:12): avc: denied { search } for name="7" dev="proc" ino=3207 scontext=u:r:untrusted_app:s0:c512,c768 tcontext=u:r:kernel:s0 tclass=dir permissive=0
12-27 22:24:18.202  3556  3556 W Thread-320: type=1400 audit(0.0:13): avc: denied { search } for name="8" dev="proc" ino=3208 scontext=u:r:untrusted_app:s0:c512,c768 tcontext=u:r:kernel:s0 tclass=dir permissive=0
12-27 22:24:18.202  3556  3556 W Thread-320: type=1400 audit(0.0:14): avc: denied { search } for name="9" dev="proc" ino=3209 scontext=u:r:untrusted_app:s0:c512,c768 tcontext=u:r:kernel:s0 tclass=dir permissive=0
12-27 22:24:18.202  3556  3556 W Thread-320: type=1400 audit(0.0:15): avc: denied { search } for name="10" dev="proc" ino=3210 scontext=u:r:untrusted_app:s0:c512,c768 tcontext=u:r:kernel:s0 tclass=dir permissive=0
12-27 22:24:18.202  3556  3556 W Thread-320: type=1400 audit(0.0:16): avc: denied { search } for name="11" dev="proc" ino=3211 scontext=u:r:untrusted_app:s0:c512,c768 tcontext=u:r:kernel:s0 tclass=dir permissive=0
12-27 22:24:18.202  3556  3556 W Thread-320: type=1400 audit(0.0:17): avc: denied { search } for name="12" dev="proc" ino=3212 scontext=u:r:untrusted_app:s0:c512,c768 tcontext=u:r:kernel:s0 tclass=dir permissive=0
12-27 22:24:18.202  3556  3556 W Thread-320: type=1400 audit(0.0:18): avc: denied { search } for name="13" dev="proc" ino=3213 scontext=u:r:untrusted_app:s0:c512,c768 tcontext=u:r:kernel:s0 tclass=dir permissive=0
12-27 22:24:18.202  3556  3556 W Thread-320: type=1400 audit(0.0:19): avc: denied { search } for name="14" dev="proc" ino=3214 scontext=u:r:untrusted_app:s0:c512,c768 tcontext=u:r:kernel:s0 tclass=dir permissive=0
