12-27 22:24:18.202  3556  3556 W Thread-320: type=1400 audit(0.0:20): avc: denied { search } for name="15" dev="proc" ino=3215 scontext=u:r:untrusted_app:s0:c512,c768 tcontext=u:r:kernel:s0 tclass=dir permissive=0
12-27 22:24:18.202  3556  3556 W Thread-320: type=1400 audit(0.0:21): avc: denied { search } for name="16" dev="proc" ino=3216 scontext=u:r:untrusted_app:s0:c512,c768 tcontext=u:r:kernel:s0 tclass=dir permissive=0
12-27 22:24:18.202  3556  3556 W Thread-320: type=1400 audit(0.0:22): avc: denied { search } for name="17" dev="proc" ino=3217 scontext=u:r:untrusted_app:s0:c512,c768 tcontext=u:r:kernel:s0 tclass=dir permissive=0
12-27 22:24:18.202  3556  3556 W Thread-320: type=1400 audit(0.0:23): avc: denied { search } for name="18" dev="proc" ino=3218 scontext=u:r:untrusted_app:s0:c512,c768 tcontext=u:r:kernel:s0 tclass=dir permissive=0
12-27 22:24:18.202  3556  3556 W Thread-320: type=1400 audit(0.0:24): avc: denied { search } for name="19" dev="proc" ino=3219 scontext=u:r:untrusted_app:s0:c512,c768 tcontext=u:r:kernel:s0 tclass=dir permissive=0
12-27 22:24:18.202  3556  3556 W Thread-320: type=1400 audit(0.0:25): avc: denied { search } for name="20" dev="proc" ino=3220 scontext=u:r:untrusted_app:s0:c512,c768 tcontext=u:r:kernel:s0 tclass=dir permissive=0
12-27 22:24:18.202  3556  3556 W Thread-320: type=1400 audit(0.0:26): avc: denied { search } for name="21" dev="proc" ino=3221 scontext=u:r:untrusted_app:s0:c512,c768 tcontext=u:r:kernel:s0 tclass=dir permissive=0
12-27 22:24:18.202  3556  3556 W Thread-320: type=1400 audit(0.0:27): avc: denied { search } for name="22" dev="proc" ino=3222 scontext=u:r:untrusted_app:s0:c512,c768 tcontext=u:r:kernel:s0 tclass=dir permissive=0
12-27 22:24:18.202  3556  3556 W Thread-320: type=1400 audit(0.0:28): avc: denied { search } for name="23" dev="proc" ino=3223 scontext=u:r:untrusted_app:s0:c512,c768 tcontext=u:r:kernel:s0 tclass=dir permissive=0
12-27 22:24:18.202  3556  3556 W Thread-320: type=1400 audit(0.0:29): avc: denied { search } for name="24" dev="proc" ino=3224 scontext=u:r:untrusted_app:s0:c512,c768 tcontext=u:r:kernel:s0 tclass=dir permissive=0
12-27 22:24:18.202  3556  3556 W Thread-320: type=1400 audit(0.0:30): avc: denied { search } for name="25" dev="proc" ino=3225 scontext=u:r:untrusted_app:s0:c512,c768 tcontext=u:r:kernel:s0 tclass=dir permissive=0
12-27 22:24:18.202  3556  3556 W Thread-320: type=1400 audit(0.0:31): avc: denied { search } for name="26" dev="proc" ino=3226 scontext=u:r:untrusted_app:s0:c512,c768 tcontext=u:r:kernel:s0 tclass=dir permissive=0
12-27 22:24:18.202  3556  3556 W Thread-320: type=1400 audit(0.0:32): avc: denied { search } for name="244" dev="proc" ino=3227 scontext=u:r:untrusted_app:s0:c512,c768 tcontext=u:r:kernel:s0 tclass=dir permissive=0
12-27 22:24:18.202  3556  3556 W Thread-320: type=1400 audit(0.0:33): avc: denied { search } for name="264" dev="proc" ino=3228 scontext=u:r:untrusted_app:s0:c512,c768 tcontext=u:r:kernel:s0 tclass=dir permissive=0
12-27 22:24:18.202  3556  3556 W Thread-320: type=1400 audit(0.0:34): avc: denied { search } for name="265" dev="proc" ino=3229 scontext=u:r:untrusted_app:s0:c512,c768 tcontext=u:r:kernel:s0 tclass=dir permissive=0
12-27 22:24:18.202  3556  3556 W Thread-320: type=1400 audit(0.0:35): avc: denied { search } for name="266" dev="proc" ino=3230 scontext=u:r:untrusted_app:s0:c512,c768 tcontext=u:r:kernel:s0 tclass=dir permissive=0
12-27 22:24:18.202  3556  3556 W Thread-320: type=1400 audit(0.0:36): avc: denied { search } for name="267" dev="proc" ino=3231 scontext=u:r:untrusted_app:s0:c512,c768 tcontext=u:r:kernel:s0 tclass=dir permissive=0
12-27 22:24:18.202  3556  3556 W Thread-320: type=1400 audit(0.0:37): avc: denied { search } for name="269" dev="proc" ino=3232 scontext=u:r:untrusted_app:s0:c512,c768 tcontext=u:r:kernel:s0 tclass=dir permissive=0
12-27 22:24:18.202  3556  3556 W Thread-320: type=1400 audit(0.0:38): avc: denied { search } for name="270" dev="proc" ino=3233 scontext=u:r:untrusted_app:s0:c512,c768 tcontext=u:r:kernel:s0 tclass=dir permissive=0
12-27 22:24:18.202  3556  3556 W Thread-320: type=1400 audit(0.0:39): avc: denied { search } for name="291" dev="proc" ino=3234 scontext=u:r:untrusted_app:s0:c512,c768 tcontext=u:r:kernel:s0 tclass=dir permissive=0
12-27 22:24:18.202  3556  3556 W Thread-320: type=1400 audit(0.0:40): avc: denied { search } for name="300" dev="proc" ino=3235 scontext=u:r:untrusted_app:s0:c512,c768 tcontext=u:r:kernel:s0 tclass=dir permissive=0
12-27 22:24:18.202  3556  3556 W Thread-320: type=1400 audit(0.0:41): avc: denied { search } for name="310" dev="proc" ino=3236 scontext=u:r:untrusted_app:s0:c512,c768 tcontext=u:r:kernel:s0 tclass=dir permissive=0
12-27 22:24:18.202  3556  3556 W Thread-320: type=1400 audit(0.0:42): avc: denied { search } for name="314" dev="proc" ino=3237 scontext=u:r:untrusted_app:s0:c512,c768 tcontext=u:r:kernel:s0 tclass=dir permissive=0
12-27 22:24:18.233  1329  1329 W PathParser: Points are too far apart 4.030360828967057
12-27 22:24:18.233  1329  1329 W PathParser: Points are too far apart 4.030360538880159
12-27 22:24:18.249  3556  4637 E eglCodecCommon: glUtilsParamSize: unknow param 0x00008cdf
12-27 22:24:18.249  3556  4637 E eglCodecCommon: glUtilsParamSize: unknow param 0x00008824
12-27 22:24:18.251  3556  4637 E eglCodecCommon: glUtilsParamSize: unknow param 0x00008073
12-27 22:24:18.252  1329  1329 W PathParser: Points are too far apart 4.030360828967057
12-27 22:24:18.252  1329  1329 W PathParser: Points are too far apart 4.030360538880159
12-27 22:24:18.259  3556  4637 E eglCodecCommon: glUtilsParamSize: unknow param 0x00008cdf
12-27 22:24:18.259  3556  4637 E eglCodecCommon: glUtilsParamSize: unknow param 0x00008824
12-27 22:24:18.265  3556  3556 W BindingManager: Cannot call determinedVisibility() - never saw a connection for the pid: 3556
12-27 22:24:18.436  3556  3668 W ThirdRock: Json parser NOT found
12-27 22:24:18.774   889   968 E SurfaceFlinger: ro.sf.lcd_density must be defined as a build property
12-27 22:24:18.775  4662  4662 E cutils-trace: Error opening trace file: No such file or directory (2)
12-27 22:24:18.780   889   889 E EGL_emulation: tid 889: eglCreateSyncKHR(1881): error 0x3004 (EGL_BAD_ATTRIBUTE)
12-27 22:24:18.844  1606  3740 W Conscrypt: Could not set socket write timeout: java.net.SocketException: Socket closed
12-27 22:24:18.844  1606  3740 E art     : invalid stream - problem with parameter iterator in /system/priv-app/PrebuiltGmsCore/PrebuiltGmsCore.apk:classes3.dex for method void com.google.android.gms.org.conscrypt.ConscryptFileDescriptorSocket.setSoWriteTimeout(int)
12-27 22:24:18.844  1606  3740 W Conscrypt: 	at com.google.android.gms.org.conscrypt.Platform.setSocketWriteTimeout(:com.google.android.gms@202414019@20.24.14 (040400-319035315):2)
12-27 22:24:18.844  1606  3740 W Conscrypt: 	at com.google.android.gms.org.conscrypt.ConscryptFileDescriptorSocket.setSoWriteTimeout(:com.google.android.gms@202414019@20.24.14 (040400-319035315))
12-27 22:24:18.920  4668  4668 E cutils-trace: Error opening trace file: No such file or directory (2)
12-27 22:24:18.930  4668  4668 E memtrack: Couldn't load memtrack module (No such file or directory)
12-27 22:24:18.930  4668  4668 E android.os.Debug: failed to load memtrack module: -2
12-27 22:24:18.930  4668  4668 I Radio-JNI: register_android_hardware_Radio DONE
12-27 22:24:19.053  2095  2499 I GCM-GMS : Registering GMS 745476177629
12-27 22:24:19.056  1606  2605 E GCM     : Missing checkin config file
12-27 22:24:19.056  1606  2605 W GCM     : GCM FAILED TO INITIALIZE - missing checkin
12-27 22:24:19.057  2095  2499 W GCM-GMS : Failed to get registration: java.io.IOException: AUTHENTICATION_FAILED
12-27 22:24:19.064  1244  2594 I AccountManagerService: getTypesVisibleToCaller: isPermitted? true
12-27 22:24:19.130  3556  3701 W ThirdRock: Json parser NOT found
12-27 22:24:19.132  1244  2025 I ActivityManager: START u0 {flg=0x4000000 cmp=com.thirdrock.fivemiles/com.insthub.fivemiles.Activity.MainTabActivity (has extras)} from uid 10064 on display 0
12-27 22:24:19.151  1244  2025 W ActivityManager: Bad activity token: android.os.BinderProxy@35031ec
12-27 22:24:19.151  1244  2025 W ActivityManager: java.lang.ClassCastException: android.os.BinderProxy cannot be cast to com.android.server.am.ActivityRecord$Token
12-27 22:24:19.151  1244  2025 W ActivityManager: 	at com.android.server.am.ActivityRecord.forTokenLocked(ActivityRecord.java:424)
12-27 22:24:19.151  1244  2025 W ActivityManager: 	at com.android.server.am.ActivityRecord.isInStackLocked(ActivityRecord.java:1121)
12-27 22:24:19.151  1244  2025 W ActivityManager: 	at com.android.server.am.ActivityRecord.getStackLocked(ActivityRecord.java:1126)
12-27 22:24:19.151  1244  2025 W ActivityManager: 	at com.android.server.am.ActivityManagerService.getActivityDisplayId(ActivityManagerService.java:8889)
12-27 22:24:19.151  1244  2025 W ActivityManager: 	at android.app.ActivityManagerNative.onTransact(ActivityManagerNative.java:2338)
12-27 22:24:19.151  1244  2025 W ActivityManager: 	at com.android.server.am.ActivityManagerService.onTransact(ActivityManagerService.java:2443)
12-27 22:24:19.151  1244  2025 W ActivityManager: 	at android.os.Binder.execTransact(Binder.java:453)
12-27 22:24:19.152  1244  2025 W ActivityManager: Bad activity token: android.os.BinderProxy@35031ec
12-27 22:24:19.152  1244  2025 W ActivityManager: java.lang.ClassCastException: android.os.BinderProxy cannot be cast to com.android.server.am.ActivityRecord$Token
12-27 22:24:19.152  1244  2025 W ActivityManager: 	at com.android.server.am.ActivityRecord.forTokenLocked(ActivityRecord.java:424)
12-27 22:24:19.152  1244  2025 W ActivityManager: 	at com.android.server.am.ActivityRecord.isInStackLocked(ActivityRecord.java:1121)
12-27 22:24:19.152  1244  2025 W ActivityManager: 	at com.android.server.am.ActivityManagerService.setTaskDescription(ActivityManagerService.java:8547)
12-27 22:24:19.152  1244  2025 W ActivityManager: 	at android.app.ActivityManagerNative.onTransact(ActivityManagerNative.java:2410)
12-27 22:24:19.152  1244  2025 W ActivityManager: 	at com.android.server.am.ActivityManagerService.onTransact(ActivityManagerService.java:2443)
12-27 22:24:19.152  1244  2025 W ActivityManager: 	at android.os.Binder.execTransact(Binder.java:453)
12-27 22:24:19.162  1244  2025 W ActivityManager: Bad activity token: android.os.BinderProxy@35031ec
12-27 22:24:19.162  1244  2025 W ActivityManager: java.lang.ClassCastException: android.os.BinderProxy cannot be cast to com.android.server.am.ActivityRecord$Token
12-27 22:24:19.162  1244  2025 W ActivityManager: 	at com.android.server.am.ActivityRecord.forTokenLocked(ActivityRecord.java:424)
12-27 22:24:19.162  1244  2025 W ActivityManager: 	at com.android.server.am.ActivityRecord.isInStackLocked(ActivityRecord.java:1121)
12-27 22:24:19.162  1244  2025 W ActivityManager: 	at com.android.server.am.ActivityManagerService.getActivityOptions(ActivityManagerService.java:11038)
12-27 22:24:19.162  1244  2025 W ActivityManager: 	at android.app.ActivityManagerNative.onTransact(ActivityManagerNative.java:1734)
12-27 22:24:19.162  1244  2025 W ActivityManager: 	at com.android.server.am.ActivityManagerService.onTransact(ActivityManagerService.java:2443)
12-27 22:24:19.162  1244  2025 W ActivityManager: 	at android.os.Binder.execTransact(Binder.java:453)
12-27 22:24:19.162  1244  2025 W ActivityManager: Bad activity token: android.os.BinderProxy@35031ec
12-27 22:24:19.162  1244  2025 W ActivityManager: java.lang.ClassCastException: android.os.BinderProxy cannot be cast to com.android.server.am.ActivityRecord$Token
12-27 22:24:19.162  1244  2025 W ActivityManager: 	at com.android.server.am.ActivityRecord.forTokenLocked(ActivityRecord.java:424)
12-27 22:24:19.162  1244  2025 W ActivityManager: 	at com.android.server.am.ActivityRecord.isInStackLocked(ActivityRecord.java:1121)
12-27 22:24:19.162  1244  2025 W ActivityManager: 	at com.android.server.am.ActivityManagerService.getActivityOptions(ActivityManagerService.java:11038)
12-27 22:24:19.162  1244  2025 W ActivityManager: 	at android.app.ActivityManagerNative.onTransact(ActivityManagerNative.java:1734)
12-27 22:24:19.162  1244  2025 W ActivityManager: 	at com.android.server.am.ActivityManagerService.onTransact(ActivityManagerService.java:2443)
12-27 22:24:19.162  1244  2025 W ActivityManager: 	at android.os.Binder.execTransact(Binder.java:453)
12-27 22:24:19.214  3556  4696 E ThirdRock: request failed [GET] https://api.5milesapp.com/api/v2/fg/bidcar/home/positions/: Canceled, delay: 6 (ms)
12-27 22:24:19.222  3556  4704 W DynamiteModule: Local module descriptor class for providerinstaller not found.
12-27 22:24:19.223  1606  1988 W ProviderHelper: Unknown dynamite feature providerinstaller
12-27 22:24:19.226  3556  4704 I DynamiteModule: Considering local module providerinstaller:0 and remote module providerinstaller:0
12-27 22:24:19.226  3556  4704 W ProviderInstaller: Failed to load providerinstaller module: No acceptable module found. Local version is 0 and remote version is 0.
12-27 22:24:19.228  3556  4704 W System  : ClassLoader referenced unknown path: /system/priv-app/PrebuiltGmsCore/lib/arm64
12-27 22:24:19.268  3556  3556 W PathParser: Points are too far apart 4.000000496705401
12-27 22:24:19.268  3556  3556 W PathParser: Points are too far apart 4.000000496705401
12-27 22:24:19.274  3556  4704 I art     : Rejecting re-init on previously-failed class java.lang.Class<com.google.android.gms.org.conscrypt.Java7ExtendedSSLSession>
12-27 22:24:19.274  3556  4704 I art     : Rejecting re-init on previously-failed class java.lang.Class<com.google.android.gms.org.conscrypt.Java7ExtendedSSLSession>
12-27 22:24:19.274  3556  4704 I art     : Rejecting re-init on previously-failed class java.lang.Class<com.google.android.gms.org.conscrypt.Java8ExtendedSSLSession>
12-27 22:24:19.274  3556  4704 I art     : Rejecting re-init on previously-failed class java.lang.Class<com.google.android.gms.org.conscrypt.Java8ExtendedSSLSession>
12-27 22:24:19.277  3556  4704 I ProviderInstaller: Installed default security provider GmsCore_OpenSSL
12-27 22:24:19.283  1244  1263 I ActivityManager: Displayed com.thirdrock.fivemiles/com.insthub.fivemiles.Activity.MainTabActivity: +147ms
12-27 22:24:19.285  3556  3556 E ThirdRock: com.thirdrock.framework.exception.RequestCancelledException: Task cancelled
12-27 22:24:19.285  3556  3556 E ThirdRock: 	at e.C.c.e.l.a(AbsRestClient.kt:49)
12-27 22:24:19.285  3556  3556 E ThirdRock: 	at e.C.c.e.l.a(AbsRestClient.kt:1)
12-27 22:24:19.285  3556  3556 E ThirdRock: 	at e.C.c.e.g.call(AbsRestClient.kt:1)
12-27 22:24:19.285  3556  3556 E ThirdRock: 	at g.e.e.e.f.e.b(SingleFromCallable.java:4)
12-27 22:24:19.285  3556  3556 E ThirdRock: 	at g.e.A.a(Single.java:43)
12-27 22:24:19.285  3556  3556 E ThirdRock: 	at io.reactivex.internal.operators.single.SingleSubscribeOn$SubscribeOnObserver.run(SingleSubscribeOn.java:1)
12-27 22:24:19.285  3556  3556 E ThirdRock: 	at g.e.z$a.run(Scheduler.java:2)
12-27 22:24:19.285  3556  3556 E ThirdRock: 	at io.reactivex.internal.schedulers.ScheduledRunnable.run(ScheduledRunnable.java:2)
12-27 22:24:19.285  3556  3556 E ThirdRock: 	at io.reactivex.internal.schedulers.ScheduledRunnable.call(ScheduledRunnable.java:1)
12-27 22:24:19.285  3556  3556 E ThirdRock: 	at java.util.concurrent.FutureTask.run(FutureTask.java:237)
12-27 22:24:19.285  3556  3556 E ThirdRock: 	at java.util.concurrent.ScheduledThreadPoolExecutor$ScheduledFutureTask.run(ScheduledThreadPoolExecutor.java:269)
12-27 22:24:19.285  3556  3556 E ThirdRock: 	at java.util.concurrent.ThreadPoolExecutor.runWorker(ThreadPoolExecutor.java:1113)
12-27 22:24:19.285  3556  3556 E ThirdRock: 	at java.util.concurrent.ThreadPoolExecutor$Worker.run(ThreadPoolExecutor.java:588)
12-27 22:24:19.285  3556  3556 E ThirdRock: 	at java.lang.Thread.run(Thread.java:818)
12-27 22:24:19.285  3556  3556 E ThirdRock: Caused by: java.io.IOException: Canceled
12-27 22:24:19.285  3556  3556 E ThirdRock: 	at okhttp3.internal.http.RetryAndFollowUpInterceptor.intercept(RetryAndFollowUpInterceptor.java:40)
12-27 22:24:19.285  3556  3556 E ThirdRock: 	at okhttp3.internal.http.RealInterceptorChain.proceed(RealInterceptorChain.java:10)
12-27 22:24:19.285  3556  3556 E ThirdRock: 	at okhttp3.internal.http.RealInterceptorChain.proceed(RealInterceptorChain.java:1)
12-27 22:24:19.285  3556  3556 E ThirdRock: 	at e.C.b.e.q.a.intercept(CollectNetworkInfoInterceptor.java:4)
12-27 22:24:19.285  3556  3556 E ThirdRock: 	at okhttp3.internal.http.RealInterceptorChain.proceed(RealInterceptorChain.java:10)
12-27 22:24:19.285  3556  3556 E ThirdRock: 	at okhttp3.internal.http.RealInterceptorChain.proceed(RealInterceptorChain.java:1)
12-27 22:24:19.285  3556  3556 E ThirdRock: 	at e.C.d.b.b.intercept(CommandInterceptor.java:1)
12-27 22:24:19.285  3556  3556 E ThirdRock: 	at okhttp3.internal.http.RealInterceptorChain.proceed(RealInterceptorChain.java:10)
12-27 22:24:19.285  3556  3556 E ThirdRock: 	at okhttp3.internal.http.RealInterceptorChain.proceed(RealInterceptorChain.java:1)
12-27 22:24:19.285  3556  3556 E ThirdRock: 	at e.C.c.e.a.b.intercept(UrlSignatureInterceptor.java:4)
12-27 22:24:19.285  3556  3556 E ThirdRock: 	at e.C.c.e.a.c.intercept(UrlSignatureWithServerTimeInterceptor.java:2)
12-27 22:24:19.285  3556  3556 E ThirdRock: 	at okhttp3.internal.http.RealInterceptorChain.proceed(RealInterceptorChain.java:10)
12-27 22:24:19.285  3556  3556 E ThirdRock: 	at okhttp3.internal.http.RealInterceptorChain.proceed(RealInterceptorChain.java:1)
12-27 22:24:19.285  3556  3556 E ThirdRock: 	at okhttp3.RealCall.getResponseWithInterceptorChain(RealCall.java:13)
12-27 22:24:19.285  3556  3556 E ThirdRock: 	at okhttp3.RealCall.execute(RealCall.java:9)
12-27 22:24:19.285  3556  3556 E ThirdRock: 	at e.C.c.e.l.a(AbsRestClient.kt:33)
12-27 22:24:19.285  3556  3556 E ThirdRock: 	... 13 more
12-27 22:24:19.321  3556  3716 E Surface : getSlotFromBufferLocked: unknown buffer: 0x73f54462e0
12-27 22:24:19.325  3556  3570 I art     : Background partial concurrent mark sweep GC freed 13992(759KB) AllocSpace objects, 8(212KB) LOS objects, 6% free, 61MB/65MB, paused 6.063ms total 30.717ms
12-27 22:24:19.346  3556  3556 W ScreenOrientationListener: Removing an inexistent observer!
12-27 22:24:19.352  1606  1990 W GCoreFlp: No location to return for getLastLocation()
12-27 22:24:19.361  3556  3556 W IInputConnectionWrapper: finishComposingText on inactive InputConnection
12-27 22:24:19.361  3556  3556 W IInputConnectionWrapper: finishComposingText on inactive InputConnection
12-27 22:24:19.460  1568  4146 E Surface : getSlotFromBufferLocked: unknown buffer: 0x7407adefa0
12-27 22:24:19.460  3556  3556 E ThirdRock: io.reactivex.exceptions.UndeliverableException: The exception could not be delivered to the consumer because it has already canceled/disposed the flow or the exception has nowhere to go to begin with. Further reading: https://github.com/ReactiveX/RxJava/wiki/What's-different-in-2.0#error-handling | java.util.NoSuchElementException: No value present
12-27 22:24:19.460  3556  3556 E ThirdRock: 	at g.e.h.a.b(RxJavaPlugins.java:9)
12-27 22:24:19.460  3556  3556 E ThirdRock: 	at io.reactivex.internal.observers.ConsumerSingleObserver.onSuccess(ConsumerSingleObserver.java:4)
12-27 22:24:19.460  3556  3556 E ThirdRock: 	at io.reactivex.internal.operators.single.SingleObserveOn$ObserveOnSingleObserver.run(SingleObserveOn.java:3)
12-27 22:24:19.460  3556  3556 E ThirdRock: 	at g.e.a.b.c$b.run(HandlerScheduler.java:1)
12-27 22:24:19.460  3556  3556 E ThirdRock: 	at android.os.Handler.handleCallback(Handler.java:739)
12-27 22:24:19.460  3556  3556 E ThirdRock: 	at android.os.Handler.dispatchMessage(Handler.java:95)
12-27 22:24:19.460  3556  3556 E ThirdRock: 	at android.os.Looper.loop(Looper.java:148)
12-27 22:24:19.460  3556  3556 E ThirdRock: 	at android.app.ActivityThread.main(ActivityThread.java:5417)
12-27 22:24:19.460  3556  3556 E ThirdRock: 	at java.lang.reflect.Method.invoke(Native Method)
12-27 22:24:19.460  3556  3556 E ThirdRock: 	at com.android.internal.os.ZygoteInit$MethodAndArgsCaller.run(ZygoteInit.java:726)
12-27 22:24:19.460  3556  3556 E ThirdRock: 	at com.android.internal.os.ZygoteInit.main(ZygoteInit.java:616)
12-27 22:24:19.460  3556  3556 E ThirdRock: Caused by: java.util.NoSuchElementException: No value present
12-27 22:24:19.460  3556  3556 E ThirdRock: 	at e.C.c.h.j.b(Optional.kt:1)
12-27 22:24:19.460  3556  3556 E ThirdRock: 	at e.C.b.s.b.ma.a(HomeViewModelKt.kt:1)
12-27 22:24:19.460  3556  3556 E ThirdRock: 	at e.C.b.s.b.ma.accept(HomeViewModelKt.kt:1)
12-27 22:24:19.460  3556  3556 E ThirdRock: 	at io.reactivex.internal.observers.ConsumerSingleObserver.onSuccess(ConsumerSingleObserver.java:2)
12-27 22:24:19.460  3556  3556 E ThirdRock: 	... 9 more
12-27 22:24:19.488  3556  4687 W ThirdRock: Json parser NOT found
12-27 22:24:19.489  3556  4686 W ThirdRock: Json parser NOT found
12-27 22:24:19.526  3556  4698 W ThirdRock: Json parser NOT found
12-27 22:24:19.544  3556  3702 W ThirdRock: Json parser NOT found
12-27 22:24:19.652  3556  4696 W ThirdRock: Json parser NOT found
12-27 22:24:19.763  3556  4686 W ThirdRock: Json parser NOT found
12-27 22:24:20.315  1606  2005 W Conscrypt: Could not set socket write timeout: java.net.SocketException: Socket closed
12-27 22:24:20.315  1606  2005 E art     : invalid stream - problem with parameter iterator in /system/priv-app/PrebuiltGmsCore/PrebuiltGmsCore.apk:classes3.dex for method void com.google.android.gms.org.conscrypt.ConscryptFileDescriptorSocket.setSoWriteTimeout(int)
12-27 22:24:20.315  1606  2005 W Conscrypt: 	at com.google.android.gms.org.conscrypt.Platform.setSocketWriteTimeout(:com.google.android.gms@202414019@20.24.14 (040400-319035315):2)
12-27 22:24:20.315  1606  2005 W Conscrypt: 	at com.google.android.gms.org.conscrypt.ConscryptFileDescriptorSocket.setSoWriteTimeout(:com.google.android.gms@202414019@20.24.14 (040400-319035315))
12-27 22:24:24.386  1606  2019 E WakeLock: NlpWakeLock ** IS FORCE-RELEASED ON TIMEOUT **
12-27 22:24:24.395   889   968 E SurfaceFlinger: ro.sf.lcd_density must be defined as a build property
12-27 22:24:24.396  4874  4874 E cutils-trace: Error opening trace file: No such file or directory (2)
12-27 22:24:24.402   889   889 E EGL_emulation: tid 889: eglCreateSyncKHR(1881): error 0x3004 (EGL_BAD_ATTRIBUTE)
12-27 22:24:24.667  4880  4880 E cutils-trace: Error opening trace file: No such file or directory (2)
12-27 22:24:24.677  4880  4880 E memtrack: Couldn't load memtrack module (No such file or directory)
12-27 22:24:24.677  4880  4880 E android.os.Debug: failed to load memtrack module: -2
12-27 22:24:24.677  4880  4880 I Radio-JNI: register_android_hardware_Radio DONE
12-27 22:24:26.630  2095  4902 I GmscoreIpa: how are you::
12-27 22:24:29.193  3556  3556 W ThirdRock: app has new version: false
12-27 22:24:29.547  3556  4704 W Firestore: (0.6.6-dev) [OnlineStateTracker]: Could not reach Cloud Firestore backend. Backend didn't respond within 10 seconds
12-27 22:24:29.547  3556  4704 W Firestore: 
12-27 22:24:29.547  3556  4704 W Firestore: This typically indicates that your device does not have a healthy Internet connection at the moment. The client will operate in offline mode until it is able to successfully connect to the backend.
12-27 22:24:33.574  3556  3596 W c       : initStore should have been called before calling setUserID
12-27 22:24:33.574  3556  3596 W u       : initStore should have been called before calling setUserID
