02-01 16:11:01.592 24081 24314 W AppFlood: connection failed 302 http://data.appflood.com/get_token?v=2.1&ts=1706775061295&app_key=lZXiVJ0O6TvojUm8&adtype=255&signature=98b2224255f84a111eef4af2a900cea7&data=AwNepUvzuQayMLc51WTzXzUNXqjlr3WpljDK%2B%2FbEWLOsQwZtAA5sBctrgVWKKZzGvrIj7iWXAfCuiUdEoCX7McTlxmWS21%2FKMprHhYlcvo1YvIj2TV4wZdparVoh71E4PfC3SjgBXWITrdRfLJsLC9Lu5slgogJ0ysH3s62iccYPwqWJZqoiH%2FgWP3ddogQR&uuid=zKtSrRYm4kaWyr%2Bd1VizDOPl3GLIqGWY2OYQ3F90TPvpz2%2B9W6xYEw%3D%3D&mac=&sm=1&aid=2ghem9U6A43DQimZ62qFw%2BmWO%2FXdZ9Pf&duid=&model=6
02-01 16:11:08.725 11053 11053 I Atfwd_Sendcmd: AtCmdFwd service not ready - Exhausted retry attempts - :6
02-01 16:11:08.725 11053 11053 I Atfwd_Daemon: result : -1 	 ,Init step :2 	 ,qmiErrorCode: 0
02-01 16:11:16.919 24081 24477 W AppFlood: login Failed. code = 302
02-01 16:11:16.920 24081 24477 W AppFlood: connection failed 302 http://data.appflood.com/get_token?v=2.1&ts=1706775076590&app_key=lZXiVJ0O6TvojUm8&adtype=255&signature=f0404c30976521b6bb63dcaf82194105&data=AwNepUvzuQayMLc51WTzXzUNXqjlr3WpljDK%2B%2FbEWLOsQwZtAA5sBctrgVWKKZzGvrIj7iWXAfCuiUdEoCX7McTlxmWS21%2FKMprHhYlcvo1YvIj2TV4wZdparVoh71E4PfC3SjgBXWITrdRfLJsLC9Lu5slgogJ0ysH3s62iccYPwqWJZqoiH%2FgWP3ddogQR&uuid=zKtSrRYm4kaWyr%2Bd1VizDOPl3GLIqGWY2OYQ3F90TPvpz2%2B9W6xYEw%3D%3D&mac=&sm=1&aid=2ghem9U6A43DQimZ62qFw%2BmWO%2FXdZ9Pf&duid=&model=6
02-01 16:11:19.422 22338 16574 I PhenotypeProcessReaper: Memory state is: 100
02-01 16:11:23.783 17394 17394 I Radio-JNI: register_android_hardware_Radio DONE
02-01 16:11:23.800 17394 17394 I Input   : injectMotionEvent: MotionEvent { action=ACTION_DOWN, actionButton=0, id[0]=0, x[0]=1114.0, y[0]=830.0, toolType[0]=TOOL_TYPE_UNKNOWN, buttonState=0, metaState=0, flags=0x0, edgeFlags=0x0, pointerCount=1, historySize=0, eventTime=641954333, downTime=641954333, deviceId=0, source=0x1002 }
02-01 16:11:23.805 17394 17394 I Input   : injectMotionEvent: MotionEvent { action=ACTION_MOVE, actionButton=0, id[0]=0, x[0]=1114.0, y[0]=830.0, toolType[0]=TOOL_TYPE_UNKNOWN, buttonState=0, metaState=0, flags=0x0, edgeFlags=0x0, pointerCount=1, historySize=0, eventTime=641954333, downTime=641954333, deviceId=0, source=0x1002 }
02-01 16:11:23.820 17394 17394 I Input   : injectMotionEvent: MotionEvent { action=ACTION_MOVE, actionButton=0, id[0]=0, x[0]=1114.0, y[0]=830.0, toolType[0]=TOOL_TYPE_UNKNOWN, buttonState=0, metaState=0, flags=0x0, edgeFlags=0x0, pointerCount=1, historySize=0, eventTime=641954353, downTime=641954353, deviceId=0, source=0x1002 }
02-01 16:11:23.837 17394 17394 I Input   : injectMotionEvent: MotionEvent { action=ACTION_MOVE, actionButton=0, id[0]=0, x[0]=1114.0, y[0]=830.0, toolType[0]=TOOL_TYPE_UNKNOWN, buttonState=0, metaState=0, flags=0x0, edgeFlags=0x0, pointerCount=1, historySize=0, eventTime=641954370, downTime=641954370, deviceId=0, source=0x1002 }
02-01 16:11:23.853 17394 17394 I Input   : injectMotionEvent: MotionEvent { action=ACTION_MOVE, actionButton=0, id[0]=0, x[0]=1114.0, y[0]=830.0, toolType[0]=TOOL_TYPE_UNKNOWN, buttonState=0, metaState=0, flags=0x0, edgeFlags=0x0, pointerCount=1, historySize=0, eventTime=641954386, downTime=641954386, deviceId=0, source=0x1002 }
02-01 16:11:23.870 17394 17394 I Input   : injectMotionEvent: MotionEvent { action=ACTION_MOVE, actionButton=0, id[0]=0, x[0]=1114.0, y[0]=830.0, toolType[0]=TOOL_TYPE_UNKNOWN, buttonState=0, metaState=0, flags=0x0, edgeFlags=0x0, pointerCount=1, historySize=0, eventTime=641954403, downTime=641954403, deviceId=0, source=0x1002 }
02-01 16:11:23.886 17394 17394 I Input   : injectMotionEvent: MotionEvent { action=ACTION_MOVE, actionButton=0, id[0]=0, x[0]=1114.0, y[0]=830.0, toolType[0]=TOOL_TYPE_UNKNOWN, buttonState=0, metaState=0, flags=0x0, edgeFlags=0x0, pointerCount=1, historySize=0, eventTime=641954419, downTime=641954419, deviceId=0, source=0x1002 }
02-01 16:11:23.903 17394 17394 I Input   : injectMotionEvent: MotionEvent { action=ACTION_MOVE, actionButton=0, id[0]=0, x[0]=1114.0, y[0]=830.0, toolType[0]=TOOL_TYPE_UNKNOWN, buttonState=0, metaState=0, flags=0x0, edgeFlags=0x0, pointerCount=1, historySize=0, eventTime=641954436, downTime=641954436, deviceId=0, source=0x1002 }
02-01 16:11:23.920 17394 17394 I Input   : injectMotionEvent: MotionEvent { action=ACTION_MOVE, actionButton=0, id[0]=0, x[0]=1114.0, y[0]=830.0, toolType[0]=TOOL_TYPE_UNKNOWN, buttonState=0, metaState=0, flags=0x0, edgeFlags=0x0, pointerCount=1, historySize=0, eventTime=641954453, downTime=641954453, deviceId=0, source=0x1002 }
02-01 16:11:23.938 17394 17394 I Input   : injectMotionEvent: MotionEvent { action=ACTION_MOVE, actionButton=0, id[0]=0, x[0]=1114.0, y[0]=830.0, toolType[0]=TOOL_TYPE_UNKNOWN, buttonState=0, metaState=0, flags=0x0, edgeFlags=0x0, pointerCount=1, historySize=0, eventTime=641954471, downTime=641954471, deviceId=0, source=0x1002 }
02-01 16:11:23.953 17394 17394 I Input   : injectMotionEvent: MotionEvent { action=ACTION_MOVE, actionButton=0, id[0]=0, x[0]=1114.0, y[0]=830.0, toolType[0]=TOOL_TYPE_UNKNOWN, buttonState=0, metaState=0, flags=0x0, edgeFlags=0x0, pointerCount=1, historySize=0, eventTime=641954486, downTime=641954486, deviceId=0, source=0x1002 }
02-01 16:11:23.969 17394 17394 I Input   : injectMotionEvent: MotionEvent { action=ACTION_MOVE, actionButton=0, id[0]=0, x[0]=1114.0, y[0]=830.0, toolType[0]=TOOL_TYPE_UNKNOWN, buttonState=0, metaState=0, flags=0x0, edgeFlags=0x0, pointerCount=1, historySize=0, eventTime=641954502, downTime=641954502, deviceId=0, source=0x1002 }
02-01 16:11:23.984 17394 17394 I Input   : injectMotionEvent: MotionEvent { action=ACTION_MOVE, actionButton=0, id[0]=0, x[0]=1114.0, y[0]=830.0, toolType[0]=TOOL_TYPE_UNKNOWN, buttonState=0, metaState=0, flags=0x0, edgeFlags=0x0, pointerCount=1, historySize=0, eventTime=641954517, downTime=641954517, deviceId=0, source=0x1002 }
02-01 16:11:24.001 17394 17394 I Input   : injectMotionEvent: MotionEvent { action=ACTION_UP, actionButton=0, id[0]=0, x[0]=1114.0, y[0]=830.0, toolType[0]=TOOL_TYPE_UNKNOWN, buttonState=0, metaState=0, flags=0x0, edgeFlags=0x0, pointerCount=1, historySize=0, eventTime=641954534, downTime=641954534, deviceId=0, source=0x1002 }
02-01 16:11:24.577 17415 17415 I Radio-JNI: register_android_hardware_Radio DONE
02-01 16:11:25.189 17432 17432 I Radio-JNI: register_android_hardware_Radio DONE
02-01 16:11:25.207 17432 17432 I Input   : injectKeyEvent: KeyEvent { action=ACTION_DOWN, keyCode=KEYCODE_ENTER, scanCode=0, metaState=0, flags=0x0, repeatCount=0, eventTime=641955739, downTime=641955739, deviceId=-1, source=0x101 }
02-01 16:11:25.211 17432 17432 I Input   : injectKeyEvent: KeyEvent { action=ACTION_UP, keyCode=KEYCODE_ENTER, scanCode=0, metaState=0, flags=0x0, repeatCount=0, eventTime=641955739, downTime=641955739, deviceId=-1, source=0x101 }
02-01 16:11:25.863 17448 17448 I Radio-JNI: register_android_hardware_Radio DONE
02-01 16:11:25.880 17448 17448 I Input   : injectKeyEvent: KeyEvent { action=ACTION_DOWN, keyCode=KEYCODE_SEARCH, scanCode=0, metaState=0, flags=0x0, repeatCount=0, eventTime=641956413, downTime=641956413, deviceId=-1, source=0x101 }
02-01 16:11:25.885 17448 17448 I Input   : injectKeyEvent: KeyEvent { action=ACTION_UP, keyCode=KEYCODE_SEARCH, scanCode=0, metaState=0, flags=0x0, repeatCount=0, eventTime=641956413, downTime=641956413, deviceId=-1, source=0x101 }
02-01 16:11:31.925 21702 12659 W surfboard: tcp pair replaced, source port 47712 dest port 443
02-01 16:11:32.190 24081 24145 W AppFlood: login Failed. code = 302
02-01 16:11:32.191 24081 24145 W AppFlood: connection failed 302 http://data.appflood.com/get_token?v=2.1&ts=1706775091921&app_key=lZXiVJ0O6TvojUm8&adtype=255&signature=a68813db50039fddac31a9795be2cb3a&data=AwNepUvzuQayMLc51WTzXzUNXqjlr3WpljDK%2B%2FbEWLOsQwZtAA5sBctrgVWKKZzGvrIj7iWXAfCuiUdEoCX7McTlxmWS21%2FKMprHhYlcvo1YvIj2TV4wZdparVoh71E4PfC3SjgBXWITrdRfLJsLC9Lu5slgogJ0ysH3s62iccYPwqWJZqoiH%2FgWP3ddogQR&uuid=zKtSrRYm4kaWyr%2Bd1VizDOPl3GLIqGWY2OYQ3F90TPvpz2%2B9W6xYEw%3D%3D&mac=&sm=1&aid=2ghem9U6A43DQimZ62qFw%2BmWO%2FXdZ9Pf&duid=&model=6
02-01 16:11:33.750 11053 11057 E QC-QMI  : qmi_client [11053] 476: failed to locate client data
02-01 16:11:33.753   519   519 E QC-QMI  : qmuxd: RX on fd=16 returned error=0 errno[2:No such file or directory]
02-01 16:11:33.754   519   519 E QC-QMI  : QMUX qmux_client_id=476 not found in qmux client list, unable to remove
02-01 16:11:33.758 11053 11053 I Atfwd_Daemon: Stop the daemon....
02-01 16:11:33.799 17524 17524 W ATFWD-daemon: type=1400 audit(0.0:61900): avc: denied { read write } for name="diag" dev="tmpfs" ino=1176 scontext=u:r:atfwd:s0 tcontext=u:object_r:diag_device:s0 tclass=chr_file permissive=0
02-01 16:11:33.808 17524 17524 I libmdmdetect: ESOC framework not supported
02-01 16:11:33.808 17524 17524 I libmdmdetect: Found internal modem: modem
02-01 16:11:33.809 17524 17524 E Diag_Lib:  Diag_LSM_Init: Failed to open handle to diag driver, error = 13
02-01 16:11:33.813 17524 17524 I Atfwd_Daemon: result : 255 	 ,Init step :0 	 ,qmiErrorCode: 0
02-01 16:11:33.814 17524 17524 I Atfwd_Daemon: result : 0 	 ,Init step :1 	 ,qmiErrorCode: 0
02-01 16:11:33.814 17524 17524 I ServiceManager: Waiting for service AtCmdFwd...
02-01 16:11:34.815 17524 17524 I ServiceManager: Waiting for service AtCmdFwd...
02-01 16:11:35.816 17524 17524 I ServiceManager: Waiting for service AtCmdFwd...
02-01 16:11:36.817 17524 17524 I ServiceManager: Waiting for service AtCmdFwd...
02-01 16:11:37.817 17524 17524 I ServiceManager: Waiting for service AtCmdFwd...
02-01 16:11:38.818 17524 17524 W Atfwd_Sendcmd: AtCmdFwd service not published, waiting... retryCnt : 1
02-01 16:11:43.818 17524 17524 I ServiceManager: Waiting for service AtCmdFwd...
02-01 16:11:44.574 16506 16506 I Ads     : Use RequestConfiguration.Builder().setTestDeviceIds(Arrays.asList("790F111A36D26C05888E5B9465FB941B")) to get test ads on this device.
02-01 16:11:44.601 16506 16506 W ConnectionStatusConfig: Dynamic lookup for intent failed for action: com.google.android.gms.ads.service.CACHE
02-01 16:11:44.621 16506 17606 W ConnectionStatusConfig: Dynamic lookup for intent failed for action: com.google.android.gms.ads.service.START
02-01 16:11:44.689 22338 16573 I Ads     : SDK version: afma-sdk-a-v234310999.12451000.1
02-01 16:11:44.692 22338 16573 I Ads     : HTTP timeout: 60000 milliseconds.
02-01 16:11:44.694 22338 16574 I Icing   : IndexChimeraService.getServiceInterface callingPackage=com.google.android.gms componentName=null serviceId=30
02-01 16:11:44.716 22338  3900 I Icing   : Usage reports ok 1, Failed Usage reports 0, indexed 0, rejected 0
02-01 16:11:44.819 17524 17524 I ServiceManager: Waiting for service AtCmdFwd...
02-01 16:11:45.289 21702 12659 W surfboard: tcp pair replaced, source port 40620 dest port 993
02-01 16:11:45.363 16506 16506 W Ads     : JS: Unrecognized feature: 'attribution-reporting'. (https://www.googletagservices.com/dcm/impl_v99.js:93)
02-01 16:11:45.367 16506 16506 W Ads     : JS: Origin trial controlled feature not enabled: 'attribution-reporting'. (https://www.googletagservices.com/dcm/impl_v99.js:105)
02-01 16:11:45.819 17524 17524 I ServiceManager: Waiting for service AtCmdFwd...
02-01 16:11:46.820 17524 17524 I ServiceManager: Waiting for service AtCmdFwd...
02-01 16:11:47.483 24081 24213 W AppFlood: login Failed. code = 302
02-01 16:11:47.484 24081 24213 W AppFlood: connection failed 302 http://data.appflood.com/get_token?v=2.1&ts=1706775107192&app_key=lZXiVJ0O6TvojUm8&adtype=255&signature=a9a244f98500629b46b06600bf110175&data=AwNepUvzuQayMLc51WTzXzUNXqjlr3WpljDK%2B%2FbEWLOsQwZtAA5sBctrgVWKKZzGvrIj7iWXAfCuiUdEoCX7McTlxmWS21%2FKMprHhYlcvo1YvIj2TV4wZdparVoh71E4PfC3SjgBXWITrdRfLJsLC9Lu5slgogJ0ysH3s62iccYPwqWJZqoiH%2FgWP3ddogQR&uuid=zKtSrRYm4kaWyr%2Bd1VizDOPl3GLIqGWY2OYQ3F90TPvpz2%2B9W6xYEw%3D%3D&mac=&sm=1&aid=2ghem9U6A43DQimZ62qFw%2BmWO%2FXdZ9Pf&duid=&model=6
02-01 16:11:47.821 17524 17524 I ServiceManager: Waiting for service AtCmdFwd...
02-01 16:11:48.821 17524 17524 W Atfwd_Sendcmd: AtCmdFwd service not published, waiting... retryCnt : 2
02-01 16:11:55.683 16506 16515 I art     : Background partial concurrent mark sweep GC freed 328649(10MB) AllocSpace objects, 14(1024KB) LOS objects, 34% free, 29MB/45MB, paused 1.288ms total 108.184ms
02-01 16:11:58.822 17524 17524 I ServiceManager: Waiting for service AtCmdFwd...
02-01 16:11:59.823 17524 17524 I ServiceManager: Waiting for service AtCmdFwd...
02-01 16:12:00.825 17524 17524 I ServiceManager: Waiting for service AtCmdFwd...
02-01 16:12:01.827 17524 17524 I ServiceManager: Waiting for service AtCmdFwd...
02-01 16:12:02.784 24081 24314 W AppFlood: login Failed. code = 302
02-01 16:12:02.785 24081 24314 W AppFlood: connection failed 302 http://data.appflood.com/get_token?v=2.1&ts=1706775122483&app_key=lZXiVJ0O6TvojUm8&adtype=255&signature=1857226a8b3c8bd4bbfd0b021cece3bd&data=AwNepUvzuQayMLc51WTzXzUNXqjlr3WpljDK%2B%2FbEWLOsQwZtAA5sBctrgVWKKZzGvrIj7iWXAfCuiUdEoCX7McTlxmWS21%2FKMprHhYlcvo1YvIj2TV4wZdparVoh71E4PfC3SjgBXWITrdRfLJsLC9Lu5slgogJ0ysH3s62iccYPwqWJZqoiH%2FgWP3ddogQR&uuid=zKtSrRYm4kaWyr%2Bd1VizDOPl3GLIqGWY2OYQ3F90TPvpz2%2B9W6xYEw%3D%3D&mac=&sm=1&aid=2ghem9U6A43DQimZ62qFw%2BmWO%2FXdZ9Pf&duid=&model=6
02-01 16:12:02.828 17524 17524 I ServiceManager: Waiting for service AtCmdFwd...
02-01 16:12:03.333  3673 15805 E WakeLock: GCM_HB_ALARM release without a matched acquire!
02-01 16:12:03.333  3673 15805 W WakeLock: GCM_HB_ALARM counter does not exist
02-01 16:12:03.339  3673 15805 I AlarmManager: setExactAndAllowWhileIdle [name: GCM_CONN_ALARM type: 2 triggerAtMillis: 936230454]
02-01 16:12:03.341  3673 15805 E WakeLock: GCM_CONN_ALARM release without a matched acquire!
02-01 16:12:03.341  3673 15805 W WakeLock: GCM_CONN_ALARM counter does not exist
02-01 16:12:03.829 17524 17524 W Atfwd_Sendcmd: AtCmdFwd service not published, waiting... retryCnt : 3
02-01 16:12:05.094 17233 17262 I Finsky:background: [13322] mts.run(331): Stats for Executor: bgExecutor ots@5232b01[Running, pool size = 4, active threads = 0, queued tasks = 0, completed tasks = 7]
02-01 16:12:05.492 17233 17262 I Finsky:background: [13322] mts.run(331): Stats for Executor: LightweightExecutor ots@ad9cda6[Running, pool size = 4, active threads = 0, queued tasks = 0, completed tasks = 40]
02-01 16:12:06.751 17233 17262 I Finsky:background: [13322] mts.run(331): Stats for Executor: BlockingExecutor ots@fc953e7[Running, pool size = 0, active threads = 0, queued tasks = 0, completed tasks = 1]
02-01 16:12:07.873 11477 11609 I Finsky  : [13580] kjx.run(508): AIM: AppInfoManager-Perf > Destroying AppInfoManager ...
02-01 16:12:08.375  3673 11214 I qtaguid : Failed write_ctrl(t -1 3458768941931823104 -1) res=-1 errno=9
02-01 16:12:08.375  3673 11214 I qtaguid : Tagging socket -1 with tag 3000040700000000(805307399) for uid -1 failed errno=-9
02-01 16:12:08.375  3673 11214 I NetworkManagementSocketTagger: tagSocketFd(-1, 805307399, -1) failed with errno-9
02-01 16:12:08.881  3673 11214 I AlarmManager: setExactAndAllowWhileIdle [name: GCM_HB_ALARM type: 2 triggerAtMillis: 936702061]
02-01 16:12:08.884  3673 11214 E WakeLock: GCM_CONN_ALARM release without a matched acquire!
02-01 16:12:08.894  3673 11214 I AlarmManager: setExactAndAllowWhileIdle [name: GCM_HB_ALARM type: 2 triggerAtMillis: 936702074]
02-01 16:12:13.483 17800 17800 I Radio-JNI: register_android_hardware_Radio DONE
02-01 16:12:13.500 17800 17800 I Input   : injectMotionEvent: MotionEvent { action=ACTION_DOWN, actionButton=0, id[0]=0, x[0]=1114.0, y[0]=1005.0, toolType[0]=TOOL_TYPE_UNKNOWN, buttonState=0, metaState=0, flags=0x0, edgeFlags=0x0, pointerCount=1, historySize=0, eventTime=642004033, downTime=642004033, deviceId=0, source=0x1002 }
02-01 16:12:13.505 17800 17800 I Input   : injectMotionEvent: MotionEvent { action=ACTION_MOVE, actionButton=0, id[0]=0, x[0]=1114.0, y[0]=1005.0, toolType[0]=TOOL_TYPE_UNKNOWN, buttonState=0, metaState=0, flags=0x0, edgeFlags=0x0, pointerCount=1, historySize=0, eventTime=642004033, downTime=642004033, deviceId=0, source=0x1002 }
02-01 16:12:13.522 17800 17800 I Input   : injectMotionEvent: MotionEvent { action=ACTION_MOVE, actionButton=0, id[0]=0, x[0]=1114.0, y[0]=1005.0, toolType[0]=TOOL_TYPE_UNKNOWN, buttonState=0, metaState=0, flags=0x0, edgeFlags=0x0, pointerCount=1, historySize=0, eventTime=642004055, downTime=642004055, deviceId=0, source=0x1002 }
02-01 16:12:13.539 17800 17800 I Input   : injectMotionEvent: MotionEvent { action=ACTION_MOVE, actionButton=0, id[0]=0, x[0]=1114.0, y[0]=1005.0, toolType[0]=TOOL_TYPE_UNKNOWN, buttonState=0, metaState=0, flags=0x0, edgeFlags=0x0, pointerCount=1, historySize=0, eventTime=642004072, downTime=642004072, deviceId=0, source=0x1002 }
02-01 16:12:13.555 17800 17800 I Input   : injectMotionEvent: MotionEvent { action=ACTION_MOVE, actionButton=0, id[0]=0, x[0]=1114.0, y[0]=1005.0, toolType[0]=TOOL_TYPE_UNKNOWN, buttonState=0, metaState=0, flags=0x0, edgeFlags=0x0, pointerCount=1, historySize=0, eventTime=642004088, downTime=642004088, deviceId=0, source=0x1002 }
02-01 16:12:13.572 17800 17800 I Input   : injectMotionEvent: MotionEvent { action=ACTION_MOVE, actionButton=0, id[0]=0, x[0]=1114.0, y[0]=1005.0, toolType[0]=TOOL_TYPE_UNKNOWN, buttonState=0, metaState=0, flags=0x0, edgeFlags=0x0, pointerCount=1, historySize=0, eventTime=642004105, downTime=642004105, deviceId=0, source=0x1002 }
02-01 16:12:13.590 17800 17800 I Input   : injectMotionEvent: MotionEvent { action=ACTION_MOVE, actionButton=0, id[0]=0, x[0]=1114.0, y[0]=1005.0, toolType[0]=TOOL_TYPE_UNKNOWN, buttonState=0, metaState=0, flags=0x0, edgeFlags=0x0, pointerCount=1, historySize=0, eventTime=642004123, downTime=642004123, deviceId=0, source=0x1002 }
02-01 16:12:13.606 17800 17800 I Input   : injectMotionEvent: MotionEvent { action=ACTION_MOVE, actionButton=0, id[0]=0, x[0]=1114.0, y[0]=1005.0, toolType[0]=TOOL_TYPE_UNKNOWN, buttonState=0, metaState=0, flags=0x0, edgeFlags=0x0, pointerCount=1, historySize=0, eventTime=642004138, downTime=642004138, deviceId=0, source=0x1002 }
02-01 16:12:13.622 17800 17800 I Input   : injectMotionEvent: MotionEvent { action=ACTION_MOVE, actionButton=0, id[0]=0, x[0]=1114.0, y[0]=1005.0, toolType[0]=TOOL_TYPE_UNKNOWN, buttonState=0, metaState=0, flags=0x0, edgeFlags=0x0, pointerCount=1, historySize=0, eventTime=642004155, downTime=642004155, deviceId=0, source=0x1002 }
02-01 16:12:13.639 17800 17800 I Input   : injectMotionEvent: MotionEvent { action=ACTION_MOVE, actionButton=0, id[0]=0, x[0]=1114.0, y[0]=1005.0, toolType[0]=TOOL_TYPE_UNKNOWN, buttonState=0, metaState=0, flags=0x0, edgeFlags=0x0, pointerCount=1, historySize=0, eventTime=642004171, downTime=642004171, deviceId=0, source=0x1002 }
02-01 16:12:13.655 17800 17800 I Input   : injectMotionEvent: MotionEvent { action=ACTION_MOVE, actionButton=0, id[0]=0, x[0]=1114.0, y[0]=1005.0, toolType[0]=TOOL_TYPE_UNKNOWN, buttonState=0, metaState=0, flags=0x0, edgeFlags=0x0, pointerCount=1, historySize=0, eventTime=642004188, downTime=642004188, deviceId=0, source=0x1002 }
02-01 16:12:13.672 17800 17800 I Input   : injectMotionEvent: MotionEvent { action=ACTION_MOVE, actionButton=0, id[0]=0, x[0]=1114.0, y[0]=1005.0, toolType[0]=TOOL_TYPE_UNKNOWN, buttonState=0, metaState=0, flags=0x0, edgeFlags=0x0, pointerCount=1, historySize=0, eventTime=642004205, downTime=642004205, deviceId=0, source=0x1002 }
02-01 16:12:13.689 17800 17800 I Input   : injectMotionEvent: MotionEvent { action=ACTION_MOVE, actionButton=0, id[0]=0, x[0]=1114.0, y[0]=1005.0, toolType[0]=TOOL_TYPE_UNKNOWN, buttonState=0, metaState=0, flags=0x0, edgeFlags=0x0, pointerCount=1, historySize=0, eventTime=642004222, downTime=642004222, deviceId=0, source=0x1002 }
02-01 16:12:13.705 17800 17800 I Input   : injectMotionEvent: MotionEvent { action=ACTION_UP, actionButton=0, id[0]=0, x[0]=1114.0, y[0]=1005.0, toolType[0]=TOOL_TYPE_UNKNOWN, buttonState=0, metaState=0, flags=0x0, edgeFlags=0x0, pointerCount=1, historySize=0, eventTime=642004238, downTime=642004238, deviceId=0, source=0x1002 }
02-01 16:12:14.311 17816 17816 I Radio-JNI: register_android_hardware_Radio DONE
02-01 16:12:15.007 17832 17832 I Radio-JNI: register_android_hardware_Radio DONE
02-01 16:12:15.024 17832 17832 I Input   : injectKeyEvent: KeyEvent { action=ACTION_DOWN, keyCode=KEYCODE_ENTER, scanCode=0, metaState=0, flags=0x0, repeatCount=0, eventTime=642005557, downTime=642005557, deviceId=-1, source=0x101 }
02-01 16:12:15.035 17832 17832 I Input   : injectKeyEvent: KeyEvent { action=ACTION_UP, keyCode=KEYCODE_ENTER, scanCode=0, metaState=0, flags=0x0, repeatCount=0, eventTime=642005557, downTime=642005557, deviceId=-1, source=0x101 }
02-01 16:12:15.706 17855 17855 I Radio-JNI: register_android_hardware_Radio DONE
02-01 16:12:15.724 17855 17855 I Input   : injectKeyEvent: KeyEvent { action=ACTION_DOWN, keyCode=KEYCODE_SEARCH, scanCode=0, metaState=0, flags=0x0, repeatCount=0, eventTime=642006257, downTime=642006257, deviceId=-1, source=0x101 }
02-01 16:12:15.728 17855 17855 I Input   : injectKeyEvent: KeyEvent { action=ACTION_UP, keyCode=KEYCODE_SEARCH, scanCode=0, metaState=0, flags=0x0, repeatCount=0, eventTime=642006257, downTime=642006257, deviceId=-1, source=0x101 }
02-01 16:12:18.130 24081 24477 W AppFlood: login Failed. code = 302
02-01 16:12:18.130 24081 24477 W AppFlood: connection failed 302 http://data.appflood.com/get_token?v=2.1&ts=1706775137789&app_key=lZXiVJ0O6TvojUm8&adtype=255&signature=3e900add9dde450cd2a3cc596ede312c&data=AwNepUvzuQayMLc51WTzXzUNXqjlr3WpljDK%2B%2FbEWLOsQwZtAA5sBctrgVWKKZzGvrIj7iWXAfCuiUdEoCX7McTlxmWS21%2FKMprHhYlcvo1YvIj2TV4wZdparVoh71E4PfC3SjgBXWITrdRfLJsLC9Lu5slgogJ0ysH3s62iccYPwqWJZqoiH%2FgWP3ddogQR&uuid=zKtSrRYm4kaWyr%2Bd1VizDOPl3GLIqGWY2OYQ3F90TPvpz2%2B9W6xYEw%3D%3D&mac=&sm=1&aid=2ghem9U6A43DQimZ62qFw%2BmWO%2FXdZ9Pf&duid=&model=6
02-01 16:12:18.439 21702 12659 W surfboard: tcp pair replaced, source port 40637 dest port 443
02-01 16:12:18.829 17524 17524 I ServiceManager: Waiting for service AtCmdFwd...
02-01 16:12:19.228   518   612 I ThermalEngine: ACTION: GPU - Setting GPU[0] to 510000000
02-01 16:12:19.830 17524 17524 I ServiceManager: Waiting for service AtCmdFwd...
02-01 16:12:20.235   518   612 I ThermalEngine: ACTION: GPU - Setting GPU[0] to 600000000
02-01 16:12:20.453 21702 12659 W surfboard: tcp pair replaced, source port 40639 dest port 443
02-01 16:12:20.830 17524 17524 I ServiceManager: Waiting for service AtCmdFwd...
02-01 16:12:21.831 17524 17524 I ServiceManager: Waiting for service AtCmdFwd...
02-01 16:12:22.832 17524 17524 I ServiceManager: Waiting for service AtCmdFwd...
02-01 16:12:23.792 11477 11600 I Finsky  : [13576] kjx.run(508): AIM: AppInfoManager-Perf > Destroying AppInfoManager ...
02-01 16:12:23.833 17524 17524 W Atfwd_Sendcmd: AtCmdFwd service not published, waiting... retryCnt : 4
02-01 16:12:25.448 21702 12659 W surfboard: tcp pair replaced, source port 40641 dest port 443
02-01 16:12:33.495 24081 24145 W AppFlood: login Failed. code = 302
02-01 16:12:33.495 24081 24145 W AppFlood: connection failed 302 http://data.appflood.com/get_token?v=2.1&ts=1706775153133&app_key=lZXiVJ0O6TvojUm8&adtype=255&signature=a28edf24874a33fb78d3f8243a98499a&data=AwNepUvzuQayMLc51WTzXzUNXqjlr3WpljDK%2B%2FbEWLOsQwZtAA5sBctrgVWKKZzGvrIj7iWXAfCuiUdEoCX7McTlxmWS21%2FKMprHhYlcvo1YvIj2TV4wZdparVoh71E4PfC3SjgBXWITrdRfLJsLC9Lu5slgogJ0ysH3s62iccYPwqWJZqoiH%2FgWP3ddogQR&uuid=zKtSrRYm4kaWyr%2Bd1VizDOPl3GLIqGWY2OYQ3F90TPvpz2%2B9W6xYEw%3D%3D&mac=&sm=1&aid=2ghem9U6A43DQimZ62qFw%2BmWO%2FXdZ9Pf&duid=&model=6
02-01 16:12:43.834 17524 17524 I ServiceManager: Waiting for service AtCmdFwd...
02-01 16:12:44.834 17524 17524 I ServiceManager: Waiting for service AtCmdFwd...
02-01 16:12:45.474 11477 11637 I PhenotypeProcessReaper: Memory state is: 100
02-01 16:12:45.836 17524 17524 I ServiceManager: Waiting for service AtCmdFwd...
02-01 16:12:46.837 17524 17524 I ServiceManager: Waiting for service AtCmdFwd...
02-01 16:12:47.837 17524 17524 I ServiceManager: Waiting for service AtCmdFwd...
02-01 16:12:48.822 24081 24213 W AppFlood: login Failed. code = 302
02-01 16:12:48.823 24081 24213 W AppFlood: connection failed 302 http://data.appflood.com/get_token?v=2.1&ts=1706775168497&app_key=lZXiVJ0O6TvojUm8&adtype=255&signature=7295fd087785898320afd659d858b87d&data=AwNepUvzuQayMLc51WTzXzUNXqjlr3WpljDK%2B%2FbEWLOsQwZtAA5sBctrgVWKKZzGvrIj7iWXAfCuiUdEoCX7McTlxmWS21%2FKMprHhYlcvo1YvIj2TV4wZdparVoh71E4PfC3SjgBXWITrdRfLJsLC9Lu5slgogJ0ysH3s62iccYPwqWJZqoiH%2FgWP3ddogQR&uuid=zKtSrRYm4kaWyr%2Bd1VizDOPl3GLIqGWY2OYQ3F90TPvpz2%2B9W6xYEw%3D%3D&mac=&sm=1&aid=2ghem9U6A43DQimZ62qFw%2BmWO%2FXdZ9Pf&duid=&model=6
02-01 16:12:48.839 17524 17524 W Atfwd_Sendcmd: AtCmdFwd service not published, waiting... retryCnt : 5
02-01 16:12:51.135 11477 11609 I Finsky  : [13580] kjx.run(508): AIM: AppInfoManager-Perf > Destroying AppInfoManager ...
02-01 16:12:52.149  3900  3900 W lowpool[63]: type=1400 audit(0.0:61901): avc: denied { read } for name="mem" dev="debugfs" ino=9802918 scontext=u:r:untrusted_app:s0:c512,c768 tcontext=u:object_r:debugfs:s0 tclass=file permissive=0
02-01 16:12:52.149  3900  3900 W lowpool[63]: type=1400 audit(0.0:61902): avc: denied { read } for name="mem" dev="debugfs" ino=9802918 scontext=u:r:untrusted_app:s0:c512,c768 tcontext=u:object_r:debugfs:s0 tclass=file permissive=0
02-01 16:13:04.190 24081 24314 W AppFlood: login Failed. code = 302
02-01 16:13:04.191 24081 24314 W AppFlood: connection failed 302 http://data.appflood.com/get_token?v=2.1&ts=1706775183824&app_key=lZXiVJ0O6TvojUm8&adtype=255&signature=4cbf0d4bc1f6c3f48a6e66ad30217d64&data=AwNepUvzuQayMLc51WTzXzUNXqjlr3WpljDK%2B%2FbEWLOsQwZtAA5sBctrgVWKKZzGvrIj7iWXAfCuiUdEoCX7McTlxmWS21%2FKMprHhYlcvo1YvIj2TV4wZdparVoh71E4PfC3SjgBXWITrdRfLJsLC9Lu5slgogJ0ysH3s62iccYPwqWJZqoiH%2FgWP3ddogQR&uuid=zKtSrRYm4kaWyr%2Bd1VizDOPl3GLIqGWY2OYQ3F90TPvpz2%2B9W6xYEw%3D%3D&mac=&sm=1&aid=2ghem9U6A43DQimZ62qFw%2BmWO%2FXdZ9Pf&duid=&model=6
02-01 16:13:13.839 17524 17524 I Atfwd_Sendcmd: AtCmdFwd service not ready - Exhausted retry attempts - :6
02-01 16:13:13.839 17524 17524 I Atfwd_Daemon: result : -1 	 ,Init step :2 	 ,qmiErrorCode: 0
02-01 16:13:15.349 16506 16506 I Ads     : Use RequestConfiguration.Builder().setTestDeviceIds(Arrays.asList("790F111A36D26C05888E5B9465FB941B")) to get test ads on this device.
02-01 16:13:15.391 16506 16506 W ConnectionStatusConfig: Dynamic lookup for intent failed for action: com.google.android.gms.ads.service.CACHE
02-01 16:13:15.422 16506 18116 W ConnectionStatusConfig: Dynamic lookup for intent failed for action: com.google.android.gms.ads.service.START
02-01 16:13:15.498 22338 22338 I Ads     : Received log message: <Google:HTML> You are currently using version 234310999.12451000.1 of the SDK, which is deprecated. Please consider updating your SDK to the most recent SDK version to get the latest features and bug fixes. The latest SDK can be installed from https://googlemobileadssdk.page.link/android-install-instructions. More information about the SDK deprecation schedule is available at https://developers.google.com/admob/android/deprecation.
02-01 16:13:15.512 22338 18121 I Ads     : SDK version: afma-sdk-a-v234310999.12451000.1
02-01 16:13:15.514 22338 18121 I Ads     : HTTP timeout: 60000 milliseconds.
02-01 16:13:15.516 22338 18119 I Icing   : IndexChimeraService.getServiceInterface callingPackage=com.google.android.gms componentName=null serviceId=30
02-01 16:13:15.538 22338 31071 I Icing   : Usage reports ok 0, Failed Usage reports 0, indexed 0, rejected 0
02-01 16:13:16.122 16506 16506 W Ads     : JS: Unrecognized feature: 'attribution-reporting'. (https://www.googletagservices.com/dcm/impl_v99.js:93)
02-01 16:13:16.127 16506 16506 W Ads     : JS: Origin trial controlled feature not enabled: 'attribution-reporting'. (https://www.googletagservices.com/dcm/impl_v99.js:105)
02-01 16:13:16.236 21702 12659 W surfboard: tcp pair replaced, source port 49428 dest port 443
02-01 16:13:16.684 16506 16611 E chromium: [ERROR:ssl_client_socket_impl.cc(976)] handshake failed; returned -1, SSL error code 1, net_error -100
02-01 16:13:17.085 16506 16611 E chromium: [ERROR:ssl_client_socket_impl.cc(976)] handshake failed; returned -1, SSL error code 1, net_error -100
02-01 16:13:18.568 18168 18168 I Radio-JNI: register_android_hardware_Radio DONE
02-01 16:13:18.586 18168 18168 I Input   : injectMotionEvent: MotionEvent { action=ACTION_DOWN, actionButton=0, id[0]=0, x[0]=1114.0, y[0]=1005.0, toolType[0]=TOOL_TYPE_UNKNOWN, buttonState=0, metaState=0, flags=0x0, edgeFlags=0x0, pointerCount=1, historySize=0, eventTime=642069118, downTime=642069118, deviceId=0, source=0x1002 }
02-01 16:13:18.595 18168 18168 I Input   : injectMotionEvent: MotionEvent { action=ACTION_MOVE, actionButton=0, id[0]=0, x[0]=1114.0, y[0]=1005.0, toolType[0]=TOOL_TYPE_UNKNOWN, buttonState=0, metaState=0, flags=0x0, edgeFlags=0x0, pointerCount=1, historySize=0, eventTime=642069118, downTime=642069118, deviceId=0, source=0x1002 }
02-01 16:13:18.610 18168 18168 I Input   : injectMotionEvent: MotionEvent { action=ACTION_MOVE, actionButton=0, id[0]=0, x[0]=1114.0, y[0]=1005.0, toolType[0]=TOOL_TYPE_UNKNOWN, buttonState=0, metaState=0, flags=0x0, edgeFlags=0x0, pointerCount=1, historySize=0, eventTime=642069143, downTime=642069143, deviceId=0, source=0x1002 }
02-01 16:13:18.627 18168 18168 I Input   : injectMotionEvent: MotionEvent { action=ACTION_MOVE, actionButton=0, id[0]=0, x[0]=1114.0, y[0]=1005.0, toolType[0]=TOOL_TYPE_UNKNOWN, buttonState=0, metaState=0, flags=0x0, edgeFlags=0x0, pointerCount=1, historySize=0, eventTime=642069160, downTime=642069160, deviceId=0, source=0x1002 }
02-01 16:13:18.644 18168 18168 I Input   : injectMotionEvent: MotionEvent { action=ACTION_MOVE, actionButton=0, id[0]=0, x[0]=1114.0, y[0]=1005.0, toolType[0]=TOOL_TYPE_UNKNOWN, buttonState=0, metaState=0, flags=0x0, edgeFlags=0x0, pointerCount=1, historySize=0, eventTime=642069177, downTime=642069177, deviceId=0, source=0x1002 }
02-01 16:13:18.661 18168 18168 I Input   : injectMotionEvent: MotionEvent { action=ACTION_MOVE, actionButton=0, id[0]=0, x[0]=1114.0, y[0]=1005.0, toolType[0]=TOOL_TYPE_UNKNOWN, buttonState=0, metaState=0, flags=0x0, edgeFlags=0x0, pointerCount=1, historySize=0, eventTime=642069194, downTime=642069194, deviceId=0, source=0x1002 }
02-01 16:13:18.677 18168 18168 I Input   : injectMotionEvent: MotionEvent { action=ACTION_MOVE, actionButton=0, id[0]=0, x[0]=1114.0, y[0]=1005.0, toolType[0]=TOOL_TYPE_UNKNOWN, buttonState=0, metaState=0, flags=0x0, edgeFlags=0x0, pointerCount=1, historySize=0, eventTime=642069210, downTime=642069210, deviceId=0, source=0x1002 }
02-01 16:13:18.695 18168 18168 I Input   : injectMotionEvent: MotionEvent { action=ACTION_MOVE, actionButton=0, id[0]=0, x[0]=1114.0, y[0]=1005.0, toolType[0]=TOOL_TYPE_UNKNOWN, buttonState=0, metaState=0, flags=0x0, edgeFlags=0x0, pointerCount=1, historySize=0, eventTime=642069228, downTime=642069228, deviceId=0, source=0x1002 }
02-01 16:13:18.710 18168 18168 I Input   : injectMotionEvent: MotionEvent { action=ACTION_MOVE, actionButton=0, id[0]=0, x[0]=1114.0, y[0]=1005.0, toolType[0]=TOOL_TYPE_UNKNOWN, buttonState=0, metaState=0, flags=0x0, edgeFlags=0x0, pointerCount=1, historySize=0, eventTime=642069243, downTime=642069243, deviceId=0, source=0x1002 }
02-01 16:13:18.727 18168 18168 I Input   : injectMotionEvent: MotionEvent { action=ACTION_MOVE, actionButton=0, id[0]=0, x[0]=1114.0, y[0]=1005.0, toolType[0]=TOOL_TYPE_UNKNOWN, buttonState=0, metaState=0, flags=0x0, edgeFlags=0x0, pointerCount=1, historySize=0, eventTime=642069260, downTime=642069260, deviceId=0, source=0x1002 }
02-01 16:13:18.744 18168 18168 I Input   : injectMotionEvent: MotionEvent { action=ACTION_MOVE, actionButton=0, id[0]=0, x[0]=1114.0, y[0]=1005.0, toolType[0]=TOOL_TYPE_UNKNOWN, buttonState=0, metaState=0, flags=0x0, edgeFlags=0x0, pointerCount=1, historySize=0, eventTime=642069277, downTime=642069277, deviceId=0, source=0x1002 }
02-01 16:13:18.760 18168 18168 I Input   : injectMotionEvent: MotionEvent { action=ACTION_MOVE, actionButton=0, id[0]=0, x[0]=1114.0, y[0]=1005.0, toolType[0]=TOOL_TYPE_UNKNOWN, buttonState=0, metaState=0, flags=0x0, edgeFlags=0x0, pointerCount=1, historySize=0, eventTime=642069293, downTime=642069293, deviceId=0, source=0x1002 }
02-01 16:13:18.777 18168 18168 I Input   : injectMotionEvent: MotionEvent { action=ACTION_MOVE, actionButton=0, id[0]=0, x[0]=1114.0, y[0]=1005.0, toolType[0]=TOOL_TYPE_UNKNOWN, buttonState=0, metaState=0, flags=0x0, edgeFlags=0x0, pointerCount=1, historySize=0, eventTime=642069310, downTime=642069310, deviceId=0, source=0x1002 }
02-01 16:13:18.794 18168 18168 I Input   : injectMotionEvent: MotionEvent { action=ACTION_UP, actionButton=0, id[0]=0, x[0]=1114.0, y[0]=1005.0, toolType[0]=TOOL_TYPE_UNKNOWN, buttonState=0, metaState=0, flags=0x0, edgeFlags=0x0, pointerCount=1, historySize=0, eventTime=642069327, downTime=642069327, deviceId=0, source=0x1002 }
02-01 16:13:18.840 17524 17524 I ServiceManager: Waiting for service AtCmdFwd...
02-01 16:13:19.396 18190 18190 I Radio-JNI: register_android_hardware_Radio DONE
02-01 16:13:19.463 24081 24477 W AppFlood: login Failed. code = 302
02-01 16:13:19.464 24081 24477 W AppFlood: connection failed 302 http://data.appflood.com/get_token?v=2.1&ts=1706775199193&app_key=lZXiVJ0O6TvojUm8&adtype=255&signature=d927e49b7c7ce0be09a42eae8a7b925e&data=AwNepUvzuQayMLc51WTzXzUNXqjlr3WpljDK%2B%2FbEWLOsQwZtAA5sBctrgVWKKZzGvrIj7iWXAfCuiUdEoCX7McTlxmWS21%2FKMprHhYlcvo1YvIj2TV4wZdparVoh71E4PfC3SjgBXWITrdRfLJsLC9Lu5slgogJ0ysH3s62iccYPwqWJZqoiH%2FgWP3ddogQR&uuid=zKtSrRYm4kaWyr%2Bd1VizDOPl3GLIqGWY2OYQ3F90TPvpz2%2B9W6xYEw%3D%3D&mac=&sm=1&aid=2ghem9U6A43DQimZ62qFw%2BmWO%2FXdZ9Pf&duid=&model=6
02-01 16:13:19.840 17524 17524 I ServiceManager: Waiting for service AtCmdFwd...
02-01 16:13:20.019 18212 18212 I Radio-JNI: register_android_hardware_Radio DONE
02-01 16:13:20.037 18212 18212 I Input   : injectKeyEvent: KeyEvent { action=ACTION_DOWN, keyCode=KEYCODE_ENTER, scanCode=0, metaState=0, flags=0x0, repeatCount=0, eventTime=642070570, downTime=642070570, deviceId=-1, source=0x101 }
02-01 16:13:20.041 18212 18212 I Input   : injectKeyEvent: KeyEvent { action=ACTION_UP, keyCode=KEYCODE_ENTER, scanCode=0, metaState=0, flags=0x0, repeatCount=0, eventTime=642070570, downTime=642070570, deviceId=-1, source=0x101 }
02-01 16:13:20.679 18229 18229 I Radio-JNI: register_android_hardware_Radio DONE
02-01 16:13:20.698 18229 18229 I Input   : injectKeyEvent: KeyEvent { action=ACTION_DOWN, keyCode=KEYCODE_SEARCH, scanCode=0, metaState=0, flags=0x0, repeatCount=0, eventTime=642071231, downTime=642071231, deviceId=-1, source=0x101 }
02-01 16:13:20.703 18229 18229 I Input   : injectKeyEvent: KeyEvent { action=ACTION_UP, keyCode=KEYCODE_SEARCH, scanCode=0, metaState=0, flags=0x0, repeatCount=0, eventTime=642071231, downTime=642071231, deviceId=-1, source=0x101 }
02-01 16:13:20.842 17524 17524 I ServiceManager: Waiting for service AtCmdFwd...
02-01 16:13:21.842 17524 17524 I ServiceManager: Waiting for service AtCmdFwd...
02-01 16:13:22.843 17524 17524 I ServiceManager: Waiting for service AtCmdFwd...
02-01 16:13:23.843 17524 17524 W Atfwd_Sendcmd: AtCmdFwd service not published, waiting... retryCnt : 1
02-01 16:13:28.844 17524 17524 I ServiceManager: Waiting for service AtCmdFwd...
02-01 16:13:29.845 17524 17524 I ServiceManager: Waiting for service AtCmdFwd...
02-01 16:13:30.845 17524 17524 I ServiceManager: Waiting for service AtCmdFwd...
02-01 16:13:31.846 17524 17524 I ServiceManager: Waiting for service AtCmdFwd...
02-01 16:13:32.847 17524 17524 I ServiceManager: Waiting for service AtCmdFwd...
02-01 16:13:33.848 17524 17524 W Atfwd_Sendcmd: AtCmdFwd service not published, waiting... retryCnt : 2
02-01 16:13:34.492 21702 12659 W surfboard: tcp pair replaced, source port 38501 dest port 443
02-01 16:13:34.795 24081 24145 W AppFlood: login Failed. code = 302
02-01 16:13:34.796 24081 24145 W AppFlood: connection failed 302 http://data.appflood.com/get_token?v=2.1&ts=1706775214479&app_key=lZXiVJ0O6TvojUm8&adtype=255&signature=50e123db3c953964a088e66b287ac275&data=AwNepUvzuQayMLc51WTzXzUNXqjlr3WpljDK%2B%2FbEWLOsQwZtAA5sBctrgVWKKZzGvrIj7iWXAfCuiUdEoCX7McTlxmWS21%2FKMprHhYlcvo1YvIj2TV4wZdparVoh71E4PfC3SjgBXWITrdRfLJsLC9Lu5slgogJ0ysH3s62iccYPwqWJZqoiH%2FgWP3ddogQR&uuid=zKtSrRYm4kaWyr%2Bd1VizDOPl3GLIqGWY2OYQ3F90TPvpz2%2B9W6xYEw%3D%3D&mac=&sm=1&aid=2ghem9U6A43DQimZ62qFw%2BmWO%2FXdZ9Pf&duid=&model=6
02-01 16:13:43.849 17524 17524 I ServiceManager: Waiting for service AtCmdFwd...
02-01 16:13:44.279 11477 11512 I Finsky  : [13550] mts.run(331): Stats for Executor: BlockingExecutor ots@3d108d6[Running, pool size = 0, active threads = 0, queued tasks = 0, completed tasks = 23]
02-01 16:13:44.280 11477 11512 I Finsky  : [13550] mts.run(331): Stats for Executor: LightweightExecutor ots@c362757[Running, pool size = 4, active threads = 0, queued tasks = 0, completed tasks = 206]
02-01 16:13:44.466 11477 11512 I Finsky  : [13550] mts.run(331): Stats for Executor: bgExecutor ots@7557244[Running, pool size = 4, active threads = 0, queued tasks = 0, completed tasks = 394]
02-01 16:13:44.851 17524 17524 I ServiceManager: Waiting for service AtCmdFwd...
02-01 16:13:45.851 17524 17524 I ServiceManager: Waiting for service AtCmdFwd...
02-01 16:13:46.852 17524 17524 I ServiceManager: Waiting for service AtCmdFwd...
02-01 16:13:47.854 17524 17524 I ServiceManager: Waiting for service AtCmdFwd...
02-01 16:13:48.855 17524 17524 W Atfwd_Sendcmd: AtCmdFwd service not published, waiting... retryCnt : 3
02-01 16:13:50.073 24081 24213 W AppFlood: login Failed. code = 302
02-01 16:13:50.074 24081 24213 W AppFlood: connection failed 302 http://data.appflood.com/get_token?v=2.1&ts=1706775229798&app_key=lZXiVJ0O6TvojUm8&adtype=255&signature=7e9f0bc11a9da166765496e3057e495c&data=AwNepUvzuQayMLc51WTzXzUNXqjlr3WpljDK%2B%2FbEWLOsQwZtAA5sBctrgVWKKZzGvrIj7iWXAfCuiUdEoCX7McTlxmWS21%2FKMprHhYlcvo1YvIj2TV4wZdparVoh71E4PfC3SjgBXWITrdRfLJsLC9Lu5slgogJ0ysH3s62iccYPwqWJZqoiH%2FgWP3ddogQR&uuid=zKtSrRYm4kaWyr%2Bd1VizDOPl3GLIqGWY2OYQ3F90TPvpz2%2B9W6xYEw%3D%3D&mac=&sm=1&aid=2ghem9U6A43DQimZ62qFw%2BmWO%2FXdZ9Pf&duid=&model=6
02-01 16:14:03.858 17524 17524 I ServiceManager: Waiting for service AtCmdFwd...
02-01 16:14:04.859 17524 17524 I ServiceManager: Waiting for service AtCmdFwd...
02-01 16:14:05.408 24081 24314 W AppFlood: login Failed. code = 302
02-01 16:14:05.409 24081 24314 W AppFlood: connection failed 302 http://data.appflood.com/get_token?v=2.1&ts=1706775245077&app_key=lZXiVJ0O6TvojUm8&adtype=255&signature=f590e72e49b7aaa32427c4f7f1f93c65&data=AwNepUvzuQayMLc51WTzXzUNXqjlr3WpljDK%2B%2FbEWLOsQwZtAA5sBctrgVWKKZzGvrIj7iWXAfCuiUdEoCX7McTlxmWS21%2FKMprHhYlcvo1YvIj2TV4wZdparVoh71E4PfC3SjgBXWITrdRfLJsLC9Lu5slgogJ0ysH3s62iccYPwqWJZqoiH%2FgWP3ddogQR&uuid=zKtSrRYm4kaWyr%2Bd1VizDOPl3GLIqGWY2OYQ3F90TPvpz2%2B9W6xYEw%3D%3D&mac=&sm=1&aid=2ghem9U6A43DQimZ62qFw%2BmWO%2FXdZ9Pf&duid=&model=6
02-01 16:14:05.860 17524 17524 I ServiceManager: Waiting for service AtCmdFwd...
02-01 16:14:06.862 17524 17524 I ServiceManager: Waiting for service AtCmdFwd...
02-01 16:14:07.009 18458 18458 W Thread-13765: type=1400 audit(0.0:61903): avc: denied { read } for name="mem" dev="debugfs" ino=9802918 scontext=u:r:untrusted_app:s0:c512,c768 tcontext=u:object_r:debugfs:s0 tclass=file permissive=0
02-01 16:14:07.009 18458 18458 W Thread-13765: type=1400 audit(0.0:61904): avc: denied { read } for name="mem" dev="debugfs" ino=9802918 scontext=u:r:untrusted_app:s0:c512,c768 tcontext=u:object_r:debugfs:s0 tclass=file permissive=0
02-01 16:14:07.863 17524 17524 I ServiceManager: Waiting for service AtCmdFwd...
02-01 16:14:08.863 17524 17524 W Atfwd_Sendcmd: AtCmdFwd service not published, waiting... retryCnt : 4
02-01 16:14:19.781 18518 18518 I Radio-JNI: register_android_hardware_Radio DONE
02-01 16:14:19.798 18518 18518 I Input   : injectMotionEvent: MotionEvent { action=ACTION_DOWN, actionButton=0, id[0]=0, x[0]=394.0, y[0]=1193.0, toolType[0]=TOOL_TYPE_UNKNOWN, buttonState=0, metaState=0, flags=0x0, edgeFlags=0x0, pointerCount=1, historySize=0, eventTime=642130331, downTime=642130331, deviceId=0, source=0x1002 }
02-01 16:14:19.805 18518 18518 I Input   : injectMotionEvent: MotionEvent { action=ACTION_MOVE, actionButton=0, id[0]=0, x[0]=394.0, y[0]=1193.0, toolType[0]=TOOL_TYPE_UNKNOWN, buttonState=0, metaState=0, flags=0x0, edgeFlags=0x0, pointerCount=1, historySize=0, eventTime=642130331, downTime=642130331, deviceId=0, source=0x1002 }
02-01 16:14:19.811 18518 18518 I Input   : injectMotionEvent: MotionEvent { action=ACTION_MOVE, actionButton=0, id[0]=0, x[0]=394.0, y[0]=1193.0, toolType[0]=TOOL_TYPE_UNKNOWN, buttonState=0, metaState=0, flags=0x0, edgeFlags=0x0, pointerCount=1, historySize=0, eventTime=642130344, downTime=642130344, deviceId=0, source=0x1002 }
02-01 16:14:19.826 18518 18518 I Input   : injectMotionEvent: MotionEvent { action=ACTION_MOVE, actionButton=0, id[0]=0, x[0]=394.0, y[0]=1193.0, toolType[0]=TOOL_TYPE_UNKNOWN, buttonState=0, metaState=0, flags=0x0, edgeFlags=0x0, pointerCount=1, historySize=0, eventTime=642130359, downTime=642130359, deviceId=0, source=0x1002 }
02-01 16:14:19.843 18518 18518 I Input   : injectMotionEvent: MotionEvent { action=ACTION_MOVE, actionButton=0, id[0]=0, x[0]=394.0, y[0]=1193.0, toolType[0]=TOOL_TYPE_UNKNOWN, buttonState=0, metaState=0, flags=0x0, edgeFlags=0x0, pointerCount=1, historySize=0, eventTime=642130376, downTime=642130376, deviceId=0, source=0x1002 }
02-01 16:14:19.859 18518 18518 I Input   : injectMotionEvent: MotionEvent { action=ACTION_MOVE, actionButton=0, id[0]=0, x[0]=394.0, y[0]=1193.0, toolType[0]=TOOL_TYPE_UNKNOWN, buttonState=0, metaState=0, flags=0x0, edgeFlags=0x0, pointerCount=1, historySize=0, eventTime=642130392, downTime=642130392, deviceId=0, source=0x1002 }
02-01 16:14:19.874 18518 18518 I Input   : injectMotionEvent: MotionEvent { action=ACTION_MOVE, actionButton=0, id[0]=0, x[0]=394.0, y[0]=1193.0, toolType[0]=TOOL_TYPE_UNKNOWN, buttonState=0, metaState=0, flags=0x0, edgeFlags=0x0, pointerCount=1, historySize=0, eventTime=642130407, downTime=642130407, deviceId=0, source=0x1002 }
02-01 16:14:19.891 18518 18518 I Input   : injectMotionEvent: MotionEvent { action=ACTION_MOVE, actionButton=0, id[0]=0, x[0]=394.0, y[0]=1193.0, toolType[0]=TOOL_TYPE_UNKNOWN, buttonState=0, metaState=0, flags=0x0, edgeFlags=0x0, pointerCount=1, historySize=0, eventTime=642130424, downTime=642130424, deviceId=0, source=0x1002 }
02-01 16:14:19.910 18518 18518 I Input   : injectMotionEvent: MotionEvent { action=ACTION_MOVE, actionButton=0, id[0]=0, x[0]=394.0, y[0]=1193.0, toolType[0]=TOOL_TYPE_UNKNOWN, buttonState=0, metaState=0, flags=0x0, edgeFlags=0x0, pointerCount=1, historySize=0, eventTime=642130443, downTime=642130443, deviceId=0, source=0x1002 }
02-01 16:14:19.924 18518 18518 I Input   : injectMotionEvent: MotionEvent { action=ACTION_MOVE, actionButton=0, id[0]=0, x[0]=394.0, y[0]=1193.0, toolType[0]=TOOL_TYPE_UNKNOWN, buttonState=0, metaState=0, flags=0x0, edgeFlags=0x0, pointerCount=1, historySize=0, eventTime=642130457, downTime=642130457, deviceId=0, source=0x1002 }
02-01 16:14:19.941 18518 18518 I Input   : injectMotionEvent: MotionEvent { action=ACTION_MOVE, actionButton=0, id[0]=0, x[0]=394.0, y[0]=1193.0, toolType[0]=TOOL_TYPE_UNKNOWN, buttonState=0, metaState=0, flags=0x0, edgeFlags=0x0, pointerCount=1, historySize=0, eventTime=642130474, downTime=642130474, deviceId=0, source=0x1002 }
02-01 16:14:19.957 18518 18518 I Input   : injectMotionEvent: MotionEvent { action=ACTION_MOVE, actionButton=0, id[0]=0, x[0]=394.0, y[0]=1193.0, toolType[0]=TOOL_TYPE_UNKNOWN, buttonState=0, metaState=0, flags=0x0, edgeFlags=0x0, pointerCount=1, historySize=0, eventTime=642130490, downTime=642130490, deviceId=0, source=0x1002 }
02-01 16:14:19.974 18518 18518 I Input   : injectMotionEvent: MotionEvent { action=ACTION_MOVE, actionButton=0, id[0]=0, x[0]=394.0, y[0]=1193.0, toolType[0]=TOOL_TYPE_UNKNOWN, buttonState=0, metaState=0, flags=0x0, edgeFlags=0x0, pointerCount=1, historySize=0, eventTime=642130507, downTime=642130507, deviceId=0, source=0x1002 }
02-01 16:14:19.991 18518 18518 I Input   : injectMotionEvent: MotionEvent { action=ACTION_MOVE, actionButton=0, id[0]=0, x[0]=394.0, y[0]=1193.0, toolType[0]=TOOL_TYPE_UNKNOWN, buttonState=0, metaState=0, flags=0x0, edgeFlags=0x0, pointerCount=1, historySize=0, eventTime=642130524, downTime=642130524, deviceId=0, source=0x1002 }
02-01 16:14:20.008 18518 18518 I Input   : injectMotionEvent: MotionEvent { action=ACTION_UP, actionButton=0, id[0]=0, x[0]=394.0, y[0]=1193.0, toolType[0]=TOOL_TYPE_UNKNOWN, buttonState=0, metaState=0, flags=0x0, edgeFlags=0x0, pointerCount=1, historySize=0, eventTime=642130540, downTime=642130540, deviceId=0, source=0x1002 }
02-01 16:14:20.028   512  2803 I soundtrigger: audio_extn_sound_trigger_update_device_status: device 0x2 of type 0 for Event 1
02-01 16:14:20.414 21702 12659 W surfboard: tcp pair replaced, source port 40381 dest port 443
02-01 16:14:20.603   512  2803 I soundtrigger: audio_extn_sound_trigger_update_device_status: device 0x2 of type 0 for Event 0
02-01 16:14:20.717 24081 24477 W AppFlood: login Failed. code = 302
02-01 16:14:20.718 24081 24477 W AppFlood: connection failed 302 http://data.appflood.com/get_token?v=2.1&ts=1706775260410&app_key=lZXiVJ0O6TvojUm8&adtype=255&signature=425cc3cff521d3837efa262905bc8027&data=AwNepUvzuQayMLc51WTzXzUNXqjlr3WpljDK%2B%2FbEWLOsQwZtAA5sBctrgVWKKZzGvrIj7iWXAfCuiUdEoCX7McTlxmWS21%2FKMprHhYlcvo1YvIj2TV4wZdparVoh71E4PfC3SjgBXWITrdRfLJsLC9Lu5slgogJ0ysH3s62iccYPwqWJZqoiH%2FgWP3ddogQR&uuid=zKtSrRYm4kaWyr%2Bd1VizDOPl3GLIqGWY2OYQ3F90TPvpz2%2B9W6xYEw%3D%3D&mac=&sm=1&aid=2ghem9U6A43DQimZ62qFw%2BmWO%2FXdZ9Pf&duid=&model=6
02-01 16:14:28.587 21702 12659 W surfboard: tcp pair replaced, source port 45773 dest port 443
02-01 16:14:28.864 17524 17524 I ServiceManager: Waiting for service AtCmdFwd...
02-01 16:14:29.864 17524 17524 I ServiceManager: Waiting for service AtCmdFwd...
02-01 16:14:30.865 17524 17524 I ServiceManager: Waiting for service AtCmdFwd...
02-01 16:14:31.866 17524 17524 I ServiceManager: Waiting for service AtCmdFwd...
02-01 16:14:32.224  3673 31739 I FusedLocation: (REDACTED) location delivery to %s blocked - too fast
02-01 16:14:32.225  3673 31739 I FusedLocation: (REDACTED) location delivery to %s blocked - too close
02-01 16:14:32.868 17524 17524 I ServiceManager: Waiting for service AtCmdFwd...
02-01 16:14:33.868 17524 17524 W Atfwd_Sendcmd: AtCmdFwd service not published, waiting... retryCnt : 5
02-01 16:14:41.097 24081 24145 W AppFlood: login Failed. code = 302
02-01 16:14:41.097 24081 24145 W AppFlood: connection failed 302 http://data.appflood.com/get_token?v=2.1&ts=1706775275719&app_key=lZXiVJ0O6TvojUm8&adtype=255&signature=1907657861ef96aebb0dca3e53bf4e64&data=AwNepUvzuQayMLc51WTzXzUNXqjlr3WpljDK%2B%2FbEWLOsQwZtAA5sBctrgVWKKZzGvrIj7iWXAfCuiUdEoCX7McTlxmWS21%2FKMprHhYlcvo1YvIj2TV4wZdparVoh71E4PfC3SjgBXWITrdRfLJsLC9Lu5slgogJ0ysH3s62iccYPwqWJZqoiH%2FgWP3ddogQR&uuid=zKtSrRYm4kaWyr%2Bd1VizDOPl3GLIqGWY2OYQ3F90TPvpz2%2B9W6xYEw%3D%3D&mac=&sm=1&aid=2ghem9U6A43DQimZ62qFw%2BmWO%2FXdZ9Pf&duid=&model=6
02-01 16:14:41.299 11477 16067 I PlayCommon: [13656] apjn.j(241): Preparing logs for uploading
02-01 16:14:41.316 11477 16067 W PlayCommon: [13656] apjn.l(11): No account for auth token provided
02-01 16:14:41.317 11477 16067 I PlayCommon: [13656] apjn.j(1863): Connecting to server: https://play.googleapis.com/play/log?format=raw&proto_v2=true
02-01 16:14:41.654 11477 16067 I PlayCommon: [13656] apjn.j(2097): Successfully uploaded logs.
02-01 16:14:46.154 16506 16506 I Ads     : Use RequestConfiguration.Builder().setTestDeviceIds(Arrays.asList("790F111A36D26C05888E5B9465FB941B")) to get test ads on this device.
02-01 16:14:46.195 16506 16506 W ConnectionStatusConfig: Dynamic lookup for intent failed for action: com.google.android.gms.ads.service.CACHE
02-01 16:14:46.229 16506 18700 W ConnectionStatusConfig: Dynamic lookup for intent failed for action: com.google.android.gms.ads.service.START
02-01 16:14:46.299 22338 18706 I Icing   : IndexChimeraService.getServiceInterface callingPackage=com.google.android.gms componentName=null serviceId=30
02-01 16:14:46.311 22338 18704 I Ads     : SDK version: afma-sdk-a-v234310999.12451000.1
02-01 16:14:46.313 22338 18704 I Ads     : HTTP timeout: 60000 milliseconds.
02-01 16:14:46.322 22338 31056 I Icing   : Usage reports ok 0, Failed Usage reports 0, indexed 0, rejected 0
02-01 16:14:46.915 16506 16506 W Ads     : JS: Unrecognized feature: 'attribution-reporting'. (https://www.googletagservices.com/dcm/impl_v99.js:93)
02-01 16:14:46.918 16506 16506 W Ads     : JS: Origin trial controlled feature not enabled: 'attribution-reporting'. (https://www.googletagservices.com/dcm/impl_v99.js:105)
02-01 16:14:56.410 24081 24213 W AppFlood: login Failed. code = 302
02-01 16:14:56.411 24081 24213 W AppFlood: connection failed 302 http://data.appflood.com/get_token?v=2.1&ts=1706775296099&app_key=lZXiVJ0O6TvojUm8&adtype=255&signature=63cfa5658af0cbb140be6bea37866120&data=AwNepUvzuQayMLc51WTzXzUNXqjlr3WpljDK%2B%2FbEWLOsQwZtAA5sBctrgVWKKZzGvrIj7iWXAfCuiUdEoCX7McTlxmWS21%2FKMprHhYlcvo1YvIj2TV4wZdparVoh71E4PfC3SjgBXWITrdRfLJsLC9Lu5slgogJ0ysH3s62iccYPwqWJZqoiH%2FgWP3ddogQR&uuid=zKtSrRYm4kaWyr%2Bd1VizDOPl3GLIqGWY2OYQ3F90TPvpz2%2B9W6xYEw%3D%3D&mac=&sm=1&aid=2ghem9U6A43DQimZ62qFw%2BmWO%2FXdZ9Pf&duid=&model=6
02-01 16:14:58.869 17524 17524 I Atfwd_Sendcmd: AtCmdFwd service not ready - Exhausted retry attempts - :6
02-01 16:14:58.871 17524 17524 I Atfwd_Daemon: result : -1 	 ,Init step :2 	 ,qmiErrorCode: 0
02-01 16:15:07.709 18821 18821 I Radio-JNI: register_android_hardware_Radio DONE
