--------- beginning of main
01-14 23:29:26.074 28840 28840 I ServiceManager: Waiting for service AtCmdFwd...
01-14 23:29:27.076 28840 28840 I ServiceManager: Waiting for service AtCmdFwd...
01-14 23:29:28.079 28840 28840 I ServiceManager: Waiting for service AtCmdFwd...
01-14 23:29:29.081 28840 28840 I ServiceManager: Waiting for service AtCmdFwd...
01-14 23:29:30.084 28840 28840 I ServiceManager: Waiting for service AtCmdFwd...
01-14 23:29:31.086 28840 28840 W Atfwd_Sendcmd: AtCmdFwd service not published, waiting... retryCnt : 1
01-14 23:29:36.088 28840 28840 I ServiceManager: Waiting for service AtCmdFwd...
01-14 23:29:37.090 28840 28840 I ServiceManager: Waiting for service AtCmdFwd...
01-14 23:29:38.093 28840 28840 I ServiceManager: Waiting for service AtCmdFwd...
01-14 23:29:39.095 28840 28840 I ServiceManager: Waiting for service AtCmdFwd...
01-14 23:29:40.097 28840 28840 I ServiceManager: Waiting for service AtCmdFwd...
01-14 23:29:41.098 28840 28840 W Atfwd_Sendcmd: AtCmdFwd service not published, waiting... retryCnt : 2
01-14 23:29:51.101 28840 28840 I ServiceManager: Waiting for service AtCmdFwd...
01-14 23:29:52.104 28840 28840 I ServiceManager: Waiting for service AtCmdFwd...
01-14 23:29:53.106 28840 28840 I ServiceManager: Waiting for service AtCmdFwd...
01-14 23:29:54.108 28840 28840 I ServiceManager: Waiting for service AtCmdFwd...
01-14 23:29:55.110 28840 28840 I ServiceManager: Waiting for service AtCmdFwd...
01-14 23:29:56.112 28840 28840 W Atfwd_Sendcmd: AtCmdFwd service not published, waiting... retryCnt : 3
01-14 23:30:11.114 28840 28840 I ServiceManager: Waiting for service AtCmdFwd...
01-14 23:30:12.117 28840 28840 I ServiceManager: Waiting for service AtCmdFwd...
01-14 23:30:13.119 28840 28840 I ServiceManager: Waiting for service AtCmdFwd...
01-14 23:30:14.120 28840 28840 I ServiceManager: Waiting for service AtCmdFwd...
01-14 23:30:15.121 28840 28840 I ServiceManager: Waiting for service AtCmdFwd...
01-14 23:30:16.122 28840 28840 W Atfwd_Sendcmd: AtCmdFwd service not published, waiting... retryCnt : 4
01-14 23:30:36.125 28840 28840 I ServiceManager: Waiting for service AtCmdFwd...
01-14 23:30:37.127 28840 28840 I ServiceManager: Waiting for service AtCmdFwd...
01-14 23:30:38.129 28840 28840 I ServiceManager: Waiting for service AtCmdFwd...
01-14 23:30:39.131 28840 28840 I ServiceManager: Waiting for service AtCmdFwd...
01-14 23:30:40.133 28840 28840 I ServiceManager: Waiting for service AtCmdFwd...
01-14 23:30:41.134 28840 28840 W Atfwd_Sendcmd: AtCmdFwd service not published, waiting... retryCnt : 5
01-14 23:31:06.136 28840 28840 I Atfwd_Sendcmd: AtCmdFwd service not ready - Exhausted retry attempts - :6
01-14 23:31:06.136 28840 28840 I Atfwd_Daemon: result : -1 	 ,Init step :2 	 ,qmiErrorCode: 0
01-14 23:31:26.138 28840 28840 I ServiceManager: Waiting for service AtCmdFwd...
01-14 23:31:27.140 28840 28840 I ServiceManager: Waiting for service AtCmdFwd...
01-14 23:31:28.143 28840 28840 I ServiceManager: Waiting for service AtCmdFwd...
01-14 23:31:29.145 28840 28840 I ServiceManager: Waiting for service AtCmdFwd...
01-14 23:31:30.147 28840 28840 I ServiceManager: Waiting for service AtCmdFwd...
01-14 23:31:31.148 28840 28840 W Atfwd_Sendcmd: AtCmdFwd service not published, waiting... retryCnt : 1
01-14 23:31:36.150 28840 28840 I ServiceManager: Waiting for service AtCmdFwd...
01-14 23:31:37.153 28840 28840 I ServiceManager: Waiting for service AtCmdFwd...
01-14 23:31:38.155 28840 28840 I ServiceManager: Waiting for service AtCmdFwd...
01-14 23:31:39.157 28840 28840 I ServiceManager: Waiting for service AtCmdFwd...
01-14 23:31:40.159 28840 28840 I ServiceManager: Waiting for service AtCmdFwd...
01-14 23:31:41.161 28840 28840 W Atfwd_Sendcmd: AtCmdFwd service not published, waiting... retryCnt : 2
01-14 23:31:51.163 28840 28840 I ServiceManager: Waiting for service AtCmdFwd...
01-14 23:31:52.165 28840 28840 I ServiceManager: Waiting for service AtCmdFwd...
01-14 23:31:53.167 28840 28840 I ServiceManager: Waiting for service AtCmdFwd...
01-14 23:31:54.169 28840 28840 I ServiceManager: Waiting for service AtCmdFwd...
01-14 23:31:55.173 28840 28840 I ServiceManager: Waiting for service AtCmdFwd...
01-14 23:31:56.175 28840 28840 W Atfwd_Sendcmd: AtCmdFwd service not published, waiting... retryCnt : 3
01-14 23:32:11.177 28840 28840 I ServiceManager: Waiting for service AtCmdFwd...
01-14 23:32:12.179 28840 28840 I ServiceManager: Waiting for service AtCmdFwd...
01-14 23:32:13.181 28840 28840 I ServiceManager: Waiting for service AtCmdFwd...
01-14 23:32:14.184 28840 28840 I ServiceManager: Waiting for service AtCmdFwd...
01-14 23:32:15.186 28840 28840 I ServiceManager: Waiting for service AtCmdFwd...
01-14 23:32:16.187 28840 28840 W Atfwd_Sendcmd: AtCmdFwd service not published, waiting... retryCnt : 4
01-14 23:32:36.189 28840 28840 I ServiceManager: Waiting for service AtCmdFwd...
01-14 23:32:37.191 28840 28840 I ServiceManager: Waiting for service AtCmdFwd...
01-14 23:32:38.194 28840 28840 I ServiceManager: Waiting for service AtCmdFwd...
01-14 23:32:39.196 28840 28840 I ServiceManager: Waiting for service AtCmdFwd...
01-14 23:32:40.198 28840 28840 I ServiceManager: Waiting for service AtCmdFwd...
01-14 23:32:41.199 28840 28840 W Atfwd_Sendcmd: AtCmdFwd service not published, waiting... retryCnt : 5
01-14 23:33:06.201 28840 28840 I Atfwd_Sendcmd: AtCmdFwd service not ready - Exhausted retry attempts - :6
01-14 23:33:06.201 28840 28840 I Atfwd_Daemon: result : -1 	 ,Init step :2 	 ,qmiErrorCode: 0
01-14 23:33:31.212 28840 28842 E QC-QMI  : qmi_client [28840] b4: failed to locate client data
01-14 23:33:31.214   524   524 E QC-QMI  : qmuxd: RX on fd=18 returned error=0 errno[2:No such file or directory]
01-14 23:33:31.214   524   524 E QC-QMI  : QMUX qmux_client_id=b4 not found in qmux client list, unable to remove
01-14 23:33:31.217 28840 28840 I Atfwd_Daemon: Stop the daemon....
01-14 23:33:31.242 29053 29053 W ATFWD-daemon: type=1400 audit(0.0:273): avc: denied { read write } for name="diag" dev="tmpfs" ino=1221 scontext=u:r:atfwd:s0 tcontext=u:object_r:diag_device:s0 tclass=chr_file permissive=0
01-14 23:33:31.260 29053 29053 I libmdmdetect: ESOC framework not supported
01-14 23:33:31.261 29053 29053 I libmdmdetect: Found internal modem: modem
01-14 23:33:31.262 29053 29053 E Diag_Lib:  Diag_LSM_Init: Failed to open handle to diag driver, error = 13
01-14 23:33:31.269 29053 29053 I Atfwd_Daemon: result : 255 	 ,Init step :0 	 ,qmiErrorCode: 0
01-14 23:33:31.269 29053 29053 I Atfwd_Daemon: result : 0 	 ,Init step :1 	 ,qmiErrorCode: 0
01-14 23:33:31.271 29053 29053 I ServiceManager: Waiting for service AtCmdFwd...
01-14 23:33:32.276 29053 29053 I ServiceManager: Waiting for service AtCmdFwd...
01-14 23:33:33.278 29053 29053 I ServiceManager: Waiting for service AtCmdFwd...
01-14 23:33:34.280 29053 29053 I ServiceManager: Waiting for service AtCmdFwd...
01-14 23:33:35.283 29053 29053 I ServiceManager: Waiting for service AtCmdFwd...
01-14 23:33:36.284 29053 29053 W Atfwd_Sendcmd: AtCmdFwd service not published, waiting... retryCnt : 1
01-14 23:33:41.286 29053 29053 I ServiceManager: Waiting for service AtCmdFwd...
01-14 23:33:42.288 29053 29053 I ServiceManager: Waiting for service AtCmdFwd...
01-14 23:33:43.290 29053 29053 I ServiceManager: Waiting for service AtCmdFwd...
01-14 23:33:44.293 29053 29053 I ServiceManager: Waiting for service AtCmdFwd...
01-14 23:33:45.295 29053 29053 I ServiceManager: Waiting for service AtCmdFwd...
01-14 23:33:46.297 29053 29053 W Atfwd_Sendcmd: AtCmdFwd service not published, waiting... retryCnt : 2
01-14 23:33:51.005   762   946 E surfboard: (0x000002B3) on_tcp_write remote error -32 broken pipe
--------- beginning of system
01-14 23:33:56.299 29053 29053 I ServiceManager: Waiting for service AtCmdFwd...
01-14 23:33:57.301 29053 29053 I ServiceManager: Waiting for service AtCmdFwd...
01-14 23:33:58.303 29053 29053 I ServiceManager: Waiting for service AtCmdFwd...
01-14 23:33:59.304 29053 29053 I ServiceManager: Waiting for service AtCmdFwd...
01-14 23:34:00.305 29053 29053 I ServiceManager: Waiting for service AtCmdFwd...
01-14 23:34:01.307 29053 29053 W Atfwd_Sendcmd: AtCmdFwd service not published, waiting... retryCnt : 3
01-14 23:34:16.309 29053 29053 I ServiceManager: Waiting for service AtCmdFwd...
01-14 23:34:17.310 29053 29053 I ServiceManager: Waiting for service AtCmdFwd...
01-14 23:34:18.312 29053 29053 I ServiceManager: Waiting for service AtCmdFwd...
01-14 23:34:19.315 29053 29053 I ServiceManager: Waiting for service AtCmdFwd...
01-14 23:34:20.317 29053 29053 I ServiceManager: Waiting for service AtCmdFwd...
01-14 23:34:21.319 29053 29053 W Atfwd_Sendcmd: AtCmdFwd service not published, waiting... retryCnt : 4
01-14 23:34:41.321 29053 29053 I ServiceManager: Waiting for service AtCmdFwd...
01-14 23:34:42.323 29053 29053 I ServiceManager: Waiting for service AtCmdFwd...
01-14 23:34:43.325 29053 29053 I ServiceManager: Waiting for service AtCmdFwd...
01-14 23:34:44.327 29053 29053 I ServiceManager: Waiting for service AtCmdFwd...
01-14 23:34:45.330 29053 29053 I ServiceManager: Waiting for service AtCmdFwd...
01-14 23:34:46.331 29053 29053 W Atfwd_Sendcmd: AtCmdFwd service not published, waiting... retryCnt : 5
01-14 23:35:11.333 29053 29053 I Atfwd_Sendcmd: AtCmdFwd service not ready - Exhausted retry attempts - :6
01-14 23:35:11.333 29053 29053 I Atfwd_Daemon: result : -1 	 ,Init step :2 	 ,qmiErrorCode: 0
01-14 23:35:16.335 29053 29053 I ServiceManager: Waiting for service AtCmdFwd...
01-14 23:35:17.337 29053 29053 I ServiceManager: Waiting for service AtCmdFwd...
01-14 23:35:18.339 29053 29053 I ServiceManager: Waiting for service AtCmdFwd...
01-14 23:35:19.341 29053 29053 I ServiceManager: Waiting for service AtCmdFwd...
01-14 23:35:20.343 29053 29053 I ServiceManager: Waiting for service AtCmdFwd...
01-14 23:35:21.345 29053 29053 W Atfwd_Sendcmd: AtCmdFwd service not published, waiting... retryCnt : 1
01-14 23:35:23.535  3099  3099 I wpa_supplicant: wlan0: WPA: Group rekeying completed with 24:4b:fe:67:36:94 [GTK=CCMP]
01-14 23:35:26.347 29053 29053 I ServiceManager: Waiting for service AtCmdFwd...
01-14 23:35:27.349 29053 29053 I ServiceManager: Waiting for service AtCmdFwd...
01-14 23:35:28.351 29053 29053 I ServiceManager: Waiting for service AtCmdFwd...
01-14 23:35:29.354 29053 29053 I ServiceManager: Waiting for service AtCmdFwd...
01-14 23:35:30.357 29053 29053 I ServiceManager: Waiting for service AtCmdFwd...
01-14 23:35:31.358 29053 29053 W Atfwd_Sendcmd: AtCmdFwd service not published, waiting... retryCnt : 2
01-14 23:35:41.360 29053 29053 I ServiceManager: Waiting for service AtCmdFwd...
01-14 23:35:42.363 29053 29053 I ServiceManager: Waiting for service AtCmdFwd...
01-14 23:35:43.365 29053 29053 I ServiceManager: Waiting for service AtCmdFwd...
01-14 23:35:44.367 29053 29053 I ServiceManager: Waiting for service AtCmdFwd...
01-14 23:35:45.369 29053 29053 I ServiceManager: Waiting for service AtCmdFwd...
01-14 23:35:46.371 29053 29053 W Atfwd_Sendcmd: AtCmdFwd service not published, waiting... retryCnt : 3
01-14 23:36:01.374 29053 29053 I ServiceManager: Waiting for service AtCmdFwd...
01-14 23:36:02.376 29053 29053 I ServiceManager: Waiting for service AtCmdFwd...
01-14 23:36:03.379 29053 29053 I ServiceManager: Waiting for service AtCmdFwd...
01-14 23:36:04.381 29053 29053 I ServiceManager: Waiting for service AtCmdFwd...
01-14 23:36:05.384 29053 29053 I ServiceManager: Waiting for service AtCmdFwd...
01-14 23:36:06.385 29053 29053 W Atfwd_Sendcmd: AtCmdFwd service not published, waiting... retryCnt : 4
01-14 23:36:26.387 29053 29053 I ServiceManager: Waiting for service AtCmdFwd...
01-14 23:36:27.389 29053 29053 I ServiceManager: Waiting for service AtCmdFwd...
01-14 23:36:28.391 29053 29053 I ServiceManager: Waiting for service AtCmdFwd...
01-14 23:36:29.394 29053 29053 I ServiceManager: Waiting for service AtCmdFwd...
01-14 23:36:30.396 29053 29053 I ServiceManager: Waiting for service AtCmdFwd...
01-14 23:36:31.397 29053 29053 W Atfwd_Sendcmd: AtCmdFwd service not published, waiting... retryCnt : 5
01-14 23:36:56.399 29053 29053 I Atfwd_Sendcmd: AtCmdFwd service not ready - Exhausted retry attempts - :6
01-14 23:36:56.399 29053 29053 I Atfwd_Daemon: result : -1 	 ,Init step :2 	 ,qmiErrorCode: 0
01-14 23:37:06.401 29053 29053 I ServiceManager: Waiting for service AtCmdFwd...
01-14 23:37:07.403 29053 29053 I ServiceManager: Waiting for service AtCmdFwd...
01-14 23:37:08.405 29053 29053 I ServiceManager: Waiting for service AtCmdFwd...
01-14 23:37:09.407 29053 29053 I ServiceManager: Waiting for service AtCmdFwd...
01-14 23:37:10.410 29053 29053 I ServiceManager: Waiting for service AtCmdFwd...
01-14 23:37:11.411 29053 29053 W Atfwd_Sendcmd: AtCmdFwd service not published, waiting... retryCnt : 1
01-14 23:37:16.414 29053 29053 I ServiceManager: Waiting for service AtCmdFwd...
01-14 23:37:17.417 29053 29053 I ServiceManager: Waiting for service AtCmdFwd...
01-14 23:37:18.419 29053 29053 I ServiceManager: Waiting for service AtCmdFwd...
01-14 23:37:19.421 29053 29053 I ServiceManager: Waiting for service AtCmdFwd...
01-14 23:37:20.423 29053 29053 I ServiceManager: Waiting for service AtCmdFwd...
01-14 23:37:21.425 29053 29053 W Atfwd_Sendcmd: AtCmdFwd service not published, waiting... retryCnt : 2
01-14 23:37:31.426 29053 29053 I ServiceManager: Waiting for service AtCmdFwd...
01-14 23:37:32.429 29053 29053 I ServiceManager: Waiting for service AtCmdFwd...
01-14 23:37:33.431 29053 29053 I ServiceManager: Waiting for service AtCmdFwd...
01-14 23:37:34.434 29053 29053 I ServiceManager: Waiting for service AtCmdFwd...
01-14 23:37:35.436 29053 29053 I ServiceManager: Waiting for service AtCmdFwd...
01-14 23:37:36.438 29053 29053 W Atfwd_Sendcmd: AtCmdFwd service not published, waiting... retryCnt : 3
01-14 23:37:51.440 29053 29053 I ServiceManager: Waiting for service AtCmdFwd...
01-14 23:37:52.442 29053 29053 I ServiceManager: Waiting for service AtCmdFwd...
01-14 23:37:53.450 29053 29053 I ServiceManager: Waiting for service AtCmdFwd...
01-14 23:37:54.451 29053 29053 I ServiceManager: Waiting for service AtCmdFwd...
01-14 23:37:55.453 29053 29053 I ServiceManager: Waiting for service AtCmdFwd...
01-14 23:37:56.455 29053 29053 W Atfwd_Sendcmd: AtCmdFwd service not published, waiting... retryCnt : 4
01-14 23:38:16.457 29053 29053 I ServiceManager: Waiting for service AtCmdFwd...
01-14 23:38:17.459 29053 29053 I ServiceManager: Waiting for service AtCmdFwd...
01-14 23:38:18.461 29053 29053 I ServiceManager: Waiting for service AtCmdFwd...
01-14 23:38:19.462 29053 29053 I ServiceManager: Waiting for service AtCmdFwd...
01-14 23:38:20.464 29053 29053 I ServiceManager: Waiting for service AtCmdFwd...
01-14 23:38:21.464 29053 29053 W Atfwd_Sendcmd: AtCmdFwd service not published, waiting... retryCnt : 5
01-14 23:38:24.682  3099  3099 I wpa_supplicant: wlan0: CTRL-EVENT-DISCONNECTED bssid=24:4b:fe:67:36:94 reason=0
01-14 23:38:24.786  3099  3099 I wpa_supplicant: p2p-dev-wlan0: CTRL-EVENT-REGDOM-CHANGE init=CORE type=WORLD
01-14 23:38:24.788   921  2849 E WifiConfigStore: saveWifiConfigBSSID Setting BSSID for "ASUS_90_5G"WPA_PSK to any
01-14 23:38:24.916   921  2849 E native  : do suspend true
01-14 23:38:24.944   762   946 W surfboard: (0x000002BF) [] on_tcp_read remote connection timed out
01-14 23:38:24.961   539   539 E Parcel  : Reading a NULL string not supported here.
01-14 23:38:24.968  3373  3527 W QCNEJ   : |CORE| network lost: 153
01-14 23:38:24.970  3373  3527 W QCNEJ   : |CORE| onLost: unbind the process to WIFI
01-14 23:38:25.026  4931  4955 E SarUtils: getCurrentMCC,the netWorkOperator is invalid
01-14 23:38:25.027  4931  4955 I SarControlServiceFlow: resetSARRuleDataList, the sar rule has been switched to boot mode
01-14 23:38:25.027  4931  4955 I SarControlServiceFlow: getSARControlOperation:searchKey is -1,-1,0,0,0,0,0
01-14 23:38:25.027  4931  4955 E SarControlService: no key has been found,reset the power
01-14 23:38:25.027  4931  4981 I QcRilHookFlow: invoke the qcRilSetSarDsi method,power:0
01-14 23:38:25.029  3740  3740 I SystemUpdateService: receiver: Intent { act=android.net.conn.CONNECTIVITY_CHANGE flg=0x4000010 cmp=com.google.android.gms/.update.SystemUpdateService$ActiveReceiver (has extras) }
01-14 23:38:25.030  4931  4981 I QcRilHookFlow: invoke the qcRilSetSarWifiTxPower method,power:127
01-14 23:38:25.046  3740 29113 I SystemUpdateService: active receiver: enabled
01-14 23:38:25.050  3740  3740 I iu.Environment: update connectivity state; isNetworkMetered? false, isRoaming? false, isBackgroundDataAllowed? false*
01-14 23:38:25.055  3740  5554 I iu.UploadsManager: num queued entries: 0
01-14 23:38:25.056  3740  5554 I iu.UploadsManager: num updated entries: 0
01-14 23:38:25.056  3740  5554 I iu.SyncManager: NEXT; no task
01-14 23:38:25.060  3740  3740 I Kids    : [GCoreUtils] Current gmscore version, 8186448 is smaller than the required version 8400000
01-14 23:38:25.061   512   920 E Netd    : netlink response contains error (No such file or directory)
01-14 23:38:25.062   921  2851 E ConnectivityService: EVENT_NETWORK_INFO_CHANGED from unknown NetworkAgent
01-14 23:38:25.074  3740 29113 I SystemUpdateService: showing system update notification
01-14 23:38:25.078  9511 29116 I Babel   : connection state changed from CONNECTED to DISCONNECTED
01-14 23:38:27.097   762   946 E surfboard: (0x000002C1) on_udp_sent error -101 ENETUNREACH network is unreachable
01-14 23:38:27.106   762   946 E surfboard: (0x000002C2) on_udp_sent error -101 ENETUNREACH network is unreachable
01-14 23:38:27.112   762   946 E surfboard: (0x000002C3) on_udp_sent error -101 ENETUNREACH network is unreachable
01-14 23:38:27.120   762   946 E surfboard: (0x000002C4) on_udp_sent error -101 ENETUNREACH network is unreachable
01-14 23:38:27.127   762   946 E surfboard: (0x000002C5) on_udp_sent error -101 ENETUNREACH network is unreachable
01-14 23:38:27.134   762   946 E surfboard: (0x000002C6) on_udp_sent error -101 ENETUNREACH network is unreachable
01-14 23:38:27.141   762   946 E surfboard: (0x000002C7) on_udp_sent error -101 ENETUNREACH network is unreachable
01-14 23:38:27.147   762   946 E surfboard: (0x000002C8) on_udp_sent error -101 ENETUNREACH network is unreachable
01-14 23:38:27.154   762   946 E surfboard: (0x000002C9) on_udp_sent error -101 ENETUNREACH network is unreachable
01-14 23:38:27.161   762   946 E surfboard: (0x000002CA) on_udp_sent error -101 ENETUNREACH network is unreachable
01-14 23:38:27.168   762   946 E surfboard: (0x000002CB) on_udp_sent error -101 ENETUNREACH network is unreachable
01-14 23:38:27.175   762   946 E surfboard: (0x000002CC) on_udp_sent error -101 ENETUNREACH network is unreachable
01-14 23:38:27.182   762   946 E surfboard: (0x000002CD) on_udp_sent error -101 ENETUNREACH network is unreachable
01-14 23:38:27.190   762   946 E surfboard: (0x000002CE) on_udp_sent error -101 ENETUNREACH network is unreachable
01-14 23:38:27.197   762   946 E surfboard: (0x000002CF) on_udp_sent error -101 ENETUNREACH network is unreachable
01-14 23:38:27.205   762   946 E surfboard: (0x000002D0) on_udp_sent error -101 ENETUNREACH network is unreachable
01-14 23:38:27.212   762   946 E surfboard: (0x000002D1) on_udp_sent error -101 ENETUNREACH network is unreachable
01-14 23:38:27.219   762   946 E surfboard: (0x000002D2) on_udp_sent error -101 ENETUNREACH network is unreachable
01-14 23:38:27.227   762   946 E surfboard: (0x000002D3) on_udp_sent error -101 ENETUNREACH network is unreachable
01-14 23:38:27.236   762   946 E surfboard: (0x000002D4) on_udp_sent error -101 ENETUNREACH network is unreachable
01-14 23:38:27.244   762   946 E surfboard: (0x000002D5) on_udp_sent error -101 ENETUNREACH network is unreachable
01-14 23:38:27.252   762   946 E surfboard: (0x000002D6) on_udp_sent error -101 ENETUNREACH network is unreachable
01-14 23:38:27.260   762   946 E surfboard: (0x000002D7) on_udp_sent error -101 ENETUNREACH network is unreachable
01-14 23:38:27.268   762   946 E surfboard: (0x000002D8) on_udp_sent error -101 ENETUNREACH network is unreachable
01-14 23:38:27.269   762 29121 W System.err: java.net.UnknownHostException: Unable to resolve host "gzdata1.fc-streaming.xyz": No address associated with hostname
01-14 23:38:27.269   762 29121 W System.err: 	at java.net.InetAddress.lookupHostByName(InetAddress.java:470)
01-14 23:38:27.269   762 29121 W System.err: 	at java.net.InetAddress.getAllByNameImpl(InetAddress.java:252)
01-14 23:38:27.270   762 29121 W System.err: 	at java.net.InetAddress.getAllByName(InetAddress.java:215)
01-14 23:38:27.270   762 29121 W System.err: 	at l0.z.run(R8$$SyntheticClass:49)
01-14 23:38:27.270   762 29121 W System.err: 	at java.util.concurrent.Executors$RunnableAdapter.call(Executors.java:423)
01-14 23:38:27.270   762 29121 W System.err: 	at java.util.concurrent.FutureTask.run(FutureTask.java:237)
01-14 23:38:27.270   762 29121 W System.err: 	at java.util.concurrent.ThreadPoolExecutor.runWorker(ThreadPoolExecutor.java:1113)
01-14 23:38:27.270   762 29121 W System.err: 	at java.util.concurrent.ThreadPoolExecutor$Worker.run(ThreadPoolExecutor.java:588)
01-14 23:38:27.270   762 29121 W System.err: 	at java.lang.Thread.run(Thread.java:818)
01-14 23:38:27.270   762 29121 W System.err: Caused by: android.system.GaiException: android_getaddrinfo failed: EAI_NODATA (No address associated with hostname)
01-14 23:38:27.270   762 29121 W System.err: 	at libcore.io.Posix.android_getaddrinfo(Native Method)
01-14 23:38:27.270   762 29121 W System.err: 	at libcore.io.ForwardingOs.android_getaddrinfo(ForwardingOs.java:55)
01-14 23:38:27.270   762 29121 W System.err: 	at java.net.InetAddress.lookupHostByName(InetAddress.java:451)
01-14 23:38:27.270   762 29121 W System.err: 	... 8 more
01-14 23:38:27.270   762   946 E surfboard: proxy_host_dns_query_failure: resolve proxy host failed gzdata1.fc-streaming.xyz
01-14 23:38:28.466  3099  3099 I wpa_supplicant: p2p-dev-wlan0: CTRL-EVENT-REGDOM-CHANGE init=BEACON_HINT type=UNKNOWN
01-14 23:38:28.571  3099  3099 I wpa_supplicant: wlan0: Trying to associate with SSID 'ASUS_90_5G'
01-14 23:38:29.299  3099  3099 I wpa_supplicant: wlan0: Associated with 24:4b:fe:67:36:94
01-14 23:38:29.344  3099  3099 I wpa_supplicant: wlan0: WPA: Key negotiation completed with 24:4b:fe:67:36:94 [PTK=CCMP GTK=CCMP]
01-14 23:38:29.345  3099  3099 I wpa_supplicant: wlan0: CTRL-EVENT-CONNECTED - Connection to 24:4b:fe:67:36:94 completed [id=2 id_str=]
01-14 23:38:29.351  3099  3099 I wpa_supplicant: p2p-dev-wlan0: CTRL-EVENT-REGDOM-CHANGE init=COUNTRY_IE type=COUNTRY alpha2=CN
01-14 23:38:29.356   921  2849 E WifiConfigStore: saveWifiConfigBSSID Setting BSSID for "ASUS_90_5G"WPA_PSK to any
01-14 23:38:29.372   921  2849 E WifiConfigStore: saveWifiConfigBSSID Setting BSSID for "ASUS_90_5G"WPA_PSK to any
01-14 23:38:29.507   921  2849 E native  : do suspend false
01-14 23:38:29.509  3099  3099 I wpa_supplicant: wlan0: WPA: Group rekeying completed with 24:4b:fe:67:36:94 [GTK=CCMP]
01-14 23:38:29.569   921  2849 E native  : do suspend true
01-14 23:38:29.607   921  2849 E WifiStateMachine: Did not find remoteAddress {192.168.50.1} in /proc/net/arp
01-14 23:38:29.652   921  2851 E ConnectivityService: Unexpected mtu value: 0, wlan0
01-14 23:38:29.745  3373  3527 W QCNEJ   : |CORE| network available: 154
01-14 23:38:29.747  3373  3527 W QCNEJ   : |CORE| onAvailable: bind the process to WIFI
01-14 23:38:29.748  3373  3527 W QCNEJ   : |CORE| newLp: {InterfaceName: wlan0 LinkAddresses: [fe80::aecf:85ff:feca:f7df/64,192.168.50.93/24,]  Routes: [fe80::/64 -> :: wlan0,192.168.50.0/24 -> 0.0.0.0 wlan0,0.0.0.0/0 -> 192.168.50.1 wlan0,] DnsAddresses: [192.168.50.1,] Domains: null MTU: 0 TcpBufferSizes: 524288,2097152,4194304,262144,524288,1048576}
01-14 23:38:29.748  3373  3527 W QCNEJ   : |CORE| curLp: {InterfaceName: wlan0 LinkAddresses: [fe80::aecf:85ff:feca:f7df/64,192.168.50.93/24,]  Routes: [fe80::/64 -> :: wlan0,192.168.50.0/24 -> 0.0.0.0 wlan0,0.0.0.0/0 -> 192.168.50.1 wlan0,] DnsAddresses: [192.168.50.1,] Domains: null MTU: 0}
01-14 23:38:29.773 22674 22771 I WorkerWrapper: Worker result SUCCESS for Work [ id=d34873cd-1e5c-4220-9c0c-53f241fd67b0, tags={ com.etsy.android.lib.logger.elk.uploading.ElkLogUploadWorker, elk-logs } ]
01-14 23:38:29.777  4931  4955 E SarUtils: getCurrentMCC,the netWorkOperator is invalid
01-14 23:38:29.777  4931  4955 I SarControlServiceFlow: resetSARRuleDataList, the sar rule has been switched to boot mode
01-14 23:38:29.777  4931  4955 I SarControlServiceFlow: getSARControlOperation:searchKey is -1,-1,0,0,1,0,0
01-14 23:38:29.777  4931  4955 E SarControlService: no key has been found,reset the power
01-14 23:38:29.777  4931  4981 I QcRilHookFlow: invoke the qcRilSetSarDsi method,power:0
01-14 23:38:29.780  4931  4981 I QcRilHookFlow: invoke the qcRilSetSarWifiTxPower method,power:127
01-14 23:38:29.794  3740  3740 I SystemUpdateService: receiver: Intent { act=android.net.conn.CONNECTIVITY_CHANGE flg=0x4000010 cmp=com.google.android.gms/.update.SystemUpdateService$ActiveReceiver (has extras) }
01-14 23:38:29.810  3740  3740 I iu.Environment: update connectivity state; isNetworkMetered? false, isRoaming? false, isBackgroundDataAllowed? true*
01-14 23:38:29.817  3740  5554 I iu.UploadsManager: num queued entries: 0
01-14 23:38:29.817  3740  5554 I iu.UploadsManager: num updated entries: 0
01-14 23:38:29.818  3740  5554 I iu.SyncManager: NEXT; no task
01-14 23:38:29.821  3740  3740 I Kids    : [GCoreUtils] Current gmscore version, 8186448 is smaller than the required version 8400000
01-14 23:38:29.830  3740 29145 I SystemUpdateService: active receiver: enabled
01-14 23:38:29.868  3740 29145 I SystemUpdateService: showing system update notification
01-14 23:38:29.941  9511 29149 I Babel   : connection state changed from DISCONNECTED to CONNECTED
01-14 23:38:46.466 29053 29053 I Atfwd_Sendcmd: AtCmdFwd service not ready - Exhausted retry attempts - :6
01-14 23:38:46.466 29053 29053 I Atfwd_Daemon: result : -1 	 ,Init step :2 	 ,qmiErrorCode: 0
01-14 23:38:58.679  3099  3099 I wpa_supplicant: wlan0: CTRL-EVENT-DISCONNECTED bssid=24:4b:fe:67:36:94 reason=0
01-14 23:38:58.797  3099  3099 I wpa_supplicant: p2p-dev-wlan0: CTRL-EVENT-REGDOM-CHANGE init=CORE type=WORLD
01-14 23:38:58.805   921  2849 E WifiConfigStore: saveWifiConfigBSSID Setting BSSID for "ASUS_90_5G"WPA_PSK to any
01-14 23:38:58.914   921  2849 E native  : do suspend true
01-14 23:38:58.953   762   946 W surfboard: (0x000002E6) [] on_tcp_read remote connection timed out
01-14 23:38:58.955   762   946 W surfboard: (0x000002E8) [] on_tcp_read remote connection timed out
01-14 23:38:58.956   762   946 W surfboard: (0x000002E7) [] on_tcp_read remote connection timed out
01-14 23:38:58.956   762   946 W surfboard: (0x000002E5) [] on_tcp_read remote connection timed out
01-14 23:38:58.957   762   946 W surfboard: (0x000002EB) [] on_tcp_read remote connection timed out
01-14 23:38:58.979   539   539 E Parcel  : Reading a NULL string not supported here.
01-14 23:38:58.991  3373  3527 W QCNEJ   : |CORE| network lost: 154
01-14 23:38:58.993  3373  3527 W QCNEJ   : |CORE| onLost: unbind the process to WIFI
01-14 23:38:59.046  4931  4955 E SarUtils: getCurrentMCC,the netWorkOperator is invalid
01-14 23:38:59.047  4931  4955 I SarControlServiceFlow: resetSARRuleDataList, the sar rule has been switched to boot mode
01-14 23:38:59.047  4931  4955 I SarControlServiceFlow: getSARControlOperation:searchKey is -1,-1,0,0,0,0,0
01-14 23:38:59.047  4931  4955 E SarControlService: no key has been found,reset the power
01-14 23:38:59.047  4931  4981 I QcRilHookFlow: invoke the qcRilSetSarDsi method,power:0
01-14 23:38:59.050  3740  3740 I SystemUpdateService: receiver: Intent { act=android.net.conn.CONNECTIVITY_CHANGE flg=0x4000010 cmp=com.google.android.gms/.update.SystemUpdateService$ActiveReceiver (has extras) }
01-14 23:38:59.051  4931  4981 I QcRilHookFlow: invoke the qcRilSetSarWifiTxPower method,power:127
01-14 23:38:59.070  3740 29175 I SystemUpdateService: active receiver: enabled
01-14 23:38:59.072  3740  3740 I iu.Environment: update connectivity state; isNetworkMetered? false, isRoaming? false, isBackgroundDataAllowed? false*
01-14 23:38:59.079  3740  5554 I iu.UploadsManager: num queued entries: 0
01-14 23:38:59.079  3740  5554 I iu.UploadsManager: num updated entries: 0
01-14 23:38:59.080  3740  5554 I iu.SyncManager: NEXT; no task
01-14 23:38:59.084  3740  3740 I Kids    : [GCoreUtils] Current gmscore version, 8186448 is smaller than the required version 8400000
01-14 23:38:59.090   512   920 E Netd    : netlink response contains error (No such file or directory)
01-14 23:38:59.090   921  2851 E ConnectivityService: EVENT_NETWORK_INFO_CHANGED from unknown NetworkAgent
01-14 23:38:59.099  3740 29175 I SystemUpdateService: showing system update notification
01-14 23:38:59.104  9511 29179 I Babel   : connection state changed from CONNECTED to DISCONNECTED
01-14 23:39:01.241   762   946 E surfboard: (0x000002ED) on_udp_sent error -101 ENETUNREACH network is unreachable
01-14 23:39:01.253   762   946 E surfboard: (0x000002EE) on_udp_sent error -101 ENETUNREACH network is unreachable
01-14 23:39:01.263   762   946 E surfboard: (0x000002EF) on_udp_sent error -101 ENETUNREACH network is unreachable
01-14 23:39:01.274   762   946 E surfboard: (0x000002F0) on_udp_sent error -101 ENETUNREACH network is unreachable
01-14 23:39:01.283   762   946 E surfboard: (0x000002F1) on_udp_sent error -101 ENETUNREACH network is unreachable
01-14 23:39:01.291   762   946 E surfboard: (0x000002F2) on_udp_sent error -101 ENETUNREACH network is unreachable
01-14 23:39:01.299   762   946 E surfboard: (0x000002F3) on_udp_sent error -101 ENETUNREACH network is unreachable
01-14 23:39:01.308   762   946 E surfboard: (0x000002F4) on_udp_sent error -101 ENETUNREACH network is unreachable
01-14 23:39:01.316   762   946 E surfboard: (0x000002F5) on_udp_sent error -101 ENETUNREACH network is unreachable
01-14 23:39:01.324   762   946 E surfboard: (0x000002F6) on_udp_sent error -101 ENETUNREACH network is unreachable
01-14 23:39:01.333   762   946 E surfboard: (0x000002F7) on_udp_sent error -101 ENETUNREACH network is unreachable
01-14 23:39:01.340   762   946 E surfboard: (0x000002F8) on_udp_sent error -101 ENETUNREACH network is unreachable
01-14 23:39:01.348   762   946 E surfboard: (0x000002F9) on_udp_sent error -101 ENETUNREACH network is unreachable
01-14 23:39:01.356   762   946 E surfboard: (0x000002FA) on_udp_sent error -101 ENETUNREACH network is unreachable
01-14 23:39:01.364   762   946 E surfboard: (0x000002FB) on_udp_sent error -101 ENETUNREACH network is unreachable
01-14 23:39:01.372   762   946 E surfboard: (0x000002FC) on_udp_sent error -101 ENETUNREACH network is unreachable
01-14 23:39:01.380   762   946 E surfboard: (0x000002FD) on_udp_sent error -101 ENETUNREACH network is unreachable
01-14 23:39:01.388   762   946 E surfboard: (0x000002FE) on_udp_sent error -101 ENETUNREACH network is unreachable
01-14 23:39:01.396   762   946 E surfboard: (0x000002FF) on_udp_sent error -101 ENETUNREACH network is unreachable
01-14 23:39:01.404   762   946 E surfboard: (0x00000300) on_udp_sent error -101 ENETUNREACH network is unreachable
01-14 23:39:01.412   762   946 E surfboard: (0x00000301) on_udp_sent error -101 ENETUNREACH network is unreachable
01-14 23:39:01.420   762   946 E surfboard: (0x00000302) on_udp_sent error -101 ENETUNREACH network is unreachable
01-14 23:39:01.429   762   946 E surfboard: (0x00000303) on_udp_sent error -101 ENETUNREACH network is unreachable
01-14 23:39:01.437   762   946 E surfboard: (0x00000304) on_udp_sent error -101 ENETUNREACH network is unreachable
01-14 23:39:01.438   762 29121 W System.err: java.net.UnknownHostException: Unable to resolve host "gzdata1.fc-streaming.xyz": No address associated with hostname
01-14 23:39:01.439   762 29121 W System.err: 	at java.net.InetAddress.lookupHostByName(InetAddress.java:470)
01-14 23:39:01.439   762 29121 W System.err: 	at java.net.InetAddress.getAllByNameImpl(InetAddress.java:252)
01-14 23:39:01.439   762 29121 W System.err: 	at java.net.InetAddress.getAllByName(InetAddress.java:215)
01-14 23:39:01.439   762 29121 W System.err: 	at l0.z.run(R8$$SyntheticClass:49)
01-14 23:39:01.439   762 29121 W System.err: 	at java.util.concurrent.Executors$RunnableAdapter.call(Executors.java:423)
01-14 23:39:01.439   762 29121 W System.err: 	at java.util.concurrent.FutureTask.run(FutureTask.java:237)
01-14 23:39:01.439   762 29121 W System.err: 	at java.util.concurrent.ThreadPoolExecutor.runWorker(ThreadPoolExecutor.java:1113)
01-14 23:39:01.439   762 29121 W System.err: 	at java.util.concurrent.ThreadPoolExecutor$Worker.run(ThreadPoolExecutor.java:588)
01-14 23:39:01.439   762 29121 W System.err: 	at java.lang.Thread.run(Thread.java:818)
01-14 23:39:01.439   762 29121 W System.err: Caused by: android.system.GaiException: android_getaddrinfo failed: EAI_NODATA (No address associated with hostname)
01-14 23:39:01.439   762 29121 W System.err: 	at libcore.io.Posix.android_getaddrinfo(Native Method)
01-14 23:39:01.439   762 29121 W System.err: 	at libcore.io.ForwardingOs.android_getaddrinfo(ForwardingOs.java:55)
01-14 23:39:01.439   762 29121 W System.err: 	at java.net.InetAddress.lookupHostByName(InetAddress.java:451)
01-14 23:39:01.439   762 29121 W System.err: 	... 8 more
01-14 23:39:01.440   762   946 E surfboard: proxy_host_dns_query_failure: resolve proxy host failed gzdata1.fc-streaming.xyz
01-14 23:39:01.467 29053 29053 I ServiceManager: Waiting for service AtCmdFwd...
01-14 23:39:02.469 29053 29053 I ServiceManager: Waiting for service AtCmdFwd...
01-14 23:39:02.589  3099  3099 I wpa_supplicant: wlan0: Trying to associate with SSID 'ASUS_90_5G'
01-14 23:39:03.395  3099  3099 I wpa_supplicant: wlan0: Associated with 24:4b:fe:67:36:94
01-14 23:39:03.406  3099  3099 I wpa_supplicant: p2p-dev-wlan0: CTRL-EVENT-REGDOM-CHANGE init=COUNTRY_IE type=COUNTRY alpha2=CN
01-14 23:39:03.428  3099  3099 I wpa_supplicant: wlan0: WPA: Key negotiation completed with 24:4b:fe:67:36:94 [PTK=CCMP GTK=CCMP]
01-14 23:39:03.429  3099  3099 I wpa_supplicant: wlan0: CTRL-EVENT-CONNECTED - Connection to 24:4b:fe:67:36:94 completed [id=2 id_str=]
01-14 23:39:03.442   921  2849 E WifiConfigStore: saveWifiConfigBSSID Setting BSSID for "ASUS_90_5G"WPA_PSK to any
01-14 23:39:03.457   921  2849 E WifiConfigStore: saveWifiConfigBSSID Setting BSSID for "ASUS_90_5G"WPA_PSK to any
01-14 23:39:03.470 29053 29053 I ServiceManager: Waiting for service AtCmdFwd...
01-14 23:39:03.494  3099  3099 I wpa_supplicant: wlan0: WPA: Group rekeying completed with 24:4b:fe:67:36:94 [GTK=CCMP]
01-14 23:39:03.593   921  2849 E native  : do suspend false
01-14 23:39:03.647   921  2849 E native  : do suspend true
01-14 23:39:03.690   921  2849 E WifiStateMachine: Did not find remoteAddress {192.168.50.1} in /proc/net/arp
01-14 23:39:03.727   921  2851 E ConnectivityService: Unexpected mtu value: 0, wlan0
01-14 23:39:03.805  3373  3527 W QCNEJ   : |CORE| network available: 155
01-14 23:39:03.807  3373  3527 W QCNEJ   : |CORE| onAvailable: bind the process to WIFI
01-14 23:39:03.809  3373  3527 W QCNEJ   : |CORE| newLp: {InterfaceName: wlan0 LinkAddresses: [fe80::aecf:85ff:feca:f7df/64,192.168.50.93/24,]  Routes: [fe80::/64 -> :: wlan0,192.168.50.0/24 -> 0.0.0.0 wlan0,0.0.0.0/0 -> 192.168.50.1 wlan0,] DnsAddresses: [192.168.50.1,] Domains: null MTU: 0 TcpBufferSizes: 524288,2097152,4194304,262144,524288,1048576}
01-14 23:39:03.810  3373  3527 W QCNEJ   : |CORE| curLp: {InterfaceName: wlan0 LinkAddresses: [fe80::aecf:85ff:feca:f7df/64,192.168.50.93/24,]  Routes: [fe80::/64 -> :: wlan0,192.168.50.0/24 -> 0.0.0.0 wlan0,0.0.0.0/0 -> 192.168.50.1 wlan0,] DnsAddresses: [192.168.50.1,] Domains: null MTU: 0}
01-14 23:39:03.821   762   946 E surfboard: (0x000002E4) on_tcp_write remote error -110 connection timed out
01-14 23:39:03.840  4931  4955 E SarUtils: getCurrentMCC,the netWorkOperator is invalid
01-14 23:39:03.840  4931  4955 I SarControlServiceFlow: resetSARRuleDataList, the sar rule has been switched to boot mode
01-14 23:39:03.840  4931  4955 I SarControlServiceFlow: getSARControlOperation:searchKey is -1,-1,0,0,1,0,0
01-14 23:39:03.840  4931  4955 E SarControlService: no key has been found,reset the power
01-14 23:39:03.840  4931  4981 I QcRilHookFlow: invoke the qcRilSetSarDsi method,power:0
01-14 23:39:03.843  4931  4981 I QcRilHookFlow: invoke the qcRilSetSarWifiTxPower method,power:127
01-14 23:39:03.857  3740  3740 I SystemUpdateService: receiver: Intent { act=android.net.conn.CONNECTIVITY_CHANGE flg=0x4000010 cmp=com.google.android.gms/.update.SystemUpdateService$ActiveReceiver (has extras) }
01-14 23:39:03.878  3740  3740 I iu.Environment: update connectivity state; isNetworkMetered? false, isRoaming? false, isBackgroundDataAllowed? true*
01-14 23:39:03.884  3740  5554 I iu.UploadsManager: num queued entries: 0
01-14 23:39:03.885  3740  5554 I iu.UploadsManager: num updated entries: 0
01-14 23:39:03.885  3740  5554 I iu.SyncManager: NEXT; no task
01-14 23:39:03.886  3740 29205 I SystemUpdateService: active receiver: enabled
01-14 23:39:03.890  3740  3740 I Kids    : [GCoreUtils] Current gmscore version, 8186448 is smaller than the required version 8400000
01-14 23:39:03.937  3740 29205 I SystemUpdateService: showing system update notification
01-14 23:39:04.013  9511 29209 I Babel   : connection state changed from DISCONNECTED to CONNECTED
01-14 23:39:04.472 29053 29053 I ServiceManager: Waiting for service AtCmdFwd...
01-14 23:39:05.474 29053 29053 I ServiceManager: Waiting for service AtCmdFwd...
01-14 23:39:06.419   762   946 W surfboard: tcp pair replaced, source port 45332 dest port 443
01-14 23:39:06.437   762   946 W surfboard: (0x0000030E) on_tcp_write_shutdown: UV_ENOTCONN, close tcp connection
01-14 23:39:06.475 29053 29053 W Atfwd_Sendcmd: AtCmdFwd service not published, waiting... retryCnt : 1
01-14 23:39:11.476 29053 29053 I ServiceManager: Waiting for service AtCmdFwd...
01-14 23:39:12.478 29053 29053 I ServiceManager: Waiting for service AtCmdFwd...
01-14 23:39:13.480 29053 29053 I ServiceManager: Waiting for service AtCmdFwd...
01-14 23:39:14.482 29053 29053 I ServiceManager: Waiting for service AtCmdFwd...
01-14 23:39:15.485 29053 29053 I ServiceManager: Waiting for service AtCmdFwd...
01-14 23:39:16.486 29053 29053 W Atfwd_Sendcmd: AtCmdFwd service not published, waiting... retryCnt : 2
01-14 23:39:19.599   921   930 I art     : Background partial concurrent mark sweep GC freed 200678(11MB) AllocSpace objects, 11(292KB) LOS objects, 30% free, 35MB/51MB, paused 1.057ms total 100.513ms
01-14 23:39:26.488 29053 29053 I ServiceManager: Waiting for service AtCmdFwd...
01-14 23:39:27.490 29053 29053 I ServiceManager: Waiting for service AtCmdFwd...
01-14 23:39:28.494 29053 29053 I ServiceManager: Waiting for service AtCmdFwd...
01-14 23:39:29.496 29053 29053 I ServiceManager: Waiting for service AtCmdFwd...
01-14 23:39:30.498 29053 29053 I ServiceManager: Waiting for service AtCmdFwd...
01-14 23:39:31.500 29053 29053 W Atfwd_Sendcmd: AtCmdFwd service not published, waiting... retryCnt : 3
01-14 23:39:46.502 29053 29053 I ServiceManager: Waiting for service AtCmdFwd...
01-14 23:39:47.504 29053 29053 I ServiceManager: Waiting for service AtCmdFwd...
01-14 23:39:48.506 29053 29053 I ServiceManager: Waiting for service AtCmdFwd...
01-14 23:39:49.508 29053 29053 I ServiceManager: Waiting for service AtCmdFwd...
01-14 23:39:50.510 29053 29053 I ServiceManager: Waiting for service AtCmdFwd...
01-14 23:39:51.512 29053 29053 W Atfwd_Sendcmd: AtCmdFwd service not published, waiting... retryCnt : 4
01-14 23:40:11.514 29053 29053 I ServiceManager: Waiting for service AtCmdFwd...
01-14 23:40:12.515 29053 29053 I ServiceManager: Waiting for service AtCmdFwd...
01-14 23:40:13.517 29053 29053 I ServiceManager: Waiting for service AtCmdFwd...
01-14 23:40:14.518 29053 29053 I ServiceManager: Waiting for service AtCmdFwd...
01-14 23:40:15.520 29053 29053 I ServiceManager: Waiting for service AtCmdFwd...
01-14 23:40:16.521 29053 29053 W Atfwd_Sendcmd: AtCmdFwd service not published, waiting... retryCnt : 5
01-14 23:40:41.523 29053 29053 I Atfwd_Sendcmd: AtCmdFwd service not ready - Exhausted retry attempts - :6
01-14 23:40:41.523 29053 29053 I Atfwd_Daemon: result : -1 	 ,Init step :2 	 ,qmiErrorCode: 0
01-14 23:41:01.525 29053 29053 I ServiceManager: Waiting for service AtCmdFwd...
01-14 23:41:02.527 29053 29053 I ServiceManager: Waiting for service AtCmdFwd...
01-14 23:41:03.529 29053 29053 I ServiceManager: Waiting for service AtCmdFwd...
01-14 23:41:04.532 29053 29053 I ServiceManager: Waiting for service AtCmdFwd...
01-14 23:41:05.534 29053 29053 I ServiceManager: Waiting for service AtCmdFwd...
01-14 23:41:06.535 29053 29053 W Atfwd_Sendcmd: AtCmdFwd service not published, waiting... retryCnt : 1
01-14 23:41:11.537 29053 29053 I ServiceManager: Waiting for service AtCmdFwd...
01-14 23:41:12.540 29053 29053 I ServiceManager: Waiting for service AtCmdFwd...
01-14 23:41:13.542 29053 29053 I ServiceManager: Waiting for service AtCmdFwd...
01-14 23:41:14.544 29053 29053 I ServiceManager: Waiting for service AtCmdFwd...
01-14 23:41:15.546 29053 29053 I ServiceManager: Waiting for service AtCmdFwd...
01-14 23:41:16.547 29053 29053 W Atfwd_Sendcmd: AtCmdFwd service not published, waiting... retryCnt : 2
01-14 23:41:26.550 29053 29053 I ServiceManager: Waiting for service AtCmdFwd...
01-14 23:41:27.552 29053 29053 I ServiceManager: Waiting for service AtCmdFwd...
01-14 23:41:28.554 29053 29053 I ServiceManager: Waiting for service AtCmdFwd...
01-14 23:41:29.556 29053 29053 I ServiceManager: Waiting for service AtCmdFwd...
01-14 23:41:30.558 29053 29053 I ServiceManager: Waiting for service AtCmdFwd...
01-14 23:41:31.560 29053 29053 W Atfwd_Sendcmd: AtCmdFwd service not published, waiting... retryCnt : 3
01-14 23:41:46.562 29053 29053 I ServiceManager: Waiting for service AtCmdFwd...
01-14 23:41:47.564 29053 29053 I ServiceManager: Waiting for service AtCmdFwd...
01-14 23:41:48.566 29053 29053 I ServiceManager: Waiting for service AtCmdFwd...
01-14 23:41:49.568 29053 29053 I ServiceManager: Waiting for service AtCmdFwd...
01-14 23:41:50.570 29053 29053 I ServiceManager: Waiting for service AtCmdFwd...
01-14 23:41:51.572 29053 29053 W Atfwd_Sendcmd: AtCmdFwd service not published, waiting... retryCnt : 4
01-14 23:42:11.573 29053 29053 I ServiceManager: Waiting for service AtCmdFwd...
01-14 23:42:12.575 29053 29053 I ServiceManager: Waiting for service AtCmdFwd...
01-14 23:42:13.577 29053 29053 I ServiceManager: Waiting for service AtCmdFwd...
01-14 23:42:14.579 29053 29053 I ServiceManager: Waiting for service AtCmdFwd...
01-14 23:42:15.581 29053 29053 I ServiceManager: Waiting for service AtCmdFwd...
01-14 23:42:16.583 29053 29053 W Atfwd_Sendcmd: AtCmdFwd service not published, waiting... retryCnt : 5
01-14 23:42:41.584 29053 29053 I Atfwd_Sendcmd: AtCmdFwd service not ready - Exhausted retry attempts - :6
01-14 23:42:41.585 29053 29053 I Atfwd_Daemon: result : -1 	 ,Init step :2 	 ,qmiErrorCode: 0
01-14 23:43:06.598 29053 29055 E QC-QMI  : qmi_client [29053] b5: failed to locate client data
01-14 23:43:06.600   524   524 E QC-QMI  : qmuxd: RX on fd=18 returned error=0 errno[2:No such file or directory]
01-14 23:43:06.600   524   524 E QC-QMI  : QMUX qmux_client_id=b5 not found in qmux client list, unable to remove
01-14 23:43:06.605 29053 29053 I Atfwd_Daemon: Stop the daemon....
01-14 23:43:06.641 29252 29252 I libmdmdetect: ESOC framework not supported
01-14 23:43:06.641 29252 29252 I libmdmdetect: Found internal modem: modem
01-14 23:43:06.622 29252 29252 W ATFWD-daemon: type=1400 audit(0.0:274): avc: denied { read write } for name="diag" dev="tmpfs" ino=1221 scontext=u:r:atfwd:s0 tcontext=u:object_r:diag_device:s0 tclass=chr_file permissive=0
01-14 23:43:06.643 29252 29252 E Diag_Lib:  Diag_LSM_Init: Failed to open handle to diag driver, error = 13
01-14 23:43:06.650 29252 29252 I Atfwd_Daemon: result : 255 	 ,Init step :0 	 ,qmiErrorCode: 0
01-14 23:43:06.651 29252 29252 I Atfwd_Daemon: result : 0 	 ,Init step :1 	 ,qmiErrorCode: 0
01-14 23:43:06.652 29252 29252 I ServiceManager: Waiting for service AtCmdFwd...
01-14 23:43:07.658 29252 29252 I ServiceManager: Waiting for service AtCmdFwd...
01-14 23:43:08.660 29252 29252 I ServiceManager: Waiting for service AtCmdFwd...
01-14 23:43:09.663 29252 29252 I ServiceManager: Waiting for service AtCmdFwd...
01-14 23:43:10.665 29252 29252 I ServiceManager: Waiting for service AtCmdFwd...
01-14 23:43:11.666 29252 29252 W Atfwd_Sendcmd: AtCmdFwd service not published, waiting... retryCnt : 1
01-14 23:43:16.668 29252 29252 I ServiceManager: Waiting for service AtCmdFwd...
01-14 23:43:17.670 29252 29252 I ServiceManager: Waiting for service AtCmdFwd...
01-14 23:43:18.673 29252 29252 I ServiceManager: Waiting for service AtCmdFwd...
01-14 23:43:19.675 29252 29252 I ServiceManager: Waiting for service AtCmdFwd...
01-14 23:43:20.677 29252 29252 I ServiceManager: Waiting for service AtCmdFwd...
01-14 23:43:21.679 29252 29252 W Atfwd_Sendcmd: AtCmdFwd service not published, waiting... retryCnt : 2
01-14 23:43:31.681 29252 29252 I ServiceManager: Waiting for service AtCmdFwd...
01-14 23:43:32.684 29252 29252 I ServiceManager: Waiting for service AtCmdFwd...
01-14 23:43:33.687 29252 29252 I ServiceManager: Waiting for service AtCmdFwd...
01-14 23:43:34.689 29252 29252 I ServiceManager: Waiting for service AtCmdFwd...
01-14 23:43:35.691 29252 29252 I ServiceManager: Waiting for service AtCmdFwd...
01-14 23:43:36.693 29252 29252 W Atfwd_Sendcmd: AtCmdFwd service not published, waiting... retryCnt : 3
01-14 23:43:51.695 29252 29252 I ServiceManager: Waiting for service AtCmdFwd...
01-14 23:43:52.696 29252 29252 I ServiceManager: Waiting for service AtCmdFwd...
01-14 23:43:53.697 29252 29252 I ServiceManager: Waiting for service AtCmdFwd...
01-14 23:43:54.698 29252 29252 I ServiceManager: Waiting for service AtCmdFwd...
01-14 23:43:55.700 29252 29252 I ServiceManager: Waiting for service AtCmdFwd...
01-14 23:43:56.700 29252 29252 W Atfwd_Sendcmd: AtCmdFwd service not published, waiting... retryCnt : 4
01-14 23:44:16.703 29252 29252 I ServiceManager: Waiting for service AtCmdFwd...
01-14 23:44:17.705 29252 29252 I ServiceManager: Waiting for service AtCmdFwd...
01-14 23:44:18.707 29252 29252 I ServiceManager: Waiting for service AtCmdFwd...
01-14 23:44:19.709 29252 29252 I ServiceManager: Waiting for service AtCmdFwd...
01-14 23:44:20.711 29252 29252 I ServiceManager: Waiting for service AtCmdFwd...
01-14 23:44:21.713 29252 29252 W Atfwd_Sendcmd: AtCmdFwd service not published, waiting... retryCnt : 5
01-14 23:44:46.714 29252 29252 I Atfwd_Sendcmd: AtCmdFwd service not ready - Exhausted retry attempts - :6
01-14 23:44:46.715 29252 29252 I Atfwd_Daemon: result : -1 	 ,Init step :2 	 ,qmiErrorCode: 0
01-14 23:44:51.716 29252 29252 I ServiceManager: Waiting for service AtCmdFwd...
01-14 23:44:52.719 29252 29252 I ServiceManager: Waiting for service AtCmdFwd...
01-14 23:44:53.720 29252 29252 I ServiceManager: Waiting for service AtCmdFwd...
01-14 23:44:54.722 29252 29252 I ServiceManager: Waiting for service AtCmdFwd...
01-14 23:44:55.724 29252 29252 I ServiceManager: Waiting for service AtCmdFwd...
01-14 23:44:56.726 29252 29252 W Atfwd_Sendcmd: AtCmdFwd service not published, waiting... retryCnt : 1
01-14 23:45:01.728 29252 29252 I ServiceManager: Waiting for service AtCmdFwd...
01-14 23:45:02.729 29252 29252 I ServiceManager: Waiting for service AtCmdFwd...
01-14 23:45:03.731 29252 29252 I ServiceManager: Waiting for service AtCmdFwd...
01-14 23:45:04.732 29252 29252 I ServiceManager: Waiting for service AtCmdFwd...
01-14 23:45:05.734 29252 29252 I ServiceManager: Waiting for service AtCmdFwd...
01-14 23:45:06.735 29252 29252 W Atfwd_Sendcmd: AtCmdFwd service not published, waiting... retryCnt : 2
01-14 23:45:16.737 29252 29252 I ServiceManager: Waiting for service AtCmdFwd...
01-14 23:45:17.739 29252 29252 I ServiceManager: Waiting for service AtCmdFwd...
01-14 23:45:18.741 29252 29252 I ServiceManager: Waiting for service AtCmdFwd...
01-14 23:45:19.743 29252 29252 I ServiceManager: Waiting for service AtCmdFwd...
01-14 23:45:20.745 29252 29252 I ServiceManager: Waiting for service AtCmdFwd...
01-14 23:45:21.747 29252 29252 W Atfwd_Sendcmd: AtCmdFwd service not published, waiting... retryCnt : 3
01-14 23:45:36.748 29252 29252 I ServiceManager: Waiting for service AtCmdFwd...
01-14 23:45:37.750 29252 29252 I ServiceManager: Waiting for service AtCmdFwd...
01-14 23:45:38.752 29252 29252 I ServiceManager: Waiting for service AtCmdFwd...
01-14 23:45:39.754 29252 29252 I ServiceManager: Waiting for service AtCmdFwd...
01-14 23:45:40.756 29252 29252 I ServiceManager: Waiting for service AtCmdFwd...
01-14 23:45:41.758 29252 29252 W Atfwd_Sendcmd: AtCmdFwd service not published, waiting... retryCnt : 4
01-14 23:46:01.760 29252 29252 I ServiceManager: Waiting for service AtCmdFwd...
01-14 23:46:02.764 29252 29252 I ServiceManager: Waiting for service AtCmdFwd...
01-14 23:46:03.765 29252 29252 I ServiceManager: Waiting for service AtCmdFwd...
01-14 23:46:04.766 29252 29252 I ServiceManager: Waiting for service AtCmdFwd...
01-14 23:46:05.768 29252 29252 I ServiceManager: Waiting for service AtCmdFwd...
01-14 23:46:06.769 29252 29252 W Atfwd_Sendcmd: AtCmdFwd service not published, waiting... retryCnt : 5
01-14 23:46:31.770 29252 29252 I Atfwd_Sendcmd: AtCmdFwd service not ready - Exhausted retry attempts - :6
01-14 23:46:31.770 29252 29252 I Atfwd_Daemon: result : -1 	 ,Init step :2 	 ,qmiErrorCode: 0
01-14 23:46:41.772 29252 29252 I ServiceManager: Waiting for service AtCmdFwd...
01-14 23:46:42.774 29252 29252 I ServiceManager: Waiting for service AtCmdFwd...
