--------- beginning of main
12-27 22:22:48.320  2095  2095 I GAv4-SVC: Google Analytics 202.4.14 is starting up.
12-27 22:22:48.743  2974  2974 E cutils-trace: Error opening trace file: No such file or directory (2)
12-27 22:22:48.752  2974  2974 E memtrack: Couldn't load memtrack module (No such file or directory)
12-27 22:22:48.752  2974  2974 E android.os.Debug: failed to load memtrack module: -2
12-27 22:22:48.753  2974  2974 I Radio-JNI: register_android_hardware_Radio DONE
12-27 22:22:49.036  2982  2982 E cutils-trace: Error opening trace file: No such file or directory (2)
12-27 22:22:49.044  2982  2982 E memtrack: Couldn't load memtrack module (No such file or directory)
12-27 22:22:49.044  2982  2982 E android.os.Debug: failed to load memtrack module: -2
12-27 22:22:49.045  2982  2982 I Radio-JNI: register_android_hardware_Radio DONE
12-27 22:22:49.430  3006  3006 E cutils-trace: Error opening trace file: No such file or directory (2)
12-27 22:22:49.439  3006  3006 E memtrack: Couldn't load memtrack module (No such file or directory)
12-27 22:22:49.439  3006  3006 E android.os.Debug: failed to load memtrack module: -2
12-27 22:22:49.439  3006  3006 I Radio-JNI: register_android_hardware_Radio DONE
12-27 22:22:49.443  3006  3006 I Input   : injectKeyEvent: KeyEvent { action=ACTION_DOWN, keyCode=KEYCODE_MENU, scanCode=0, metaState=0, flags=0x0, repeatCount=0, eventTime=11452, downTime=11452, deviceId=-1, source=0x101 }
12-27 22:22:49.446  3006  3006 I Input   : injectKeyEvent: KeyEvent { action=ACTION_UP, keyCode=KEYCODE_MENU, scanCode=0, metaState=0, flags=0x0, repeatCount=0, eventTime=11452, downTime=11452, deviceId=-1, source=0x101 }
12-27 22:22:49.737  3021  3021 E cutils-trace: Error opening trace file: No such file or directory (2)
12-27 22:22:49.747  3021  3021 E memtrack: Couldn't load memtrack module (No such file or directory)
12-27 22:22:49.747  3021  3021 E android.os.Debug: failed to load memtrack module: -2
12-27 22:22:49.748  3021  3021 I Radio-JNI: register_android_hardware_Radio DONE
12-27 22:22:49.751  3021  3021 I Input   : injectKeyEvent: KeyEvent { action=ACTION_DOWN, keyCode=KEYCODE_BACK, scanCode=0, metaState=0, flags=0x0, repeatCount=0, eventTime=11761, downTime=11761, deviceId=-1, source=0x101 }
12-27 22:22:49.753  3021  3021 I Input   : injectKeyEvent: KeyEvent { action=ACTION_UP, keyCode=KEYCODE_BACK, scanCode=0, metaState=0, flags=0x0, repeatCount=0, eventTime=11761, downTime=11761, deviceId=-1, source=0x101 }
12-27 22:22:50.045  3038  3038 E cutils-trace: Error opening trace file: No such file or directory (2)
12-27 22:22:50.061  3038  3038 E memtrack: Couldn't load memtrack module (No such file or directory)
12-27 22:22:50.061  3038  3038 E android.os.Debug: failed to load memtrack module: -2
12-27 22:22:50.061  3038  3038 I Radio-JNI: register_android_hardware_Radio DONE
12-27 22:22:50.067  3038  3038 I art     : System.exit called, status: 0
12-27 22:22:50.067  3038  3038 I AndroidRuntime: VM exiting with result code 0.
12-27 22:22:50.182   889   968 E SurfaceFlinger: ro.sf.lcd_density must be defined as a build property
12-27 22:22:50.183  3064  3064 E cutils-trace: Error opening trace file: No such file or directory (2)
12-27 22:22:50.186   889   889 E EGL_emulation: tid 889: eglCreateSyncKHR(1881): error 0x3004 (EGL_BAD_ATTRIBUTE)
--------- beginning of system
12-27 22:22:50.371  3070  3070 E cutils-trace: Error opening trace file: No such file or directory (2)
12-27 22:22:50.381  3070  3070 E memtrack: Couldn't load memtrack module (No such file or directory)
12-27 22:22:50.381  3070  3070 E android.os.Debug: failed to load memtrack module: -2
12-27 22:22:50.381  3070  3070 I Radio-JNI: register_android_hardware_Radio DONE
12-27 22:22:50.506  1244  1255 I AccountManagerService: getTypesVisibleToCaller: isPermitted? true
12-27 22:22:50.547  2706  2738 I GAV2    : Thread[GAThread,5,main]: No campaign data found.
12-27 22:22:50.745  3090  3090 E cutils-trace: Error opening trace file: No such file or directory (2)
12-27 22:22:50.755  3090  3090 E memtrack: Couldn't load memtrack module (No such file or directory)
12-27 22:22:50.755  3090  3090 E android.os.Debug: failed to load memtrack module: -2
12-27 22:22:50.756  3090  3090 I Radio-JNI: register_android_hardware_Radio DONE
12-27 22:22:50.759  1244  1565 I ActivityManager: Force stopping com.thirdrock.fivemiles appid=10064 user=0: from pid 3090
12-27 22:22:50.759  1244  1565 I ActivityManager: Killing 2175:com.thirdrock.fivemiles/u0a64 (adj 11): stop com.thirdrock.fivemiles
12-27 22:22:50.806  1244  2876 W ActivityManager: Spurious death for ProcessRecord{9d90aa5 0:com.thirdrock.fivemiles/u0a64}, curProc for 2175: null
12-27 22:22:51.070  3104  3104 E cutils-trace: Error opening trace file: No such file or directory (2)
12-27 22:22:51.079  3104  3104 E memtrack: Couldn't load memtrack module (No such file or directory)
12-27 22:22:51.079  3104  3104 E android.os.Debug: failed to load memtrack module: -2
12-27 22:22:51.079  3104  3104 I Radio-JNI: register_android_hardware_Radio DONE
12-27 22:22:51.082  3104  3104 I Input   : injectKeyEvent: KeyEvent { action=ACTION_DOWN, keyCode=KEYCODE_HOME, scanCode=0, metaState=0, flags=0x0, repeatCount=0, eventTime=13092, downTime=13092, deviceId=-1, source=0x101 }
12-27 22:22:51.083  3104  3104 I Input   : injectKeyEvent: KeyEvent { action=ACTION_UP, keyCode=KEYCODE_HOME, scanCode=0, metaState=0, flags=0x0, repeatCount=0, eventTime=13092, downTime=13092, deviceId=-1, source=0x101 }
12-27 22:22:51.084  1244  1281 I ActivityManager: START u0 {act=android.intent.action.MAIN cat=[android.intent.category.HOME] flg=0x10200000 cmp=com.android.launcher3/.Launcher (has extras)} from uid 1000 on display 0
12-27 22:22:52.398   889  1013 E SurfaceFlinger: ro.sf.lcd_density must be defined as a build property
12-27 22:22:52.398  3126  3126 E cutils-trace: Error opening trace file: No such file or directory (2)
12-27 22:22:52.402   889   889 E EGL_emulation: tid 889: eglCreateSyncKHR(1881): error 0x3004 (EGL_BAD_ATTRIBUTE)
12-27 22:22:52.573  3132  3132 E cutils-trace: Error opening trace file: No such file or directory (2)
12-27 22:22:52.581  3132  3132 E memtrack: Couldn't load memtrack module (No such file or directory)
12-27 22:22:52.581  3132  3132 E android.os.Debug: failed to load memtrack module: -2
12-27 22:22:52.582  3132  3132 I Radio-JNI: register_android_hardware_Radio DONE
12-27 22:22:54.800  1244  1282 I InputReader: Reconfiguring input devices.  changes=0x00000010
12-27 22:22:54.816  1729  3161 I UpdateIcingCorporaServi: Updating corpora: APPS=com.google.android.gms, CONTACTS=MAYBE
12-27 22:22:54.819  1606  3158 I Fitness : FitCleanupIntentOperation received Intent android.intent.action.PACKAGE_CHANGED [CONTEXT service_id=17 ]
12-27 22:22:54.822  1606  3159 I Fitness : OnPackageChangedOperation got intent: Intent { act=android.intent.action.PACKAGE_CHANGED dat=package:com.google.android.gms flg=0x4000010 cmp=com.google.android.gms/.chimera.PersistentIntentOperationService (has extras) } [CONTEXT service_id=17 ]
12-27 22:22:54.832  2095  2900 I Icing   : updateResources: need to parse acek{com.google.android.gms}
12-27 22:22:54.835  2095  2349 I GmscoreIpa: Using regular flags by method 2 [CONTEXT service_id=255 ]
12-27 22:22:54.843  1729  3161 I UpdateIcingCorporaServi: UpdateCorporaTask done [took 27 ms] updated apps [took 27 ms] 
12-27 22:22:54.958  1244  1250 I art     : Debugger is no longer active
12-27 22:22:55.861  2095  2380 I Icing   : Indexing com.google.android.gms-apps from com.google.android.gms
12-27 22:22:55.871  2095  2380 I Icing   : Indexing done com.google.android.gms-apps
12-27 22:22:56.782  1329  1379 I art     : Debugger is no longer active
12-27 22:22:56.860  1341  1517 I art     : Debugger is no longer active
12-27 22:22:57.072  1588  1662 I art     : Debugger is no longer active
12-27 22:22:57.072  1580  1664 I art     : Debugger is no longer active
12-27 22:22:57.072  1544  1668 I art     : Debugger is no longer active
12-27 22:22:57.096  1568  1696 I art     : Debugger is no longer active
12-27 22:22:57.096  1606  1697 I art     : Debugger is no longer active
12-27 22:22:57.119  1598  1717 I art     : Debugger is no longer active
12-27 22:22:57.174  1624  1744 I art     : Debugger is no longer active
12-27 22:22:57.217  1655  1762 I art     : Debugger is no longer active
12-27 22:22:57.321  1729  1791 I art     : Debugger is no longer active
12-27 22:22:57.425  1779  1828 I art     : Debugger is no longer active
12-27 22:22:57.447  1606  3179 I qtaguid : Failed write_ctrl(t -1 3458768941931823104 -1) res=-1 errno=9
12-27 22:22:57.447  1606  3179 I qtaguid : Tagging socket -1 with tag 3000040700000000(805307399) for uid -1 failed errno=-9
12-27 22:22:57.447  1606  3179 I NetworkManagementSocketTagger: tagSocketFd(-1, 805307399, -1) failed with errno-9
12-27 22:22:57.779  1606  3179 E GCM     : Missing checkin config file
12-27 22:22:57.779  1606  3179 W GCM     : GCM FAILED TO INITIALIZE - missing checkin
12-27 22:22:57.782  1606  3179 E GCM     : Missing checkin config file
12-27 22:22:57.782  1606  3179 W GCM     : GCM FAILED TO INITIALIZE - missing checkin
12-27 22:22:57.785  1606  3179 E WakeLock: GCM_HB_ALARM release without a matched acquire!
12-27 22:22:57.785  1606  3179 W WakeLock: GCM_HB_ALARM counter does not exist
12-27 22:22:57.799  1606  3184 I qtaguid : Failed write_ctrl(t -1 3458768941931823104 -1) res=-1 errno=9
12-27 22:22:57.799  1606  3184 I qtaguid : Tagging socket -1 with tag 3000040700000000(805307399) for uid -1 failed errno=-9
12-27 22:22:57.799  1606  3184 I NetworkManagementSocketTagger: tagSocketFd(-1, 805307399, -1) failed with errno-9
12-27 22:22:57.971   889  1013 E SurfaceFlinger: ro.sf.lcd_density must be defined as a build property
12-27 22:22:57.971  3196  3196 E cutils-trace: Error opening trace file: No such file or directory (2)
12-27 22:22:57.974   889   889 E EGL_emulation: tid 889: eglCreateSyncKHR(1881): error 0x3004 (EGL_BAD_ATTRIBUTE)
12-27 22:22:58.018  1991  2032 I art     : Debugger is no longer active
12-27 22:22:58.145  3201  3201 E cutils-trace: Error opening trace file: No such file or directory (2)
12-27 22:22:58.154  3201  3201 E memtrack: Couldn't load memtrack module (No such file or directory)
12-27 22:22:58.154  3201  3201 E android.os.Debug: failed to load memtrack module: -2
12-27 22:22:58.154  3201  3201 I Radio-JNI: register_android_hardware_Radio DONE
12-27 22:22:58.270  2078  2086 I art     : Debugger is no longer active
12-27 22:22:58.300  1606  3184 E GCM     : Missing checkin config file
12-27 22:22:58.300  1606  3184 W GCM     : GCM FAILED TO INITIALIZE - missing checkin
12-27 22:22:58.301  1606  3184 E GCM     : Missing checkin config file
12-27 22:22:58.301  1606  3184 W GCM     : GCM FAILED TO INITIALIZE - missing checkin
12-27 22:22:58.302  1606  3184 E WakeLock: GCM_HB_ALARM release without a matched acquire!
12-27 22:22:58.302  1606  3184 W WakeLock: GCM_HB_ALARM counter does not exist
12-27 22:22:58.423  2095  2103 I art     : Debugger is no longer active
12-27 22:22:58.538   889   968 E SurfaceFlinger: ro.sf.lcd_density must be defined as a build property
12-27 22:22:58.538  3231  3231 E cutils-trace: Error opening trace file: No such file or directory (2)
12-27 22:22:58.542   889   889 E EGL_emulation: tid 889: eglCreateSyncKHR(1881): error 0x3004 (EGL_BAD_ATTRIBUTE)
12-27 22:22:58.601  2120  2134 I art     : Debugger is no longer active
12-27 22:22:58.716  3237  3237 E cutils-trace: Error opening trace file: No such file or directory (2)
12-27 22:22:58.725  3237  3237 E memtrack: Couldn't load memtrack module (No such file or directory)
12-27 22:22:58.725  3237  3237 E android.os.Debug: failed to load memtrack module: -2
12-27 22:22:58.726  3237  3237 I Radio-JNI: register_android_hardware_Radio DONE
12-27 22:22:58.763  2142  2154 I art     : Debugger is no longer active
12-27 22:22:58.909  2164  2181 I art     : Debugger is no longer active
12-27 22:22:59.322  1244  1258 I ActivityManager: Waited long enough for: ServiceRecord{61b0f8f u0 com.google.android.calendar/com.android.calendar.alerts.InitAlarmsService}
12-27 22:22:59.593  2407  2413 I art     : Debugger is no longer active
12-27 22:22:59.992  2439  2474 I art     : Debugger is no longer active
12-27 22:23:00.249  2509  2566 I art     : Debugger is no longer active
12-27 22:23:00.380  2552  2587 I art     : Debugger is no longer active
12-27 22:23:00.623  2607  2637 I art     : Debugger is no longer active
12-27 22:23:00.846  2671  2685 I art     : Debugger is no longer active
12-27 22:23:00.944  1244  1258 I ActivityManager: Waited long enough for: ServiceRecord{ccfc7d8 u0 com.thomsonreuters.reuters/com.chartbeat.androidsdk.ChartbeatService}
12-27 22:23:01.000  2706  2715 I art     : Debugger is no longer active
12-27 22:23:01.004  2095  3263 I Authzen : [DeviceStateSyncManager] The server is in sync with current state. Nothing to do
12-27 22:23:01.007  1606  2632 E GCM     : Missing checkin config file
12-27 22:23:01.007  1606  2632 W GCM     : GCM FAILED TO INITIALIZE - missing checkin
12-27 22:23:01.189  2749  2759 I art     : Debugger is no longer active
12-27 22:23:01.372  2771  2802 I art     : Debugger is no longer active
12-27 22:23:02.002  1244  2025 W AlarmManagerService: Unable to set rtc to 1703686982: No such device
12-27 22:23:03.909   889   968 E SurfaceFlinger: ro.sf.lcd_density must be defined as a build property
12-27 22:23:03.909  3280  3280 E cutils-trace: Error opening trace file: No such file or directory (2)
12-27 22:23:03.912   889   889 E EGL_emulation: tid 889: eglCreateSyncKHR(1881): error 0x3004 (EGL_BAD_ATTRIBUTE)
12-27 22:23:04.082  3286  3286 E cutils-trace: Error opening trace file: No such file or directory (2)
12-27 22:23:04.104  3286  3286 E memtrack: Couldn't load memtrack module (No such file or directory)
12-27 22:23:04.104  3286  3286 E android.os.Debug: failed to load memtrack module: -2
12-27 22:23:04.104  3286  3286 I Radio-JNI: register_android_hardware_Radio DONE
12-27 22:23:04.473  1606  2019 W Nearby  : Failed attempt #3 out of 3 for RestoreDeviceName [CONTEXT service_id=49 ]
12-27 22:23:04.473  1606  2019 W Nearby  : java.lang.IllegalStateException: BluetoothAdapter not ready yet!
12-27 22:23:04.473  1606  2019 W Nearby  : 	at ajpy.d(:com.google.android.gms@202414019@20.24.14 (040400-319035315):2)
12-27 22:23:04.473  1606  2019 W Nearby  : 	at ajpx.run(Unknown Source)
12-27 22:23:04.473  1606  2019 W Nearby  : 	at bwuj.call(Unknown Source)
12-27 22:23:04.473  1606  2019 W Nearby  : 	at bwuo.a(:com.google.android.gms@202414019@20.24.14 (040400-319035315):2)
12-27 22:23:04.473  1606  2019 W Nearby  : 	at bwuo.a(:com.google.android.gms@202414019@20.24.14 (040400-319035315):9)
12-27 22:23:04.473  1606  2019 W Nearby  : 	at ajpw.run(Unknown Source)
12-27 22:23:04.473  1606  2019 W Nearby  : 	at java.lang.Thread.run(Thread.java:818)
12-27 22:23:04.473  1606  2019 W Nearby  : 	at sow.run(Unknown Source)
12-27 22:23:04.473  1606  2019 W Nearby  : 	at java.util.concurrent.ThreadPoolExecutor.runWorker(ThreadPoolExecutor.java:1113)
12-27 22:23:04.473  1606  2019 W Nearby  : 	at java.util.concurrent.ThreadPoolExecutor$Worker.run(ThreadPoolExecutor.java:588)
12-27 22:23:04.473  1606  2019 W Nearby  : 	at sux.run(:com.google.android.gms@202414019@20.24.14 (040400-319035315):0)
12-27 22:23:04.473  1606  2019 W Nearby  : 	at java.lang.Thread.run(Thread.java:818)
12-27 22:23:04.623  3326  3326 E cutils-trace: Error opening trace file: No such file or directory (2)
12-27 22:23:04.632  3326  3326 E memtrack: Couldn't load memtrack module (No such file or directory)
12-27 22:23:04.632  3326  3326 E android.os.Debug: failed to load memtrack module: -2
12-27 22:23:04.632  3326  3326 I Radio-JNI: register_android_hardware_Radio DONE
12-27 22:23:04.635  3326  3326 I Input   : injectMotionEvent: MotionEvent { action=ACTION_DOWN, actionButton=0, id[0]=0, x[0]=540.0, y[0]=1906.0, toolType[0]=TOOL_TYPE_UNKNOWN, buttonState=0, metaState=0, flags=0x0, edgeFlags=0x0, pointerCount=1, historySize=0, eventTime=26493, downTime=26493, deviceId=0, source=0x1002 }
12-27 22:23:04.637  3326  3326 I Input   : injectMotionEvent: MotionEvent { action=ACTION_MOVE, actionButton=0, id[0]=0, x[0]=540.0, y[0]=1906.0, toolType[0]=TOOL_TYPE_UNKNOWN, buttonState=0, metaState=0, flags=0x0, edgeFlags=0x0, pointerCount=1, historySize=0, eventTime=26493, downTime=26493, deviceId=0, source=0x1002 }
12-27 22:23:04.648  3326  3326 I Input   : injectMotionEvent: MotionEvent { action=ACTION_MOVE, actionButton=0, id[0]=0, x[0]=540.0, y[0]=1906.0, toolType[0]=TOOL_TYPE_UNKNOWN, buttonState=0, metaState=0, flags=0x0, edgeFlags=0x0, pointerCount=1, historySize=0, eventTime=26506, downTime=26506, deviceId=0, source=0x1002 }
12-27 22:23:04.666  3326  3326 I Input   : injectMotionEvent: MotionEvent { action=ACTION_MOVE, actionButton=0, id[0]=0, x[0]=540.0, y[0]=1906.0, toolType[0]=TOOL_TYPE_UNKNOWN, buttonState=0, metaState=0, flags=0x0, edgeFlags=0x0, pointerCount=1, historySize=0, eventTime=26525, downTime=26525, deviceId=0, source=0x1002 }
12-27 22:23:04.684  3326  3326 I Input   : injectMotionEvent: MotionEvent { action=ACTION_MOVE, actionButton=0, id[0]=0, x[0]=540.0, y[0]=1906.0, toolType[0]=TOOL_TYPE_UNKNOWN, buttonState=0, metaState=0, flags=0x0, edgeFlags=0x0, pointerCount=1, historySize=0, eventTime=26542, downTime=26542, deviceId=0, source=0x1002 }
12-27 22:23:04.699  3326  3326 I Input   : injectMotionEvent: MotionEvent { action=ACTION_MOVE, actionButton=0, id[0]=0, x[0]=540.0, y[0]=1906.0, toolType[0]=TOOL_TYPE_UNKNOWN, buttonState=0, metaState=0, flags=0x0, edgeFlags=0x0, pointerCount=1, historySize=0, eventTime=26557, downTime=26557, deviceId=0, source=0x1002 }
12-27 22:23:04.709  2095  2499 I CheckinCompat: Done disabling old GoogleServicesFramework version [CONTEXT service_id=130 ]
12-27 22:23:04.728  3326  3326 I Input   : injectMotionEvent: MotionEvent { action=ACTION_MOVE, actionButton=0, id[0]=0, x[0]=540.0, y[0]=1906.0, toolType[0]=TOOL_TYPE_UNKNOWN, buttonState=0, metaState=0, flags=0x0, edgeFlags=0x0, pointerCount=1, historySize=0, eventTime=26587, downTime=26587, deviceId=0, source=0x1002 }
12-27 22:23:04.749  3326  3326 I Input   : injectMotionEvent: MotionEvent { action=ACTION_MOVE, actionButton=0, id[0]=0, x[0]=540.0, y[0]=1906.0, toolType[0]=TOOL_TYPE_UNKNOWN, buttonState=0, metaState=0, flags=0x0, edgeFlags=0x0, pointerCount=1, historySize=0, eventTime=26607, downTime=26607, deviceId=0, source=0x1002 }
12-27 22:23:04.770  3326  3326 I Input   : injectMotionEvent: MotionEvent { action=ACTION_MOVE, actionButton=0, id[0]=0, x[0]=540.0, y[0]=1906.0, toolType[0]=TOOL_TYPE_UNKNOWN, buttonState=0, metaState=0, flags=0x0, edgeFlags=0x0, pointerCount=1, historySize=0, eventTime=26628, downTime=26628, deviceId=0, source=0x1002 }
12-27 22:23:04.791  3326  3326 I Input   : injectMotionEvent: MotionEvent { action=ACTION_MOVE, actionButton=0, id[0]=0, x[0]=540.0, y[0]=1906.0, toolType[0]=TOOL_TYPE_UNKNOWN, buttonState=0, metaState=0, flags=0x0, edgeFlags=0x0, pointerCount=1, historySize=0, eventTime=26649, downTime=26649, deviceId=0, source=0x1002 }
12-27 22:23:04.808  3326  3326 I Input   : injectMotionEvent: MotionEvent { action=ACTION_MOVE, actionButton=0, id[0]=0, x[0]=540.0, y[0]=1906.0, toolType[0]=TOOL_TYPE_UNKNOWN, buttonState=0, metaState=0, flags=0x0, edgeFlags=0x0, pointerCount=1, historySize=0, eventTime=26666, downTime=26666, deviceId=0, source=0x1002 }
12-27 22:23:04.827  3326  3326 I Input   : injectMotionEvent: MotionEvent { action=ACTION_MOVE, actionButton=0, id[0]=0, x[0]=540.0, y[0]=1906.0, toolType[0]=TOOL_TYPE_UNKNOWN, buttonState=0, metaState=0, flags=0x0, edgeFlags=0x0, pointerCount=1, historySize=0, eventTime=26685, downTime=26685, deviceId=0, source=0x1002 }
12-27 22:23:04.847  3326  3326 I Input   : injectMotionEvent: MotionEvent { action=ACTION_UP, actionButton=0, id[0]=0, x[0]=540.0, y[0]=1906.0, toolType[0]=TOOL_TYPE_UNKNOWN, buttonState=0, metaState=0, flags=0x0, edgeFlags=0x0, pointerCount=1, historySize=0, eventTime=26705, downTime=26705, deviceId=0, source=0x1002 }
12-27 22:23:04.853  1244  1298 W AudioTrack: AUDIO_OUTPUT_FLAG_FAST denied by client; transfer 4, track 48000 Hz, output 44100 Hz
12-27 22:23:06.174   889  1013 E SurfaceFlinger: ro.sf.lcd_density must be defined as a build property
12-27 22:23:06.175  3410  3410 E cutils-trace: Error opening trace file: No such file or directory (2)
12-27 22:23:06.178   889   889 E EGL_emulation: tid 889: eglCreateSyncKHR(1881): error 0x3004 (EGL_BAD_ATTRIBUTE)
12-27 22:23:06.370  3418  3418 E cutils-trace: Error opening trace file: No such file or directory (2)
12-27 22:23:06.380  3418  3418 E memtrack: Couldn't load memtrack module (No such file or directory)
12-27 22:23:06.380  3418  3418 E android.os.Debug: failed to load memtrack module: -2
12-27 22:23:06.380  3418  3418 I Radio-JNI: register_android_hardware_Radio DONE
12-27 22:23:11.770   889   968 E SurfaceFlinger: ro.sf.lcd_density must be defined as a build property
12-27 22:23:11.771  3454  3454 E cutils-trace: Error opening trace file: No such file or directory (2)
12-27 22:23:11.774   889   889 E EGL_emulation: tid 889: eglCreateSyncKHR(1881): error 0x3004 (EGL_BAD_ATTRIBUTE)
12-27 22:23:11.964  3460  3460 E cutils-trace: Error opening trace file: No such file or directory (2)
12-27 22:23:11.973  3460  3460 E memtrack: Couldn't load memtrack module (No such file or directory)
12-27 22:23:11.973  3460  3460 E android.os.Debug: failed to load memtrack module: -2
12-27 22:23:11.974  3460  3460 I Radio-JNI: register_android_hardware_Radio DONE
12-27 22:23:14.487  1244  2025 I ActivityManager: Killing 2407:com.android.managedprovisioning/u0a10 (adj 15): empty #17
12-27 22:23:17.089   889   968 E SurfaceFlinger: ro.sf.lcd_density must be defined as a build property
12-27 22:23:17.089  3499  3499 E cutils-trace: Error opening trace file: No such file or directory (2)
12-27 22:23:17.093   889   889 E EGL_emulation: tid 889: eglCreateSyncKHR(1881): error 0x3004 (EGL_BAD_ATTRIBUTE)
12-27 22:23:17.284  3505  3505 E cutils-trace: Error opening trace file: No such file or directory (2)
12-27 22:23:17.293  3505  3505 E memtrack: Couldn't load memtrack module (No such file or directory)
12-27 22:23:17.293  3505  3505 E android.os.Debug: failed to load memtrack module: -2
12-27 22:23:17.293  3505  3505 I Radio-JNI: register_android_hardware_Radio DONE
12-27 22:23:17.419  2095  2499 I GCM-GMS : Registering GMS 745476177629
12-27 22:23:17.422  1606  2605 E GCM     : Missing checkin config file
12-27 22:23:17.422  1606  2605 W GCM     : GCM FAILED TO INITIALIZE - missing checkin
12-27 22:23:17.423  2095  2499 W GCM-GMS : Failed to get registration: java.io.IOException: AUTHENTICATION_FAILED
12-27 22:23:17.799  3547  3547 E cutils-trace: Error opening trace file: No such file or directory (2)
12-27 22:23:17.808  3547  3547 E memtrack: Couldn't load memtrack module (No such file or directory)
12-27 22:23:17.808  3547  3547 E android.os.Debug: failed to load memtrack module: -2
12-27 22:23:17.809  3547  3547 I Radio-JNI: register_android_hardware_Radio DONE
12-27 22:23:17.811  3547  3547 I Input   : injectMotionEvent: MotionEvent { action=ACTION_DOWN, actionButton=0, id[0]=0, x[0]=168.0, y[0]=406.0, toolType[0]=TOOL_TYPE_UNKNOWN, buttonState=0, metaState=0, flags=0x0, edgeFlags=0x0, pointerCount=1, historySize=0, eventTime=39670, downTime=39670, deviceId=0, source=0x1002 }
12-27 22:23:17.813  3547  3547 I Input   : injectMotionEvent: MotionEvent { action=ACTION_MOVE, actionButton=0, id[0]=0, x[0]=168.0, y[0]=406.0, toolType[0]=TOOL_TYPE_UNKNOWN, buttonState=0, metaState=0, flags=0x0, edgeFlags=0x0, pointerCount=1, historySize=0, eventTime=39670, downTime=39670, deviceId=0, source=0x1002 }
12-27 22:23:17.820  3547  3547 I Input   : injectMotionEvent: MotionEvent { action=ACTION_MOVE, actionButton=0, id[0]=0, x[0]=168.0, y[0]=406.0, toolType[0]=TOOL_TYPE_UNKNOWN, buttonState=0, metaState=0, flags=0x0, edgeFlags=0x0, pointerCount=1, historySize=0, eventTime=39679, downTime=39679, deviceId=0, source=0x1002 }
12-27 22:23:17.838  3547  3547 I Input   : injectMotionEvent: MotionEvent { action=ACTION_MOVE, actionButton=0, id[0]=0, x[0]=168.0, y[0]=406.0, toolType[0]=TOOL_TYPE_UNKNOWN, buttonState=0, metaState=0, flags=0x0, edgeFlags=0x0, pointerCount=1, historySize=0, eventTime=39696, downTime=39696, deviceId=0, source=0x1002 }
12-27 22:23:17.856  3547  3547 I Input   : injectMotionEvent: MotionEvent { action=ACTION_MOVE, actionButton=0, id[0]=0, x[0]=168.0, y[0]=406.0, toolType[0]=TOOL_TYPE_UNKNOWN, buttonState=0, metaState=0, flags=0x0, edgeFlags=0x0, pointerCount=1, historySize=0, eventTime=39714, downTime=39714, deviceId=0, source=0x1002 }
12-27 22:23:17.876  3547  3547 I Input   : injectMotionEvent: MotionEvent { action=ACTION_MOVE, actionButton=0, id[0]=0, x[0]=168.0, y[0]=406.0, toolType[0]=TOOL_TYPE_UNKNOWN, buttonState=0, metaState=0, flags=0x0, edgeFlags=0x0, pointerCount=1, historySize=0, eventTime=39734, downTime=39734, deviceId=0, source=0x1002 }
12-27 22:23:17.893  3547  3547 I Input   : injectMotionEvent: MotionEvent { action=ACTION_MOVE, actionButton=0, id[0]=0, x[0]=168.0, y[0]=406.0, toolType[0]=TOOL_TYPE_UNKNOWN, buttonState=0, metaState=0, flags=0x0, edgeFlags=0x0, pointerCount=1, historySize=0, eventTime=39751, downTime=39751, deviceId=0, source=0x1002 }
12-27 22:23:17.911  3547  3547 I Input   : injectMotionEvent: MotionEvent { action=ACTION_MOVE, actionButton=0, id[0]=0, x[0]=168.0, y[0]=406.0, toolType[0]=TOOL_TYPE_UNKNOWN, buttonState=0, metaState=0, flags=0x0, edgeFlags=0x0, pointerCount=1, historySize=0, eventTime=39770, downTime=39770, deviceId=0, source=0x1002 }
12-27 22:23:17.929  3547  3547 I Input   : injectMotionEvent: MotionEvent { action=ACTION_MOVE, actionButton=0, id[0]=0, x[0]=168.0, y[0]=406.0, toolType[0]=TOOL_TYPE_UNKNOWN, buttonState=0, metaState=0, flags=0x0, edgeFlags=0x0, pointerCount=1, historySize=0, eventTime=39787, downTime=39787, deviceId=0, source=0x1002 }
12-27 22:23:17.946  3547  3547 I Input   : injectMotionEvent: MotionEvent { action=ACTION_MOVE, actionButton=0, id[0]=0, x[0]=168.0, y[0]=406.0, toolType[0]=TOOL_TYPE_UNKNOWN, buttonState=0, metaState=0, flags=0x0, edgeFlags=0x0, pointerCount=1, historySize=0, eventTime=39804, downTime=39804, deviceId=0, source=0x1002 }
12-27 22:23:17.962  3547  3547 I Input   : injectMotionEvent: MotionEvent { action=ACTION_MOVE, actionButton=0, id[0]=0, x[0]=168.0, y[0]=406.0, toolType[0]=TOOL_TYPE_UNKNOWN, buttonState=0, metaState=0, flags=0x0, edgeFlags=0x0, pointerCount=1, historySize=0, eventTime=39820, downTime=39820, deviceId=0, source=0x1002 }
12-27 22:23:17.982  3547  3547 I Input   : injectMotionEvent: MotionEvent { action=ACTION_MOVE, actionButton=0, id[0]=0, x[0]=168.0, y[0]=406.0, toolType[0]=TOOL_TYPE_UNKNOWN, buttonState=0, metaState=0, flags=0x0, edgeFlags=0x0, pointerCount=1, historySize=0, eventTime=39841, downTime=39841, deviceId=0, source=0x1002 }
12-27 22:23:17.999  3547  3547 I Input   : injectMotionEvent: MotionEvent { action=ACTION_MOVE, actionButton=0, id[0]=0, x[0]=168.0, y[0]=406.0, toolType[0]=TOOL_TYPE_UNKNOWN, buttonState=0, metaState=0, flags=0x0, edgeFlags=0x0, pointerCount=1, historySize=0, eventTime=39858, downTime=39858, deviceId=0, source=0x1002 }
12-27 22:23:18.017  3547  3547 I Input   : injectMotionEvent: MotionEvent { action=ACTION_UP, actionButton=0, id[0]=0, x[0]=168.0, y[0]=406.0, toolType[0]=TOOL_TYPE_UNKNOWN, buttonState=0, metaState=0, flags=0x0, edgeFlags=0x0, pointerCount=1, historySize=0, eventTime=39875, downTime=39875, deviceId=0, source=0x1002 }
12-27 22:23:18.018  1244  1414 I ActivityManager: START u0 {act=android.intent.action.MAIN cat=[android.intent.category.LAUNCHER] flg=0x10200000 cmp=com.thirdrock.fivemiles/com.insthub.fivemiles.Activity.GuidePagerActivity (has extras)} from uid 10009 on display 0
12-27 22:23:18.028  1244  1258 W BroadcastQueue: Permission Denial: receiving Intent { act=com.android.launcher3.action.LAUNCH flg=0x10 (has extras) } to com.google.android.gms/.chimera.GmsIntentOperationService$GmsExternalReceiver requires com.android.launcher3.permission.RECEIVE_LAUNCH_BROADCASTS due to sender com.android.launcher3 (uid 10009)
12-27 22:23:18.028  1244  1258 W BroadcastQueue: Permission Denial: broadcasting Intent { act=com.android.launcher3.action.LAUNCH flg=0x10 (has extras) } from com.android.launcher3 (pid=1588, uid=10009) requires com.google.android.launcher.permission.RECEIVE_LAUNCH_BROADCASTS due to receiver com.google.android.googlequicksearchbox/com.google.android.search.core.icingsync.ApplicationLaunchReceiver
12-27 22:23:18.061  1244  1414 I ActivityManager: Start proc 3556:com.thirdrock.fivemiles/u0a64 for activity com.thirdrock.fivemiles/com.insthub.fivemiles.Activity.GuidePagerActivity
12-27 22:23:18.161  3556  3556 I MultiDex: VM with version 2.1.0 has multidex support
12-27 22:23:18.161  3556  3556 I MultiDex: Installing application
12-27 22:23:18.161  3556  3556 I MultiDex: VM has multidex support, MultiDex support library is disabled.
12-27 22:23:18.161  3556  3556 I MultiDex: Installing application
12-27 22:23:18.161  3556  3556 I MultiDex: VM has multidex support, MultiDex support library is disabled.
12-27 22:23:18.164  1588  1743 E Surface : getSlotFromBufferLocked: unknown buffer: 0x73fb14bba0
12-27 22:23:18.173  3556  3556 I FirebaseInitProvider: FirebaseApp initialization successful
12-27 22:23:18.174  3556  3556 I CrashlyticsInitProvider: CrashlyticsInitProvider skipping initialization
12-27 22:23:18.178  3556  3556 W e.j.Q   : You haven't set a value for AdvertiserIDCollectionEnabled. Set the flag to TRUE if you want to collect Advertiser ID for better advertising and analytics results. To request user consent before collecting data, set the flag value to FALSE, then change to TRUE once user consent is received. Learn more: https://developers.facebook.com/docs/app-events/getting-started-app-events-android#disable-auto-events.
12-27 22:23:18.178  3556  3575 I FA      : App measurement is starting up, version: 14710
12-27 22:23:18.178  3556  3575 I FA      : To enable debug logging run: adb shell setprop log.tag.FA VERBOSE
12-27 22:23:18.178  3556  3575 I FA      : To enable faster debug mode event logging run:
12-27 22:23:18.178  3556  3575 I FA      :   adb shell setprop debug.firebase.analytics.app com.thirdrock.fivemiles
12-27 22:23:18.219  3556  3608 W AndroidMySdk: Please see the GitLab docs if you need to manually initialize WorkManager.
12-27 22:23:18.238  3556  3556 I art     : Rejecting re-init on previously-failed class java.lang.Class<b.h.a.g$f>
12-27 22:23:18.238  3556  3556 I art     : Rejecting re-init on previously-failed class java.lang.Class<b.h.a.g$f>
12-27 22:23:18.246  3556  3622 I fb-UnpackingSoSource: dso store is up-to-date: /data/user/0/com.thirdrock.fivemiles/lib-main
12-27 22:23:18.262  3556  3556 I CrashlyticsCore: Initializing Crashlytics Core 2.7.0.33
12-27 22:23:18.271  3556  3641 W ResourceType: No package identifier when getting value for resource number 0x00000000
12-27 22:23:18.292  3556  3658 I WebViewFactory: Loading com.google.android.webview version 44.0.2403.117 (code 246011750)
12-27 22:23:18.301  3556  3658 W System  : ClassLoader referenced unknown path: /system/app/WebViewGoogle/lib/arm64
12-27 22:23:18.303  3556  3658 I LibraryLoader: Time to load native libraries: 1 ms (timestamps 161-162)
12-27 22:23:18.303  3556  3658 I LibraryLoader: Expected native library version number "",actual native library version number ""
12-27 22:23:18.308  3556  3626 E Fabric  : Settings request failed.
12-27 22:23:18.308  3556  3626 E Answers : Failed to retrieve settings
12-27 22:23:18.310  3556  3627 W CrashlyticsCore: Received null settings, skipping report submission!
12-27 22:23:18.320  1244  1414 W AccountManagerService: insertAccountIntoDatabase: Account {name=5miles, type=com.thirdrock.fivemiles}, skipping since the account already exists
12-27 22:23:18.339  3556  3556 I LibraryLoader: Expected native library version number "",actual native library version number ""
12-27 22:23:18.340  3556  3556 I chromium: [INFO:library_loader_hooks.cc(120)] Chromium logging enabled: level = 0, default verbosity = 0
12-27 22:23:18.341  3556  3556 I BrowserStartupController: Initializing chromium process, singleProcess=true
12-27 22:23:18.341  3556  3556 E SysUtils: ApplicationContext is null in ApplicationStatus
12-27 22:23:18.347  3556  3556 W chromium: [WARNING:resource_bundle.cc(285)] locale_file_path.empty()
12-27 22:23:18.347  3556  3556 E libEGL  : validate_display:255 error 3008 (EGL_BAD_DISPLAY)
12-27 22:23:18.347  3556  3556 E libEGL  : validate_display:255 error 3008 (EGL_BAD_DISPLAY)
12-27 22:23:18.350  3556  3556 E eglCodecCommon: glUtilsParamSize: unknow param 0x00008cdf
12-27 22:23:18.350  3556  3556 E eglCodecCommon: glUtilsParamSize: unknow param 0x00008824
12-27 22:23:18.360  3556  3684 E BluetoothAdapter: Bluetooth binder is null
12-27 22:23:18.365  3556  3556 E ThirdRock: Current launcher Package Name: com.android.launcher3
12-27 22:23:18.380  3556  3575 I DynamiteModule: Considering local module com.google.android.gms.tagmanager:213 and remote module com.google.android.gms.tagmanager:215
12-27 22:23:18.380  3556  3575 I DynamiteModule: Selected remote version of com.google.android.gms.tagmanager, version >= 215
12-27 22:23:18.385  3556  3556 W ResourceType: No package identifier when getting value for resource number 0x00000000
12-27 22:23:18.387  3556  3575 W System  : ClassLoader referenced unknown path: /data/data/com.google.android.gms/app_chimera/m/00000004/n/arm64-v8a
12-27 22:23:18.411   889   966 E SurfaceFlinger: ro.sf.lcd_density must be defined as a build property
12-27 22:23:18.418  1606  2632 E GCM     : Missing checkin config file
12-27 22:23:18.418  1606  2632 W GCM     : GCM FAILED TO INITIALIZE - missing checkin
12-27 22:23:18.556  3556  3575 I GoogleTagManager: Loading container GTM-KFF4LQ
12-27 22:23:18.557  3556  3575 I GoogleTagManager: Installing Tag Manager event handler.
12-27 22:23:18.559  3556  3575 I GoogleTagManager: Tag Manager event handler installed.
12-27 22:23:18.559  3556  3575 I GoogleTagManager: Tag Manager initilization took 146ms
12-27 22:23:18.568  1606  3720 I qtaguid : Failed write_ctrl(t -1 3458768941931823104 -1) res=-1 errno=9
12-27 22:23:18.568  1606  3720 I qtaguid : Tagging socket -1 with tag 3000040700000000(805307399) for uid -1 failed errno=-9
12-27 22:23:18.568  1606  3720 I NetworkManagementSocketTagger: tagSocketFd(-1, 805307399, -1) failed with errno-9
12-27 22:23:18.574  3556  3716 I OpenGLRenderer: Initialized EGL, version 1.4
12-27 22:23:18.574  3556  3716 W OpenGLRenderer: Failed to choose config with EGL_SWAP_BEHAVIOR_PRESERVED, retrying without...
12-27 22:23:18.576  3556  3716 E eglCodecCommon: glUtilsParamSize: unknow param 0x00008cdf
12-27 22:23:18.576  3556  3716 E eglCodecCommon: glUtilsParamSize: unknow param 0x00008824
12-27 22:23:18.582  3556  3578 E FirebaseInstanceId: Token retrieval failed: AUTHENTICATION_FAILED
12-27 22:23:18.584  3556  3556 W ResourceType: No package identifier when getting value for resource number 0x00000000
12-27 22:23:18.599  1244  1263 I ActivityManager: Displayed com.thirdrock.fivemiles/com.insthub.fivemiles.Activity.GuidePagerActivity: +569ms
12-27 22:23:18.610  3556  3601 I WM-WorkerWrapper: Worker result SUCCESS for Work [ id=bda0c226-3c80-43f5-a39b-8a61551ffd49, tags={ io.mysdk.locs.work.workers.constraint.ConstraintWorker, xworkInfoTag, periodic_UNCONSTRAINED } ]
12-27 22:23:18.627  1244  2444 I AccountManagerService: getTypesVisibleToCaller: isPermitted? true
12-27 22:23:18.640  1606  3740 I CheckinUtil: Classify the device as Phone. [CONTEXT service_id=130 ]
12-27 22:23:18.868  3556  3575 W FA      : Param value can't be null: user_id
12-27 22:23:18.869  1606  3720 E GCM     : Missing checkin config file
12-27 22:23:18.869  1606  3720 W GCM     : GCM FAILED TO INITIALIZE - missing checkin
12-27 22:23:18.870  1606  3720 E GCM     : Missing checkin config file
12-27 22:23:18.870  1606  3720 W GCM     : GCM FAILED TO INITIALIZE - missing checkin
12-27 22:23:18.872  1606  3720 E WakeLock: GCM_HB_ALARM release without a matched acquire!
12-27 22:23:18.872  1606  3720 W WakeLock: GCM_HB_ALARM counter does not exist
12-27 22:23:18.874  3556  3755 I GoogleTagManager: Obtained fresh AdvertisingId info from GmsCore.
12-27 22:23:18.876  3556  3575 W FA      : Param value can't be null: user_id
12-27 22:23:18.890  1606  3760 I qtaguid : Failed write_ctrl(t -1 3458768941931823104 -1) res=-1 errno=9
12-27 22:23:18.890  1606  3760 I qtaguid : Tagging socket -1 with tag 3000040700000000(805307399) for uid -1 failed errno=-9
12-27 22:23:18.890  1606  3760 I NetworkManagementSocketTagger: tagSocketFd(-1, 805307399, -1) failed with errno-9
12-27 22:23:19.319   889  1013 E SurfaceFlinger: ro.sf.lcd_density must be defined as a build property
12-27 22:23:19.319  3773  3773 E cutils-trace: Error opening trace file: No such file or directory (2)
12-27 22:23:19.322   889   889 E EGL_emulation: tid 889: eglCreateSyncKHR(1881): error 0x3004 (EGL_BAD_ATTRIBUTE)
12-27 22:23:19.439  1606  3760 E GCM     : Missing checkin config file
12-27 22:23:19.439  1606  3760 W GCM     : GCM FAILED TO INITIALIZE - missing checkin
12-27 22:23:19.440  1606  3760 E GCM     : Missing checkin config file
12-27 22:23:19.440  1606  3760 W GCM     : GCM FAILED TO INITIALIZE - missing checkin
12-27 22:23:19.442  1606  3760 E WakeLock: GCM_HB_ALARM release without a matched acquire!
12-27 22:23:19.442  1606  3760 W WakeLock: GCM_HB_ALARM counter does not exist
12-27 22:23:19.488  3780  3780 E cutils-trace: Error opening trace file: No such file or directory (2)
12-27 22:23:19.497  3780  3780 E memtrack: Couldn't load memtrack module (No such file or directory)
12-27 22:23:19.497  3780  3780 E android.os.Debug: failed to load memtrack module: -2
12-27 22:23:19.497  3780  3780 I Radio-JNI: register_android_hardware_Radio DONE
12-27 22:23:19.619  1244  1256 I AccountManagerService: getTypesVisibleToCaller: isPermitted? true
12-27 22:23:19.670  3556  3700 W ThirdRock: Json parser NOT found
12-27 22:23:19.805  3556  3657 I Repository:  Searching for valid adv for pl DEFAULT-1201995
12-27 22:23:19.805  3556  3657 I Repository: Didn't find valid adv
12-27 22:23:19.806  3556  3646 W com.vungle.warren.AdLoader: Placement DEFAULT-1201995 is  snoozed
12-27 22:23:19.806  3556  3646 E Vungle  : Failed to load ad/assets for DEFAULT-1201995. Cause:
12-27 22:23:19.806  3556  3646 E Vungle  : com.vungle.warren.error.VungleException: No advertisements are available for your current bid. Please try again later.
12-27 22:23:19.806  3556  3646 E Vungle  : 	at com.vungle.warren.AdLoader$1.run(AdLoader.java:21)
12-27 22:23:19.806  3556  3646 E Vungle  : 	at java.util.concurrent.ThreadPoolExecutor.runWorker(ThreadPoolExecutor.java:1113)
12-27 22:23:19.806  3556  3646 E Vungle  : 	at java.util.concurrent.ThreadPoolExecutor$Worker.run(ThreadPoolExecutor.java:588)
12-27 22:23:19.806  3556  3646 E Vungle  : 	at java.lang.Thread.run(Thread.java:818)
12-27 22:23:19.901  3556  3668 W ThirdRock: Json parser NOT found
12-27 22:23:20.659  2095  3812 I GmscoreIpa: how are you::
12-27 22:23:21.180  1606  2632 E GCM     : Missing checkin config file
12-27 22:23:21.180  1606  2632 W GCM     : GCM FAILED TO INITIALIZE - missing checkin
12-27 22:23:21.573  3556  3584 W ResourceType: No package identifier when getting value for resource number 0x00000000
12-27 22:23:21.603  1244  2444 I ActivityManager: START u0 {act=android.intent.action.MAIN cmp=com.thirdrock.fivemiles/com.insthub.fivemiles.Activity.WelcomeActivity (has extras)} from uid 10064 on display 0
12-27 22:23:21.710  3556  3575 W FA      : Param value can't be null: user_id
12-27 22:23:21.713  3556  3556 W ResourceType: No package identifier when getting value for resource number 0x00000000
12-27 22:23:21.781  1244  1263 I ActivityManager: Displayed com.thirdrock.fivemiles/com.insthub.fivemiles.Activity.WelcomeActivity: +165ms
12-27 22:23:21.801  3556  3716 E Surface : getSlotFromBufferLocked: unknown buffer: 0x73f5443f40
12-27 22:23:24.880   889   966 E SurfaceFlinger: ro.sf.lcd_density must be defined as a build property
12-27 22:23:24.881  3844  3844 E cutils-trace: Error opening trace file: No such file or directory (2)
12-27 22:23:24.885   889   889 E EGL_emulation: tid 889: eglCreateSyncKHR(1881): error 0x3004 (EGL_BAD_ATTRIBUTE)
12-27 22:23:25.264  3850  3850 E cutils-trace: Error opening trace file: No such file or directory (2)
12-27 22:23:25.274  3850  3850 E memtrack: Couldn't load memtrack module (No such file or directory)
12-27 22:23:25.274  3850  3850 E android.os.Debug: failed to load memtrack module: -2
12-27 22:23:25.275  3850  3850 I Radio-JNI: register_android_hardware_Radio DONE
12-27 22:23:32.493   889   966 E SurfaceFlinger: ro.sf.lcd_density must be defined as a build property
12-27 22:23:32.493  3890  3890 E cutils-trace: Error opening trace file: No such file or directory (2)
12-27 22:23:32.496   889   889 E EGL_emulation: tid 889: eglCreateSyncKHR(1881): error 0x3004 (EGL_BAD_ATTRIBUTE)
12-27 22:23:32.872  3896  3896 E cutils-trace: Error opening trace file: No such file or directory (2)
12-27 22:23:32.882  3896  3896 E memtrack: Couldn't load memtrack module (No such file or directory)
12-27 22:23:32.882  3896  3896 E android.os.Debug: failed to load memtrack module: -2
12-27 22:23:32.882  3896  3896 I Radio-JNI: register_android_hardware_Radio DONE
12-27 22:23:33.004  1244  2445 I AccountManagerService: getTypesVisibleToCaller: isPermitted? true
12-27 22:23:33.259   889   966 E SurfaceFlinger: ro.sf.lcd_density must be defined as a build property
12-27 22:23:33.260  3925  3925 E cutils-trace: Error opening trace file: No such file or directory (2)
12-27 22:23:33.263   889   889 E EGL_emulation: tid 889: eglCreateSyncKHR(1881): error 0x3004 (EGL_BAD_ATTRIBUTE)
12-27 22:23:33.638  3931  3931 E cutils-trace: Error opening trace file: No such file or directory (2)
12-27 22:23:33.646  3931  3931 E memtrack: Couldn't load memtrack module (No such file or directory)
12-27 22:23:33.646  3931  3931 E android.os.Debug: failed to load memtrack module: -2
12-27 22:23:33.646  3931  3931 I Radio-JNI: register_android_hardware_Radio DONE
12-27 22:23:33.661  3556  3566 I art     : Debugger is no longer active
12-27 22:23:34.156  3973  3973 E cutils-trace: Error opening trace file: No such file or directory (2)
12-27 22:23:34.165  3973  3973 E memtrack: Couldn't load memtrack module (No such file or directory)
12-27 22:23:34.165  3973  3973 E android.os.Debug: failed to load memtrack module: -2
12-27 22:23:34.165  3973  3973 I Radio-JNI: register_android_hardware_Radio DONE
12-27 22:23:34.168  3973  3973 I Input   : injectMotionEvent: MotionEvent { action=ACTION_DOWN, actionButton=0, id[0]=0, x[0]=790.0, y[0]=1904.0, toolType[0]=TOOL_TYPE_UNKNOWN, buttonState=0, metaState=0, flags=0x0, edgeFlags=0x0, pointerCount=1, historySize=0, eventTime=56027, downTime=56027, deviceId=0, source=0x1002 }
12-27 22:23:34.170  3973  3973 I Input   : injectMotionEvent: MotionEvent { action=ACTION_MOVE, actionButton=0, id[0]=0, x[0]=790.0, y[0]=1904.0, toolType[0]=TOOL_TYPE_UNKNOWN, buttonState=0, metaState=0, flags=0x0, edgeFlags=0x0, pointerCount=1, historySize=0, eventTime=56027, downTime=56027, deviceId=0, source=0x1002 }
12-27 22:23:34.177  3973  3973 I Input   : injectMotionEvent: MotionEvent { action=ACTION_MOVE, actionButton=0, id[0]=0, x[0]=790.0, y[0]=1904.0, toolType[0]=TOOL_TYPE_UNKNOWN, buttonState=0, metaState=0, flags=0x0, edgeFlags=0x0, pointerCount=1, historySize=0, eventTime=56036, downTime=56036, deviceId=0, source=0x1002 }
12-27 22:23:34.194  3973  3973 I Input   : injectMotionEvent: MotionEvent { action=ACTION_MOVE, actionButton=0, id[0]=0, x[0]=790.0, y[0]=1904.0, toolType[0]=TOOL_TYPE_UNKNOWN, buttonState=0, metaState=0, flags=0x0, edgeFlags=0x0, pointerCount=1, historySize=0, eventTime=56052, downTime=56052, deviceId=0, source=0x1002 }
12-27 22:23:34.211  3973  3973 I Input   : injectMotionEvent: MotionEvent { action=ACTION_MOVE, actionButton=0, id[0]=0, x[0]=790.0, y[0]=1904.0, toolType[0]=TOOL_TYPE_UNKNOWN, buttonState=0, metaState=0, flags=0x0, edgeFlags=0x0, pointerCount=1, historySize=0, eventTime=56069, downTime=56069, deviceId=0, source=0x1002 }
12-27 22:23:34.232  3973  3973 I Input   : injectMotionEvent: MotionEvent { action=ACTION_MOVE, actionButton=0, id[0]=0, x[0]=790.0, y[0]=1904.0, toolType[0]=TOOL_TYPE_UNKNOWN, buttonState=0, metaState=0, flags=0x0, edgeFlags=0x0, pointerCount=1, historySize=0, eventTime=56091, downTime=56091, deviceId=0, source=0x1002 }
12-27 22:23:34.241  3973  3973 I Input   : injectMotionEvent: MotionEvent { action=ACTION_MOVE, actionButton=0, id[0]=0, x[0]=790.0, y[0]=1904.0, toolType[0]=TOOL_TYPE_UNKNOWN, buttonState=0, metaState=0, flags=0x0, edgeFlags=0x0, pointerCount=1, historySize=0, eventTime=56100, downTime=56100, deviceId=0, source=0x1002 }
12-27 22:23:34.259  3973  3973 I Input   : injectMotionEvent: MotionEvent { action=ACTION_MOVE, actionButton=0, id[0]=0, x[0]=790.0, y[0]=1904.0, toolType[0]=TOOL_TYPE_UNKNOWN, buttonState=0, metaState=0, flags=0x0, edgeFlags=0x0, pointerCount=1, historySize=0, eventTime=56117, downTime=56117, deviceId=0, source=0x1002 }
12-27 22:23:34.279  3973  3973 I Input   : injectMotionEvent: MotionEvent { action=ACTION_MOVE, actionButton=0, id[0]=0, x[0]=790.0, y[0]=1904.0, toolType[0]=TOOL_TYPE_UNKNOWN, buttonState=0, metaState=0, flags=0x0, edgeFlags=0x0, pointerCount=1, historySize=0, eventTime=56137, downTime=56137, deviceId=0, source=0x1002 }
12-27 22:23:34.299  3973  3973 I Input   : injectMotionEvent: MotionEvent { action=ACTION_MOVE, actionButton=0, id[0]=0, x[0]=790.0, y[0]=1904.0, toolType[0]=TOOL_TYPE_UNKNOWN, buttonState=0, metaState=0, flags=0x0, edgeFlags=0x0, pointerCount=1, historySize=0, eventTime=56158, downTime=56158, deviceId=0, source=0x1002 }
12-27 22:23:34.317  3973  3973 I Input   : injectMotionEvent: MotionEvent { action=ACTION_MOVE, actionButton=0, id[0]=0, x[0]=790.0, y[0]=1904.0, toolType[0]=TOOL_TYPE_UNKNOWN, buttonState=0, metaState=0, flags=0x0, edgeFlags=0x0, pointerCount=1, historySize=0, eventTime=56175, downTime=56175, deviceId=0, source=0x1002 }
12-27 22:23:34.336  3973  3973 I Input   : injectMotionEvent: MotionEvent { action=ACTION_MOVE, actionButton=0, id[0]=0, x[0]=790.0, y[0]=1904.0, toolType[0]=TOOL_TYPE_UNKNOWN, buttonState=0, metaState=0, flags=0x0, edgeFlags=0x0, pointerCount=1, historySize=0, eventTime=56194, downTime=56194, deviceId=0, source=0x1002 }
12-27 22:23:34.354  3973  3973 I Input   : injectMotionEvent: MotionEvent { action=ACTION_MOVE, actionButton=0, id[0]=0, x[0]=790.0, y[0]=1904.0, toolType[0]=TOOL_TYPE_UNKNOWN, buttonState=0, metaState=0, flags=0x0, edgeFlags=0x0, pointerCount=1, historySize=0, eventTime=56213, downTime=56213, deviceId=0, source=0x1002 }
12-27 22:23:34.375  3973  3973 I Input   : injectMotionEvent: MotionEvent { action=ACTION_UP, actionButton=0, id[0]=0, x[0]=790.0, y[0]=1904.0, toolType[0]=TOOL_TYPE_UNKNOWN, buttonState=0, metaState=0, flags=0x0, edgeFlags=0x0, pointerCount=1, historySize=0, eventTime=56233, downTime=56233, deviceId=0, source=0x1002 }
12-27 22:23:34.378  1244  1527 I ActivityManager: START u0 {cmp=com.thirdrock.fivemiles/.login.EmailLoginActivity (has extras)} from uid 10064 on display 0
12-27 22:23:34.435  3556  3556 I TextInputLayout: EditText added is not a TextInputEditText. Please switch to using that class instead.
12-27 22:23:34.436  3556  3556 I TextInputLayout: EditText added is not a TextInputEditText. Please switch to using that class instead.
12-27 22:23:34.439  3556  3575 W FA      : Param value can't be null: user_id
12-27 22:23:34.467  1244  2444 I AccountManagerService: getTypesVisibleToCaller: isPermitted? true
12-27 22:23:34.476  1244  1263 I ActivityManager: Displayed com.thirdrock.fivemiles/.login.EmailLoginActivity: +93ms
12-27 22:23:34.497  3556  3716 E Surface : getSlotFromBufferLocked: unknown buffer: 0x73f54461a0
12-27 22:23:34.601  1329  1329 W PathParser: Points are too far apart 4.030360828967057
12-27 22:23:34.601  1329  1329 W PathParser: Points are too far apart 4.030360538880159
12-27 22:23:34.618  1329  1329 W PathParser: Points are too far apart 4.030360828967057
12-27 22:23:34.618  1329  1329 W PathParser: Points are too far apart 4.030360538880159
12-27 22:23:34.635  1329  1329 W PathParser: Points are too far apart 4.030360828967057
12-27 22:23:34.635  1329  1329 W PathParser: Points are too far apart 4.030360538880159
12-27 22:23:34.654  1329  1329 W PathParser: Points are too far apart 4.030360828967057
12-27 22:23:34.654  1329  1329 W PathParser: Points are too far apart 4.030360538880159
12-27 22:23:34.673  1329  1329 W PathParser: Points are too far apart 4.030360828967057
12-27 22:23:34.674  1329  1329 W PathParser: Points are too far apart 4.030360538880159
12-27 22:23:34.693  1329  1329 W PathParser: Points are too far apart 4.030360828967057
12-27 22:23:34.693  1329  1329 W PathParser: Points are too far apart 4.030360538880159
12-27 22:23:34.711  1329  1329 W PathParser: Points are too far apart 4.030360828967057
12-27 22:23:34.711  1329  1329 W PathParser: Points are too far apart 4.030360538880159
12-27 22:23:35.699   889  1014 E SurfaceFlinger: ro.sf.lcd_density must be defined as a build property
12-27 22:23:35.699  4012  4012 E cutils-trace: Error opening trace file: No such file or directory (2)
12-27 22:23:35.702   889   889 E EGL_emulation: tid 889: eglCreateSyncKHR(1881): error 0x3004 (EGL_BAD_ATTRIBUTE)
12-27 22:23:35.828  4018  4018 E cutils-trace: Error opening trace file: No such file or directory (2)
