--------- beginning of main
01-25 20:43:01.367 17440 17440 I Radio-JNI: register_android_hardware_Radio DONE
01-25 20:43:02.120 17454 17454 I Radio-JNI: register_android_hardware_Radio DONE
--------- beginning of system
01-25 20:43:03.048   917  1743 I sensors : batch
01-25 20:43:03.049   917  1743 I sensors : activate
01-25 20:43:03.055   917  2754 I hubconnection: sensorhub said: 'batch 4 flags:0, sampling_rate_Hz:10.00, max_report_latency_us:0'
01-25 20:43:03.057   917  2754 I hubconnection: sensorhub said: 'activate 4 enable:1'
01-25 20:43:03.059   917   928 W AlarmManager: set/setRepeating ignored because there is no intent
01-25 20:43:03.063   917  3440 I sensors : activate
01-25 20:43:03.066   917  2754 I hubconnection: sensorhub said: 'activate 4 enable:0'
01-25 20:43:03.069   917  3536 I sensors : batch
01-25 20:43:03.069   917  3536 I sensors : activate
01-25 20:43:03.073   917  2754 I hubconnection: sensorhub said: 'batch 4 flags:0, sampling_rate_Hz:10.00, max_report_latency_us:0'
01-25 20:43:03.073   917  2754 I hubconnection: sensorhub said: 'activate 4 enable:1'
01-25 20:43:03.118 17478 17478 I Radio-JNI: register_android_hardware_Radio DONE
01-25 20:43:03.135 17478 17478 I Input   : injectKeyEvent: KeyEvent { action=ACTION_DOWN, keyCode=KEYCODE_MENU, scanCode=0, metaState=0, flags=0x0, repeatCount=0, eventTime=231776883, downTime=231776883, deviceId=-1, source=0x101 }
01-25 20:43:03.140 17478 17478 I Input   : injectKeyEvent: KeyEvent { action=ACTION_UP, keyCode=KEYCODE_MENU, scanCode=0, metaState=0, flags=0x0, repeatCount=0, eventTime=231776883, downTime=231776883, deviceId=-1, source=0x101 }
01-25 20:43:03.787 17496 17496 I Radio-JNI: register_android_hardware_Radio DONE
01-25 20:43:03.804 17496 17496 I Input   : injectKeyEvent: KeyEvent { action=ACTION_DOWN, keyCode=KEYCODE_BACK, scanCode=0, metaState=0, flags=0x0, repeatCount=0, eventTime=231777552, downTime=231777552, deviceId=-1, source=0x101 }
01-25 20:43:03.809 17496 17496 I Input   : injectKeyEvent: KeyEvent { action=ACTION_UP, keyCode=KEYCODE_BACK, scanCode=0, metaState=0, flags=0x0, repeatCount=0, eventTime=231777552, downTime=231777552, deviceId=-1, source=0x101 }
01-25 20:43:04.429 17511 17511 I Radio-JNI: register_android_hardware_Radio DONE
01-25 20:43:04.480 17511 17511 I art     : System.exit called, status: 0
01-25 20:43:04.480 17511 17511 I AndroidRuntime: VM exiting with result code 0.
01-25 20:43:05.071   917  1743 I sensors : activate
01-25 20:43:05.074   917  2754 I hubconnection: sensorhub said: 'activate 4 enable:0'
01-25 20:43:05.351 17546 17546 I Radio-JNI: register_android_hardware_Radio DONE
01-25 20:43:05.369   917  3439 I ActivityManager: Force stopping com.abc.abcnews appid=10086 user=0: from pid 17546
01-25 20:43:05.369   917  3439 I ActivityManager: Killing 16026:com.abc.abcnews/u0a86 (adj 0): stop com.abc.abcnews
01-25 20:43:05.460   917   928 I WindowState: WIN DEATH: Window{f73ab7e u0 com.abc.abcnews/com.abc.abcnews.ui.navigation.MainNavigationActivity}
01-25 20:43:05.463  4639 31587 W surfboard: (0x000002EF) [] on_tcp_read local connection reset by peer
01-25 20:43:05.464  4639 31587 W surfboard: (0x000002F0) [] on_tcp_read local connection reset by peer
01-25 20:43:05.493  4639 31587 W surfboard: (0x0000030F) [] on_tcp_read local connection reset by peer
01-25 20:43:05.501   917  3439 W ActivityManager: Force removing ActivityRecord{9cd64cc u0 com.abc.abcnews/.ui.navigation.MainNavigationActivity t453}: app died, no saved state
01-25 20:43:05.513   917  4148 W ActivityManager: Spurious death for ProcessRecord{51b8a14 0:com.abc.abcnews/u0a86}, curProc for 16026: null
01-25 20:43:05.514  6939 17264 I DiscoveryManager: Filter criteria(null) scannerFlags(0)
01-25 20:43:05.522  6939 17264 W DatabaseProcessor: processLocalDevices: failed to get the network info with non-null networkId.
01-25 20:43:05.566   917  3393 W InputMethodManagerService: Got RemoteException sending setActive(false) notification to pid 16026 uid 10086
01-25 20:43:05.570 30704 30704 I A       : Util.isLowRamDevice: false, canUsePreemptibleAudioSource: true
01-25 20:43:05.575 30704 31073 W A       : Queue length for executor EventBus is now 11. Perhaps some tasks are too long, or the pool is too small.
01-25 20:43:05.588 30704 31095 W CorpusConfigHelper: Invalid input from icing corpus JSON flag.
01-25 20:43:05.588 30704 31095 W CorpusConfigHelper: android.util.MalformedJsonException: Use JsonReader.setLenient(true) to accept malformed JSON at line 123 column 2
01-25 20:43:05.588 30704 31095 W CorpusConfigHelper: 	at android.util.JsonReader.syntaxError(JsonReader.java:1159)
01-25 20:43:05.588 30704 31095 W CorpusConfigHelper: 	at android.util.JsonReader.checkLenient(JsonReader.java:838)
01-25 20:43:05.588 30704 31095 W CorpusConfigHelper: 	at android.util.JsonReader.nextInArray(JsonReader.java:613)
01-25 20:43:05.588 30704 31095 W CorpusConfigHelper: 	at android.util.JsonReader.peek(JsonReader.java:343)
01-25 20:43:05.588 30704 31095 W CorpusConfigHelper: 	at android.util.JsonReader.hasNext(JsonReader.java:319)
01-25 20:43:05.588 30704 31095 W CorpusConfigHelper: 	at com.google.android.apps.gsa.searchbox.c.b.b.k.c(PG:7)
01-25 20:43:05.588 30704 31095 W CorpusConfigHelper: 	at com.google.android.apps.gsa.searchbox.c.b.b.k.<init>(PG:5)
01-25 20:43:05.588 30704 31095 W CorpusConfigHelper: 	at com.google.android.apps.gsa.staticplugins.searchboxroot.features.n.a.c.<init>(PG:16)
01-25 20:43:05.588 30704 31095 W CorpusConfigHelper: 	at com.google.android.apps.gsa.staticplugins.searchboxroot.b.a(PG:14)
01-25 20:43:05.588 30704 31095 W CorpusConfigHelper: 	at com.google.android.apps.gsa.staticplugins.searchboxroot.x.<init>(PG:7)
01-25 20:43:05.588 30704 31095 W CorpusConfigHelper: 	at com.google.android.apps.gsa.binaries.velvet.app.akd.b(PG:15)
01-25 20:43:05.588 30704 31095 W CorpusConfigHelper: 	at dagger.a.e.b(PG:1)
01-25 20:43:05.588 30704 31095 W CorpusConfigHelper: 	at com.google.android.apps.gsa.staticplugins.searchboxroot.a.a.a(PG:3)
01-25 20:43:05.588 30704 31095 W CorpusConfigHelper: 	at com.google.android.apps.gsa.binaries.velvet.app.ok.f(PG)
01-25 20:43:05.588 30704 31095 W CorpusConfigHelper: 	at com.google.android.apps.gsa.binaries.velvet.app.ok.b(PG:2)
01-25 20:43:05.588 30704 31095 W CorpusConfigHelper: 	at com.google.android.apps.gsa.search.core.service.g.a.c.a(PG:2)
01-25 20:43:05.588 30704 31095 W CorpusConfigHelper: 	at com.google.android.libraries.gsa.k.a.f.a(PG:2)
01-25 20:43:05.588 30704 31095 W CorpusConfigHelper: 	at com.google.common.util.concurrent.dy.a(PG:1)
01-25 20:43:05.588 30704 31095 W CorpusConfigHelper: 	at com.google.common.util.concurrent.cv.run(PG:4)
01-25 20:43:05.588 30704 31095 W CorpusConfigHelper: 	at com.google.common.util.concurrent.ea.run(PG:1)
01-25 20:43:05.588 30704 31095 W CorpusConfigHelper: 	at com.google.android.libraries.i.ae.run(PG:1)
01-25 20:43:05.588 30704 31095 W CorpusConfigHelper: 	at com.google.android.libraries.i.am.run(PG:23)
01-25 20:43:05.588 30704 31095 W CorpusConfigHelper: 	at com.google.android.libraries.i.k.run(PG:2)
01-25 20:43:05.588 30704 31095 W CorpusConfigHelper: 	at com.google.android.libraries.i.p.run(PG:4)
01-25 20:43:05.588 30704 31095 W CorpusConfigHelper: 	at java.lang.Thread.run(Thread.java:818)
01-25 20:43:05.591 30704 31222 I A       : Using proto config with mendel
01-25 20:43:05.594 30704 31222 I A       : Using proto config with mendel
01-25 20:43:05.595 30704 31222 I A       : Using proto config with mendel
01-25 20:43:05.596 30704 31222 I A       : Using proto config with mendel
01-25 20:43:05.597 30704 31222 I A       : Using proto config with mendel
01-25 20:43:05.597 30704 31222 I A       : Merging legacy hotword config map with new proto.
01-25 20:43:05.597 30704 31222 I A       : Adding from config to map. Locale: cmn-Hant-TW modelPrefix: x_google Location:4e7cae00daee30ec565c34e3aa67a51f isSpeakerIdSupported: true
01-25 20:43:05.597 30704 31222 I A       : Adding from config to map. Locale: id-ID modelPrefix: x_google Location:cfffcc1a4c1c084c003c8eb27f73d770 isSpeakerIdSupported: true
01-25 20:43:05.597 30704 31222 I A       : Adding from config to map. Locale: ko-KR modelPrefix: x_google Location:0b132163a2eb2c1194b202067475724b isSpeakerIdSupported: true
01-25 20:43:05.597 30704 31222 I A       : Skipping. Expected model: 2 Found: 1
01-25 20:43:05.597 30704 31222 I A       : Adding from config to map. Locale: zh-TW modelPrefix: x_google Location:4e7cae00daee30ec565c34e3aa67a51f isSpeakerIdSupported: true
01-25 20:43:05.598 30704 31222 I A       : Using proto config with mendel
01-25 20:43:05.598 30704 31222 I A       : Using proto config with mendel
01-25 20:43:05.598 30704 31222 I A       : Using proto config with mendel
01-25 20:43:05.613 30704 31222 I MicroDetectionState: Should stop hotword detection immediately - true
01-25 20:43:05.614 30704 31222 I MicroDetectionState: Should stop hotword detection immediately - true
01-25 20:43:05.614 30704 31222 I A       : Using proto config with mendel
01-25 20:43:05.615 30704 31222 I A       : Using proto config with mendel
01-25 20:43:06.084 17569 17569 I Radio-JNI: register_android_hardware_Radio DONE
01-25 20:43:06.101 22398 22713 W OpenGLRenderer: Incorrectly called buildLayer on View: ShortcutAndWidgetContainer, destroying layer...
01-25 20:43:06.102 17569 17569 I Input   : injectKeyEvent: KeyEvent { action=ACTION_DOWN, keyCode=KEYCODE_HOME, scanCode=0, metaState=0, flags=0x0, repeatCount=0, eventTime=231779850, downTime=231779850, deviceId=-1, source=0x101 }
01-25 20:43:06.107 17569 17569 I Input   : injectKeyEvent: KeyEvent { action=ACTION_UP, keyCode=KEYCODE_HOME, scanCode=0, metaState=0, flags=0x0, repeatCount=0, eventTime=231779850, downTime=231779850, deviceId=-1, source=0x101 }
01-25 20:43:06.112   917  2858 I ActivityManager: START u0 {act=android.intent.action.MAIN cat=[android.intent.category.HOME] flg=0x10200000 cmp=com.google.android.googlequicksearchbox/com.google.android.launcher.GEL (has extras)} from uid 1000 on display 0
01-25 20:43:06.610 30704 30704 I SearchWidgetFlow: GsaWidgetProvider:onReceive(Intent { act=update-hint flg=0x10 cmp=com.google.android.googlequicksearchbox/.SearchWidgetProvider (has extras) }) started
01-25 20:43:06.611 30704 31222 I SearchWidgetFlow: GsaWidgetSessionController:handleGenericClientEvent
01-25 20:43:06.611 30704 31222 I SearchWidgetFlow: SearchWidgetWorker:handleIntent(Intent { act=update-hint flg=0x10 cmp=com.google.android.googlequicksearchbox/.SearchWidgetProvider (has extras) }) started
01-25 20:43:06.612 30704 30704 I SearchWidgetFlow: SearchWidget:handleIntent(Intent { act=update-hint flg=0x10 cmp=com.google.android.googlequicksearchbox/.SearchWidgetProvider (has extras) })
01-25 20:43:06.612 30704 31095 I SearchWidgetFlow: SearchWidgetWorker:handleIntent(Intent { act=update-hint flg=0x10 cmp=com.google.android.googlequicksearchbox/.SearchWidgetProvider (has extras) }) done
01-25 20:43:06.613 30704 31095 I SearchWidgetFlow: GsaWidgetProvider:onReceive(Intent { act=update-hint flg=0x10 cmp=com.google.android.googlequicksearchbox/.SearchWidgetProvider (has extras) }) done
01-25 20:43:06.714   917  2754 I hubconnection: sensorhub said: 'set_bias 3: -14.4000, 0.0000, 0.0000'
01-25 20:43:08.072   917  3439 I sensors : batch
01-25 20:43:08.074   917  3439 I sensors : activate
01-25 20:43:08.077   917  2754 I hubconnection: sensorhub said: 'batch 4 flags:0, sampling_rate_Hz:10.00, max_report_latency_us:0'
01-25 20:43:08.078   917  2754 I hubconnection: sensorhub said: 'activate 4 enable:1'
01-25 20:43:08.084   917  4621 W AlarmManager: set/setRepeating ignored because there is no intent
01-25 20:43:08.087   917  3393 I sensors : activate
01-25 20:43:08.090   917  2754 I hubconnection: sensorhub said: 'activate 4 enable:0'
01-25 20:43:08.095   917  4147 I sensors : batch
01-25 20:43:08.096   917  4147 I sensors : activate
01-25 20:43:08.099   917  2754 I hubconnection: sensorhub said: 'batch 4 flags:0, sampling_rate_Hz:10.00, max_report_latency_us:0'
01-25 20:43:08.099   917  2754 I hubconnection: sensorhub said: 'activate 4 enable:1'
01-25 20:43:10.098   917  3393 I sensors : activate
01-25 20:43:10.101   917  2754 I hubconnection: sensorhub said: 'activate 4 enable:0'
01-25 20:43:13.100   917  3440 I sensors : batch
01-25 20:43:13.100   917  3440 I sensors : activate
01-25 20:43:13.107   917  2754 I hubconnection: sensorhub said: 'batch 4 flags:0, sampling_rate_Hz:10.00, max_report_latency_us:0'
01-25 20:43:13.107   917  2754 I hubconnection: sensorhub said: 'activate 4 enable:1'
01-25 20:43:13.110   917 19866 W AlarmManager: set/setRepeating ignored because there is no intent
01-25 20:43:13.114   917  3376 I sensors : activate
01-25 20:43:13.117   917  2754 I hubconnection: sensorhub said: 'activate 4 enable:0'
01-25 20:43:13.118   917  4293 I sensors : batch
01-25 20:43:13.118   917  4293 I sensors : activate
01-25 20:43:13.122   917  2754 I hubconnection: sensorhub said: 'batch 4 flags:0, sampling_rate_Hz:10.00, max_report_latency_us:0'
01-25 20:43:13.123   917  2754 I hubconnection: sensorhub said: 'activate 4 enable:1'
01-25 20:43:13.336 15247 15247 I ServiceManager: Waiting for service AtCmdFwd...
01-25 20:43:13.951 17660 17660 I Radio-JNI: register_android_hardware_Radio DONE
01-25 20:43:13.969   917  3439 I ActivityManager: START u0 {act=android.intent.action.MAIN cat=[android.intent.category.LAUNCHER] flg=0x10000000 cmp=com.abc.abcnews/.ui.StartActivity} from uid 2000 on display 0
01-25 20:43:14.017   917  3376 I ActivityManager: Start proc 17669:com.abc.abcnews/u0a86 for activity com.abc.abcnews/.ui.StartActivity
01-25 20:43:14.061 17669 17669 W System  : ClassLoader referenced unknown path: /system/framework/org.apache.http.legacy.jar
01-25 20:43:14.075 17669 17669 I MultiDex: VM with version 2.1.0 has multidex support
01-25 20:43:14.075 17669 17669 I MultiDex: Installing application
01-25 20:43:14.075 17669 17669 I MultiDex: VM has multidex support, MultiDex support library is disabled.
01-25 20:43:14.075 17669 17669 I MultiDex: Installing application
01-25 20:43:14.075 17669 17669 I MultiDex: VM has multidex support, MultiDex support library is disabled.
01-25 20:43:14.120 17669 17682 W DynamiteModule: Local module descriptor class for com.google.firebase.auth not found.
01-25 20:43:14.137 17669 17689 W DynamiteModule: Local module descriptor class for com.google.firebase.auth not found.
01-25 20:43:14.146 17669 17689 I FirebaseAuth: [FirebaseAuth:] Preparing to create service connection to gms implementation
01-25 20:43:14.149 17669 17669 I FirebaseInitProvider: FirebaseApp initialization successful
01-25 20:43:14.178 17669 17696 W ResourceType: ResTable_typeSpec entry count inconsistent: given 84, previously 87
01-25 20:43:14.178 17669 17696 W ResourceType: ResTable_typeSpec entry count inconsistent: given 169, previously 173
01-25 20:43:14.179 17669 17696 W ResourceType: ResTable_typeSpec entry count inconsistent: given 3300, previously 3320
01-25 20:43:14.179 17669 17696 W ResourceType: ResTable_typeSpec entry count inconsistent: given 487, previously 4840
01-25 20:43:14.242 17669 17708 W AnalyticsUserIDStore: initStore should have been called before calling setUserID
01-25 20:43:14.260 17669 17690 I FA      : App measurement is starting up, version: 19000
01-25 20:43:14.260 17669 17690 I FA      : To enable debug logging run: adb shell setprop log.tag.FA VERBOSE
01-25 20:43:14.261 17669 17690 I FA      : To enable faster debug mode event logging run:
01-25 20:43:14.261 17669 17690 I FA      :   adb shell setprop debug.firebase.analytics.app com.abc.abcnews
01-25 20:43:14.321 17669 17669 I MediaRouter: Found default route: MediaRouter.RouteInfo{ uniqueId=android/androidx.mediarouter.media.SystemMediaRouteProvider:DEFAULT_ROUTE, name=Phone, description=null, iconUri=null, enabled=true, connecting=false, connectionState=0, canDisconnect=false, playbackType=0, playbackStream=3, deviceType=0, volumeHandling=1, volume=0, volumeMax=15, presentationDisplayId=-1, extras=null, settingsIntent=null, providerPackageName=android }
01-25 20:43:14.321 17669 17669 I MediaRouter: Unselecting the current route because it is no longer selectable: null
01-25 20:43:14.337 15247 15247 I ServiceManager: Waiting for service AtCmdFwd...
01-25 20:43:14.386 17749 17749 I dex2oat : /system/bin/dex2oat -j2 --dex-file=/data/user/0/com.abc.abcnews/files/audience_network.dex --oat-file=/data/user/0/com.abc.abcnews/app_optimized/audience_network.dex
01-25 20:43:14.437 17669 17669 I Appboy v4.0.1 .bo.app.m: Setting Braze Override configuration with config: AppboyConfig{
01-25 20:43:14.437 17669 17669 I Appboy v4.0.1 .bo.app.m: ApiKey = '8f6736a3-4646-409e-b8a2-6d21f2e79bcc'
01-25 20:43:14.437 17669 17669 I Appboy v4.0.1 .bo.app.m: ServerTarget = 'null'
01-25 20:43:14.437 17669 17669 I Appboy v4.0.1 .bo.app.m: SdkFlavor = 'null'
01-25 20:43:14.437 17669 17669 I Appboy v4.0.1 .bo.app.m: SmallNotificationIcon = 'null'
01-25 20:43:14.437 17669 17669 I Appboy v4.0.1 .bo.app.m: LargeNotificationIcon = 'null'
01-25 20:43:14.437 17669 17669 I Appboy v4.0.1 .bo.app.m: SessionTimeout = null
01-25 20:43:14.437 17669 17669 I Appboy v4.0.1 .bo.app.m: DefaultNotificationAccentColor = null
01-25 20:43:14.437 17669 17669 I Appboy v4.0.1 .bo.app.m: TriggerActionMinimumTimeIntervalSeconds = null
01-25 20:43:14.437 17669 17669 I Appboy v4.0.1 .bo.app.m: BadNetworkInterval = null
01-25 20:43:14.437 17669 17669 I Appboy v4.0.1 .bo.app.m: GoodNetworkInterval = null
01-25 20:43:14.437 17669 17669 I Appboy v4.0.1 .bo.app.m: GreatNetworkInterval = null
01-25 20:43:14.437 17669 17669 I Appboy v4.0.1 .bo.app.m: AdmMessagingRegistrationEnabled = null
01-25 20:43:14.437 17669 17669 I Appboy v4.0.1 .bo.app.m: HandlePushDeepLinksAutomatically = null
01-25 20:43:14.437 17669 17669 I Appboy v4.0.1 .bo.app.m: NotificationsEnabledTrackingOn = null
01-25 20:43:14.437 17669 17669 I Appboy v4.0.1 .bo.app.m: IsLocationCollectionEnabled = null
01-25 20:43:14.437 17669 17669 I Appboy v4.0.1 .bo.app.m: IsNewsFeedVisualIndicatorOn = null
01-25 20:43:14.437 17669 17669 I Appboy v4.0.1 .bo.app.m: LocaleToApiMapping = null
01-25 20:43:14.437 17669 17669 I Appboy v4.0.1 .bo.app.m: SessionStartBasedTimeoutEnabled = null
01-25 20:43:14.437 17669 17669 I Appboy v4.0.1 .bo.app.m: IsFirebaseCloudMessagingRegistrationEnabled = true
01-25 20:43:14.437 17669 17669 I Appboy v4.0.1 .bo.app.m: FirebaseCloudMessagingSenderIdKey = '192693670050'
01-25 20:43:14.437 17669 17669 I Appboy v4.0.1 .bo.app.m: IsDeviceObjectWhitelistEnabled = null
01-25 20:43:14.437 17669 17669 I Appboy v4.0.1 .bo.app.m: DeviceObjectWhitelist = null
01-25 20:43:14.437 17669 17669 I Appboy v4.0.1 .bo.app.m: IsInAppMessageAccessibilityExclusiveModeEnabled = null
01-25 20:43:14.437 17669 17669 I Appboy v4.0.1 .bo.app.m: IsPushWakeScreenForNotificationEnabled = null
01-25 20:43:14.437 17669 17669 I Appboy v4.0.1 .bo.app.m: PushHtmlRenderingEnabled = null
01-25 20:43:14.437 17669 17669 I Appboy v4.0.1 .bo.app.m: GeofencesEnabled = null
01-25 20:43:14.437 17669 17669 I Appboy v4.0.1 .bo.app.m: InAppMessageTestPushEagerDisplayEnabled = null
01-25 20:43:14.437 17669 17669 I Appboy v4.0.1 .bo.app.m: CustomHtmlWebViewActivityClassName = null}
01-25 20:43:14.440 17669 17669 I Appboy v4.0.1 .com.appboy.Appboy: Appboy outbound network requests are now enabled
01-25 20:43:14.476 17669 17792 I Appboy v4.0.1 .com.appboy.Appboy: Firebase Cloud Messaging found. Setting up Firebase Cloud Messaging.
01-25 20:43:14.478 17669 17796 I Appboy v4.0.1 .com.appboy.configuration.AppboyConfigurationProvider: Found an override api key. Using it to configure Appboy.
01-25 20:43:14.494 17669 17792 I Appboy v4.0.1 .com.appboy.Appboy: Push token fjEK12ZWYYw:APA91bF2wL6U_PY85Ru-0JM0ntKNwo1WHE24tQifyzjhM0n60B5iM-xBFgfujPgtvk4ZVrWn1HwnP6mVVTB4WeqpRgIWUko8JFnYSw24S1DIFSqeQISWucoHjwyDeC3rVwDld7fgCAqW registered and immediately being flushed.
01-25 20:43:14.496 17669 17792 I Appboy v4.0.1 .com.appboy.Appboy: Automatic ADM registration not enabled in configuration. Braze will not register for ADM.
01-25 20:43:14.546 17669 17796 I Appboy v4.0.1 .bo.app.ek: Geofences implicitly disabled via server configuration.
01-25 20:43:14.562 17669 17796 I Appboy v4.0.1 .bo.app.bm: Location collection disabled via sdk configuration.
01-25 20:43:14.567 17669 17796 I Appboy v4.0.1 .bo.app.r: Added request to dispatcher with parameters: 
01-25 20:43:14.567 17669 17796 I Appboy v4.0.1 .bo.app.r: {}
01-25 20:43:14.577 17669 17707 I CrashlyticsCore: Initializing Crashlytics 2.3.16.dev
01-25 20:43:14.587 17669 17678 W art     : Suspending all threads took: 5.130ms
01-25 20:43:14.608 17669 17830 I Appboy v4.0.1 .bo.app.df: Short circuiting execution of network request and immediately marking it as succeeded.
01-25 20:43:14.608 17669 17830 I Appboy v4.0.1 .bo.app.dq: Notifying confirmAndUnlock listeners
01-25 20:43:14.608 17669 17830 I Appboy v4.0.1 .bo.app.dq: Notifying confirmAndUnlock listeners
01-25 20:43:14.610 17669 17707 W Inneractive_warning: SetGdprConsent(boolean) was invoked, but the Inneractive SDK was not properly initialized, or destroyed.
01-25 20:43:14.617 17669 17678 I art     : Background sticky concurrent mark sweep GC freed 126970(7MB) AllocSpace objects, 93(2MB) LOS objects, 22% free, 28MB/37MB, paused 9.042ms total 72.492ms
01-25 20:43:14.660  4639 31587 W surfboard: tcp pair replaced, source port 41249 dest port 443
01-25 20:43:14.661 17669 17840 W ResourceType: ResTable_typeSpec entry count inconsistent: given 84, previously 87
01-25 20:43:14.661 17669 17840 W ResourceType: ResTable_typeSpec entry count inconsistent: given 169, previously 173
01-25 20:43:14.662 17669 17844 W ResourceType: ResTable_typeSpec entry count inconsistent: given 84, previously 87
01-25 20:43:14.662 17669 17840 W ResourceType: ResTable_typeSpec entry count inconsistent: given 3300, previously 3320
01-25 20:43:14.662 17669 17844 W ResourceType: ResTable_typeSpec entry count inconsistent: given 169, previously 173
01-25 20:43:14.662 17669 17840 W ResourceType: ResTable_typeSpec entry count inconsistent: given 487, previously 4840
01-25 20:43:14.662 17669 17844 W ResourceType: ResTable_typeSpec entry count inconsistent: given 3300, previously 3320
01-25 20:43:14.662 17669 17844 W ResourceType: ResTable_typeSpec entry count inconsistent: given 487, previously 4840
01-25 20:43:14.805 17669 17678 I art     : Background sticky concurrent mark sweep GC freed 106435(6MB) AllocSpace objects, 16(1604KB) LOS objects, 12% free, 32MB/37MB, paused 7.421ms total 70.795ms
01-25 20:43:14.930 17669 17847 W ResourceType: ResTable_typeSpec entry count inconsistent: given 84, previously 87
01-25 20:43:14.930 17669 17847 W ResourceType: ResTable_typeSpec entry count inconsistent: given 169, previously 173
01-25 20:43:14.930 17669 17847 W ResourceType: ResTable_typeSpec entry count inconsistent: given 3300, previously 3320
01-25 20:43:14.930 17669 17847 W ResourceType: ResTable_typeSpec entry count inconsistent: given 487, previously 4840
01-25 20:43:14.946 17669 17717 E Fabric  : Settings request failed.
01-25 20:43:14.946 17669 17717 E Fabric  : io.fabric.sdk.android.services.network.HttpRequest$HttpRequestException: javax.net.ssl.SSLHandshakeException: Connection closed by peer
01-25 20:43:14.946 17669 17717 E Fabric  : 	at io.fabric.sdk.android.services.network.HttpRequest.code(HttpRequest.java:1355)
01-25 20:43:14.946 17669 17717 E Fabric  : 	at io.fabric.sdk.android.services.settings.DefaultSettingsSpiCall.handleResponse(DefaultSettingsSpiCall.java:106)
01-25 20:43:14.946 17669 17717 E Fabric  : 	at io.fabric.sdk.android.services.settings.DefaultSettingsSpiCall.invoke(DefaultSettingsSpiCall.java:90)
01-25 20:43:14.946 17669 17717 E Fabric  : 	at io.fabric.sdk.android.services.settings.DefaultSettingsController.loadSettingsData(DefaultSettingsController.java:80)
01-25 20:43:14.946 17669 17717 E Fabric  : 	at io.fabric.sdk.android.services.settings.DefaultSettingsController.loadSettingsData(DefaultSettingsController.java:64)
01-25 20:43:14.946 17669 17717 E Fabric  : 	at io.fabric.sdk.android.services.settings.Settings.loadSettingsData(Settings.java:155)
01-25 20:43:14.946 17669 17717 E Fabric  : 	at io.fabric.sdk.android.Onboarding.retrieveSettingsData(Onboarding.java:126)
01-25 20:43:14.946 17669 17717 E Fabric  : 	at io.fabric.sdk.android.Onboarding.doInBackground(Onboarding.java:99)
01-25 20:43:14.946 17669 17717 E Fabric  : 	at io.fabric.sdk.android.Onboarding.doInBackground(Onboarding.java:45)
01-25 20:43:14.946 17669 17717 E Fabric  : 	at io.fabric.sdk.android.InitializationTask.doInBackground(InitializationTask.java:63)
01-25 20:43:14.946 17669 17717 E Fabric  : 	at io.fabric.sdk.android.InitializationTask.doInBackground(InitializationTask.java:28)
01-25 20:43:14.946 17669 17717 E Fabric  : 	at io.fabric.sdk.android.services.concurrency.AsyncTask$2.call(AsyncTask.java:311)
01-25 20:43:14.946 17669 17717 E Fabric  : 	at java.util.concurrent.FutureTask.run(FutureTask.java:237)
01-25 20:43:14.946 17669 17717 E Fabric  : 	at java.util.concurrent.Executors$RunnableAdapter.call(Executors.java:423)
01-25 20:43:14.946 17669 17717 E Fabric  : 	at java.util.concurrent.FutureTask.run(FutureTask.java:237)
01-25 20:43:14.946 17669 17717 E Fabric  : 	at java.util.concurrent.ThreadPoolExecutor.runWorker(ThreadPoolExecutor.java:1113)
01-25 20:43:14.946 17669 17717 E Fabric  : 	at java.util.concurrent.ThreadPoolExecutor$Worker.run(ThreadPoolExecutor.java:588)
01-25 20:43:14.946 17669 17717 E Fabric  : 	at java.lang.Thread.run(Thread.java:818)
01-25 20:43:14.946 17669 17717 E Fabric  : Caused by: javax.net.ssl.SSLHandshakeException: Connection closed by peer
01-25 20:43:14.946 17669 17717 E Fabric  : 	at com.android.org.conscrypt.NativeCrypto.SSL_do_handshake(Native Method)
01-25 20:43:14.946 17669 17717 E Fabric  : 	at com.android.org.conscrypt.OpenSSLSocketImpl.startHandshake(OpenSSLSocketImpl.java:324)
01-25 20:43:14.946 17669 17717 E Fabric  : 	at com.android.okhttp.internal.http.SocketConnector.connectTls(SocketConnector.java:103)
01-25 20:43:14.946 17669 17717 E Fabric  : 	at com.android.okhttp.Connection.connect(Connection.java:143)
01-25 20:43:14.946 17669 17717 E Fabric  : 	at com.android.okhttp.Connection.connectAndSetOwner(Connection.java:185)
01-25 20:43:14.946 17669 17717 E Fabric  : 	at com.android.okhttp.OkHttpClient$1.connectAndSetOwner(OkHttpClient.java:128)
01-25 20:43:14.946 17669 17717 E Fabric  : 	at com.android.okhttp.internal.http.HttpEngine.nextConnection(HttpEngine.java:341)
01-25 20:43:14.946 17669 17717 E Fabric  : 	at com.android.okhttp.internal.http.HttpEngine.connect(HttpEngine.java:330)
01-25 20:43:14.946 17669 17717 E Fabric  : 	at com.android.okhttp.internal.http.HttpEngine.sendRequest(HttpEngine.java:248)
01-25 20:43:14.946 17669 17717 E Fabric  : 	at com.android.okhttp.internal.huc.HttpURLConnectionImpl.execute(HttpURLConnectionImpl.java:437)
01-25 20:43:14.946 17669 17717 E Fabric  : 	at com.android.okhttp.internal.huc.HttpURLConnectionImpl.getResponse(HttpURLConnectionImpl.java:388)
01-25 20:43:14.946 17669 17717 E Fabric  : 	at com.android.okhttp.internal.huc.HttpURLConnectionImpl.getResponseCode(HttpURLConnectionImpl.java:501)
01-25 20:43:14.946 17669 17717 E Fabric  : 	at com.android.okhttp.internal.huc.DelegatingHttpsURLConnection.getResponseCode(DelegatingHttpsURLConnection.java:105)
01-25 20:43:14.946 17669 17717 E Fabric  : 	at com.android.okhttp.internal.huc.HttpsURLConnectionImpl.getResponseCode(HttpsURLConnectionImpl.java)
01-25 20:43:14.946 17669 17717 E Fabric  : 	at io.fabric.sdk.android.services.network.HttpRequest.code(HttpRequest.java:1353)
01-25 20:43:14.946 17669 17717 E Fabric  : 	... 17 more
01-25 20:43:14.946 17669 17717 E Fabric  : 	Suppressed: javax.net.ssl.SSLHandshakeException: Connection closed by peer
01-25 20:43:14.946 17669 17717 E Fabric  : 		... 32 more
01-25 20:43:14.946 17669 17717 E Fabric  : 		Suppressed: javax.net.ssl.SSLHandshakeException: Connection closed by peer
01-25 20:43:14.946 17669 17717 E Fabric  : 			... 32 more
01-25 20:43:14.948 17669 17722 E Answers : Failed to retrieve settings
01-25 20:43:14.951 17669 17721 W CrashlyticsCore: Received null settings, skipping report submission!
01-25 20:43:14.957 17669 17728 W Settings: Setting airplane_mode_on has moved from android.provider.Settings.System to android.provider.Settings.Global, returning read-only value.
01-25 20:43:15.119   917  4148 I sensors : activate
01-25 20:43:15.121   917  2754 I hubconnection: sensorhub said: 'activate 4 enable:0'
--------- beginning of crash
01-25 20:43:15.201 17749 17795 F libc    : Fatal signal 11 (SIGSEGV), code 1, fault addr 0x3000e in tid 17795 (Compiler driver)
01-25 20:43:15.302   508   508 E DEBUG   : unexpected waitpid response: n=17795, status=0000000b
01-25 20:43:15.303   508   508 E DEBUG   : tid exited before attach completed: tid 17795
01-25 20:43:15.303 17669 17705 W art     : Failed execv(/system/bin/dex2oat --runtime-arg -classpath --runtime-arg  --instruction-set=arm64 --instruction-set-features=smp,a53 --runtime-arg -Xrelocate --boot-image=/system/framework/boot.art --runtime-arg -Xms64m --runtime-arg -Xmx512m -j2 --instruction-set-variant=cortex-a53 --instruction-set-features=default --dex-file=/data/user/0/com.abc.abcnews/files/audience_network.dex --oat-file=/data/user/0/com.abc.abcnews/app_optimized/audience_network.dex) because non-0 exit status
01-25 20:43:15.338 15247 15247 I ServiceManager: Waiting for service AtCmdFwd...
01-25 20:43:15.507 17669 17669 I DIDSession: OneID SDK version: 3.26.0 (192062242)
01-25 20:43:15.524 17669 17669 E OneID:DIDSession: DIDSession should be passed an Activity Context, NOT Application Context. Performance will suffer.
01-25 20:43:15.537 17669 17678 I art     : Background sticky concurrent mark sweep GC freed 4714(557KB) AllocSpace objects, 5(100KB) LOS objects, 1% free, 36MB/37MB, paused 9.651ms total 19.474ms
01-25 20:43:15.538  4639 31587 W surfboard: tcp pair replaced, source port 44107 dest port 443
01-25 20:43:15.550 17669 17669 E OneID:DIDTracker: logEvent had a null/empty mobileLaunchID. Generating a new one
01-25 20:43:15.550 17669 17669 E OneID:DIDTracker: logEvent had a null/empty mobileViewID. Generating a new one
01-25 20:43:15.615 17669 17678 I art     : Background partial concurrent mark sweep GC freed 33637(2MB) AllocSpace objects, 17(1780KB) LOS objects, 31% free, 34MB/50MB, paused 8.819ms total 62.118ms
01-25 20:43:15.679 17669 17796 I Appboy v4.0.1 .bo.app.bq: Session [c351afaf-389c-41b5-833f-20c0529e91df] being sealed because its end time is over the grace period.
01-25 20:43:15.682 17669 17796 I Appboy v4.0.1 .bo.app.bq: New session created with ID: 36d3405f-e670-4fdb-8828-51afb7d268d2
01-25 20:43:15.683 17669 17796 I Appboy v4.0.1 .bo.app.bm: Did not request single location update. Location collection is disabled.
01-25 20:43:15.683 17669 17796 I Appboy v4.0.1 .bo.app.r: Added request to dispatcher with parameters: 
01-25 20:43:15.683 17669 17796 I Appboy v4.0.1 .bo.app.r: {
01-25 20:43:15.683 17669 17796 I Appboy v4.0.1 .bo.app.r:   "respond_with": {
01-25 20:43:15.683 17669 17796 I Appboy v4.0.1 .bo.app.r:     "user_id": "fjEK12ZWYYw:APA91bF2wL6U_PY85Ru-0JM0ntKNwo1WHE24tQifyzjhM0n60B5iM-xBFgfujPgtvk4ZVrWn1HwnP6mVVTB4WeqpRgIWUko8JFnYSw24S1DIFSqeQISWucoHjwyDeC3rVwDld7fgCAqW",
01-25 20:43:15.683 17669 17796 I Appboy v4.0.1 .bo.app.r:     "triggers": true,
01-25 20:43:15.683 17669 17796 I Appboy v4.0.1 .bo.app.r:     "config": {
01-25 20:43:15.683 17669 17796 I Appboy v4.0.1 .bo.app.r:       "config_time": 1700618832
01-25 20:43:15.683 17669 17796 I Appboy v4.0.1 .bo.app.r:     }
01-25 20:43:15.683 17669 17796 I Appboy v4.0.1 .bo.app.r:   }
01-25 20:43:15.683 17669 17796 I Appboy v4.0.1 .bo.app.r: }
01-25 20:43:15.686   917   928 W AlarmManager: Suspiciously short interval 30000 millis; expanding to 60 seconds
01-25 20:43:15.686 17669 17796 I Appboy v4.0.1 .bo.app.bn: Completed the openSession call. Starting or continuing session 36d3405f-e670-4fdb-8828-51afb7d268d2
01-25 20:43:15.687 17669 17796 I Appboy v4.0.1 .bo.app.r: Added request to dispatcher with parameters: 
01-25 20:43:15.687 17669 17796 I Appboy v4.0.1 .bo.app.r: {}
01-25 20:43:15.691 17669 17830 I Appboy v4.0.1 .bo.app.df: Short circuiting execution of network request and immediately marking it as succeeded.
01-25 20:43:15.707 17669 17669 I com.abc.abcnews.util.AbcNewsUtil: Legacy migration complete: true
01-25 20:43:15.711 17669 17690 I FA      : Tag Manager is not found and thus will not be used
01-25 20:43:15.729 17669 17669 I WebViewFactory: Loading com.google.android.webview version 44.0.2403.117 (code 246011750)
01-25 20:43:15.730   917 19866 W AlarmManager: Suspiciously short interval 10000 millis; expanding to 60 seconds
01-25 20:43:15.753 17669 17752 W ResourceType: ResTable_typeSpec entry count inconsistent: given 84, previously 87
01-25 20:43:15.753 17669 17752 W ResourceType: ResTable_typeSpec entry count inconsistent: given 169, previously 173
01-25 20:43:15.754 17669 17752 W ResourceType: ResTable_typeSpec entry count inconsistent: given 3300, previously 3320
01-25 20:43:15.754 17669 17752 W ResourceType: ResTable_typeSpec entry count inconsistent: given 487, previously 4840
01-25 20:43:15.768 17669 17669 W System  : ClassLoader referenced unknown path: /system/app/WebViewGoogle/lib/arm64
01-25 20:43:15.773 17669 17669 I LibraryLoader: Time to load native libraries: 1 ms (timestamps 9520-9521)
01-25 20:43:15.773 17669 17669 I LibraryLoader: Expected native library version number "",actual native library version number ""
01-25 20:43:15.787 17669 17669 I LibraryLoader: Expected native library version number "",actual native library version number ""
01-25 20:43:15.787 17669 17669 I chromium: [INFO:library_loader_hooks.cc(120)] Chromium logging enabled: level = 0, default verbosity = 0
01-25 20:43:15.791 17669 17669 I BrowserStartupController: Initializing chromium process, singleProcess=true
01-25 20:43:15.792 17669 17669 E SysUtils: ApplicationContext is null in ApplicationStatus
01-25 20:43:15.803 17669 17669 W chromium: [WARNING:resource_bundle.cc(285)] locale_file_path.empty()
01-25 20:43:15.812 17669 17669 E libEGL  : validate_display:255 error 3008 (EGL_BAD_DISPLAY)
01-25 20:43:15.812 17669 17669 E libEGL  : validate_display:255 error 3008 (EGL_BAD_DISPLAY)
01-25 20:43:15.812 17669 17669 I Adreno  : QUALCOMM build                   : 63c06b2, I8366cd0437
01-25 20:43:15.812 17669 17669 I Adreno  : Build Date                       : 10/21/15
01-25 20:43:15.812 17669 17669 I Adreno  : OpenGL ES Shader Compiler Version: XE031.05.13.02
01-25 20:43:15.812 17669 17669 I Adreno  : Local Branch                     : 
01-25 20:43:15.812 17669 17669 I Adreno  : Remote Branch                    : quic/LA.BF64.1.2.9_v2
01-25 20:43:15.812 17669 17669 I Adreno  : Remote Branch                    : NONE
01-25 20:43:15.812 17669 17669 I Adreno  : Reconstruct Branch               : NOTHING
01-25 20:43:15.841 17669 17929 W AudioManagerAndroid: Requires BLUETOOTH permission
01-25 20:43:15.863 17669 17669 W AwContents: onDetachedFromWindow called when already detached. Ignoring
01-25 20:43:15.893   917  4622 I sensors : batch
01-25 20:43:15.893   917  4622 I sensors : activate
01-25 20:43:15.894   917  2971 I sensors : batch
01-25 20:43:15.894   917  2971 I sensors : activate
01-25 20:43:15.897 17669 17911 I OpenGLRenderer: Initialized EGL, version 1.4
01-25 20:43:15.901   917  2754 I hubconnection: sensorhub said: 'batch 1 flags:0, sampling_rate_Hz:5.00, max_report_latency_us:0'
01-25 20:43:15.903   917  2754 I hubconnection: sensorhub said: 'activate 1 enable:1'
01-25 20:43:15.904   917  2754 I hubconnection: sensorhub said: 'batch 2 flags:0, sampling_rate_Hz:5.00, max_report_latency_us:0'
01-25 20:43:15.905   917  2754 I hubconnection: sensorhub said: 'activate 2 enable:1'
01-25 20:43:15.919  6939  6939 I Wear_Controller: Wearable module requires a companion app to be installed.
01-25 20:43:15.919  6939  6939 I WearableService: onCreate: Wearable Services not starting. Wear is not available on this device.
01-25 20:43:15.936   917   927 W ActivityManager: Permission Denial: Accessing service ComponentInfo{com.google.android.music/com.google.android.music.dial.DialMediaRouteProviderService} from pid=17669, uid=10086 that is not exported from uid 10059
01-25 20:43:15.942 17669 17864 E FBAudienceNetwork: You are using custom Application class and don't call AudienceNetworkAds.isInAdsProcess(). Multi-process support will be disabled. Please call AudienceNetworkAds.isInAdsProcess() if you want to support multi-process mode.
01-25 20:43:15.943 17669 17927 W chromium: [WARNING:data_reduction_proxy_config.cc(423)] SPDY proxy OFF at startup
01-25 20:43:15.946 17669 17669 I Optly.datafileHandler: Refreshing data file
01-25 20:43:15.954 17669 17946 I Optly.datafileHandler: Requesting data file from https://cdn.optimizely.com/json/10562610719.json
01-25 20:43:15.976   917  4147 I sensors : activate
01-25 20:43:15.979   917   935 I ActivityManager: Displayed com.abc.abcnews/.ui.StartActivity: +1s994ms
01-25 20:43:15.979   917  2754 I hubconnection: sensorhub said: 'activate 1 enable:0'
01-25 20:43:15.997  6939 16353 I DiscoveryManager: Filter criteria(FFACD959) scannerFlags(0)
01-25 20:43:16.005  6939 16353 W DatabaseProcessor: processLocalDevices: failed to get the network info with non-null networkId.
01-25 20:43:16.005  6939  6939 I CastMediaRouteProvider: Published 0 routes
01-25 20:43:16.014  6939 30290 W WearableService: onGetService: Wear is not available on this device.
01-25 20:43:16.015  6939 16353 W DatabaseProcessor: processLocalDevices: failed to get the network info with non-null networkId.
01-25 20:43:16.016   917  4148 I sensors : activate
01-25 20:43:16.019   917  2754 I hubconnection: sensorhub said: 'activate 2 enable:0'
01-25 20:43:16.045   917  4147 I sensors : batch
01-25 20:43:16.045   917  4147 I sensors : activate
01-25 20:43:16.046   917  3017 I sensors : batch
01-25 20:43:16.046   917  3017 I sensors : activate
01-25 20:43:16.050   917  2754 I hubconnection: sensorhub said: 'batch 1 flags:0, sampling_rate_Hz:5.00, max_report_latency_us:0'
01-25 20:43:16.050   917  2754 I hubconnection: sensorhub said: 'activate 1 enable:1'
01-25 20:43:16.051   917  2754 I hubconnection: sensorhub said: 'batch 2 flags:0, sampling_rate_Hz:5.00, max_report_latency_us:0'
01-25 20:43:16.052   917  2754 I hubconnection: sensorhub said: 'activate 2 enable:1'
01-25 20:43:16.060 30704 16355 I PBSessionCacheImpl: Deleted sessionId[135039326261014330] from persistence.
01-25 20:43:16.101 30704 31222 I A       : Using proto config with mendel
01-25 20:43:16.104 30704 31222 I A       : Using proto config with mendel
01-25 20:43:16.105 30704 31222 W SearchServiceCore: Abort, client detached.
01-25 20:43:16.107 30704 31222 I MicroDetectionState: Should stop hotword detection immediately - true
01-25 20:43:16.109 30704 31222 I A       : Using proto config with mendel
01-25 20:43:16.110 30704 31222 I A       : Using proto config with mendel
01-25 20:43:16.111  6939  6939 I CastMediaRouteProvider: Published 0 routes
01-25 20:43:16.112   917  4621 I sensors : activate
01-25 20:43:16.116   917  2754 I hubconnection: sensorhub said: 'activate 1 enable:0'
01-25 20:43:16.175   917  3439 I sensors : activate
01-25 20:43:16.178   917  2754 I hubconnection: sensorhub said: 'activate 2 enable:0'
01-25 20:43:16.254  6939 16353 W NetworkScheduler: Error inserting service_kind=0 source=16 tag=Measurement.PackageMeasurementTaskService.UPLOAD_TASK_TAG requires_charging=0 target_package=com.google.android.gms source_version=240213000 required_network_type=0 flex_time=2228000 persistence_level=1 target_class=com.google.android.gms.measurement.PackageMeasurementTaskService runtime=1706186596247 retry_strategy={"maximum_backoff_seconds":{"3600":0},"initial_backoff_seconds":{"30":0},"retry_policy":{"0":0}} preferred_network_type=1 required_idleness_state=0 preferred_charging_state=1 last_runtime=0 period=4457000 task_type=0 job_id=-1 user_id=0 [CONTEXT service_id=218 ]
01-25 20:43:16.254  6939 16353 W NetworkScheduler: android.database.sqlite.SQLiteConstraintException: UNIQUE constraint failed: pending_ops.tag, pending_ops.target_class, pending_ops.target_package, pending_ops.user_id (code 2067)
01-25 20:43:16.254  6939 16353 W NetworkScheduler: 	at android.database.sqlite.SQLiteConnection.nativeExecuteForLastInsertedRowId(Native Method)
01-25 20:43:16.254  6939 16353 W NetworkScheduler: 	at android.database.sqlite.SQLiteConnection.executeForLastInsertedRowId(SQLiteConnection.java:780)
01-25 20:43:16.254  6939 16353 W NetworkScheduler: 	at android.database.sqlite.SQLiteSession.executeForLastInsertedRowId(SQLiteSession.java:788)
01-25 20:43:16.254  6939 16353 W NetworkScheduler: 	at android.database.sqlite.SQLiteStatement.executeInsert(SQLiteStatement.java:86)
01-25 20:43:16.254  6939 16353 W NetworkScheduler: 	at android.database.sqlite.SQLiteDatabase.insertWithOnConflict(SQLiteDatabase.java:1471)
01-25 20:43:16.254  6939 16353 W NetworkScheduler: 	at android.database.sqlite.SQLiteDatabase.insertOrThrow(SQLiteDatabase.java:1367)
01-25 20:43:16.254  6939 16353 W NetworkScheduler: 	at cdfk.d(:com.google.android.gms@240213013@24.02.13 (040400-599553831):743)
01-25 20:43:16.254  6939 16353 W NetworkScheduler: 	at cddr.n(:com.google.android.gms@240213013@24.02.13 (040400-599553831):29)
01-25 20:43:16.254  6939 16353 W NetworkScheduler: 	at cddr.u(:com.google.android.gms@240213013@24.02.13 (040400-599553831):362)
01-25 20:43:16.254  6939 16353 W NetworkScheduler: 	at cddr.h(:com.google.android.gms@240213013@24.02.13 (040400-599553831):51)
01-25 20:43:16.254  6939 16353 W NetworkScheduler: 	at ccyw.run(:com.google.android.gms@240213013@24.02.13 (040400-599553831):72)
01-25 20:43:16.254  6939 16353 W NetworkScheduler: 	at akqv.c(:com.google.android.gms@240213013@24.02.13 (040400-599553831):50)
01-25 20:43:16.254  6939 16353 W NetworkScheduler: 	at akqv.run(:com.google.android.gms@240213013@24.02.13 (040400-599553831):76)
01-25 20:43:16.254  6939 16353 W NetworkScheduler: 	at java.util.concurrent.ThreadPoolExecutor.runWorker(ThreadPoolExecutor.java:1113)
01-25 20:43:16.254  6939 16353 W NetworkScheduler: 	at java.util.concurrent.ThreadPoolExecutor$Worker.run(ThreadPoolExecutor.java:588)
01-25 20:43:16.254  6939 16353 W NetworkScheduler: 	at akwh.run(:com.google.android.gms@240213013@24.02.13 (040400-599553831):8)
01-25 20:43:16.254  6939 16353 W NetworkScheduler: 	at java.lang.Thread.run(Thread.java:818)
01-25 20:43:16.260 17669 17906 I UnauthenticatedIdPrefs: Deleted shared prefs version: 1.9
01-25 20:43:16.267 17669 17990 W ResourceType: ResTable_typeSpec entry count inconsistent: given 84, previously 87
01-25 20:43:16.267 17669 17990 W ResourceType: ResTable_typeSpec entry count inconsistent: given 169, previously 173
01-25 20:43:16.267 17669 17990 W ResourceType: ResTable_typeSpec entry count inconsistent: given 3300, previously 3320
01-25 20:43:16.267 17669 17990 W ResourceType: ResTable_typeSpec entry count inconsistent: given 487, previously 4840
01-25 20:43:16.280 17669 17871 W Groot   : Event logger is not configured, adding event to pending list.
01-25 20:43:16.282 17669 17990 I UnidClient: Current AAID is 6ac143a1-3f79-4ddc-8322-ebd88db160a7
01-25 20:43:16.282 17669 17990 I UnidClient: Current ANDROID_ID 6d05577918160da3
01-25 20:43:16.283 17669 17990 E UnidClient: Failed to read UNID shared preferences
01-25 20:43:16.302 11659 11668 I art     : Background partial concurrent mark sweep GC freed 37132(2MB) AllocSpace objects, 34(680KB) LOS objects, 22% free, 55MB/71MB, paused 607us total 216.980ms
01-25 20:43:16.338 15247 15247 I ServiceManager: Waiting for service AtCmdFwd...
01-25 20:43:16.455 17669 17669 W AwContents: onDetachedFromWindow called when already detached. Ignoring
01-25 20:43:16.459 17669 17669 I art     : Rejecting re-init on previously-failed class java.lang.Class<androidx.core.app.JobIntentService$JobServiceEngineImpl>
01-25 20:43:16.459 17669 17669 I art     : Rejecting re-init on previously-failed class java.lang.Class<androidx.core.app.JobIntentService$JobServiceEngineImpl>
01-25 20:43:16.480 17669 17702 I AccessEnablerService: Set requestor called with REQUESTOR_ID ABC
01-25 20:43:16.493 17669 18000 I HttpConnector:  Huawei; Nexus 6P; Android 6.0.1; en-us;  AdobePassNativeClient/3.1.3
01-25 20:43:16.503  4639 31587 W surfboard: tcp pair replaced, source port 37813 dest port 443
01-25 20:43:16.563 17669 17990 W UNID-ClientWS: Hostname android.unid.go.com not verified:
01-25 20:43:16.563 17669 17990 W UNID-ClientWS:     certificate: sha1/KuhKE3G5LTFc3SzteU/TWBg69CA=
01-25 20:43:16.563 17669 17990 W UNID-ClientWS:     DN: CN=api.dataload.dev.pricer-plaza.com
01-25 20:43:16.563 17669 17990 W UNID-ClientWS:     subjectAltNames: [api.dataload.dev.pricer-plaza.com]
01-25 20:43:16.632  4639 31587 W surfboard: (0x00000345) [] on_tcp_read local connection reset by peer
01-25 20:43:16.685 17669 17669 I Appboy v4.0.1 .bo.app.r: Added request to dispatcher with parameters: 
01-25 20:43:16.685 17669 17669 I Appboy v4.0.1 .bo.app.r: {}
01-25 20:43:16.688 17669 17830 I Appboy v4.0.1 .bo.app.df: Short circuiting execution of network request and immediately marking it as succeeded.
01-25 20:43:16.730   917   927 I ActivityManager: START u0 {cmp=com.abc.abcnews/.ui.navigation.MainNavigationActivity} from uid 10086 on display 0
01-25 20:43:16.794 17669 17669 W art     : Before Android 4.1, method android.graphics.PorterDuffColorFilter androidx.vectordrawable.graphics.drawable.VectorDrawableCompat.updateTintFilter(android.graphics.PorterDuffColorFilter, android.content.res.ColorStateList, android.graphics.PorterDuff$Mode) would have incorrectly overridden the package-private method in android.graphics.drawable.Drawable
01-25 20:43:16.806 17669 17669 I art     : Rejecting re-init on previously-failed class java.lang.Class<androidx.core.view.ViewCompat$2>
01-25 20:43:16.806 17669 17669 I art     : Rejecting re-init on previously-failed class java.lang.Class<androidx.core.view.ViewCompat$2>
01-25 20:43:16.827  6939 17264 W NetworkScheduler: Error inserting service_kind=0 source=16 tag=Measurement.PackageMeasurementTaskService.UPLOAD_TASK_TAG requires_charging=0 target_package=com.google.android.gms source_version=240213000 required_network_type=0 flex_time=2227000 persistence_level=1 target_class=com.google.android.gms.measurement.PackageMeasurementTaskService runtime=1706186596823 retry_strategy={"maximum_backoff_seconds":{"3600":0},"initial_backoff_seconds":{"30":0},"retry_policy":{"0":0}} preferred_network_type=1 required_idleness_state=0 preferred_charging_state=1 last_runtime=0 period=4456000 task_type=0 job_id=-1 user_id=0 [CONTEXT service_id=218 ]
01-25 20:43:16.827  6939 17264 W NetworkScheduler: android.database.sqlite.SQLiteConstraintException: UNIQUE constraint failed: pending_ops.tag, pending_ops.target_class, pending_ops.target_package, pending_ops.user_id (code 2067)
01-25 20:43:16.827  6939 17264 W NetworkScheduler: 	at android.database.sqlite.SQLiteConnection.nativeExecuteForLastInsertedRowId(Native Method)
01-25 20:43:16.827  6939 17264 W NetworkScheduler: 	at android.database.sqlite.SQLiteConnection.executeForLastInsertedRowId(SQLiteConnection.java:780)
01-25 20:43:16.827  6939 17264 W NetworkScheduler: 	at android.database.sqlite.SQLiteSession.executeForLastInsertedRowId(SQLiteSession.java:788)
01-25 20:43:16.827  6939 17264 W NetworkScheduler: 	at android.database.sqlite.SQLiteStatement.executeInsert(SQLiteStatement.java:86)
01-25 20:43:16.827  6939 17264 W NetworkScheduler: 	at android.database.sqlite.SQLiteDatabase.insertWithOnConflict(SQLiteDatabase.java:1471)
01-25 20:43:16.827  6939 17264 W NetworkScheduler: 	at android.database.sqlite.SQLiteDatabase.insertOrThrow(SQLiteDatabase.java:1367)
01-25 20:43:16.827  6939 17264 W NetworkScheduler: 	at cdfk.d(:com.google.android.gms@240213013@24.02.13 (040400-599553831):743)
01-25 20:43:16.827  6939 17264 W NetworkScheduler: 	at cddr.n(:com.google.android.gms@240213013@24.02.13 (040400-599553831):29)
01-25 20:43:16.827  6939 17264 W NetworkScheduler: 	at cddr.u(:com.google.android.gms@240213013@24.02.13 (040400-599553831):362)
01-25 20:43:16.827  6939 17264 W NetworkScheduler: 	at cddr.h(:com.google.android.gms@240213013@24.02.13 (040400-599553831):51)
01-25 20:43:16.827  6939 17264 W NetworkScheduler: 	at ccyw.run(:com.google.android.gms@240213013@24.02.13 (040400-599553831):72)
01-25 20:43:16.827  6939 17264 W NetworkScheduler: 	at akqv.c(:com.google.android.gms@240213013@24.02.13 (040400-599553831):50)
01-25 20:43:16.827  6939 17264 W NetworkScheduler: 	at akqv.run(:com.google.android.gms@240213013@24.02.13 (040400-599553831):76)
01-25 20:43:16.827  6939 17264 W NetworkScheduler: 	at java.util.concurrent.ThreadPoolExecutor.runWorker(ThreadPoolExecutor.java:1113)
01-25 20:43:16.827  6939 17264 W NetworkScheduler: 	at java.util.concurrent.ThreadPoolExecutor$Worker.run(ThreadPoolExecutor.java:588)
01-25 20:43:16.827  6939 17264 W NetworkScheduler: 	at akwh.run(:com.google.android.gms@240213013@24.02.13 (040400-599553831):8)
01-25 20:43:16.827  6939 17264 W NetworkScheduler: 	at java.lang.Thread.run(Thread.java:818)
01-25 20:43:16.998 17669 17796 I Appboy v4.0.1 .bo.app.bn: Completed the openSession call. Starting or continuing session 36d3405f-e670-4fdb-8828-51afb7d268d2
01-25 20:43:17.048   518   612 I ThermalEngine: ACTION: GPU - Setting GPU[0] to 510000000
01-25 20:43:17.164 17669 17796 I Appboy v4.0.1 .bo.app.bn: Completed the openSession call. Starting or continuing session 36d3405f-e670-4fdb-8828-51afb7d268d2
01-25 20:43:17.165 17669 17834 I Appboy v4.0.1 .bo.app.dq: Notifying confirmAndUnlock listeners
01-25 20:43:17.165 17669 17834 I Appboy v4.0.1 .bo.app.dq: Notifying confirmAndUnlock listeners
