01-25 20:43:17.235 17669 17669 W com.facebook.appevents.AppEventsLogger: activateApp events are being logged automatically. There's no need to call activateApp explicitly, this is safe to remove.
01-25 20:43:17.244 17669 17669 W AwContents: onDetachedFromWindow called when already detached. Ignoring
01-25 20:43:17.246 17669 17669 W BlueKai--BlueKai.addBlueKaiWebView():582: Activity is null. Cannot add webview
01-25 20:43:17.262 17669 17669 W VideoIndexSection: VideoIndexSection does not have a singular url
01-25 20:43:17.309  6939 16353 W NetworkScheduler: Error inserting service_kind=0 source=16 tag=Measurement.PackageMeasurementTaskService.UPLOAD_TASK_TAG requires_charging=0 target_package=com.google.android.gms source_version=240213000 required_network_type=0 flex_time=2227000 persistence_level=1 target_class=com.google.android.gms.measurement.PackageMeasurementTaskService runtime=1706186597305 retry_strategy={"maximum_backoff_seconds":{"3600":0},"initial_backoff_seconds":{"30":0},"retry_policy":{"0":0}} preferred_network_type=1 required_idleness_state=0 preferred_charging_state=1 last_runtime=0 period=4455000 task_type=0 job_id=-1 user_id=0 [CONTEXT service_id=218 ]
01-25 20:43:17.309  6939 16353 W NetworkScheduler: android.database.sqlite.SQLiteConstraintException: UNIQUE constraint failed: pending_ops.tag, pending_ops.target_class, pending_ops.target_package, pending_ops.user_id (code 2067)
01-25 20:43:17.309  6939 16353 W NetworkScheduler: 	at android.database.sqlite.SQLiteConnection.nativeExecuteForLastInsertedRowId(Native Method)
01-25 20:43:17.309  6939 16353 W NetworkScheduler: 	at android.database.sqlite.SQLiteConnection.executeForLastInsertedRowId(SQLiteConnection.java:780)
01-25 20:43:17.309  6939 16353 W NetworkScheduler: 	at android.database.sqlite.SQLiteSession.executeForLastInsertedRowId(SQLiteSession.java:788)
01-25 20:43:17.309  6939 16353 W NetworkScheduler: 	at android.database.sqlite.SQLiteStatement.executeInsert(SQLiteStatement.java:86)
01-25 20:43:17.309  6939 16353 W NetworkScheduler: 	at android.database.sqlite.SQLiteDatabase.insertWithOnConflict(SQLiteDatabase.java:1471)
01-25 20:43:17.309  6939 16353 W NetworkScheduler: 	at android.database.sqlite.SQLiteDatabase.insertOrThrow(SQLiteDatabase.java:1367)
01-25 20:43:17.309  6939 16353 W NetworkScheduler: 	at cdfk.d(:com.google.android.gms@240213013@24.02.13 (040400-599553831):743)
01-25 20:43:17.309  6939 16353 W NetworkScheduler: 	at cddr.n(:com.google.android.gms@240213013@24.02.13 (040400-599553831):29)
01-25 20:43:17.309  6939 16353 W NetworkScheduler: 	at cddr.u(:com.google.android.gms@240213013@24.02.13 (040400-599553831):362)
01-25 20:43:17.309  6939 16353 W NetworkScheduler: 	at cddr.h(:com.google.android.gms@240213013@24.02.13 (040400-599553831):51)
01-25 20:43:17.309  6939 16353 W NetworkScheduler: 	at ccyw.run(:com.google.android.gms@240213013@24.02.13 (040400-599553831):72)
01-25 20:43:17.309  6939 16353 W NetworkScheduler: 	at akqv.c(:com.google.android.gms@240213013@24.02.13 (040400-599553831):50)
01-25 20:43:17.309  6939 16353 W NetworkScheduler: 	at akqv.run(:com.google.android.gms@240213013@24.02.13 (040400-599553831):76)
01-25 20:43:17.309  6939 16353 W NetworkScheduler: 	at java.util.concurrent.ThreadPoolExecutor.runWorker(ThreadPoolExecutor.java:1113)
01-25 20:43:17.309  6939 16353 W NetworkScheduler: 	at java.util.concurrent.ThreadPoolExecutor$Worker.run(ThreadPoolExecutor.java:588)
01-25 20:43:17.309  6939 16353 W NetworkScheduler: 	at akwh.run(:com.google.android.gms@240213013@24.02.13 (040400-599553831):8)
01-25 20:43:17.309  6939 16353 W NetworkScheduler: 	at java.lang.Thread.run(Thread.java:818)
01-25 20:43:17.338 15247 15247 I ServiceManager: Waiting for service AtCmdFwd...
01-25 20:43:17.346 17669 17669 E RecyclerView: No adapter attached; skipping layout
01-25 20:43:17.396  6939  6948 I art     : Background partial concurrent mark sweep GC freed 173576(12MB) AllocSpace objects, 0(0B) LOS objects, 23% free, 52MB/68MB, paused 851us total 124.310ms
01-25 20:43:17.478 11659  3625 I Icing   : IndexChimeraService.getServiceInterface callingPackage=com.google.android.gms componentName=null serviceId=30
01-25 20:43:17.486 17669 17669 E RecyclerView: No adapter attached; skipping layout
01-25 20:43:17.524 11659  6927 I Icing   : Usage reports ok 1, Failed Usage reports 0, indexed 0, rejected 0
01-25 20:43:17.548   917   935 I ActivityManager: Displayed com.abc.abcnews/.ui.navigation.MainNavigationActivity: +770ms
01-25 20:43:17.727 17669 17669 E NewsItemUtil: Error with time being zero
01-25 20:43:17.746 17669 17994 W VideoIndexSection: VideoIndexSection does not have a singular url
01-25 20:43:17.748 17669 17678 I art     : Background sticky concurrent mark sweep GC freed 51646(5MB) AllocSpace objects, 55(892KB) LOS objects, 4% free, 65MB/67MB, paused 5.885ms total 50.242ms
01-25 20:43:17.866 17669 17996 W VideoIndexSection: VideoIndexSection does not have a singular url
01-25 20:43:17.893 17669 17844 I AccessEnablerService: Get selected provider called
01-25 20:43:17.925 17669 17937 I AccessEnablerService: Check authentication called
01-25 20:43:17.938 17669 17678 I art     : Background partial concurrent mark sweep GC freed 10110(787KB) AllocSpace objects, 4(1296KB) LOS objects, 18% free, 69MB/85MB, paused 6.112ms total 122.098ms
01-25 20:43:17.974 17669 18066 W VideoIndexSection: VideoIndexSection does not have a singular url
01-25 20:43:17.978 17669 17847 I AccessEnablerService: Get metadata called
01-25 20:43:17.981 17669 17847 I AccessEnablerService: Get selected provider called
01-25 20:43:17.983 17669 18083 I Telemetry: trackAuthNFailure  The user is not authenticated.
01-25 20:43:17.984 17669 18083 W Groot   : Event logger is not configured, adding event to pending list.
01-25 20:43:17.989 17669 17997 W VideoIndexSection: VideoIndexSection does not have a singular url
01-25 20:43:18.078 17669 17907 W VideoIndexSection: VideoIndexSection does not have a singular url
01-25 20:43:18.113   917  4148 I sensors : batch
01-25 20:43:18.113   917  4148 I sensors : activate
01-25 20:43:18.118   917  2754 I hubconnection: sensorhub said: 'batch 4 flags:0, sampling_rate_Hz:10.00, max_report_latency_us:0'
01-25 20:43:18.119   917  3440 W AlarmManager: set/setRepeating ignored because there is no intent
01-25 20:43:18.120   917  2754 I hubconnection: sensorhub said: 'activate 4 enable:1'
01-25 20:43:18.120   917  4147 I sensors : activate
01-25 20:43:18.122   917  2754 I hubconnection: sensorhub said: 'activate 4 enable:0'
01-25 20:43:18.123   917  4293 I sensors : batch
01-25 20:43:18.123   917  4293 I sensors : activate
01-25 20:43:18.129   917  2754 I hubconnection: sensorhub said: 'batch 4 flags:0, sampling_rate_Hz:10.00, max_report_latency_us:0'
01-25 20:43:18.130   917  2754 I hubconnection: sensorhub said: 'activate 4 enable:1'
01-25 20:43:18.256  4639 31587 W surfboard: (0x00000352) [] on_tcp_read local connection reset by peer
01-25 20:43:18.256  4639 31587 W surfboard: (0x0000034F) [] on_tcp_read local connection reset by peer
01-25 20:43:18.257  4639 31587 W surfboard: (0x00000351) [] on_tcp_read local connection reset by peer
01-25 20:43:18.258  4639 31587 W surfboard: (0x00000353) [] on_tcp_read local connection reset by peer
01-25 20:43:18.276 17669 17996 W VideoIndexSection: VideoIndexSection does not have a singular url
01-25 20:43:18.288 17669 17997 W VideoIndexSection: VideoIndexSection does not have a singular url
01-25 20:43:18.339 15247 15247 W Atfwd_Sendcmd: AtCmdFwd service not published, waiting... retryCnt : 4
01-25 20:43:18.451 17669 17994 W VideoIndexSection: VideoIndexSection does not have a singular url
01-25 20:43:18.594 17669 18066 W VideoIndexSection: VideoIndexSection does not have a singular url
01-25 20:43:18.672 17669 17907 W VideoIndexSection: VideoIndexSection does not have a singular url
01-25 20:43:18.692 17669 17996 W VideoIndexSection: VideoIndexSection does not have a singular url
01-25 20:43:18.704 17669 18008 W VideoIndexSection: VideoIndexSection does not have a singular url
01-25 20:43:18.959 17669 17669 E NewsItemUtil: Error with time being zero
01-25 20:43:19.019  6939 16353 W AdaptiveDiscoveryWorker: Exiting Adaptive Discovery. Current NetworkInfo is NULL.
01-25 20:43:19.027 17669 17997 W VideoIndexSection: VideoIndexSection does not have a singular url
01-25 20:43:19.053   518   612 I ThermalEngine: ACTION: GPU - Setting GPU[0] to 450000000
01-25 20:43:20.126   917  3536 I sensors : activate
01-25 20:43:20.133   917  2754 I hubconnection: sensorhub said: 'activate 4 enable:0'
01-25 20:43:21.501 30704 17592 I art     : Waiting for a blocking GC DisableMovingGc
01-25 20:43:21.507 30704 17592 I art     : WaitForGcToComplete blocked for 6.224ms for cause DisableMovingGc
01-25 20:43:21.508 30704 17592 I art     : Starting a blocking GC DisableMovingGc
01-25 20:43:22.925  6939  6991 W AlarmManager: alarm window unlikely to be respected [CONTEXT service_id=231 ]
01-25 20:43:22.925  6939  6991 W AlarmManager: java.lang.IllegalArgumentException: alarm "NetworkLocationLocator" has short window length
01-25 20:43:22.925  6939  6991 W AlarmManager: 	at bhbo.b(:com.google.android.gms@240213013@24.02.13 (040400-599553831):45)
01-25 20:43:22.925  6939  6991 W AlarmManager: 	at denr.f(:com.google.android.gms@240213013@24.02.13 (040400-599553831):121)
01-25 20:43:22.925  6939  6991 W AlarmManager: 	at dejy.f(:com.google.android.gms@240213013@24.02.13 (040400-599553831):106)
01-25 20:43:22.925  6939  6991 W AlarmManager: 	at dejy.i(:com.google.android.gms@240213013@24.02.13 (040400-599553831):1842)
01-25 20:43:22.925  6939  6991 W AlarmManager: 	at dejy.h(:com.google.android.gms@240213013@24.02.13 (040400-599553831):313)
01-25 20:43:22.925  6939  6991 W AlarmManager: 	at deux.y(:com.google.android.gms@240213013@24.02.13 (040400-599553831):9)
01-25 20:43:22.925  6939  6991 W AlarmManager: 	at deuq.y(:com.google.android.gms@240213013@24.02.13 (040400-599553831):22)
01-25 20:43:22.925  6939  6991 W AlarmManager: 	at demu.handleMessage(:com.google.android.gms@240213013@24.02.13 (040400-599553831):708)
01-25 20:43:22.925  6939  6991 W AlarmManager: 	at android.os.Handler.dispatchMessage(Handler.java:102)
01-25 20:43:22.925  6939  6991 W AlarmManager: 	at bhqx.lB(:com.google.android.gms@240213013@24.02.13 (040400-599553831):1)
01-25 20:43:22.925  6939  6991 W AlarmManager: 	at bhqx.dispatchMessage(:com.google.android.gms@240213013@24.02.13 (040400-599553831):143)
01-25 20:43:22.925  6939  6991 W AlarmManager: 	at android.os.Looper.loop(Looper.java:148)
01-25 20:43:22.925  6939  6991 W AlarmManager: 	at android.os.HandlerThread.run(HandlerThread.java:61)
01-25 20:43:24.469   917  2754 I hubconnection: sensorhub said: 'set_bias 3: -6.0672, 0.0000, 0.0000'
01-25 20:43:25.065   518   612 I ThermalEngine: ACTION: GPU - Setting GPU[0] to 510000000
01-25 20:43:25.253 18223 18223 I Radio-JNI: register_android_hardware_Radio DONE
01-25 20:43:25.279 18223 18223 I Input   : injectMotionEvent: MotionEvent { action=ACTION_DOWN, actionButton=0, id[0]=0, x[0]=98.0, y[0]=183.0, toolType[0]=TOOL_TYPE_UNKNOWN, buttonState=0, metaState=0, flags=0x0, edgeFlags=0x0, pointerCount=1, historySize=0, eventTime=231799027, downTime=231799027, deviceId=0, source=0x1002 }
01-25 20:43:25.287 18223 18223 I Input   : injectMotionEvent: MotionEvent { action=ACTION_MOVE, actionButton=0, id[0]=0, x[0]=98.0, y[0]=183.0, toolType[0]=TOOL_TYPE_UNKNOWN, buttonState=0, metaState=0, flags=0x0, edgeFlags=0x0, pointerCount=1, historySize=0, eventTime=231799027, downTime=231799027, deviceId=0, source=0x1002 }
01-25 20:43:25.307 18223 18223 I Input   : injectMotionEvent: MotionEvent { action=ACTION_MOVE, actionButton=0, id[0]=0, x[0]=98.0, y[0]=183.0, toolType[0]=TOOL_TYPE_UNKNOWN, buttonState=0, metaState=0, flags=0x0, edgeFlags=0x0, pointerCount=1, historySize=0, eventTime=231799055, downTime=231799055, deviceId=0, source=0x1002 }
01-25 20:43:25.323 18223 18223 I Input   : injectMotionEvent: MotionEvent { action=ACTION_MOVE, actionButton=0, id[0]=0, x[0]=98.0, y[0]=183.0, toolType[0]=TOOL_TYPE_UNKNOWN, buttonState=0, metaState=0, flags=0x0, edgeFlags=0x0, pointerCount=1, historySize=0, eventTime=231799071, downTime=231799071, deviceId=0, source=0x1002 }
01-25 20:43:25.340 18223 18223 I Input   : injectMotionEvent: MotionEvent { action=ACTION_MOVE, actionButton=0, id[0]=0, x[0]=98.0, y[0]=183.0, toolType[0]=TOOL_TYPE_UNKNOWN, buttonState=0, metaState=0, flags=0x0, edgeFlags=0x0, pointerCount=1, historySize=0, eventTime=231799088, downTime=231799088, deviceId=0, source=0x1002 }
01-25 20:43:25.357 18223 18223 I Input   : injectMotionEvent: MotionEvent { action=ACTION_MOVE, actionButton=0, id[0]=0, x[0]=98.0, y[0]=183.0, toolType[0]=TOOL_TYPE_UNKNOWN, buttonState=0, metaState=0, flags=0x0, edgeFlags=0x0, pointerCount=1, historySize=0, eventTime=231799105, downTime=231799105, deviceId=0, source=0x1002 }
01-25 20:43:25.373 18223 18223 I Input   : injectMotionEvent: MotionEvent { action=ACTION_MOVE, actionButton=0, id[0]=0, x[0]=98.0, y[0]=183.0, toolType[0]=TOOL_TYPE_UNKNOWN, buttonState=0, metaState=0, flags=0x0, edgeFlags=0x0, pointerCount=1, historySize=0, eventTime=231799122, downTime=231799122, deviceId=0, source=0x1002 }
01-25 20:43:25.390 18223 18223 I Input   : injectMotionEvent: MotionEvent { action=ACTION_MOVE, actionButton=0, id[0]=0, x[0]=98.0, y[0]=183.0, toolType[0]=TOOL_TYPE_UNKNOWN, buttonState=0, metaState=0, flags=0x0, edgeFlags=0x0, pointerCount=1, historySize=0, eventTime=231799139, downTime=231799139, deviceId=0, source=0x1002 }
01-25 20:43:25.407 18223 18223 I Input   : injectMotionEvent: MotionEvent { action=ACTION_MOVE, actionButton=0, id[0]=0, x[0]=98.0, y[0]=183.0, toolType[0]=TOOL_TYPE_UNKNOWN, buttonState=0, metaState=0, flags=0x0, edgeFlags=0x0, pointerCount=1, historySize=0, eventTime=231799155, downTime=231799155, deviceId=0, source=0x1002 }
01-25 20:43:25.423 18223 18223 I Input   : injectMotionEvent: MotionEvent { action=ACTION_MOVE, actionButton=0, id[0]=0, x[0]=98.0, y[0]=183.0, toolType[0]=TOOL_TYPE_UNKNOWN, buttonState=0, metaState=0, flags=0x0, edgeFlags=0x0, pointerCount=1, historySize=0, eventTime=231799172, downTime=231799172, deviceId=0, source=0x1002 }
01-25 20:43:25.440 18223 18223 I Input   : injectMotionEvent: MotionEvent { action=ACTION_MOVE, actionButton=0, id[0]=0, x[0]=98.0, y[0]=183.0, toolType[0]=TOOL_TYPE_UNKNOWN, buttonState=0, metaState=0, flags=0x0, edgeFlags=0x0, pointerCount=1, historySize=0, eventTime=231799188, downTime=231799188, deviceId=0, source=0x1002 }
01-25 20:43:25.456 18223 18223 I Input   : injectMotionEvent: MotionEvent { action=ACTION_MOVE, actionButton=0, id[0]=0, x[0]=98.0, y[0]=183.0, toolType[0]=TOOL_TYPE_UNKNOWN, buttonState=0, metaState=0, flags=0x0, edgeFlags=0x0, pointerCount=1, historySize=0, eventTime=231799204, downTime=231799204, deviceId=0, source=0x1002 }
01-25 20:43:25.473 18223 18223 I Input   : injectMotionEvent: MotionEvent { action=ACTION_MOVE, actionButton=0, id[0]=0, x[0]=98.0, y[0]=183.0, toolType[0]=TOOL_TYPE_UNKNOWN, buttonState=0, metaState=0, flags=0x0, edgeFlags=0x0, pointerCount=1, historySize=0, eventTime=231799221, downTime=231799221, deviceId=0, source=0x1002 }
01-25 20:43:25.489 18223 18223 I Input   : injectMotionEvent: MotionEvent { action=ACTION_UP, actionButton=0, id[0]=0, x[0]=98.0, y[0]=183.0, toolType[0]=TOOL_TYPE_UNKNOWN, buttonState=0, metaState=0, flags=0x0, edgeFlags=0x0, pointerCount=1, historySize=0, eventTime=231799237, downTime=231799237, deviceId=0, source=0x1002 }
01-25 20:43:25.510   512  2803 I soundtrigger: audio_extn_sound_trigger_update_device_status: device 0x2 of type 0 for Event 1
01-25 20:43:26.082 30704 31222 I WorkerManager: dispose()
01-25 20:43:26.083 30704 31222 W A       : Queue length for executor EventBus is now 11. Perhaps some tasks are too long, or the pool is too small.
01-25 20:43:26.085   512  2803 I soundtrigger: audio_extn_sound_trigger_update_device_status: device 0x2 of type 0 for Event 0
01-25 20:43:26.773 17669 17990 W UNID-ClientWS: Hostname android.unid.go.com not verified:
01-25 20:43:26.773 17669 17990 W UNID-ClientWS:     certificate: sha1/KuhKE3G5LTFc3SzteU/TWBg69CA=
01-25 20:43:26.773 17669 17990 W UNID-ClientWS:     DN: CN=api.dataload.dev.pricer-plaza.com
01-25 20:43:26.773 17669 17990 W UNID-ClientWS:     subjectAltNames: [api.dataload.dev.pricer-plaza.com]
01-25 20:43:30.388   917  2754 I hubconnection: sensorhub said: 'set_bias 3: -6.0096, 0.0000, 0.0000'
01-25 20:43:32.077   518   612 I ThermalEngine: ACTION: GPU - Setting GPU[0] to 600000000
01-25 20:43:37.489  6939  6991 W AlarmManager: alarm window unlikely to be respected [CONTEXT service_id=231 ]
01-25 20:43:37.489  6939  6991 W AlarmManager: java.lang.IllegalArgumentException: alarm "NetworkLocationLocator" has short window length
01-25 20:43:37.489  6939  6991 W AlarmManager: 	at bhbo.b(:com.google.android.gms@240213013@24.02.13 (040400-599553831):45)
01-25 20:43:37.489  6939  6991 W AlarmManager: 	at denr.f(:com.google.android.gms@240213013@24.02.13 (040400-599553831):121)
01-25 20:43:37.489  6939  6991 W AlarmManager: 	at dejy.f(:com.google.android.gms@240213013@24.02.13 (040400-599553831):106)
01-25 20:43:37.489  6939  6991 W AlarmManager: 	at dejy.i(:com.google.android.gms@240213013@24.02.13 (040400-599553831):1842)
01-25 20:43:37.489  6939  6991 W AlarmManager: 	at dejy.m(:com.google.android.gms@240213013@24.02.13 (040400-599553831):13)
01-25 20:43:37.489  6939  6991 W AlarmManager: 	at deux.C(:com.google.android.gms@240213013@24.02.13 (040400-599553831):228)
01-25 20:43:37.489  6939  6991 W AlarmManager: 	at deuq.C(:com.google.android.gms@240213013@24.02.13 (040400-599553831):22)
01-25 20:43:37.489  6939  6991 W AlarmManager: 	at demu.handleMessage(:com.google.android.gms@240213013@24.02.13 (040400-599553831):441)
01-25 20:43:37.489  6939  6991 W AlarmManager: 	at android.os.Handler.dispatchMessage(Handler.java:102)
01-25 20:43:37.489  6939  6991 W AlarmManager: 	at bhqx.lB(:com.google.android.gms@240213013@24.02.13 (040400-599553831):1)
01-25 20:43:37.489  6939  6991 W AlarmManager: 	at bhqx.dispatchMessage(:com.google.android.gms@240213013@24.02.13 (040400-599553831):143)
01-25 20:43:37.489  6939  6991 W AlarmManager: 	at android.os.Looper.loop(Looper.java:148)
01-25 20:43:37.489  6939  6991 W AlarmManager: 	at android.os.HandlerThread.run(HandlerThread.java:61)
01-25 20:43:37.501   917   926 I art     : Background sticky concurrent mark sweep GC freed 116086(12MB) AllocSpace objects, 128(2MB) LOS objects, 21% free, 53MB/68MB, paused 1.251ms total 129.938ms
01-25 20:43:38.340 15247 15247 I ServiceManager: Waiting for service AtCmdFwd...
01-25 20:43:39.341 15247 15247 I ServiceManager: Waiting for service AtCmdFwd...
01-25 20:43:40.342 15247 15247 I ServiceManager: Waiting for service AtCmdFwd...
01-25 20:43:41.343 15247 15247 I ServiceManager: Waiting for service AtCmdFwd...
01-25 20:43:42.343 15247 15247 I ServiceManager: Waiting for service AtCmdFwd...
01-25 20:43:43.344 15247 15247 W Atfwd_Sendcmd: AtCmdFwd service not published, waiting... retryCnt : 5
01-25 20:43:47.038 17669 17990 W UNID-ClientWS: Hostname android.unid.go.com not verified:
01-25 20:43:47.038 17669 17990 W UNID-ClientWS:     certificate: sha1/KuhKE3G5LTFc3SzteU/TWBg69CA=
01-25 20:43:47.038 17669 17990 W UNID-ClientWS:     DN: CN=api.dataload.dev.pricer-plaza.com
01-25 20:43:47.038 17669 17990 W UNID-ClientWS:     subjectAltNames: [api.dataload.dev.pricer-plaza.com]
01-25 20:43:47.038 17669 17990 I UnidClient: Retry Backoff timeout reached for UNID WS calls
01-25 20:43:48.382 18342 18342 W Thread-4935: type=1400 audit(0.0:39822): avc: denied { read } for name="mem" dev="debugfs" ino=3222738 scontext=u:r:untrusted_app:s0:c512,c768 tcontext=u:object_r:debugfs:s0 tclass=file permissive=0
01-25 20:43:48.382 18342 18342 W Thread-4935: type=1400 audit(0.0:39823): avc: denied { read } for name="mem" dev="debugfs" ino=3222738 scontext=u:r:untrusted_app:s0:c512,c768 tcontext=u:object_r:debugfs:s0 tclass=file permissive=0
01-25 20:43:55.523   917  2754 I hubconnection: sensorhub said: 'set_bias 3: -5.8464, 0.0000, 0.0000'
01-25 20:43:55.571 11659 11117 I art     : Starting a blocking GC Explicit
01-25 20:43:55.731 11659 11117 I art     : Explicit concurrent mark sweep GC freed 10640(631KB) AllocSpace objects, 1(20KB) LOS objects, 22% free, 55MB/71MB, paused 1.505ms total 159.660ms
01-25 20:43:57.269 17669 17796 I Appboy v4.0.1 .bo.app.r: Added request to dispatcher with parameters: 
01-25 20:43:57.269 17669 17796 I Appboy v4.0.1 .bo.app.r: {}
01-25 20:43:57.317  6939 16353 I NetworkScheduler.Stats: (REDACTED) Task %s/%s started execution. cause:%s exec_start_elapsed_seconds: %s
01-25 20:43:57.416 18387 18387 I Radio-JNI: register_android_hardware_Radio DONE
01-25 20:43:57.433 18387 18387 I Input   : injectMotionEvent: MotionEvent { action=ACTION_DOWN, actionButton=0, id[0]=0, x[0]=642.0, y[0]=239.0, toolType[0]=TOOL_TYPE_UNKNOWN, buttonState=0, metaState=0, flags=0x0, edgeFlags=0x0, pointerCount=1, historySize=0, eventTime=231831181, downTime=231831181, deviceId=0, source=0x1002 }
01-25 20:43:57.444 18387 18387 I Input   : injectMotionEvent: MotionEvent { action=ACTION_MOVE, actionButton=0, id[0]=0, x[0]=642.0, y[0]=239.0, toolType[0]=TOOL_TYPE_UNKNOWN, buttonState=0, metaState=0, flags=0x0, edgeFlags=0x0, pointerCount=1, historySize=0, eventTime=231831181, downTime=231831181, deviceId=0, source=0x1002 }
01-25 20:43:57.452 18387 18387 I Input   : injectMotionEvent: MotionEvent { action=ACTION_MOVE, actionButton=0, id[0]=0, x[0]=642.0, y[0]=239.0, toolType[0]=TOOL_TYPE_UNKNOWN, buttonState=0, metaState=0, flags=0x0, edgeFlags=0x0, pointerCount=1, historySize=0, eventTime=231831200, downTime=231831200, deviceId=0, source=0x1002 }
01-25 20:43:57.468 18387 18387 I Input   : injectMotionEvent: MotionEvent { action=ACTION_MOVE, actionButton=0, id[0]=0, x[0]=642.0, y[0]=239.0, toolType[0]=TOOL_TYPE_UNKNOWN, buttonState=0, metaState=0, flags=0x0, edgeFlags=0x0, pointerCount=1, historySize=0, eventTime=231831217, downTime=231831217, deviceId=0, source=0x1002 }
01-25 20:43:57.485 18387 18387 I Input   : injectMotionEvent: MotionEvent { action=ACTION_MOVE, actionButton=0, id[0]=0, x[0]=642.0, y[0]=239.0, toolType[0]=TOOL_TYPE_UNKNOWN, buttonState=0, metaState=0, flags=0x0, edgeFlags=0x0, pointerCount=1, historySize=0, eventTime=231831234, downTime=231831234, deviceId=0, source=0x1002 }
01-25 20:43:57.502 18387 18387 I Input   : injectMotionEvent: MotionEvent { action=ACTION_MOVE, actionButton=0, id[0]=0, x[0]=642.0, y[0]=239.0, toolType[0]=TOOL_TYPE_UNKNOWN, buttonState=0, metaState=0, flags=0x0, edgeFlags=0x0, pointerCount=1, historySize=0, eventTime=231831250, downTime=231831250, deviceId=0, source=0x1002 }
01-25 20:43:57.518 18387 18387 I Input   : injectMotionEvent: MotionEvent { action=ACTION_MOVE, actionButton=0, id[0]=0, x[0]=642.0, y[0]=239.0, toolType[0]=TOOL_TYPE_UNKNOWN, buttonState=0, metaState=0, flags=0x0, edgeFlags=0x0, pointerCount=1, historySize=0, eventTime=231831267, downTime=231831267, deviceId=0, source=0x1002 }
01-25 20:43:57.535 18387 18387 I Input   : injectMotionEvent: MotionEvent { action=ACTION_MOVE, actionButton=0, id[0]=0, x[0]=642.0, y[0]=239.0, toolType[0]=TOOL_TYPE_UNKNOWN, buttonState=0, metaState=0, flags=0x0, edgeFlags=0x0, pointerCount=1, historySize=0, eventTime=231831284, downTime=231831284, deviceId=0, source=0x1002 }
01-25 20:43:57.552 18387 18387 I Input   : injectMotionEvent: MotionEvent { action=ACTION_MOVE, actionButton=0, id[0]=0, x[0]=642.0, y[0]=239.0, toolType[0]=TOOL_TYPE_UNKNOWN, buttonState=0, metaState=0, flags=0x0, edgeFlags=0x0, pointerCount=1, historySize=0, eventTime=231831300, downTime=231831300, deviceId=0, source=0x1002 }
01-25 20:43:57.568 18387 18387 I Input   : injectMotionEvent: MotionEvent { action=ACTION_MOVE, actionButton=0, id[0]=0, x[0]=642.0, y[0]=239.0, toolType[0]=TOOL_TYPE_UNKNOWN, buttonState=0, metaState=0, flags=0x0, edgeFlags=0x0, pointerCount=1, historySize=0, eventTime=231831317, downTime=231831317, deviceId=0, source=0x1002 }
01-25 20:43:57.585 18387 18387 I Input   : injectMotionEvent: MotionEvent { action=ACTION_MOVE, actionButton=0, id[0]=0, x[0]=642.0, y[0]=239.0, toolType[0]=TOOL_TYPE_UNKNOWN, buttonState=0, metaState=0, flags=0x0, edgeFlags=0x0, pointerCount=1, historySize=0, eventTime=231831333, downTime=231831333, deviceId=0, source=0x1002 }
01-25 20:43:57.602 18387 18387 I Input   : injectMotionEvent: MotionEvent { action=ACTION_MOVE, actionButton=0, id[0]=0, x[0]=642.0, y[0]=239.0, toolType[0]=TOOL_TYPE_UNKNOWN, buttonState=0, metaState=0, flags=0x0, edgeFlags=0x0, pointerCount=1, historySize=0, eventTime=231831350, downTime=231831350, deviceId=0, source=0x1002 }
01-25 20:43:57.618 18387 18387 I Input   : injectMotionEvent: MotionEvent { action=ACTION_MOVE, actionButton=0, id[0]=0, x[0]=642.0, y[0]=239.0, toolType[0]=TOOL_TYPE_UNKNOWN, buttonState=0, metaState=0, flags=0x0, edgeFlags=0x0, pointerCount=1, historySize=0, eventTime=231831367, downTime=231831367, deviceId=0, source=0x1002 }
01-25 20:43:57.635 18387 18387 I Input   : injectMotionEvent: MotionEvent { action=ACTION_UP, actionButton=0, id[0]=0, x[0]=642.0, y[0]=239.0, toolType[0]=TOOL_TYPE_UNKNOWN, buttonState=0, metaState=0, flags=0x0, edgeFlags=0x0, pointerCount=1, historySize=0, eventTime=231831384, downTime=231831384, deviceId=0, source=0x1002 }
01-25 20:43:57.826 11148 18429 I Adreno  : QUALCOMM build                   : 63c06b2, I8366cd0437
01-25 20:43:57.826 11148 18429 I Adreno  : Build Date                       : 10/21/15
01-25 20:43:57.826 11148 18429 I Adreno  : OpenGL ES Shader Compiler Version: XE031.05.13.02
01-25 20:43:57.826 11148 18429 I Adreno  : Local Branch                     : 
01-25 20:43:57.826 11148 18429 I Adreno  : Remote Branch                    : quic/LA.BF64.1.2.9_v2
01-25 20:43:57.826 11148 18429 I Adreno  : Remote Branch                    : NONE
01-25 20:43:57.826 11148 18429 I Adreno  : Reconstruct Branch               : NOTHING
01-25 20:43:57.830 11148 18429 I OpenGLRenderer: Initialized EGL, version 1.4
01-25 20:43:58.249 18436 18436 I Radio-JNI: register_android_hardware_Radio DONE
01-25 20:43:58.544 17669 17831 I Appboy v4.0.1 .bo.app.dq: Notifying confirmAndUnlock listeners
01-25 20:43:58.544 17669 17831 I Appboy v4.0.1 .bo.app.dq: Notifying confirmAndUnlock listeners
01-25 20:43:58.602 15109 15188 E Volley  : [3945] ahr.a: Unexpected response code 400 for https://www.googleapis.com/youtubei/v1/browse?key=AIzaSyA8eiZmM1FaDVjRy-df2KTyQ_vz_yYM39w
01-25 20:43:58.604 15109 18391 E YouTube : libraries.youtube.net.gcm.service.YouTubeGcmTaskService.onRunTask:1033 Failed to fetch settings
01-25 20:43:58.604 15109 18391 E YouTube : izh: java.util.concurrent.ExecutionException: ahl
01-25 20:43:58.604 15109 18391 E YouTube : 	at iyz.a(SourceFile:100)
01-25 20:43:58.604 15109 18391 E YouTube : 	at iza.b(SourceFile:178)
01-25 20:43:58.604 15109 18391 E YouTube : 	at cch.a(SourceFile:2101)
01-25 20:43:58.604 15109 18391 E YouTube : 	at com.google.android.libraries.youtube.net.gcm.service.YouTubeGcmTaskService.onRunTask(SourceFile:1033)
01-25 20:43:58.604 15109 18391 E YouTube : 	at com.google.android.libraries.youtube.common.gcore.gcoreclient.gcm.impl.GcmTaskServiceDelegator.a(SourceFile:65)
01-25 20:43:58.604 15109 18391 E YouTube : 	at evv.run(Unknown Source)
01-25 20:43:58.604 15109 18391 E YouTube : Caused by: java.util.concurrent.ExecutionException: ahl
01-25 20:43:58.604 15109 18391 E YouTube : 	at ain.a(SourceFile:117)
01-25 20:43:58.604 15109 18391 E YouTube : 	at ain.get(SourceFile:88)
01-25 20:43:58.604 15109 18391 E YouTube : 	at kdf.get(SourceFile:69)
01-25 20:43:58.604 15109 18391 E YouTube : 	at iyz.a(SourceFile:98)
01-25 20:43:58.604 15109 18391 E YouTube : 	... 5 more
01-25 20:43:58.604 15109 18391 E YouTube : Caused by: ahl
01-25 20:43:58.604 15109 18391 E YouTube : 	at ahr.a(SourceFile:163)
01-25 20:43:58.604 15109 18391 E YouTube : 	at kcq.a(SourceFile:49)
01-25 20:43:58.604 15109 18391 E YouTube : 	at agx.run(SourceFile:112)
01-25 20:43:58.611  6939  5195 I NetworkScheduler.Stats: (REDACTED) Task %s/%s finished executing. cause:%s result: %s elapsed_millis: %s uptime_millis: %s exec_start_elapsed_seconds: %s
01-25 20:43:58.682  6939 16353 I NetworkScheduler.Stats: (REDACTED) Task %s/%s started execution. cause:%s exec_start_elapsed_seconds: %s
01-25 20:43:58.694  6939  5195 I NetworkScheduler.Stats: (REDACTED) Task %s/%s finished executing. cause:%s result: %s elapsed_millis: %s uptime_millis: %s exec_start_elapsed_seconds: %s
01-25 20:43:58.907 18452 18452 I Radio-JNI: register_android_hardware_Radio DONE
01-25 20:43:58.926 18452 18452 I Input   : injectKeyEvent: KeyEvent { action=ACTION_DOWN, keyCode=KEYCODE_ENTER, scanCode=0, metaState=0, flags=0x0, repeatCount=0, eventTime=231832674, downTime=231832674, deviceId=-1, source=0x101 }
01-25 20:43:58.945 18452 18452 I Input   : injectKeyEvent: KeyEvent { action=ACTION_UP, keyCode=KEYCODE_ENTER, scanCode=0, metaState=0, flags=0x0, repeatCount=0, eventTime=231832674, downTime=231832674, deviceId=-1, source=0x101 }
01-25 20:43:59.555 18475 18475 I Radio-JNI: register_android_hardware_Radio DONE
01-25 20:43:59.573 18475 18475 I Input   : injectKeyEvent: KeyEvent { action=ACTION_DOWN, keyCode=KEYCODE_SEARCH, scanCode=0, metaState=0, flags=0x0, repeatCount=0, eventTime=231833321, downTime=231833321, deviceId=-1, source=0x101 }
01-25 20:43:59.586 18475 18475 I Input   : injectKeyEvent: KeyEvent { action=ACTION_UP, keyCode=KEYCODE_SEARCH, scanCode=0, metaState=0, flags=0x0, repeatCount=0, eventTime=231833321, downTime=231833321, deviceId=-1, source=0x101 }
01-25 20:44:01.436   917  2754 I hubconnection: sensorhub said: 'set_bias 3: -5.8656, 0.0000, 0.0000'
01-25 20:44:01.658 11659  3625 I PhenotypeProcessReaper: Memory state is: 100
01-25 20:44:08.345 15247 15247 I Atfwd_Sendcmd: AtCmdFwd service not ready - Exhausted retry attempts - :6
01-25 20:44:08.346 15247 15247 I Atfwd_Daemon: result : -1 	 ,Init step :2 	 ,qmiErrorCode: 0
01-25 20:44:10.062 11117 11117 W lowpool[53]: type=1400 audit(0.0:39824): avc: denied { read } for name="mem" dev="debugfs" ino=3222738 scontext=u:r:untrusted_app:s0:c512,c768 tcontext=u:object_r:debugfs:s0 tclass=file permissive=0
01-25 20:44:10.062 11117 11117 W lowpool[53]: type=1400 audit(0.0:39825): avc: denied { read } for name="mem" dev="debugfs" ino=3222738 scontext=u:r:untrusted_app:s0:c512,c768 tcontext=u:object_r:debugfs:s0 tclass=file permissive=0
01-25 20:44:21.283  6939 12482 I NearbySharing: Advertising has stopped [CONTEXT service_id=194 ]
01-25 20:44:21.285  6939  6978 I NearbyConnections: Client 76853682 requested advertising to stop.
01-25 20:44:21.300  6939 12482 I NearbySharing: (REDACTED) Start advertising with mode %s certificate visibility %s data usage preference %s, and bt advertising %s with vendorId %d
01-25 20:44:21.305  6939 20184 I NearbySharing: NearbyConnectionsManager cleared incoming payload tracking [CONTEXT service_id=194 ]
01-25 20:44:21.306  6939 12482 I NearbySharing: (REDACTED) Advertising has started with mode %s, Bt enabled : %s
01-25 20:44:21.345  6939 20187 I NearbyMediums: Unable to stop the advertisement GATT server because it's not running.
01-25 20:44:21.345  6939 20187 I NearbyMediums: Successfully stopped BLE advertising for service NearbySharing
01-25 20:44:21.345  6939 20184 I NearbySharing: (REDACTED) Loading certificates with visibility %s
01-25 20:44:21.346  6939 20187 I NearbyMediums: Stopped accepting Bluetooth Classic connections for NearbySharing.
01-25 20:44:21.347  6939 20187 I NearbyMediums: Can't stop LAN advertising because we're not currently advertising.
01-25 20:44:21.347  6939 20187 I NearbyMediums: Can't stop accepting Wifi connections because it was never started.
01-25 20:44:21.347  6939 20187 I NearbyMediums: Can't stop WiFi Aware publishing because it was never started.
01-25 20:44:21.347  6939 20187 I NearbyMediums: Can't stop accepting WiFi connections because it was never started.
01-25 20:44:21.347  6939 20187 I NearbyMediums: Can't stop NFC advertising because it was never started.
01-25 20:44:21.347  6939 20187 I NearbyMediums: Skipping stop accepting connections: we are not currently accepting WebRTC connections for NearbySharing.
01-25 20:44:21.348  6939 20184 I NearbySharing: (REDACTED) Saving the private certificate to file %s.
01-25 20:44:21.349  6939 20184 I NearbySharing: (REDACTED) Created endpointInfo: %s
01-25 20:44:21.355  6939 20184 I NearbySharing: (REDACTED) Started advertising with power level = %s and isAllowGattConnections = %s and advertising mediums %s.
01-25 20:44:21.855  6939 20187 I Nearby  : (REDACTED) Failed to shutdown executor %s.
01-25 20:44:21.860  6939  6978 I NearbyConnections: Client 76853682 requested advertising to start.
01-25 20:44:21.868  6939 20187 I NearbyConnections: Generated local endpoint id TKTA for client 76853682
01-25 20:44:21.881  6939 20187 W BluetoothAdapter: getBluetoothService() called with no BluetoothManagerCallback
01-25 20:44:21.886  6939 20187 I NearbyMediums: Started accepting Bluetooth Classic connections for NearbySharing.
01-25 20:44:21.959  6939 20187 I NearbyMediums: Started fast BLE advertisement with: { mode: legacy, txPowerLevel: MEDIUM, advertiseMode: BALANCED}
01-25 20:44:21.959  6939 20187 I NearbyMediums: Successfully started BLE advertising of size 23 for service NearbySharing, deviceToken : [ 0x01 0x79 ].
01-25 20:44:21.967  6939 20184 I NearbySharing: (REDACTED) Successfully started advertising over Nearby Connections: %s, %s, %s
01-25 20:44:26.556   917  2754 I hubconnection: sensorhub said: 'set_bias 3: -5.7600, 0.0000, 0.0000'
01-25 20:44:28.347 15247 15247 I ServiceManager: Waiting for service AtCmdFwd...
01-25 20:44:29.348 15247 15247 I ServiceManager: Waiting for service AtCmdFwd...
01-25 20:44:30.349 15247 15247 I ServiceManager: Waiting for service AtCmdFwd...
01-25 20:44:31.350 15247 15247 I ServiceManager: Waiting for service AtCmdFwd...
01-25 20:44:32.351 15247 15247 I ServiceManager: Waiting for service AtCmdFwd...
01-25 20:44:32.467   917  2754 I hubconnection: sensorhub said: 'set_bias 3: -5.7984, 0.0000, 0.0000'
01-25 20:44:33.351 15247 15247 W Atfwd_Sendcmd: AtCmdFwd service not published, waiting... retryCnt : 1
01-25 20:44:38.352 15247 15247 I ServiceManager: Waiting for service AtCmdFwd...
01-25 20:44:39.353 15247 15247 I ServiceManager: Waiting for service AtCmdFwd...
01-25 20:44:40.354 15247 15247 I ServiceManager: Waiting for service AtCmdFwd...
01-25 20:44:41.354 15247 15247 I ServiceManager: Waiting for service AtCmdFwd...
01-25 20:44:42.355 15247 15247 I ServiceManager: Waiting for service AtCmdFwd...
01-25 20:44:43.356 15247 15247 W Atfwd_Sendcmd: AtCmdFwd service not published, waiting... retryCnt : 2
01-25 20:44:51.384  6939 17264 I art     : Starting a blocking GC Explicit
01-25 20:44:51.580  6939 17264 I art     : Explicit concurrent mark sweep GC freed 42690(2MB) AllocSpace objects, 1(20KB) LOS objects, 23% free, 52MB/68MB, paused 1.809ms total 195.996ms
01-25 20:44:53.357 15247 15247 I ServiceManager: Waiting for service AtCmdFwd...
01-25 20:44:54.358 15247 15247 I ServiceManager: Waiting for service AtCmdFwd...
01-25 20:44:55.359 15247 15247 I ServiceManager: Waiting for service AtCmdFwd...
01-25 20:44:56.359 15247 15247 I ServiceManager: Waiting for service AtCmdFwd...
01-25 20:44:57.360 15247 15247 I ServiceManager: Waiting for service AtCmdFwd...
01-25 20:44:57.571   917  2754 I hubconnection: sensorhub said: 'set_bias 3: -5.7504, 0.0000, 0.0000'
01-25 20:44:58.361 15247 15247 W Atfwd_Sendcmd: AtCmdFwd service not published, waiting... retryCnt : 3
01-25 20:44:58.814   917  2754 I hubconnection: sensorhub said: 'set_bias 3: -4.8000, 0.0000, 0.0000'
01-25 20:45:03.673  3092  3092 I wpa_supplicant: wlan0: WPA: Group rekeying completed with 24:4b:fe:67:36:94 [GTK=CCMP]
01-25 20:45:04.770 17669 17796 I Appboy v4.0.1 .bo.app.r: Added request to dispatcher with parameters: 
01-25 20:45:04.770 17669 17796 I Appboy v4.0.1 .bo.app.r: {}
01-25 20:45:04.775 17669 17830 I Appboy v4.0.1 .bo.app.df: Short circuiting execution of network request and immediately marking it as succeeded.
01-25 20:45:04.776 17669 17830 I Appboy v4.0.1 .bo.app.dq: Notifying confirmAndUnlock listeners
01-25 20:45:04.776 17669 17830 I Appboy v4.0.1 .bo.app.dq: Notifying confirmAndUnlock listeners
01-25 20:45:13.362 15247 15247 I ServiceManager: Waiting for service AtCmdFwd...
01-25 20:45:14.362 15247 15247 I ServiceManager: Waiting for service AtCmdFwd...
01-25 20:45:15.363 15247 15247 I ServiceManager: Waiting for service AtCmdFwd...
01-25 20:45:16.364 15247 15247 I ServiceManager: Waiting for service AtCmdFwd...
01-25 20:45:17.365 15247 15247 I ServiceManager: Waiting for service AtCmdFwd...
01-25 20:45:18.366 15247 15247 W Atfwd_Sendcmd: AtCmdFwd service not published, waiting... retryCnt : 4
01-25 20:45:25.737 17669 17796 I Appboy v4.0.1 .bo.app.r: Added request to dispatcher with parameters: 
01-25 20:45:25.737 17669 17796 I Appboy v4.0.1 .bo.app.r: {}
01-25 20:45:25.744 17669 17830 I Appboy v4.0.1 .bo.app.df: Short circuiting execution of network request and immediately marking it as succeeded.
01-25 20:45:25.745 17669 17830 I Appboy v4.0.1 .bo.app.dq: Notifying confirmAndUnlock listeners
01-25 20:45:25.745 17669 17830 I Appboy v4.0.1 .bo.app.dq: Notifying confirmAndUnlock listeners
01-25 20:45:38.359 18808 18808 I Radio-JNI: register_android_hardware_Radio DONE
01-25 20:45:38.367 15247 15247 I ServiceManager: Waiting for service AtCmdFwd...
01-25 20:45:38.380 18808 18808 I Input   : injectMotionEvent: MotionEvent { action=ACTION_DOWN, actionButton=0, id[0]=0, x[0]=642.0, y[0]=239.0, toolType[0]=TOOL_TYPE_UNKNOWN, buttonState=0, metaState=0, flags=0x0, edgeFlags=0x0, pointerCount=1, historySize=0, eventTime=231932127, downTime=231932127, deviceId=0, source=0x1002 }
