01-14 23:46:43.775 29252 29252 I ServiceManager: Waiting for service AtCmdFwd...
01-14 23:46:44.777 29252 29252 I ServiceManager: Waiting for service AtCmdFwd...
01-14 23:46:45.779 29252 29252 I ServiceManager: Waiting for service AtCmdFwd...
01-14 23:46:46.295  3740 29282 I EventLogService: Opted in for usage reporting
01-14 23:46:46.295  3740 29282 I EventLogService: Aggregate from 1705245405990 (log), 1705245405990 (data)
01-14 23:46:46.296 30976 29279 W LocationOracleImpl: Best location was null
01-14 23:46:46.297 30976 29279 W Search.SearchUrlHelper: Auth token not ready, no auth header set.
01-14 23:46:46.365 22674 25628 I WorkerWrapper: Worker result SUCCESS for Work [ id=d34873cd-1e5c-4220-9c0c-53f241fd67b0, tags={ com.etsy.android.lib.logger.elk.uploading.ElkLogUploadWorker, elk-logs } ]
01-14 23:46:46.396  3740 29282 I ServiceDumpSys: dumping service [account]
01-14 23:46:46.445  3196 29288 I PhenotypeFlagCommitter: Experiment Configs successfully retrieved for com.google.android.gms.playlog.uploader
01-14 23:46:46.447  3196 29288 I GoogleURLConnFactory: Using platform SSLCertificateSocketFactory
01-14 23:46:46.779 29252 29252 W Atfwd_Sendcmd: AtCmdFwd service not published, waiting... retryCnt : 1
01-14 23:46:51.781 29252 29252 I ServiceManager: Waiting for service AtCmdFwd...
01-14 23:46:52.783 29252 29252 I ServiceManager: Waiting for service AtCmdFwd...
01-14 23:46:53.786 29252 29252 I ServiceManager: Waiting for service AtCmdFwd...
01-14 23:46:54.788 29252 29252 I ServiceManager: Waiting for service AtCmdFwd...
01-14 23:46:55.790 29252 29252 I ServiceManager: Waiting for service AtCmdFwd...
01-14 23:46:56.792 29252 29252 W Atfwd_Sendcmd: AtCmdFwd service not published, waiting... retryCnt : 2
01-14 23:47:06.794 29252 29252 I ServiceManager: Waiting for service AtCmdFwd...
01-14 23:47:07.796 29252 29252 I ServiceManager: Waiting for service AtCmdFwd...
01-14 23:47:08.798 29252 29252 I ServiceManager: Waiting for service AtCmdFwd...
01-14 23:47:09.800 29252 29252 I ServiceManager: Waiting for service AtCmdFwd...
01-14 23:47:10.803 29252 29252 I ServiceManager: Waiting for service AtCmdFwd...
01-14 23:47:11.805 29252 29252 W Atfwd_Sendcmd: AtCmdFwd service not published, waiting... retryCnt : 3
01-14 23:47:26.807 29252 29252 I ServiceManager: Waiting for service AtCmdFwd...
01-14 23:47:27.809 29252 29252 I ServiceManager: Waiting for service AtCmdFwd...
01-14 23:47:28.811 29252 29252 I ServiceManager: Waiting for service AtCmdFwd...
01-14 23:47:29.813 29252 29252 I ServiceManager: Waiting for service AtCmdFwd...
01-14 23:47:30.815 29252 29252 I ServiceManager: Waiting for service AtCmdFwd...
01-14 23:47:31.817 29252 29252 W Atfwd_Sendcmd: AtCmdFwd service not published, waiting... retryCnt : 4
01-14 23:47:51.819 29252 29252 I ServiceManager: Waiting for service AtCmdFwd...
01-14 23:47:52.821 29252 29252 I ServiceManager: Waiting for service AtCmdFwd...
01-14 23:47:53.824 29252 29252 I ServiceManager: Waiting for service AtCmdFwd...
01-14 23:47:54.826 29252 29252 I ServiceManager: Waiting for service AtCmdFwd...
01-14 23:47:55.828 29252 29252 I ServiceManager: Waiting for service AtCmdFwd...
01-14 23:47:56.829 29252 29252 W Atfwd_Sendcmd: AtCmdFwd service not published, waiting... retryCnt : 5
01-14 23:48:21.831 29252 29252 I Atfwd_Sendcmd: AtCmdFwd service not ready - Exhausted retry attempts - :6
01-14 23:48:21.831 29252 29252 I Atfwd_Daemon: result : -1 	 ,Init step :2 	 ,qmiErrorCode: 0
01-14 23:48:36.833 29252 29252 I ServiceManager: Waiting for service AtCmdFwd...
01-14 23:48:37.835 29252 29252 I ServiceManager: Waiting for service AtCmdFwd...
01-14 23:48:38.837 29252 29252 I ServiceManager: Waiting for service AtCmdFwd...
01-14 23:48:39.840 29252 29252 I ServiceManager: Waiting for service AtCmdFwd...
01-14 23:48:40.842 29252 29252 I ServiceManager: Waiting for service AtCmdFwd...
01-14 23:48:41.844 29252 29252 W Atfwd_Sendcmd: AtCmdFwd service not published, waiting... retryCnt : 1
01-14 23:48:46.846 29252 29252 I ServiceManager: Waiting for service AtCmdFwd...
01-14 23:48:47.848 29252 29252 I ServiceManager: Waiting for service AtCmdFwd...
01-14 23:48:48.850 29252 29252 I ServiceManager: Waiting for service AtCmdFwd...
01-14 23:48:49.853 29252 29252 I ServiceManager: Waiting for service AtCmdFwd...
01-14 23:48:50.855 29252 29252 I ServiceManager: Waiting for service AtCmdFwd...
01-14 23:48:51.856 29252 29252 W Atfwd_Sendcmd: AtCmdFwd service not published, waiting... retryCnt : 2
01-14 23:49:01.858 29252 29252 I ServiceManager: Waiting for service AtCmdFwd...
01-14 23:49:02.861 29252 29252 I ServiceManager: Waiting for service AtCmdFwd...
01-14 23:49:03.864 29252 29252 I ServiceManager: Waiting for service AtCmdFwd...
01-14 23:49:04.866 29252 29252 I ServiceManager: Waiting for service AtCmdFwd...
01-14 23:49:05.868 29252 29252 I ServiceManager: Waiting for service AtCmdFwd...
01-14 23:49:06.870 29252 29252 W Atfwd_Sendcmd: AtCmdFwd service not published, waiting... retryCnt : 3
01-14 23:49:21.872 29252 29252 I ServiceManager: Waiting for service AtCmdFwd...
01-14 23:49:22.874 29252 29252 I ServiceManager: Waiting for service AtCmdFwd...
01-14 23:49:23.876 29252 29252 I ServiceManager: Waiting for service AtCmdFwd...
01-14 23:49:24.878 29252 29252 I ServiceManager: Waiting for service AtCmdFwd...
01-14 23:49:25.880 29252 29252 I ServiceManager: Waiting for service AtCmdFwd...
01-14 23:49:26.882 29252 29252 W Atfwd_Sendcmd: AtCmdFwd service not published, waiting... retryCnt : 4
01-14 23:49:46.884 29252 29252 I ServiceManager: Waiting for service AtCmdFwd...
01-14 23:49:47.886 29252 29252 I ServiceManager: Waiting for service AtCmdFwd...
01-14 23:49:48.888 29252 29252 I ServiceManager: Waiting for service AtCmdFwd...
01-14 23:49:49.890 29252 29252 I ServiceManager: Waiting for service AtCmdFwd...
01-14 23:49:50.893 29252 29252 I ServiceManager: Waiting for service AtCmdFwd...
01-14 23:49:51.894 29252 29252 W Atfwd_Sendcmd: AtCmdFwd service not published, waiting... retryCnt : 5
01-14 23:50:16.896 29252 29252 I Atfwd_Sendcmd: AtCmdFwd service not ready - Exhausted retry attempts - :6
01-14 23:50:16.896 29252 29252 I Atfwd_Daemon: result : -1 	 ,Init step :2 	 ,qmiErrorCode: 0
01-14 23:50:36.898 29252 29252 I ServiceManager: Waiting for service AtCmdFwd...
01-14 23:50:37.900 29252 29252 I ServiceManager: Waiting for service AtCmdFwd...
01-14 23:50:38.902 29252 29252 I ServiceManager: Waiting for service AtCmdFwd...
01-14 23:50:39.905 29252 29252 I ServiceManager: Waiting for service AtCmdFwd...
01-14 23:50:40.907 29252 29252 I ServiceManager: Waiting for service AtCmdFwd...
01-14 23:50:41.908 29252 29252 W Atfwd_Sendcmd: AtCmdFwd service not published, waiting... retryCnt : 1
01-14 23:50:46.910 29252 29252 I ServiceManager: Waiting for service AtCmdFwd...
01-14 23:50:47.912 29252 29252 I ServiceManager: Waiting for service AtCmdFwd...
01-14 23:50:48.915 29252 29252 I ServiceManager: Waiting for service AtCmdFwd...
01-14 23:50:49.917 29252 29252 I ServiceManager: Waiting for service AtCmdFwd...
01-14 23:50:50.919 29252 29252 I ServiceManager: Waiting for service AtCmdFwd...
01-14 23:50:51.920 29252 29252 W Atfwd_Sendcmd: AtCmdFwd service not published, waiting... retryCnt : 2
01-14 23:51:01.924 29252 29252 I ServiceManager: Waiting for service AtCmdFwd...
01-14 23:51:02.926 29252 29252 I ServiceManager: Waiting for service AtCmdFwd...
01-14 23:51:03.929 29252 29252 I ServiceManager: Waiting for service AtCmdFwd...
01-14 23:51:04.931 29252 29252 I ServiceManager: Waiting for service AtCmdFwd...
01-14 23:51:05.934 29252 29252 I ServiceManager: Waiting for service AtCmdFwd...
01-14 23:51:06.936 29252 29252 W Atfwd_Sendcmd: AtCmdFwd service not published, waiting... retryCnt : 3
01-14 23:51:20.568  3099  3099 I wpa_supplicant: wlan0: WPA: Group rekeying completed with 24:4b:fe:67:36:94 [GTK=CCMP]
01-14 23:51:21.938 29252 29252 I ServiceManager: Waiting for service AtCmdFwd...
01-14 23:51:22.940 29252 29252 I ServiceManager: Waiting for service AtCmdFwd...
01-14 23:51:23.943 29252 29252 I ServiceManager: Waiting for service AtCmdFwd...
01-14 23:51:24.945 29252 29252 I ServiceManager: Waiting for service AtCmdFwd...
01-14 23:51:25.947 29252 29252 I ServiceManager: Waiting for service AtCmdFwd...
01-14 23:51:26.948 29252 29252 W Atfwd_Sendcmd: AtCmdFwd service not published, waiting... retryCnt : 4
01-14 23:51:46.950 29252 29252 I ServiceManager: Waiting for service AtCmdFwd...
01-14 23:51:47.954 29252 29252 I ServiceManager: Waiting for service AtCmdFwd...
01-14 23:51:48.956 29252 29252 I ServiceManager: Waiting for service AtCmdFwd...
01-14 23:51:49.958 29252 29252 I ServiceManager: Waiting for service AtCmdFwd...
01-14 23:51:50.960 29252 29252 I ServiceManager: Waiting for service AtCmdFwd...
01-14 23:51:51.961 29252 29252 W Atfwd_Sendcmd: AtCmdFwd service not published, waiting... retryCnt : 5
01-14 23:52:16.963 29252 29252 I Atfwd_Sendcmd: AtCmdFwd service not ready - Exhausted retry attempts - :6
01-14 23:52:16.963 29252 29252 I Atfwd_Daemon: result : -1 	 ,Init step :2 	 ,qmiErrorCode: 0
01-14 23:52:41.976 29252 29254 E QC-QMI  : qmi_client [29252] b6: failed to locate client data
01-14 23:52:41.977   524   524 E QC-QMI  : qmuxd: RX on fd=18 returned error=0 errno[2:No such file or directory]
01-14 23:52:41.978   524   524 E QC-QMI  : QMUX qmux_client_id=b6 not found in qmux client list, unable to remove
01-14 23:52:41.983 29252 29252 I Atfwd_Daemon: Stop the daemon....
01-14 23:52:42.022 29334 29334 W ATFWD-daemon: type=1400 audit(0.0:275): avc: denied { read write } for name="diag" dev="tmpfs" ino=1221 scontext=u:r:atfwd:s0 tcontext=u:object_r:diag_device:s0 tclass=chr_file permissive=0
01-14 23:52:42.034 29334 29334 I libmdmdetect: ESOC framework not supported
01-14 23:52:42.035 29334 29334 I libmdmdetect: Found internal modem: modem
01-14 23:52:42.036 29334 29334 E Diag_Lib:  Diag_LSM_Init: Failed to open handle to diag driver, error = 13
01-14 23:52:42.044 29334 29334 I Atfwd_Daemon: result : 255 	 ,Init step :0 	 ,qmiErrorCode: 0
01-14 23:52:42.044 29334 29334 I Atfwd_Daemon: result : 0 	 ,Init step :1 	 ,qmiErrorCode: 0
01-14 23:52:42.046 29334 29334 I ServiceManager: Waiting for service AtCmdFwd...
01-14 23:52:43.048 29334 29334 I ServiceManager: Waiting for service AtCmdFwd...
01-14 23:52:44.050 29334 29334 I ServiceManager: Waiting for service AtCmdFwd...
01-14 23:52:45.052 29334 29334 I ServiceManager: Waiting for service AtCmdFwd...
01-14 23:52:46.054 29334 29334 I ServiceManager: Waiting for service AtCmdFwd...
01-14 23:52:47.056 29334 29334 W Atfwd_Sendcmd: AtCmdFwd service not published, waiting... retryCnt : 1
01-14 23:52:52.058 29334 29334 I ServiceManager: Waiting for service AtCmdFwd...
01-14 23:52:53.060 29334 29334 I ServiceManager: Waiting for service AtCmdFwd...
01-14 23:52:54.063 29334 29334 I ServiceManager: Waiting for service AtCmdFwd...
01-14 23:52:55.065 29334 29334 I ServiceManager: Waiting for service AtCmdFwd...
01-14 23:52:56.067 29334 29334 I ServiceManager: Waiting for service AtCmdFwd...
01-14 23:52:57.068 29334 29334 W Atfwd_Sendcmd: AtCmdFwd service not published, waiting... retryCnt : 2
01-14 23:53:07.071 29334 29334 I ServiceManager: Waiting for service AtCmdFwd...
01-14 23:53:08.074 29334 29334 I ServiceManager: Waiting for service AtCmdFwd...
01-14 23:53:09.076 29334 29334 I ServiceManager: Waiting for service AtCmdFwd...
01-14 23:53:10.078 29334 29334 I ServiceManager: Waiting for service AtCmdFwd...
01-14 23:53:11.080 29334 29334 I ServiceManager: Waiting for service AtCmdFwd...
01-14 23:53:12.082 29334 29334 W Atfwd_Sendcmd: AtCmdFwd service not published, waiting... retryCnt : 3
01-14 23:53:27.084 29334 29334 I ServiceManager: Waiting for service AtCmdFwd...
01-14 23:53:28.087 29334 29334 I ServiceManager: Waiting for service AtCmdFwd...
01-14 23:53:29.089 29334 29334 I ServiceManager: Waiting for service AtCmdFwd...
01-14 23:53:30.091 29334 29334 I ServiceManager: Waiting for service AtCmdFwd...
01-14 23:53:31.094 29334 29334 I ServiceManager: Waiting for service AtCmdFwd...
01-14 23:53:32.095 29334 29334 W Atfwd_Sendcmd: AtCmdFwd service not published, waiting... retryCnt : 4
01-14 23:53:52.097 29334 29334 I ServiceManager: Waiting for service AtCmdFwd...
01-14 23:53:53.099 29334 29334 I ServiceManager: Waiting for service AtCmdFwd...
01-14 23:53:54.101 29334 29334 I ServiceManager: Waiting for service AtCmdFwd...
01-14 23:53:55.104 29334 29334 I ServiceManager: Waiting for service AtCmdFwd...
01-14 23:53:56.106 29334 29334 I ServiceManager: Waiting for service AtCmdFwd...
01-14 23:53:57.107 29334 29334 W Atfwd_Sendcmd: AtCmdFwd service not published, waiting... retryCnt : 5
01-14 23:54:22.108 29334 29334 I Atfwd_Sendcmd: AtCmdFwd service not ready - Exhausted retry attempts - :6
01-14 23:54:22.109 29334 29334 I Atfwd_Daemon: result : -1 	 ,Init step :2 	 ,qmiErrorCode: 0
01-14 23:54:27.111 29334 29334 I ServiceManager: Waiting for service AtCmdFwd...
01-14 23:54:28.113 29334 29334 I ServiceManager: Waiting for service AtCmdFwd...
01-14 23:54:29.115 29334 29334 I ServiceManager: Waiting for service AtCmdFwd...
01-14 23:54:30.117 29334 29334 I ServiceManager: Waiting for service AtCmdFwd...
01-14 23:54:31.119 29334 29334 I ServiceManager: Waiting for service AtCmdFwd...
01-14 23:54:32.120 29334 29334 W Atfwd_Sendcmd: AtCmdFwd service not published, waiting... retryCnt : 1
01-14 23:54:37.121 29334 29334 I ServiceManager: Waiting for service AtCmdFwd...
01-14 23:54:38.123 29334 29334 I ServiceManager: Waiting for service AtCmdFwd...
01-14 23:54:39.125 29334 29334 I ServiceManager: Waiting for service AtCmdFwd...
01-14 23:54:40.127 29334 29334 I ServiceManager: Waiting for service AtCmdFwd...
01-14 23:54:41.130 29334 29334 I ServiceManager: Waiting for service AtCmdFwd...
01-14 23:54:42.131 29334 29334 W Atfwd_Sendcmd: AtCmdFwd service not published, waiting... retryCnt : 2
01-14 23:54:52.134 29334 29334 I ServiceManager: Waiting for service AtCmdFwd...
01-14 23:54:53.136 29334 29334 I ServiceManager: Waiting for service AtCmdFwd...
01-14 23:54:54.138 29334 29334 I ServiceManager: Waiting for service AtCmdFwd...
01-14 23:54:55.141 29334 29334 I ServiceManager: Waiting for service AtCmdFwd...
01-14 23:54:56.143 29334 29334 I ServiceManager: Waiting for service AtCmdFwd...
01-14 23:54:57.145 29334 29334 W Atfwd_Sendcmd: AtCmdFwd service not published, waiting... retryCnt : 3
01-14 23:55:12.147 29334 29334 I ServiceManager: Waiting for service AtCmdFwd...
01-14 23:55:13.149 29334 29334 I ServiceManager: Waiting for service AtCmdFwd...
01-14 23:55:14.151 29334 29334 I ServiceManager: Waiting for service AtCmdFwd...
01-14 23:55:15.153 29334 29334 I ServiceManager: Waiting for service AtCmdFwd...
01-14 23:55:16.155 29334 29334 I ServiceManager: Waiting for service AtCmdFwd...
01-14 23:55:17.157 29334 29334 W Atfwd_Sendcmd: AtCmdFwd service not published, waiting... retryCnt : 4
01-14 23:55:37.159 29334 29334 I ServiceManager: Waiting for service AtCmdFwd...
01-14 23:55:38.161 29334 29334 I ServiceManager: Waiting for service AtCmdFwd...
01-14 23:55:39.163 29334 29334 I ServiceManager: Waiting for service AtCmdFwd...
01-14 23:55:40.166 29334 29334 I ServiceManager: Waiting for service AtCmdFwd...
01-14 23:55:41.168 29334 29334 I ServiceManager: Waiting for service AtCmdFwd...
01-14 23:55:42.168 29334 29334 W Atfwd_Sendcmd: AtCmdFwd service not published, waiting... retryCnt : 5
01-14 23:56:07.170 29334 29334 I Atfwd_Sendcmd: AtCmdFwd service not ready - Exhausted retry attempts - :6
01-14 23:56:07.170 29334 29334 I Atfwd_Daemon: result : -1 	 ,Init step :2 	 ,qmiErrorCode: 0
01-14 23:56:17.173 29334 29334 I ServiceManager: Waiting for service AtCmdFwd...
01-14 23:56:18.175 29334 29334 I ServiceManager: Waiting for service AtCmdFwd...
01-14 23:56:19.177 29334 29334 I ServiceManager: Waiting for service AtCmdFwd...
01-14 23:56:20.179 29334 29334 I ServiceManager: Waiting for service AtCmdFwd...
01-14 23:56:21.181 29334 29334 I ServiceManager: Waiting for service AtCmdFwd...
01-14 23:56:22.182 29334 29334 W Atfwd_Sendcmd: AtCmdFwd service not published, waiting... retryCnt : 1
01-14 23:56:27.185 29334 29334 I ServiceManager: Waiting for service AtCmdFwd...
01-14 23:56:28.187 29334 29334 I ServiceManager: Waiting for service AtCmdFwd...
01-14 23:56:29.189 29334 29334 I ServiceManager: Waiting for service AtCmdFwd...
01-14 23:56:30.191 29334 29334 I ServiceManager: Waiting for service AtCmdFwd...
01-14 23:56:31.194 29334 29334 I ServiceManager: Waiting for service AtCmdFwd...
01-14 23:56:32.195 29334 29334 W Atfwd_Sendcmd: AtCmdFwd service not published, waiting... retryCnt : 2
01-14 23:56:42.197 29334 29334 I ServiceManager: Waiting for service AtCmdFwd...
01-14 23:56:43.199 29334 29334 I ServiceManager: Waiting for service AtCmdFwd...
01-14 23:56:44.201 29334 29334 I ServiceManager: Waiting for service AtCmdFwd...
01-14 23:56:45.204 29334 29334 I ServiceManager: Waiting for service AtCmdFwd...
01-14 23:56:46.206 29334 29334 I ServiceManager: Waiting for service AtCmdFwd...
01-14 23:56:47.207 29334 29334 W Atfwd_Sendcmd: AtCmdFwd service not published, waiting... retryCnt : 3
01-14 23:57:02.209 29334 29334 I ServiceManager: Waiting for service AtCmdFwd...
01-14 23:57:03.211 29334 29334 I ServiceManager: Waiting for service AtCmdFwd...
01-14 23:57:04.214 29334 29334 I ServiceManager: Waiting for service AtCmdFwd...
01-14 23:57:05.216 29334 29334 I ServiceManager: Waiting for service AtCmdFwd...
01-14 23:57:06.218 29334 29334 I ServiceManager: Waiting for service AtCmdFwd...
01-14 23:57:07.219 29334 29334 W Atfwd_Sendcmd: AtCmdFwd service not published, waiting... retryCnt : 4
01-14 23:57:27.221 29334 29334 I ServiceManager: Waiting for service AtCmdFwd...
01-14 23:57:28.224 29334 29334 I ServiceManager: Waiting for service AtCmdFwd...
01-14 23:57:29.226 29334 29334 I ServiceManager: Waiting for service AtCmdFwd...
01-14 23:57:30.228 29334 29334 I ServiceManager: Waiting for service AtCmdFwd...
01-14 23:57:31.230 29334 29334 I ServiceManager: Waiting for service AtCmdFwd...
01-14 23:57:32.231 29334 29334 W Atfwd_Sendcmd: AtCmdFwd service not published, waiting... retryCnt : 5
01-14 23:57:57.232 29334 29334 I Atfwd_Sendcmd: AtCmdFwd service not ready - Exhausted retry attempts - :6
01-14 23:57:57.233 29334 29334 I Atfwd_Daemon: result : -1 	 ,Init step :2 	 ,qmiErrorCode: 0
01-14 23:58:04.582   921   934 I ProcessStatsService: Prepared write state in 6ms
01-14 23:58:04.583   921   934 I ProcessStatsService: Prepared write state in 0ms
01-14 23:58:04.682   921   933 I ProcessStatsService: Pruning old procstats: /data/system/procstats/state-2024-01-13-21-08-00.bin
01-14 23:58:12.234 29334 29334 I ServiceManager: Waiting for service AtCmdFwd...
01-14 23:58:13.236 29334 29334 I ServiceManager: Waiting for service AtCmdFwd...
01-14 23:58:14.238 29334 29334 I ServiceManager: Waiting for service AtCmdFwd...
01-14 23:58:15.240 29334 29334 I ServiceManager: Waiting for service AtCmdFwd...
01-14 23:58:16.242 29334 29334 I ServiceManager: Waiting for service AtCmdFwd...
01-14 23:58:17.243 29334 29334 W Atfwd_Sendcmd: AtCmdFwd service not published, waiting... retryCnt : 1
01-14 23:58:22.245 29334 29334 I ServiceManager: Waiting for service AtCmdFwd...
01-14 23:58:23.247 29334 29334 I ServiceManager: Waiting for service AtCmdFwd...
01-14 23:58:24.249 29334 29334 I ServiceManager: Waiting for service AtCmdFwd...
01-14 23:58:25.251 29334 29334 I ServiceManager: Waiting for service AtCmdFwd...
01-14 23:58:26.254 29334 29334 I ServiceManager: Waiting for service AtCmdFwd...
01-14 23:58:27.255 29334 29334 W Atfwd_Sendcmd: AtCmdFwd service not published, waiting... retryCnt : 2
01-14 23:58:37.257 29334 29334 I ServiceManager: Waiting for service AtCmdFwd...
01-14 23:58:38.259 29334 29334 I ServiceManager: Waiting for service AtCmdFwd...
01-14 23:58:39.260 29334 29334 I ServiceManager: Waiting for service AtCmdFwd...
01-14 23:58:40.262 29334 29334 I ServiceManager: Waiting for service AtCmdFwd...
01-14 23:58:41.264 29334 29334 I ServiceManager: Waiting for service AtCmdFwd...
01-14 23:58:42.265 29334 29334 W Atfwd_Sendcmd: AtCmdFwd service not published, waiting... retryCnt : 3
01-14 23:58:57.267 29334 29334 I ServiceManager: Waiting for service AtCmdFwd...
01-14 23:58:58.269 29334 29334 I ServiceManager: Waiting for service AtCmdFwd...
01-14 23:58:59.271 29334 29334 I ServiceManager: Waiting for service AtCmdFwd...
01-14 23:59:00.274 29334 29334 I ServiceManager: Waiting for service AtCmdFwd...
01-14 23:59:01.276 29334 29334 I ServiceManager: Waiting for service AtCmdFwd...
01-14 23:59:02.278 29334 29334 W Atfwd_Sendcmd: AtCmdFwd service not published, waiting... retryCnt : 4
01-14 23:59:22.280 29334 29334 I ServiceManager: Waiting for service AtCmdFwd...
01-14 23:59:23.282 29334 29334 I ServiceManager: Waiting for service AtCmdFwd...
01-14 23:59:24.284 29334 29334 I ServiceManager: Waiting for service AtCmdFwd...
01-14 23:59:25.286 29334 29334 I ServiceManager: Waiting for service AtCmdFwd...
01-14 23:59:26.288 29334 29334 I ServiceManager: Waiting for service AtCmdFwd...
01-14 23:59:27.290 29334 29334 W Atfwd_Sendcmd: AtCmdFwd service not published, waiting... retryCnt : 5
01-14 23:59:52.291 29334 29334 I Atfwd_Sendcmd: AtCmdFwd service not ready - Exhausted retry attempts - :6
01-14 23:59:52.292 29334 29334 I Atfwd_Daemon: result : -1 	 ,Init step :2 	 ,qmiErrorCode: 0
01-15 00:00:12.294 29334 29334 I ServiceManager: Waiting for service AtCmdFwd...
01-15 00:00:13.296 29334 29334 I ServiceManager: Waiting for service AtCmdFwd...
01-15 00:00:14.298 29334 29334 I ServiceManager: Waiting for service AtCmdFwd...
01-15 00:00:15.300 29334 29334 I ServiceManager: Waiting for service AtCmdFwd...
01-15 00:00:16.302 29334 29334 I ServiceManager: Waiting for service AtCmdFwd...
01-15 00:00:17.304 29334 29334 W Atfwd_Sendcmd: AtCmdFwd service not published, waiting... retryCnt : 1
01-15 00:00:22.306 29334 29334 I ServiceManager: Waiting for service AtCmdFwd...
01-15 00:00:23.308 29334 29334 I ServiceManager: Waiting for service AtCmdFwd...
01-15 00:00:24.310 29334 29334 I ServiceManager: Waiting for service AtCmdFwd...
01-15 00:00:25.312 29334 29334 I ServiceManager: Waiting for service AtCmdFwd...
01-15 00:00:26.314 29334 29334 I ServiceManager: Waiting for service AtCmdFwd...
01-15 00:00:27.316 29334 29334 W Atfwd_Sendcmd: AtCmdFwd service not published, waiting... retryCnt : 2
01-15 00:00:37.318 29334 29334 I ServiceManager: Waiting for service AtCmdFwd...
01-15 00:00:38.320 29334 29334 I ServiceManager: Waiting for service AtCmdFwd...
01-15 00:00:39.323 29334 29334 I ServiceManager: Waiting for service AtCmdFwd...
01-15 00:00:40.325 29334 29334 I ServiceManager: Waiting for service AtCmdFwd...
01-15 00:00:41.327 29334 29334 I ServiceManager: Waiting for service AtCmdFwd...
01-15 00:00:42.328 29334 29334 W Atfwd_Sendcmd: AtCmdFwd service not published, waiting... retryCnt : 3
01-15 00:00:57.331 29334 29334 I ServiceManager: Waiting for service AtCmdFwd...
01-15 00:00:58.333 29334 29334 I ServiceManager: Waiting for service AtCmdFwd...
01-15 00:00:59.335 29334 29334 I ServiceManager: Waiting for service AtCmdFwd...
01-15 00:01:00.337 29334 29334 I ServiceManager: Waiting for service AtCmdFwd...
01-15 00:01:01.340 29334 29334 I ServiceManager: Waiting for service AtCmdFwd...
01-15 00:01:02.341 29334 29334 W Atfwd_Sendcmd: AtCmdFwd service not published, waiting... retryCnt : 4
01-15 00:01:22.344 29334 29334 I ServiceManager: Waiting for service AtCmdFwd...
01-15 00:01:23.346 29334 29334 I ServiceManager: Waiting for service AtCmdFwd...
01-15 00:01:24.348 29334 29334 I ServiceManager: Waiting for service AtCmdFwd...
01-15 00:01:25.350 29334 29334 I ServiceManager: Waiting for service AtCmdFwd...
01-15 00:01:26.353 29334 29334 I ServiceManager: Waiting for service AtCmdFwd...
01-15 00:01:27.355 29334 29334 W Atfwd_Sendcmd: AtCmdFwd service not published, waiting... retryCnt : 5
01-15 00:01:52.356 29334 29334 I Atfwd_Sendcmd: AtCmdFwd service not ready - Exhausted retry attempts - :6
01-15 00:01:52.356 29334 29334 I Atfwd_Daemon: result : -1 	 ,Init step :2 	 ,qmiErrorCode: 0
01-15 00:02:17.366 29334 29336 E QC-QMI  : qmi_client [29334] b7: failed to locate client data
01-15 00:02:17.368   524   524 E QC-QMI  : qmuxd: RX on fd=18 returned error=0 errno[2:No such file or directory]
01-15 00:02:17.368   524   524 E QC-QMI  : QMUX qmux_client_id=b7 not found in qmux client list, unable to remove
01-15 00:02:17.375 29334 29334 I Atfwd_Daemon: Stop the daemon....
01-15 00:02:17.402 29409 29409 W ATFWD-daemon: type=1400 audit(0.0:276): avc: denied { read write } for name="diag" dev="tmpfs" ino=1221 scontext=u:r:atfwd:s0 tcontext=u:object_r:diag_device:s0 tclass=chr_file permissive=0
01-15 00:02:17.418 29409 29409 I libmdmdetect: ESOC framework not supported
01-15 00:02:17.418 29409 29409 I libmdmdetect: Found internal modem: modem
01-15 00:02:17.419 29409 29409 E Diag_Lib:  Diag_LSM_Init: Failed to open handle to diag driver, error = 13
01-15 00:02:17.424 29409 29409 I Atfwd_Daemon: result : 255 	 ,Init step :0 	 ,qmiErrorCode: 0
01-15 00:02:17.424 29409 29409 I Atfwd_Daemon: result : 0 	 ,Init step :1 	 ,qmiErrorCode: 0
01-15 00:02:17.425 29409 29409 I ServiceManager: Waiting for service AtCmdFwd...
01-15 00:02:18.428 29409 29409 I ServiceManager: Waiting for service AtCmdFwd...
01-15 00:02:19.430 29409 29409 I ServiceManager: Waiting for service AtCmdFwd...
01-15 00:02:20.432 29409 29409 I ServiceManager: Waiting for service AtCmdFwd...
01-15 00:02:21.434 29409 29409 I ServiceManager: Waiting for service AtCmdFwd...
01-15 00:02:22.436 29409 29409 W Atfwd_Sendcmd: AtCmdFwd service not published, waiting... retryCnt : 1
01-15 00:02:27.438 29409 29409 I ServiceManager: Waiting for service AtCmdFwd...
01-15 00:02:28.440 29409 29409 I ServiceManager: Waiting for service AtCmdFwd...
01-15 00:02:29.442 29409 29409 I ServiceManager: Waiting for service AtCmdFwd...
01-15 00:02:30.444 29409 29409 I ServiceManager: Waiting for service AtCmdFwd...
01-15 00:02:31.446 29409 29409 I ServiceManager: Waiting for service AtCmdFwd...
01-15 00:02:32.447 29409 29409 W Atfwd_Sendcmd: AtCmdFwd service not published, waiting... retryCnt : 2
01-15 00:02:42.448 29409 29409 I ServiceManager: Waiting for service AtCmdFwd...
01-15 00:02:43.449 29409 29409 I ServiceManager: Waiting for service AtCmdFwd...
01-15 00:02:44.452 29409 29409 I ServiceManager: Waiting for service AtCmdFwd...
01-15 00:02:45.454 29409 29409 I ServiceManager: Waiting for service AtCmdFwd...
01-15 00:02:46.456 29409 29409 I ServiceManager: Waiting for service AtCmdFwd...
01-15 00:02:47.457 29409 29409 W Atfwd_Sendcmd: AtCmdFwd service not published, waiting... retryCnt : 3
01-15 00:03:02.459 29409 29409 I ServiceManager: Waiting for service AtCmdFwd...
01-15 00:03:03.462 29409 29409 I ServiceManager: Waiting for service AtCmdFwd...
01-15 00:03:04.464 29409 29409 I ServiceManager: Waiting for service AtCmdFwd...
01-15 00:03:05.469 29409 29409 I ServiceManager: Waiting for service AtCmdFwd...
01-15 00:03:06.471 29409 29409 I ServiceManager: Waiting for service AtCmdFwd...
01-15 00:03:07.473 29409 29409 W Atfwd_Sendcmd: AtCmdFwd service not published, waiting... retryCnt : 4
01-15 00:03:27.475 29409 29409 I ServiceManager: Waiting for service AtCmdFwd...
01-15 00:03:28.477 29409 29409 I ServiceManager: Waiting for service AtCmdFwd...
01-15 00:03:29.479 29409 29409 I ServiceManager: Waiting for service AtCmdFwd...
01-15 00:03:30.481 29409 29409 I ServiceManager: Waiting for service AtCmdFwd...
01-15 00:03:31.483 29409 29409 I ServiceManager: Waiting for service AtCmdFwd...
01-15 00:03:32.485 29409 29409 W Atfwd_Sendcmd: AtCmdFwd service not published, waiting... retryCnt : 5
01-15 00:03:46.659  3099  3099 I wpa_supplicant: wlan0: CTRL-EVENT-DISCONNECTED bssid=24:4b:fe:67:36:94 reason=0
01-15 00:03:46.760  3099  3099 I wpa_supplicant: p2p-dev-wlan0: CTRL-EVENT-REGDOM-CHANGE init=CORE type=WORLD
01-15 00:03:46.762   921  2849 E WifiConfigStore: saveWifiConfigBSSID Setting BSSID for "ASUS_90_5G"WPA_PSK to any
01-15 00:03:46.866   921  2849 E native  : do suspend true
01-15 00:03:46.896   762   946 W surfboard: (0x0000031E) [] on_tcp_read remote connection timed out
01-15 00:03:46.911   539   539 E Parcel  : Reading a NULL string not supported here.
01-15 00:03:46.921  3373  3527 W QCNEJ   : |CORE| network lost: 155
01-15 00:03:46.922  3373  3527 W QCNEJ   : |CORE| onLost: unbind the process to WIFI
01-15 00:03:46.980  4931  4955 E SarUtils: getCurrentMCC,the netWorkOperator is invalid
01-15 00:03:46.980  4931  4955 I SarControlServiceFlow: resetSARRuleDataList, the sar rule has been switched to boot mode
01-15 00:03:46.980  4931  4955 I SarControlServiceFlow: getSARControlOperation:searchKey is -1,-1,0,0,0,0,0
01-15 00:03:46.980  4931  4955 E SarControlService: no key has been found,reset the power
01-15 00:03:46.981  4931  4981 I QcRilHookFlow: invoke the qcRilSetSarDsi method,power:0
01-15 00:03:46.983  4931  4981 I QcRilHookFlow: invoke the qcRilSetSarWifiTxPower method,power:127
01-15 00:03:46.986  3740  3740 I SystemUpdateService: receiver: Intent { act=android.net.conn.CONNECTIVITY_CHANGE flg=0x4000010 cmp=com.google.android.gms/.update.SystemUpdateService$ActiveReceiver (has extras) }
01-15 00:03:47.007  3740 29431 I SystemUpdateService: active receiver: enabled
01-15 00:03:47.014  3740  3740 I iu.Environment: update connectivity state; isNetworkMetered? false, isRoaming? false, isBackgroundDataAllowed? false*
01-15 00:03:47.020  3740  5554 I iu.UploadsManager: num queued entries: 0
01-15 00:03:47.020  3740  5554 I iu.UploadsManager: num updated entries: 0
01-15 00:03:47.021  3740  5554 I iu.SyncManager: NEXT; no task
01-15 00:03:47.022   512   920 E Netd    : netlink response contains error (No such file or directory)
01-15 00:03:47.025  3740  3740 I Kids    : [GCoreUtils] Current gmscore version, 8186448 is smaller than the required version 8400000
01-15 00:03:47.037  3740 29431 I SystemUpdateService: showing system update notification
01-15 00:03:47.048  9511 29434 I Babel   : connection state changed from CONNECTED to DISCONNECTED
01-15 00:03:50.419  3099  3099 I wpa_supplicant: p2p-dev-wlan0: CTRL-EVENT-REGDOM-CHANGE init=BEACON_HINT type=UNKNOWN
01-15 00:03:50.527  3099  3099 I wpa_supplicant: wlan0: Trying to associate with SSID 'ASUS_90_5G'
01-15 00:03:51.348  3099  3099 I wpa_supplicant: wlan0: Associated with 24:4b:fe:67:36:94
01-15 00:03:51.365  3099  3099 I wpa_supplicant: p2p-dev-wlan0: CTRL-EVENT-REGDOM-CHANGE init=COUNTRY_IE type=COUNTRY alpha2=CN
01-15 00:03:51.391  3099  3099 I wpa_supplicant: wlan0: WPA: Key negotiation completed with 24:4b:fe:67:36:94 [PTK=CCMP GTK=CCMP]
01-15 00:03:51.392  3099  3099 I wpa_supplicant: wlan0: CTRL-EVENT-CONNECTED - Connection to 24:4b:fe:67:36:94 completed [id=2 id_str=]
01-15 00:03:51.402   921  2849 E WifiConfigStore: saveWifiConfigBSSID Setting BSSID for "ASUS_90_5G"WPA_PSK to any
01-15 00:03:51.420   921  2849 E WifiConfigStore: saveWifiConfigBSSID Setting BSSID for "ASUS_90_5G"WPA_PSK to any
01-15 00:03:51.449  3099  3099 I wpa_supplicant: wlan0: WPA: Group rekeying completed with 24:4b:fe:67:36:94 [GTK=CCMP]
01-15 00:03:51.550   921  2849 E native  : do suspend false
01-15 00:03:51.614   921  2849 E native  : do suspend true
01-15 00:03:51.661   921  2849 E WifiStateMachine: Did not find remoteAddress {192.168.50.1} in /proc/net/arp
01-15 00:03:51.708   921  2851 E ConnectivityService: Unexpected mtu value: 0, wlan0
01-15 00:03:51.789  3373  3527 W QCNEJ   : |CORE| network available: 156
01-15 00:03:51.791  3373  3527 W QCNEJ   : |CORE| onAvailable: bind the process to WIFI
01-15 00:03:51.793  3373  3527 W QCNEJ   : |CORE| newLp: {InterfaceName: wlan0 LinkAddresses: [fe80::aecf:85ff:feca:f7df/64,192.168.50.93/24,]  Routes: [fe80::/64 -> :: wlan0,192.168.50.0/24 -> 0.0.0.0 wlan0,0.0.0.0/0 -> 192.168.50.1 wlan0,] DnsAddresses: [192.168.50.1,] Domains: null MTU: 0 TcpBufferSizes: 524288,2097152,4194304,262144,524288,1048576}
01-15 00:03:51.793  3373  3527 W QCNEJ   : |CORE| curLp: {InterfaceName: wlan0 LinkAddresses: [fe80::aecf:85ff:feca:f7df/64,192.168.50.93/24,]  Routes: [fe80::/64 -> :: wlan0,192.168.50.0/24 -> 0.0.0.0 wlan0,0.0.0.0/0 -> 192.168.50.1 wlan0,] DnsAddresses: [192.168.50.1,] Domains: null MTU: 0}
01-15 00:03:51.818  4931  4955 E SarUtils: getCurrentMCC,the netWorkOperator is invalid
01-15 00:03:51.818  4931  4955 I SarControlServiceFlow: resetSARRuleDataList, the sar rule has been switched to boot mode
01-15 00:03:51.818  4931  4955 I SarControlServiceFlow: getSARControlOperation:searchKey is -1,-1,0,0,1,0,0
01-15 00:03:51.818  4931  4955 E SarControlService: no key has been found,reset the power
01-15 00:03:51.818  4931  4981 I QcRilHookFlow: invoke the qcRilSetSarDsi method,power:0
01-15 00:03:51.822  4931  4981 I QcRilHookFlow: invoke the qcRilSetSarWifiTxPower method,power:127
01-15 00:03:51.828  3740  3740 I SystemUpdateService: receiver: Intent { act=android.net.conn.CONNECTIVITY_CHANGE flg=0x4000010 cmp=com.google.android.gms/.update.SystemUpdateService$ActiveReceiver (has extras) }
01-15 00:03:51.857  3740  3740 I iu.Environment: update connectivity state; isNetworkMetered? false, isRoaming? false, isBackgroundDataAllowed? true*
01-15 00:03:51.861  3740 29459 I SystemUpdateService: active receiver: enabled
01-15 00:03:51.863  3740  5554 I iu.UploadsManager: num queued entries: 0
01-15 00:03:51.864  3740  5554 I iu.UploadsManager: num updated entries: 0
01-15 00:03:51.864  3740  5554 I iu.SyncManager: NEXT; no task
01-15 00:03:51.867  3740  3740 I Kids    : [GCoreUtils] Current gmscore version, 8186448 is smaller than the required version 8400000
01-15 00:03:51.909  3740 29459 I SystemUpdateService: showing system update notification
01-15 00:03:52.070  9511 29463 I Babel   : connection state changed from DISCONNECTED to CONNECTED
01-15 00:03:54.369   762   946 W surfboard: (0x0000032C) on_tcp_write_shutdown: UV_ENOTCONN, close tcp connection
01-15 00:03:54.389   762   946 W surfboard: (0x0000032D) on_tcp_write_shutdown: UV_ENOTCONN, close tcp connection
01-15 00:03:57.486 29409 29409 I Atfwd_Sendcmd: AtCmdFwd service not ready - Exhausted retry attempts - :6
01-15 00:03:57.487 29409 29409 I Atfwd_Daemon: result : -1 	 ,Init step :2 	 ,qmiErrorCode: 0
01-15 00:04:02.489 29409 29409 I ServiceManager: Waiting for service AtCmdFwd...
01-15 00:04:03.491 29409 29409 I ServiceManager: Waiting for service AtCmdFwd...
01-15 00:04:04.493 29409 29409 I ServiceManager: Waiting for service AtCmdFwd...
01-15 00:04:05.495 29409 29409 I ServiceManager: Waiting for service AtCmdFwd...
01-15 00:04:06.497 29409 29409 I ServiceManager: Waiting for service AtCmdFwd...
01-15 00:04:07.499 29409 29409 W Atfwd_Sendcmd: AtCmdFwd service not published, waiting... retryCnt : 1
01-15 00:04:07.754  3099  3099 I wpa_supplicant: wlan0: CTRL-EVENT-DISCONNECTED bssid=24:4b:fe:67:36:94 reason=0
01-15 00:04:07.844   921  2849 E WifiConfigStore: saveWifiConfigBSSID Setting BSSID for "ASUS_90_5G"WPA_PSK to any
01-15 00:04:07.846  3099  3099 I wpa_supplicant: p2p-dev-wlan0: CTRL-EVENT-REGDOM-CHANGE init=CORE type=WORLD
01-15 00:04:07.874   921  2849 E native  : do suspend true
01-15 00:04:07.907   762   946 W surfboard: (0x0000032A) [] on_tcp_read remote connection timed out
01-15 00:04:07.909   762   946 W surfboard: (0x00000332) [] on_tcp_read remote connection timed out
01-15 00:04:07.919   762   946 W surfboard: (0x0000032E) [] on_tcp_read remote connection timed out
01-15 00:04:07.920   762   946 W surfboard: (0x00000331) [] on_tcp_read remote connection timed out
01-15 00:04:07.927   762   946 W surfboard: (0x0000032B) [] on_tcp_read remote connection timed out
01-15 00:04:07.928   762   946 W surfboard: (0x00000333) [] on_tcp_read remote connection timed out
01-15 00:04:07.947   539   539 E Parcel  : Reading a NULL string not supported here.
01-15 00:04:07.977  3373  3527 W QCNEJ   : |CORE| network lost: 156
01-15 00:04:07.978  3373  3527 W QCNEJ   : |CORE| onLost: unbind the process to WIFI
01-15 00:04:08.045  4931  4955 E SarUtils: getCurrentMCC,the netWorkOperator is invalid
01-15 00:04:08.046  4931  4955 I SarControlServiceFlow: resetSARRuleDataList, the sar rule has been switched to boot mode
01-15 00:04:08.046  4931  4955 I SarControlServiceFlow: getSARControlOperation:searchKey is -1,-1,0,0,0,0,0
01-15 00:04:08.046  4931  4955 E SarControlService: no key has been found,reset the power
01-15 00:04:08.046  4931  4981 I QcRilHookFlow: invoke the qcRilSetSarDsi method,power:0
01-15 00:04:08.049  4931  4981 I QcRilHookFlow: invoke the qcRilSetSarWifiTxPower method,power:127
01-15 00:04:08.051  3740  3740 I SystemUpdateService: receiver: Intent { act=android.net.conn.CONNECTIVITY_CHANGE flg=0x4000010 cmp=com.google.android.gms/.update.SystemUpdateService$ActiveReceiver (has extras) }
01-15 00:04:08.074  3740 29490 I SystemUpdateService: active receiver: enabled
01-15 00:04:08.077  3740  3740 I iu.Environment: update connectivity state; isNetworkMetered? false, isRoaming? false, isBackgroundDataAllowed? false*
01-15 00:04:08.084   512   920 E Netd    : netlink response contains error (No such file or directory)
01-15 00:04:08.084  3740  5554 I iu.UploadsManager: num queued entries: 0
01-15 00:04:08.085  3740  5554 I iu.UploadsManager: num updated entries: 0
01-15 00:04:08.086   921  2851 E ConnectivityService: EVENT_NETWORK_INFO_CHANGED from unknown NetworkAgent
01-15 00:04:08.087  3740  5554 I iu.SyncManager: NEXT; no task
01-15 00:04:08.090  3740  3740 I Kids    : [GCoreUtils] Current gmscore version, 8186448 is smaller than the required version 8400000
01-15 00:04:08.106  3740 29490 I SystemUpdateService: showing system update notification
01-15 00:04:08.109  9511 29493 I Babel   : connection state changed from CONNECTED to DISCONNECTED
01-15 00:04:09.047   762   946 E surfboard: (0x00000335) on_udp_sent error -101 ENETUNREACH network is unreachable
01-15 00:04:09.057   762   946 E surfboard: (0x00000336) on_udp_sent error -101 ENETUNREACH network is unreachable
01-15 00:04:09.065   762   946 E surfboard: (0x00000337) on_udp_sent error -101 ENETUNREACH network is unreachable
01-15 00:04:09.074   762   946 E surfboard: (0x00000338) on_udp_sent error -101 ENETUNREACH network is unreachable
01-15 00:04:09.083   762   946 E surfboard: (0x00000339) on_udp_sent error -101 ENETUNREACH network is unreachable
01-15 00:04:09.091   762   946 E surfboard: (0x0000033A) on_udp_sent error -101 ENETUNREACH network is unreachable
01-15 00:04:09.100   762   946 E surfboard: (0x0000033B) on_udp_sent error -101 ENETUNREACH network is unreachable
01-15 00:04:09.108   762   946 E surfboard: (0x0000033C) on_udp_sent error -101 ENETUNREACH network is unreachable
01-15 00:04:09.115   762   946 E surfboard: (0x0000033D) on_udp_sent error -101 ENETUNREACH network is unreachable
01-15 00:04:09.123   762   946 E surfboard: (0x0000033E) on_udp_sent error -101 ENETUNREACH network is unreachable
01-15 00:04:09.131   762   946 E surfboard: (0x0000033F) on_udp_sent error -101 ENETUNREACH network is unreachable
01-15 00:04:09.139   762   946 E surfboard: (0x00000340) on_udp_sent error -101 ENETUNREACH network is unreachable
01-15 00:04:09.147   762   946 E surfboard: (0x00000341) on_udp_sent error -101 ENETUNREACH network is unreachable
01-15 00:04:09.155   762   946 E surfboard: (0x00000342) on_udp_sent error -101 ENETUNREACH network is unreachable
01-15 00:04:09.163   762   946 E surfboard: (0x00000343) on_udp_sent error -101 ENETUNREACH network is unreachable
01-15 00:04:09.171   762   946 E surfboard: (0x00000344) on_udp_sent error -101 ENETUNREACH network is unreachable
01-15 00:04:09.179   762   946 E surfboard: (0x00000345) on_udp_sent error -101 ENETUNREACH network is unreachable
01-15 00:04:09.187   762   946 E surfboard: (0x00000346) on_udp_sent error -101 ENETUNREACH network is unreachable
01-15 00:04:09.196   762   946 E surfboard: (0x00000347) on_udp_sent error -101 ENETUNREACH network is unreachable
01-15 00:04:09.205   762   946 E surfboard: (0x00000348) on_udp_sent error -101 ENETUNREACH network is unreachable
01-15 00:04:09.213   762   946 E surfboard: (0x00000349) on_udp_sent error -101 ENETUNREACH network is unreachable
01-15 00:04:09.221   762   946 E surfboard: (0x0000034A) on_udp_sent error -101 ENETUNREACH network is unreachable
01-15 00:04:09.229   762   946 E surfboard: (0x0000034B) on_udp_sent error -101 ENETUNREACH network is unreachable
01-15 00:04:09.237   762   946 E surfboard: (0x0000034C) on_udp_sent error -101 ENETUNREACH network is unreachable
01-15 00:04:09.239   762 29451 W System.err: java.net.UnknownHostException: Unable to resolve host "gzdata1.fc-streaming.xyz": No address associated with hostname
01-15 00:04:09.239   762 29451 W System.err: 	at java.net.InetAddress.lookupHostByName(InetAddress.java:470)
01-15 00:04:09.239   762 29451 W System.err: 	at java.net.InetAddress.getAllByNameImpl(InetAddress.java:252)
01-15 00:04:09.239   762 29451 W System.err: 	at java.net.InetAddress.getAllByName(InetAddress.java:215)
01-15 00:04:09.239   762 29451 W System.err: 	at l0.z.run(R8$$SyntheticClass:49)
01-15 00:04:09.239   762 29451 W System.err: 	at java.util.concurrent.Executors$RunnableAdapter.call(Executors.java:423)
01-15 00:04:09.239   762 29451 W System.err: 	at java.util.concurrent.FutureTask.run(FutureTask.java:237)
01-15 00:04:09.239   762 29451 W System.err: 	at java.util.concurrent.ThreadPoolExecutor.runWorker(ThreadPoolExecutor.java:1113)
01-15 00:04:09.239   762 29451 W System.err: 	at java.util.concurrent.ThreadPoolExecutor$Worker.run(ThreadPoolExecutor.java:588)
01-15 00:04:09.239   762 29451 W System.err: 	at java.lang.Thread.run(Thread.java:818)
01-15 00:04:09.239   762 29451 W System.err: Caused by: android.system.GaiException: android_getaddrinfo failed: EAI_NODATA (No address associated with hostname)
01-15 00:04:09.239   762 29451 W System.err: 	at libcore.io.Posix.android_getaddrinfo(Native Method)
01-15 00:04:09.239   762 29451 W System.err: 	at libcore.io.ForwardingOs.android_getaddrinfo(ForwardingOs.java:55)
01-15 00:04:09.239   762 29451 W System.err: 	at java.net.InetAddress.lookupHostByName(InetAddress.java:451)
01-15 00:04:09.239   762 29451 W System.err: 	... 8 more
01-15 00:04:09.240   762   946 E surfboard: proxy_host_dns_query_failure: resolve proxy host failed gzdata1.fc-streaming.xyz
01-15 00:04:11.549  3099  3099 I wpa_supplicant: wlan0: Trying to associate with SSID 'ASUS_90_5G'
01-15 00:04:12.365  3099  3099 I wpa_supplicant: wlan0: Associated with 24:4b:fe:67:36:94
01-15 00:04:12.374  3099  3099 I wpa_supplicant: p2p-dev-wlan0: CTRL-EVENT-REGDOM-CHANGE init=COUNTRY_IE type=COUNTRY alpha2=CN
01-15 00:04:12.401  3099  3099 I wpa_supplicant: wlan0: WPA: Key negotiation completed with 24:4b:fe:67:36:94 [PTK=CCMP GTK=CCMP]
01-15 00:04:12.402  3099  3099 I wpa_supplicant: wlan0: CTRL-EVENT-CONNECTED - Connection to 24:4b:fe:67:36:94 completed [id=2 id_str=]
01-15 00:04:12.411   921  2849 E WifiConfigStore: saveWifiConfigBSSID Setting BSSID for "ASUS_90_5G"WPA_PSK to any
01-15 00:04:12.431   921  2849 E WifiConfigStore: saveWifiConfigBSSID Setting BSSID for "ASUS_90_5G"WPA_PSK to any
01-15 00:04:12.461  3099  3099 I wpa_supplicant: wlan0: WPA: Group rekeying completed with 24:4b:fe:67:36:94 [GTK=CCMP]
01-15 00:04:12.500 29409 29409 I ServiceManager: Waiting for service AtCmdFwd...
01-15 00:04:12.563   921  2849 E native  : do suspend false
01-15 00:04:12.622   921  2849 E native  : do suspend true
01-15 00:04:12.650   921  2849 E WifiStateMachine: Did not find remoteAddress {192.168.50.1} in /proc/net/arp
01-15 00:04:12.687   921  2851 E ConnectivityService: Unexpected mtu value: 0, wlan0
01-15 00:04:12.763  3373  3527 W QCNEJ   : |CORE| network available: 157
01-15 00:04:12.771  3373  3527 W QCNEJ   : |CORE| onAvailable: bind the process to WIFI
01-15 00:04:12.772  3373  3527 W QCNEJ   : |CORE| newLp: {InterfaceName: wlan0 LinkAddresses: [fe80::aecf:85ff:feca:f7df/64,192.168.50.93/24,]  Routes: [fe80::/64 -> :: wlan0,192.168.50.0/24 -> 0.0.0.0 wlan0,0.0.0.0/0 -> 192.168.50.1 wlan0,] DnsAddresses: [192.168.50.1,] Domains: null MTU: 0 TcpBufferSizes: 524288,2097152,4194304,262144,524288,1048576}
01-15 00:04:12.773  3373  3527 W QCNEJ   : |CORE| curLp: {InterfaceName: wlan0 LinkAddresses: [fe80::aecf:85ff:feca:f7df/64,192.168.50.93/24,]  Routes: [fe80::/64 -> :: wlan0,192.168.50.0/24 -> 0.0.0.0 wlan0,0.0.0.0/0 -> 192.168.50.1 wlan0,] DnsAddresses: [192.168.50.1,] Domains: null MTU: 0}
01-15 00:04:12.786  4931  4955 E SarUtils: getCurrentMCC,the netWorkOperator is invalid
01-15 00:04:12.786  4931  4955 I SarControlServiceFlow: resetSARRuleDataList, the sar rule has been switched to boot mode
01-15 00:04:12.786  4931  4955 I SarControlServiceFlow: getSARControlOperation:searchKey is -1,-1,0,0,1,0,0
01-15 00:04:12.786  4931  4955 E SarControlService: no key has been found,reset the power
01-15 00:04:12.786  4931  4981 I QcRilHookFlow: invoke the qcRilSetSarDsi method,power:0
01-15 00:04:12.788  4931  4981 I QcRilHookFlow: invoke the qcRilSetSarWifiTxPower method,power:127
01-15 00:04:12.794 22674 25778 I WorkerWrapper: Worker result SUCCESS for Work [ id=d34873cd-1e5c-4220-9c0c-53f241fd67b0, tags={ com.etsy.android.lib.logger.elk.uploading.ElkLogUploadWorker, elk-logs } ]
01-15 00:04:12.800  3740  3740 I SystemUpdateService: receiver: Intent { act=android.net.conn.CONNECTIVITY_CHANGE flg=0x4000010 cmp=com.google.android.gms/.update.SystemUpdateService$ActiveReceiver (has extras) }
01-15 00:04:12.827  3740  3740 I iu.Environment: update connectivity state; isNetworkMetered? false, isRoaming? false, isBackgroundDataAllowed? true*
01-15 00:04:12.832  3740  5554 I iu.UploadsManager: num queued entries: 0
01-15 00:04:12.832  3740  5554 I iu.UploadsManager: num updated entries: 0
01-15 00:04:12.833  3740 29519 I SystemUpdateService: active receiver: enabled
01-15 00:04:12.837  3740  3740 I Kids    : [GCoreUtils] Current gmscore version, 8186448 is smaller than the required version 8400000
01-15 00:04:12.847  3740  5554 I iu.SyncManager: NEXT; no task
01-15 00:04:12.878  3740 29519 I SystemUpdateService: showing system update notification
01-15 00:04:12.948  9511 29525 I Babel   : connection state changed from DISCONNECTED to CONNECTED
01-15 00:04:13.502 29409 29409 I ServiceManager: Waiting for service AtCmdFwd...
01-15 00:04:14.504 29409 29409 I ServiceManager: Waiting for service AtCmdFwd...
01-15 00:04:15.506 29409 29409 I ServiceManager: Waiting for service AtCmdFwd...
01-15 00:04:16.509 29409 29409 I ServiceManager: Waiting for service AtCmdFwd...
01-15 00:04:17.510 29409 29409 W Atfwd_Sendcmd: AtCmdFwd service not published, waiting... retryCnt : 2
01-15 00:04:20.656  3099  3099 I wpa_supplicant: wlan0: CTRL-EVENT-DISCONNECTED bssid=24:4b:fe:67:36:94 reason=0
01-15 00:04:20.749  3099  3099 I wpa_supplicant: p2p-dev-wlan0: CTRL-EVENT-REGDOM-CHANGE init=CORE type=WORLD
01-15 00:04:20.759   921  2849 E WifiConfigStore: saveWifiConfigBSSID Setting BSSID for "ASUS_90_5G"WPA_PSK to any
01-15 00:04:20.776   921  2849 E native  : do suspend true
01-15 00:04:20.809   762   946 W surfboard: (0x00000357) [] on_tcp_read remote connection timed out
01-15 00:04:20.816   762   946 W surfboard: (0x00000352) [] on_tcp_read remote connection timed out
01-15 00:04:20.817   762   946 W surfboard: (0x00000356) [] on_tcp_read remote connection timed out
01-15 00:04:20.818   762   946 W surfboard: (0x00000350) [] on_tcp_read remote connection timed out
01-15 00:04:20.819   762   946 W surfboard: (0x00000353) [] on_tcp_read remote connection timed out
01-15 00:04:20.819   762   946 W surfboard: (0x00000355) [] on_tcp_read remote connection timed out
01-15 00:04:20.844   539   539 E Parcel  : Reading a NULL string not supported here.
01-15 00:04:20.856  3373  3527 W QCNEJ   : |CORE| network lost: 157
01-15 00:04:20.856  3373  3527 W QCNEJ   : |CORE| onLost: unbind the process to WIFI
01-15 00:04:20.918  4931  4955 E SarUtils: getCurrentMCC,the netWorkOperator is invalid
01-15 00:04:20.918  4931  4955 I SarControlServiceFlow: resetSARRuleDataList, the sar rule has been switched to boot mode
01-15 00:04:20.918  4931  4955 I SarControlServiceFlow: getSARControlOperation:searchKey is -1,-1,0,0,0,0,0
01-15 00:04:20.918  4931  4955 E SarControlService: no key has been found,reset the power
01-15 00:04:20.918  4931  4981 I QcRilHookFlow: invoke the qcRilSetSarDsi method,power:0
01-15 00:04:20.921  3740  3740 I SystemUpdateService: receiver: Intent { act=android.net.conn.CONNECTIVITY_CHANGE flg=0x4000010 cmp=com.google.android.gms/.update.SystemUpdateService$ActiveReceiver (has extras) }
01-15 00:04:20.923  4931  4981 I QcRilHookFlow: invoke the qcRilSetSarWifiTxPower method,power:127
01-15 00:04:20.941  3740 29543 I SystemUpdateService: active receiver: enabled
01-15 00:04:20.945  3740  3740 I iu.Environment: update connectivity state; isNetworkMetered? false, isRoaming? false, isBackgroundDataAllowed? false*
01-15 00:04:20.952  3740  5554 I iu.UploadsManager: num queued entries: 0
01-15 00:04:20.952  3740  5554 I iu.UploadsManager: num updated entries: 0
01-15 00:04:20.956  3740  3740 I Kids    : [GCoreUtils] Current gmscore version, 8186448 is smaller than the required version 8400000
01-15 00:04:20.957   512   920 E Netd    : netlink response contains error (No such file or directory)
01-15 00:04:20.958   921  2851 E ConnectivityService: EVENT_NETWORK_INFO_CHANGED from unknown NetworkAgent
01-15 00:04:20.972  3740 29543 I SystemUpdateService: showing system update notification
01-15 00:04:20.980  9511 29546 I Babel   : connection state changed from CONNECTED to DISCONNECTED
01-15 00:04:20.987  3740  5554 I iu.SyncManager: NEXT; no task
01-15 00:04:24.341  3099  3099 I wpa_supplicant: p2p-dev-wlan0: CTRL-EVENT-REGDOM-CHANGE init=BEACON_HINT type=UNKNOWN
