02-01 16:15:07.727 18821 18821 I Input   : injectMotionEvent: MotionEvent { action=ACTION_DOWN, actionButton=0, id[0]=0, x[0]=720.0, y[0]=494.0, toolType[0]=TOOL_TYPE_UNKNOWN, buttonState=0, metaState=0, flags=0x0, edgeFlags=0x0, pointerCount=1, historySize=0, eventTime=642178259, downTime=642178259, deviceId=0, source=0x1002 }
02-01 16:15:07.747   512  2803 I soundtrigger: audio_extn_sound_trigger_update_device_status: device 0x2 of type 0 for Event 1
02-01 16:15:07.788 18821 18821 I Input   : injectMotionEvent: MotionEvent { action=ACTION_MOVE, actionButton=0, id[0]=0, x[0]=720.0, y[0]=494.0, toolType[0]=TOOL_TYPE_UNKNOWN, buttonState=0, metaState=0, flags=0x0, edgeFlags=0x0, pointerCount=1, historySize=0, eventTime=642178259, downTime=642178259, deviceId=0, source=0x1002 }
02-01 16:15:07.822 18821 18821 I Input   : injectMotionEvent: MotionEvent { action=ACTION_MOVE, actionButton=0, id[0]=0, x[0]=720.0, y[0]=466.928, toolType[0]=TOOL_TYPE_UNKNOWN, buttonState=0, metaState=0, flags=0x0, edgeFlags=0x0, pointerCount=1, historySize=0, eventTime=642178355, downTime=642178355, deviceId=0, source=0x1002 }
02-01 16:15:07.842 18821 18821 I Input   : injectMotionEvent: MotionEvent { action=ACTION_MOVE, actionButton=0, id[0]=0, x[0]=720.0, y[0]=461.288, toolType[0]=TOOL_TYPE_UNKNOWN, buttonState=0, metaState=0, flags=0x0, edgeFlags=0x0, pointerCount=1, historySize=0, eventTime=642178375, downTime=642178375, deviceId=0, source=0x1002 }
02-01 16:15:07.859 18821 18821 I Input   : injectMotionEvent: MotionEvent { action=ACTION_MOVE, actionButton=0, id[0]=0, x[0]=720.0, y[0]=456.494, toolType[0]=TOOL_TYPE_UNKNOWN, buttonState=0, metaState=0, flags=0x0, edgeFlags=0x0, pointerCount=1, historySize=0, eventTime=642178392, downTime=642178392, deviceId=0, source=0x1002 }
02-01 16:15:07.892 18821 18821 I Input   : injectMotionEvent: MotionEvent { action=ACTION_MOVE, actionButton=0, id[0]=0, x[0]=720.0, y[0]=447.188, toolType[0]=TOOL_TYPE_UNKNOWN, buttonState=0, metaState=0, flags=0x0, edgeFlags=0x0, pointerCount=1, historySize=0, eventTime=642178425, downTime=642178425, deviceId=0, source=0x1002 }
02-01 16:15:07.910 18821 18821 I Input   : injectMotionEvent: MotionEvent { action=ACTION_MOVE, actionButton=0, id[0]=0, x[0]=720.0, y[0]=442.112, toolType[0]=TOOL_TYPE_UNKNOWN, buttonState=0, metaState=0, flags=0x0, edgeFlags=0x0, pointerCount=1, historySize=0, eventTime=642178443, downTime=642178443, deviceId=0, source=0x1002 }
02-01 16:15:07.928 18821 18821 I Input   : injectMotionEvent: MotionEvent { action=ACTION_MOVE, actionButton=0, id[0]=0, x[0]=720.0, y[0]=437.036, toolType[0]=TOOL_TYPE_UNKNOWN, buttonState=0, metaState=0, flags=0x0, edgeFlags=0x0, pointerCount=1, historySize=0, eventTime=642178461, downTime=642178461, deviceId=0, source=0x1002 }
02-01 16:15:07.945 18821 18821 I Input   : injectMotionEvent: MotionEvent { action=ACTION_MOVE, actionButton=0, id[0]=0, x[0]=720.0, y[0]=432.242, toolType[0]=TOOL_TYPE_UNKNOWN, buttonState=0, metaState=0, flags=0x0, edgeFlags=0x0, pointerCount=1, historySize=0, eventTime=642178478, downTime=642178478, deviceId=0, source=0x1002 }
02-01 16:15:07.959 18821 18821 I Input   : injectMotionEvent: MotionEvent { action=ACTION_MOVE, actionButton=0, id[0]=0, x[0]=720.0, y[0]=428.294, toolType[0]=TOOL_TYPE_UNKNOWN, buttonState=0, metaState=0, flags=0x0, edgeFlags=0x0, pointerCount=1, historySize=0, eventTime=642178492, downTime=642178492, deviceId=0, source=0x1002 }
02-01 16:15:07.977 18821 18821 I Input   : injectMotionEvent: MotionEvent { action=ACTION_MOVE, actionButton=0, id[0]=0, x[0]=720.0, y[0]=423.21802, toolType[0]=TOOL_TYPE_UNKNOWN, buttonState=0, metaState=0, flags=0x0, edgeFlags=0x0, pointerCount=1, historySize=0, eventTime=642178510, downTime=642178510, deviceId=0, source=0x1002 }
02-01 16:15:07.993 18821 18821 I Input   : injectMotionEvent: MotionEvent { action=ACTION_MOVE, actionButton=0, id[0]=0, x[0]=720.0, y[0]=418.706, toolType[0]=TOOL_TYPE_UNKNOWN, buttonState=0, metaState=0, flags=0x0, edgeFlags=0x0, pointerCount=1, historySize=0, eventTime=642178526, downTime=642178526, deviceId=0, source=0x1002 }
02-01 16:15:08.010 18821 18821 I Input   : injectMotionEvent: MotionEvent { action=ACTION_MOVE, actionButton=0, id[0]=0, x[0]=720.0, y[0]=413.912, toolType[0]=TOOL_TYPE_UNKNOWN, buttonState=0, metaState=0, flags=0x0, edgeFlags=0x0, pointerCount=1, historySize=0, eventTime=642178543, downTime=642178543, deviceId=0, source=0x1002 }
02-01 16:15:08.026 18821 18821 I Input   : injectMotionEvent: MotionEvent { action=ACTION_MOVE, actionButton=0, id[0]=0, x[0]=720.0, y[0]=409.4, toolType[0]=TOOL_TYPE_UNKNOWN, buttonState=0, metaState=0, flags=0x0, edgeFlags=0x0, pointerCount=1, historySize=0, eventTime=642178559, downTime=642178559, deviceId=0, source=0x1002 }
02-01 16:15:08.042 18821 18821 I Input   : injectMotionEvent: MotionEvent { action=ACTION_MOVE, actionButton=0, id[0]=0, x[0]=720.0, y[0]=404.888, toolType[0]=TOOL_TYPE_UNKNOWN, buttonState=0, metaState=0, flags=0x0, edgeFlags=0x0, pointerCount=1, historySize=0, eventTime=642178575, downTime=642178575, deviceId=0, source=0x1002 }
02-01 16:15:08.059 18821 18821 I Input   : injectMotionEvent: MotionEvent { action=ACTION_MOVE, actionButton=0, id[0]=0, x[0]=720.0, y[0]=400.094, toolType[0]=TOOL_TYPE_UNKNOWN, buttonState=0, metaState=0, flags=0x0, edgeFlags=0x0, pointerCount=1, historySize=0, eventTime=642178592, downTime=642178592, deviceId=0, source=0x1002 }
02-01 16:15:08.077 18821 18821 I Input   : injectMotionEvent: MotionEvent { action=ACTION_MOVE, actionButton=0, id[0]=0, x[0]=720.0, y[0]=395.018, toolType[0]=TOOL_TYPE_UNKNOWN, buttonState=0, metaState=0, flags=0x0, edgeFlags=0x0, pointerCount=1, historySize=0, eventTime=642178610, downTime=642178610, deviceId=0, source=0x1002 }
02-01 16:15:08.093 18821 18821 I Input   : injectMotionEvent: MotionEvent { action=ACTION_MOVE, actionButton=0, id[0]=0, x[0]=720.0, y[0]=390.50598, toolType[0]=TOOL_TYPE_UNKNOWN, buttonState=0, metaState=0, flags=0x0, edgeFlags=0x0, pointerCount=1, historySize=0, eventTime=642178626, downTime=642178626, deviceId=0, source=0x1002 }
02-01 16:15:08.109 18821 18821 I Input   : injectMotionEvent: MotionEvent { action=ACTION_MOVE, actionButton=0, id[0]=0, x[0]=720.0, y[0]=385.99402, toolType[0]=TOOL_TYPE_UNKNOWN, buttonState=0, metaState=0, flags=0x0, edgeFlags=0x0, pointerCount=1, historySize=0, eventTime=642178642, downTime=642178642, deviceId=0, source=0x1002 }
02-01 16:15:08.127 18821 18821 I Input   : injectMotionEvent: MotionEvent { action=ACTION_MOVE, actionButton=0, id[0]=0, x[0]=720.0, y[0]=381.2, toolType[0]=TOOL_TYPE_UNKNOWN, buttonState=0, metaState=0, flags=0x0, edgeFlags=0x0, pointerCount=1, historySize=0, eventTime=642178659, downTime=642178659, deviceId=0, source=0x1002 }
02-01 16:15:08.142 18821 18821 I Input   : injectMotionEvent: MotionEvent { action=ACTION_MOVE, actionButton=0, id[0]=0, x[0]=720.0, y[0]=376.688, toolType[0]=TOOL_TYPE_UNKNOWN, buttonState=0, metaState=0, flags=0x0, edgeFlags=0x0, pointerCount=1, historySize=0, eventTime=642178675, downTime=642178675, deviceId=0, source=0x1002 }
02-01 16:15:08.159 18821 18821 I Input   : injectMotionEvent: MotionEvent { action=ACTION_MOVE, actionButton=0, id[0]=0, x[0]=720.0, y[0]=371.89398, toolType[0]=TOOL_TYPE_UNKNOWN, buttonState=0, metaState=0, flags=0x0, edgeFlags=0x0, pointerCount=1, historySize=0, eventTime=642178692, downTime=642178692, deviceId=0, source=0x1002 }
02-01 16:15:08.175 18821 18821 I Input   : injectMotionEvent: MotionEvent { action=ACTION_MOVE, actionButton=0, id[0]=0, x[0]=720.0, y[0]=367.382, toolType[0]=TOOL_TYPE_UNKNOWN, buttonState=0, metaState=0, flags=0x0, edgeFlags=0x0, pointerCount=1, historySize=0, eventTime=642178708, downTime=642178708, deviceId=0, source=0x1002 }
02-01 16:15:08.194 18821 18821 I Input   : injectMotionEvent: MotionEvent { action=ACTION_MOVE, actionButton=0, id[0]=0, x[0]=720.0, y[0]=362.024, toolType[0]=TOOL_TYPE_UNKNOWN, buttonState=0, metaState=0, flags=0x0, edgeFlags=0x0, pointerCount=1, historySize=0, eventTime=642178727, downTime=642178727, deviceId=0, source=0x1002 }
02-01 16:15:08.210 18821 18821 I Input   : injectMotionEvent: MotionEvent { action=ACTION_MOVE, actionButton=0, id[0]=0, x[0]=720.0, y[0]=357.512, toolType[0]=TOOL_TYPE_UNKNOWN, buttonState=0, metaState=0, flags=0x0, edgeFlags=0x0, pointerCount=1, historySize=0, eventTime=642178743, downTime=642178743, deviceId=0, source=0x1002 }
02-01 16:15:08.231 18821 18821 I Input   : injectMotionEvent: MotionEvent { action=ACTION_UP, actionButton=0, id[0]=0, x[0]=720.0, y[0]=353.0, toolType[0]=TOOL_TYPE_UNKNOWN, buttonState=0, metaState=0, flags=0x0, edgeFlags=0x0, pointerCount=1, historySize=0, eventTime=642178764, downTime=642178764, deviceId=0, source=0x1002 }
02-01 16:15:08.779   512  2803 I soundtrigger: audio_extn_sound_trigger_update_device_status: device 0x2 of type 0 for Event 0
02-01 16:15:08.871 17524 17524 I ServiceManager: Waiting for service AtCmdFwd...
02-01 16:15:09.872 17524 17524 I ServiceManager: Waiting for service AtCmdFwd...
02-01 16:15:10.873 17524 17524 I ServiceManager: Waiting for service AtCmdFwd...
02-01 16:15:11.735 24081 24314 W AppFlood: login Failed. code = 302
02-01 16:15:11.735 24081 24314 W AppFlood: connection failed 302 http://data.appflood.com/get_token?v=2.1&ts=1706775311411&app_key=lZXiVJ0O6TvojUm8&adtype=255&signature=770345d315992cf26c682bec2cfe5b0c&data=AwNepUvzuQayMLc51WTzXzUNXqjlr3WpljDK%2B%2FbEWLOsQwZtAA5sBctrgVWKKZzGvrIj7iWXAfCuiUdEoCX7McTlxmWS21%2FKMprHhYlcvo1YvIj2TV4wZdparVoh71E4PfC3SjgBXWITrdRfLJsLC9Lu5slgogJ0ysH3s62iccYPwqWJZqoiH%2FgWP3ddogQR&uuid=zKtSrRYm4kaWyr%2Bd1VizDOPl3GLIqGWY2OYQ3F90TPvpz2%2B9W6xYEw%3D%3D&mac=&sm=1&aid=2ghem9U6A43DQimZ62qFw%2BmWO%2FXdZ9Pf&duid=&model=6
02-01 16:15:11.874 17524 17524 I ServiceManager: Waiting for service AtCmdFwd...
02-01 16:15:12.875 17524 17524 I ServiceManager: Waiting for service AtCmdFwd...
02-01 16:15:13.876 17524 17524 W Atfwd_Sendcmd: AtCmdFwd service not published, waiting... retryCnt : 1
02-01 16:15:18.687 14436 14674 I art     : Starting a blocking GC Explicit
02-01 16:15:18.745 14436 14674 I art     : Explicit concurrent mark sweep GC freed 3375(243KB) AllocSpace objects, 3(60KB) LOS objects, 19% free, 32MB/40MB, paused 406us total 57.054ms
02-01 16:15:18.878 17524 17524 I ServiceManager: Waiting for service AtCmdFwd...
02-01 16:15:19.879 17524 17524 I ServiceManager: Waiting for service AtCmdFwd...
02-01 16:15:20.879 17524 17524 I ServiceManager: Waiting for service AtCmdFwd...
02-01 16:15:21.881 17524 17524 I ServiceManager: Waiting for service AtCmdFwd...
02-01 16:15:22.883 17524 17524 I ServiceManager: Waiting for service AtCmdFwd...
02-01 16:15:23.525 22338 31056 I art     : Starting a blocking GC Explicit
02-01 16:15:23.705 22338 31056 I art     : Explicit concurrent mark sweep GC freed 39021(3MB) AllocSpace objects, 15(2004KB) LOS objects, 19% free, 64MB/80MB, paused 2.280ms total 180.177ms
02-01 16:15:23.884 17524 17524 W Atfwd_Sendcmd: AtCmdFwd service not published, waiting... retryCnt : 2
02-01 16:15:26.750 21702 12659 W surfboard: tcp pair replaced, source port 46338 dest port 443
02-01 16:15:27.023 24081 24477 W AppFlood: login Failed. code = 302
02-01 16:15:27.023 24081 24477 W AppFlood: connection failed 302 http://data.appflood.com/get_token?v=2.1&ts=1706775326736&app_key=lZXiVJ0O6TvojUm8&adtype=255&signature=3f94183129eb1da13a44b43037f533b8&data=AwNepUvzuQayMLc51WTzXzUNXqjlr3WpljDK%2B%2FbEWLOsQwZtAA5sBctrgVWKKZzGvrIj7iWXAfCuiUdEoCX7McTlxmWS21%2FKMprHhYlcvo1YvIj2TV4wZdparVoh71E4PfC3SjgBXWITrdRfLJsLC9Lu5slgogJ0ysH3s62iccYPwqWJZqoiH%2FgWP3ddogQR&uuid=zKtSrRYm4kaWyr%2Bd1VizDOPl3GLIqGWY2OYQ3F90TPvpz2%2B9W6xYEw%3D%3D&mac=&sm=1&aid=2ghem9U6A43DQimZ62qFw%2BmWO%2FXdZ9Pf&duid=&model=6
02-01 16:15:33.300 19059 19059 I Radio-JNI: register_android_hardware_Radio DONE
02-01 16:15:33.318 19059 19059 I Input   : injectMotionEvent: MotionEvent { action=ACTION_DOWN, actionButton=0, id[0]=0, x[0]=720.0, y[0]=353.0, toolType[0]=TOOL_TYPE_UNKNOWN, buttonState=0, metaState=0, flags=0x0, edgeFlags=0x0, pointerCount=1, historySize=0, eventTime=642203850, downTime=642203850, deviceId=0, source=0x1002 }
02-01 16:15:33.332 19059 19059 I Input   : injectMotionEvent: MotionEvent { action=ACTION_MOVE, actionButton=0, id[0]=0, x[0]=720.0, y[0]=353.0, toolType[0]=TOOL_TYPE_UNKNOWN, buttonState=0, metaState=0, flags=0x0, edgeFlags=0x0, pointerCount=1, historySize=0, eventTime=642203850, downTime=642203850, deviceId=0, source=0x1002 }
02-01 16:15:33.337   512  2803 I soundtrigger: audio_extn_sound_trigger_update_device_status: device 0x2 of type 0 for Event 1
02-01 16:15:33.352 19059 19059 I Input   : injectMotionEvent: MotionEvent { action=ACTION_MOVE, actionButton=0, id[0]=0, x[0]=720.0, y[0]=362.87, toolType[0]=TOOL_TYPE_UNKNOWN, buttonState=0, metaState=0, flags=0x0, edgeFlags=0x0, pointerCount=1, historySize=0, eventTime=642203885, downTime=642203885, deviceId=0, source=0x1002 }
02-01 16:15:33.368 19059 19059 I Input   : injectMotionEvent: MotionEvent { action=ACTION_MOVE, actionButton=0, id[0]=0, x[0]=720.0, y[0]=367.664, toolType[0]=TOOL_TYPE_UNKNOWN, buttonState=0, metaState=0, flags=0x0, edgeFlags=0x0, pointerCount=1, historySize=0, eventTime=642203902, downTime=642203902, deviceId=0, source=0x1002 }
02-01 16:15:33.388 19059 19059 I Input   : injectMotionEvent: MotionEvent { action=ACTION_MOVE, actionButton=0, id[0]=0, x[0]=720.0, y[0]=373.022, toolType[0]=TOOL_TYPE_UNKNOWN, buttonState=0, metaState=0, flags=0x0, edgeFlags=0x0, pointerCount=1, historySize=0, eventTime=642203921, downTime=642203921, deviceId=0, source=0x1002 }
02-01 16:15:33.402 19059 19059 I Input   : injectMotionEvent: MotionEvent { action=ACTION_MOVE, actionButton=0, id[0]=0, x[0]=720.0, y[0]=376.97, toolType[0]=TOOL_TYPE_UNKNOWN, buttonState=0, metaState=0, flags=0x0, edgeFlags=0x0, pointerCount=1, historySize=0, eventTime=642203935, downTime=642203935, deviceId=0, source=0x1002 }
02-01 16:15:33.419 19059 19059 I Input   : injectMotionEvent: MotionEvent { action=ACTION_MOVE, actionButton=0, id[0]=0, x[0]=720.0, y[0]=381.764, toolType[0]=TOOL_TYPE_UNKNOWN, buttonState=0, metaState=0, flags=0x0, edgeFlags=0x0, pointerCount=1, historySize=0, eventTime=642203952, downTime=642203952, deviceId=0, source=0x1002 }
02-01 16:15:33.439 19059 19059 I Input   : injectMotionEvent: MotionEvent { action=ACTION_MOVE, actionButton=0, id[0]=0, x[0]=720.0, y[0]=387.122, toolType[0]=TOOL_TYPE_UNKNOWN, buttonState=0, metaState=0, flags=0x0, edgeFlags=0x0, pointerCount=1, historySize=0, eventTime=642203971, downTime=642203971, deviceId=0, source=0x1002 }
02-01 16:15:33.452 19059 19059 I Input   : injectMotionEvent: MotionEvent { action=ACTION_MOVE, actionButton=0, id[0]=0, x[0]=720.0, y[0]=391.07, toolType[0]=TOOL_TYPE_UNKNOWN, buttonState=0, metaState=0, flags=0x0, edgeFlags=0x0, pointerCount=1, historySize=0, eventTime=642203985, downTime=642203985, deviceId=0, source=0x1002 }
02-01 16:15:33.470 19059 19059 I Input   : injectMotionEvent: MotionEvent { action=ACTION_MOVE, actionButton=0, id[0]=0, x[0]=720.0, y[0]=396.146, toolType[0]=TOOL_TYPE_UNKNOWN, buttonState=0, metaState=0, flags=0x0, edgeFlags=0x0, pointerCount=1, historySize=0, eventTime=642204003, downTime=642204003, deviceId=0, source=0x1002 }
02-01 16:15:33.488 19059 19059 I Input   : injectMotionEvent: MotionEvent { action=ACTION_MOVE, actionButton=0, id[0]=0, x[0]=720.0, y[0]=401.222, toolType[0]=TOOL_TYPE_UNKNOWN, buttonState=0, metaState=0, flags=0x0, edgeFlags=0x0, pointerCount=1, historySize=0, eventTime=642204021, downTime=642204021, deviceId=0, source=0x1002 }
02-01 16:15:33.506 19059 19059 I Input   : injectMotionEvent: MotionEvent { action=ACTION_MOVE, actionButton=0, id[0]=0, x[0]=720.0, y[0]=406.298, toolType[0]=TOOL_TYPE_UNKNOWN, buttonState=0, metaState=0, flags=0x0, edgeFlags=0x0, pointerCount=1, historySize=0, eventTime=642204039, downTime=642204039, deviceId=0, source=0x1002 }
02-01 16:15:33.536 19059 19059 I Input   : injectMotionEvent: MotionEvent { action=ACTION_MOVE, actionButton=0, id[0]=0, x[0]=720.0, y[0]=414.758, toolType[0]=TOOL_TYPE_UNKNOWN, buttonState=0, metaState=0, flags=0x0, edgeFlags=0x0, pointerCount=1, historySize=0, eventTime=642204069, downTime=642204069, deviceId=0, source=0x1002 }
02-01 16:15:33.552 19059 19059 I Input   : injectMotionEvent: MotionEvent { action=ACTION_MOVE, actionButton=0, id[0]=0, x[0]=720.0, y[0]=419.27, toolType[0]=TOOL_TYPE_UNKNOWN, buttonState=0, metaState=0, flags=0x0, edgeFlags=0x0, pointerCount=1, historySize=0, eventTime=642204085, downTime=642204085, deviceId=0, source=0x1002 }
02-01 16:15:33.570 19059 19059 I Input   : injectMotionEvent: MotionEvent { action=ACTION_MOVE, actionButton=0, id[0]=0, x[0]=720.0, y[0]=424.346, toolType[0]=TOOL_TYPE_UNKNOWN, buttonState=0, metaState=0, flags=0x0, edgeFlags=0x0, pointerCount=1, historySize=0, eventTime=642204103, downTime=642204103, deviceId=0, source=0x1002 }
02-01 16:15:33.586 19059 19059 I Input   : injectMotionEvent: MotionEvent { action=ACTION_MOVE, actionButton=0, id[0]=0, x[0]=720.0, y[0]=428.858, toolType[0]=TOOL_TYPE_UNKNOWN, buttonState=0, metaState=0, flags=0x0, edgeFlags=0x0, pointerCount=1, historySize=0, eventTime=642204119, downTime=642204119, deviceId=0, source=0x1002 }
02-01 16:15:33.603 19059 19059 I Input   : injectMotionEvent: MotionEvent { action=ACTION_MOVE, actionButton=0, id[0]=0, x[0]=720.0, y[0]=433.37, toolType[0]=TOOL_TYPE_UNKNOWN, buttonState=0, metaState=0, flags=0x0, edgeFlags=0x0, pointerCount=1, historySize=0, eventTime=642204135, downTime=642204135, deviceId=0, source=0x1002 }
02-01 16:15:33.619 19059 19059 I Input   : injectMotionEvent: MotionEvent { action=ACTION_MOVE, actionButton=0, id[0]=0, x[0]=720.0, y[0]=438.164, toolType[0]=TOOL_TYPE_UNKNOWN, buttonState=0, metaState=0, flags=0x0, edgeFlags=0x0, pointerCount=1, historySize=0, eventTime=642204152, downTime=642204152, deviceId=0, source=0x1002 }
02-01 16:15:33.639 19059 19059 I Input   : injectMotionEvent: MotionEvent { action=ACTION_MOVE, actionButton=0, id[0]=0, x[0]=720.0, y[0]=443.80402, toolType[0]=TOOL_TYPE_UNKNOWN, buttonState=0, metaState=0, flags=0x0, edgeFlags=0x0, pointerCount=1, historySize=0, eventTime=642204172, downTime=642204172, deviceId=0, source=0x1002 }
02-01 16:15:33.654 19059 19059 I Input   : injectMotionEvent: MotionEvent { action=ACTION_MOVE, actionButton=0, id[0]=0, x[0]=720.0, y[0]=448.034, toolType[0]=TOOL_TYPE_UNKNOWN, buttonState=0, metaState=0, flags=0x0, edgeFlags=0x0, pointerCount=1, historySize=0, eventTime=642204187, downTime=642204187, deviceId=0, source=0x1002 }
02-01 16:15:33.672 19059 19059 I Input   : injectMotionEvent: MotionEvent { action=ACTION_MOVE, actionButton=0, id[0]=0, x[0]=720.0, y[0]=453.11, toolType[0]=TOOL_TYPE_UNKNOWN, buttonState=0, metaState=0, flags=0x0, edgeFlags=0x0, pointerCount=1, historySize=0, eventTime=642204205, downTime=642204205, deviceId=0, source=0x1002 }
02-01 16:15:33.691 19059 19059 I Input   : injectMotionEvent: MotionEvent { action=ACTION_MOVE, actionButton=0, id[0]=0, x[0]=720.0, y[0]=458.46802, toolType[0]=TOOL_TYPE_UNKNOWN, buttonState=0, metaState=0, flags=0x0, edgeFlags=0x0, pointerCount=1, historySize=0, eventTime=642204224, downTime=642204224, deviceId=0, source=0x1002 }
02-01 16:15:33.720 19059 19059 I Input   : injectMotionEvent: MotionEvent { action=ACTION_MOVE, actionButton=0, id[0]=0, x[0]=720.0, y[0]=466.646, toolType[0]=TOOL_TYPE_UNKNOWN, buttonState=0, metaState=0, flags=0x0, edgeFlags=0x0, pointerCount=1, historySize=0, eventTime=642204253, downTime=642204253, deviceId=0, source=0x1002 }
02-01 16:15:33.736 19059 19059 I Input   : injectMotionEvent: MotionEvent { action=ACTION_MOVE, actionButton=0, id[0]=0, x[0]=720.0, y[0]=471.158, toolType[0]=TOOL_TYPE_UNKNOWN, buttonState=0, metaState=0, flags=0x0, edgeFlags=0x0, pointerCount=1, historySize=0, eventTime=642204269, downTime=642204269, deviceId=0, source=0x1002 }
02-01 16:15:33.752 19059 19059 I Input   : injectMotionEvent: MotionEvent { action=ACTION_MOVE, actionButton=0, id[0]=0, x[0]=720.0, y[0]=475.66998, toolType[0]=TOOL_TYPE_UNKNOWN, buttonState=0, metaState=0, flags=0x0, edgeFlags=0x0, pointerCount=1, historySize=0, eventTime=642204285, downTime=642204285, deviceId=0, source=0x1002 }
02-01 16:15:33.768 19059 19059 I Input   : injectMotionEvent: MotionEvent { action=ACTION_MOVE, actionButton=0, id[0]=0, x[0]=720.0, y[0]=480.182, toolType[0]=TOOL_TYPE_UNKNOWN, buttonState=0, metaState=0, flags=0x0, edgeFlags=0x0, pointerCount=1, historySize=0, eventTime=642204301, downTime=642204301, deviceId=0, source=0x1002 }
02-01 16:15:33.789 19059 19059 I Input   : injectMotionEvent: MotionEvent { action=ACTION_MOVE, actionButton=0, id[0]=0, x[0]=720.0, y[0]=486.104, toolType[0]=TOOL_TYPE_UNKNOWN, buttonState=0, metaState=0, flags=0x0, edgeFlags=0x0, pointerCount=1, historySize=0, eventTime=642204322, downTime=642204322, deviceId=0, source=0x1002 }
02-01 16:15:33.818 19059 19059 I Input   : injectMotionEvent: MotionEvent { action=ACTION_UP, actionButton=0, id[0]=0, x[0]=720.0, y[0]=494.0, toolType[0]=TOOL_TYPE_UNKNOWN, buttonState=0, metaState=0, flags=0x0, edgeFlags=0x0, pointerCount=1, historySize=0, eventTime=642204351, downTime=642204351, deviceId=0, source=0x1002 }
02-01 16:15:33.884 17524 17524 I ServiceManager: Waiting for service AtCmdFwd...
02-01 16:15:34.370   512  2803 I soundtrigger: audio_extn_sound_trigger_update_device_status: device 0x2 of type 0 for Event 0
02-01 16:15:34.885 17524 17524 I ServiceManager: Waiting for service AtCmdFwd...
02-01 16:15:35.887 17524 17524 I ServiceManager: Waiting for service AtCmdFwd...
02-01 16:15:36.889 17524 17524 I ServiceManager: Waiting for service AtCmdFwd...
02-01 16:15:37.890 17524 17524 I ServiceManager: Waiting for service AtCmdFwd...
02-01 16:15:38.890 17524 17524 W Atfwd_Sendcmd: AtCmdFwd service not published, waiting... retryCnt : 3
02-01 16:15:42.363 24081 24145 W AppFlood: login Failed. code = 302
02-01 16:15:42.363 24081 24145 W AppFlood: connection failed 302 http://data.appflood.com/get_token?v=2.1&ts=1706775342025&app_key=lZXiVJ0O6TvojUm8&adtype=255&signature=9e5d88c28e814e8e02f37a99fb4abf6a&data=AwNepUvzuQayMLc51WTzXzUNXqjlr3WpljDK%2B%2FbEWLOsQwZtAA5sBctrgVWKKZzGvrIj7iWXAfCuiUdEoCX7McTlxmWS21%2FKMprHhYlcvo1YvIj2TV4wZdparVoh71E4PfC3SjgBXWITrdRfLJsLC9Lu5slgogJ0ysH3s62iccYPwqWJZqoiH%2FgWP3ddogQR&uuid=zKtSrRYm4kaWyr%2Bd1VizDOPl3GLIqGWY2OYQ3F90TPvpz2%2B9W6xYEw%3D%3D&mac=&sm=1&aid=2ghem9U6A43DQimZ62qFw%2BmWO%2FXdZ9Pf&duid=&model=6
02-01 16:15:42.910   917   929 I UsageStatsService: User[0] Flushing usage stats to disk
02-01 16:15:53.892 17524 17524 I ServiceManager: Waiting for service AtCmdFwd...
02-01 16:15:54.892 17524 17524 I ServiceManager: Waiting for service AtCmdFwd...
02-01 16:15:55.893 17524 17524 I ServiceManager: Waiting for service AtCmdFwd...
02-01 16:15:56.894 17524 17524 I ServiceManager: Waiting for service AtCmdFwd...
02-01 16:15:57.895 17524 17524 I ServiceManager: Waiting for service AtCmdFwd...
02-01 16:15:57.910 24081 24213 W AppFlood: login Failed. code = 302
02-01 16:15:57.912 24081 24213 W AppFlood: connection failed 302 http://data.appflood.com/get_token?v=2.1&ts=1706775357364&app_key=lZXiVJ0O6TvojUm8&adtype=255&signature=05eafa8162245ed350e3fc3cbed8b61a&data=AwNepUvzuQayMLc51WTzXzUNXqjlr3WpljDK%2B%2FbEWLOsQwZtAA5sBctrgVWKKZzGvrIj7iWXAfCuiUdEoCX7McTlxmWS21%2FKMprHhYlcvo1YvIj2TV4wZdparVoh71E4PfC3SjgBXWITrdRfLJsLC9Lu5slgogJ0ysH3s62iccYPwqWJZqoiH%2FgWP3ddogQR&uuid=zKtSrRYm4kaWyr%2Bd1VizDOPl3GLIqGWY2OYQ3F90TPvpz2%2B9W6xYEw%3D%3D&mac=&sm=1&aid=2ghem9U6A43DQimZ62qFw%2BmWO%2FXdZ9Pf&duid=&model=6
02-01 16:15:58.896 17524 17524 W Atfwd_Sendcmd: AtCmdFwd service not published, waiting... retryCnt : 4
02-01 16:16:03.864 19249 19249 I Radio-JNI: register_android_hardware_Radio DONE
02-01 16:16:03.881 19249 19249 I Input   : injectMotionEvent: MotionEvent { action=ACTION_DOWN, actionButton=0, id[0]=0, x[0]=720.0, y[0]=353.0, toolType[0]=TOOL_TYPE_UNKNOWN, buttonState=0, metaState=0, flags=0x0, edgeFlags=0x0, pointerCount=1, historySize=0, eventTime=642234413, downTime=642234413, deviceId=0, source=0x1002 }
02-01 16:16:03.900 19249 19249 I Input   : injectMotionEvent: MotionEvent { action=ACTION_MOVE, actionButton=0, id[0]=0, x[0]=720.0, y[0]=353.0, toolType[0]=TOOL_TYPE_UNKNOWN, buttonState=0, metaState=0, flags=0x0, edgeFlags=0x0, pointerCount=1, historySize=0, eventTime=642234413, downTime=642234413, deviceId=0, source=0x1002 }
02-01 16:16:03.901   512  2803 I soundtrigger: audio_extn_sound_trigger_update_device_status: device 0x2 of type 0 for Event 1
02-01 16:16:03.918 19249 19249 I Input   : injectMotionEvent: MotionEvent { action=ACTION_MOVE, actionButton=0, id[0]=0, x[0]=720.0, y[0]=363.716, toolType[0]=TOOL_TYPE_UNKNOWN, buttonState=0, metaState=0, flags=0x0, edgeFlags=0x0, pointerCount=1, historySize=0, eventTime=642234451, downTime=642234451, deviceId=0, source=0x1002 }
02-01 16:16:03.933 19249 19249 I Input   : injectMotionEvent: MotionEvent { action=ACTION_MOVE, actionButton=0, id[0]=0, x[0]=720.0, y[0]=367.946, toolType[0]=TOOL_TYPE_UNKNOWN, buttonState=0, metaState=0, flags=0x0, edgeFlags=0x0, pointerCount=1, historySize=0, eventTime=642234466, downTime=642234466, deviceId=0, source=0x1002 }
02-01 16:16:03.950 19249 19249 I Input   : injectMotionEvent: MotionEvent { action=ACTION_MOVE, actionButton=0, id[0]=0, x[0]=720.0, y[0]=372.74, toolType[0]=TOOL_TYPE_UNKNOWN, buttonState=0, metaState=0, flags=0x0, edgeFlags=0x0, pointerCount=1, historySize=0, eventTime=642234483, downTime=642234483, deviceId=0, source=0x1002 }
02-01 16:16:03.967 19249 19249 I Input   : injectMotionEvent: MotionEvent { action=ACTION_MOVE, actionButton=0, id[0]=0, x[0]=720.0, y[0]=377.534, toolType[0]=TOOL_TYPE_UNKNOWN, buttonState=0, metaState=0, flags=0x0, edgeFlags=0x0, pointerCount=1, historySize=0, eventTime=642234500, downTime=642234500, deviceId=0, source=0x1002 }
02-01 16:16:03.983 19249 19249 I Input   : injectMotionEvent: MotionEvent { action=ACTION_MOVE, actionButton=0, id[0]=0, x[0]=720.0, y[0]=382.046, toolType[0]=TOOL_TYPE_UNKNOWN, buttonState=0, metaState=0, flags=0x0, edgeFlags=0x0, pointerCount=1, historySize=0, eventTime=642234516, downTime=642234516, deviceId=0, source=0x1002 }
02-01 16:16:04.001 19249 19249 I Input   : injectMotionEvent: MotionEvent { action=ACTION_MOVE, actionButton=0, id[0]=0, x[0]=720.0, y[0]=387.122, toolType[0]=TOOL_TYPE_UNKNOWN, buttonState=0, metaState=0, flags=0x0, edgeFlags=0x0, pointerCount=1, historySize=0, eventTime=642234534, downTime=642234534, deviceId=0, source=0x1002 }
02-01 16:16:04.018 19249 19249 I Input   : injectMotionEvent: MotionEvent { action=ACTION_MOVE, actionButton=0, id[0]=0, x[0]=720.0, y[0]=391.634, toolType[0]=TOOL_TYPE_UNKNOWN, buttonState=0, metaState=0, flags=0x0, edgeFlags=0x0, pointerCount=1, historySize=0, eventTime=642234550, downTime=642234550, deviceId=0, source=0x1002 }
02-01 16:16:04.035 19249 19249 I Input   : injectMotionEvent: MotionEvent { action=ACTION_MOVE, actionButton=0, id[0]=0, x[0]=720.0, y[0]=396.71, toolType[0]=TOOL_TYPE_UNKNOWN, buttonState=0, metaState=0, flags=0x0, edgeFlags=0x0, pointerCount=1, historySize=0, eventTime=642234568, downTime=642234568, deviceId=0, source=0x1002 }
02-01 16:16:04.051 19249 19249 I Input   : injectMotionEvent: MotionEvent { action=ACTION_MOVE, actionButton=0, id[0]=0, x[0]=720.0, y[0]=401.222, toolType[0]=TOOL_TYPE_UNKNOWN, buttonState=0, metaState=0, flags=0x0, edgeFlags=0x0, pointerCount=1, historySize=0, eventTime=642234584, downTime=642234584, deviceId=0, source=0x1002 }
02-01 16:16:04.067 19249 19249 I Input   : injectMotionEvent: MotionEvent { action=ACTION_MOVE, actionButton=0, id[0]=0, x[0]=720.0, y[0]=405.734, toolType[0]=TOOL_TYPE_UNKNOWN, buttonState=0, metaState=0, flags=0x0, edgeFlags=0x0, pointerCount=1, historySize=0, eventTime=642234600, downTime=642234600, deviceId=0, source=0x1002 }
02-01 16:16:04.085 19249 19249 I Input   : injectMotionEvent: MotionEvent { action=ACTION_MOVE, actionButton=0, id[0]=0, x[0]=720.0, y[0]=410.81, toolType[0]=TOOL_TYPE_UNKNOWN, buttonState=0, metaState=0, flags=0x0, edgeFlags=0x0, pointerCount=1, historySize=0, eventTime=642234618, downTime=642234618, deviceId=0, source=0x1002 }
02-01 16:16:04.101 19249 19249 I Input   : injectMotionEvent: MotionEvent { action=ACTION_MOVE, actionButton=0, id[0]=0, x[0]=720.0, y[0]=415.322, toolType[0]=TOOL_TYPE_UNKNOWN, buttonState=0, metaState=0, flags=0x0, edgeFlags=0x0, pointerCount=1, historySize=0, eventTime=642234634, downTime=642234634, deviceId=0, source=0x1002 }
02-01 16:16:04.116 19249 19249 I Input   : injectMotionEvent: MotionEvent { action=ACTION_MOVE, actionButton=0, id[0]=0, x[0]=720.0, y[0]=419.552, toolType[0]=TOOL_TYPE_UNKNOWN, buttonState=0, metaState=0, flags=0x0, edgeFlags=0x0, pointerCount=1, historySize=0, eventTime=642234649, downTime=642234649, deviceId=0, source=0x1002 }
02-01 16:16:04.133 19249 19249 I Input   : injectMotionEvent: MotionEvent { action=ACTION_MOVE, actionButton=0, id[0]=0, x[0]=720.0, y[0]=424.346, toolType[0]=TOOL_TYPE_UNKNOWN, buttonState=0, metaState=0, flags=0x0, edgeFlags=0x0, pointerCount=1, historySize=0, eventTime=642234666, downTime=642234666, deviceId=0, source=0x1002 }
02-01 16:16:04.150 19249 19249 I Input   : injectMotionEvent: MotionEvent { action=ACTION_MOVE, actionButton=0, id[0]=0, x[0]=720.0, y[0]=429.14, toolType[0]=TOOL_TYPE_UNKNOWN, buttonState=0, metaState=0, flags=0x0, edgeFlags=0x0, pointerCount=1, historySize=0, eventTime=642234683, downTime=642234683, deviceId=0, source=0x1002 }
02-01 16:16:04.168 19249 19249 I Input   : injectMotionEvent: MotionEvent { action=ACTION_MOVE, actionButton=0, id[0]=0, x[0]=720.0, y[0]=434.216, toolType[0]=TOOL_TYPE_UNKNOWN, buttonState=0, metaState=0, flags=0x0, edgeFlags=0x0, pointerCount=1, historySize=0, eventTime=642234701, downTime=642234701, deviceId=0, source=0x1002 }
02-01 16:16:04.184 19249 19249 I Input   : injectMotionEvent: MotionEvent { action=ACTION_MOVE, actionButton=0, id[0]=0, x[0]=720.0, y[0]=438.728, toolType[0]=TOOL_TYPE_UNKNOWN, buttonState=0, metaState=0, flags=0x0, edgeFlags=0x0, pointerCount=1, historySize=0, eventTime=642234717, downTime=642234717, deviceId=0, source=0x1002 }
02-01 16:16:04.202 19249 19249 I Input   : injectMotionEvent: MotionEvent { action=ACTION_MOVE, actionButton=0, id[0]=0, x[0]=720.0, y[0]=443.80402, toolType[0]=TOOL_TYPE_UNKNOWN, buttonState=0, metaState=0, flags=0x0, edgeFlags=0x0, pointerCount=1, historySize=0, eventTime=642234735, downTime=642234735, deviceId=0, source=0x1002 }
02-01 16:16:04.219 19249 19249 I Input   : injectMotionEvent: MotionEvent { action=ACTION_MOVE, actionButton=0, id[0]=0, x[0]=720.0, y[0]=448.598, toolType[0]=TOOL_TYPE_UNKNOWN, buttonState=0, metaState=0, flags=0x0, edgeFlags=0x0, pointerCount=1, historySize=0, eventTime=642234752, downTime=642234752, deviceId=0, source=0x1002 }
02-01 16:16:04.234 19249 19249 I Input   : injectMotionEvent: MotionEvent { action=ACTION_MOVE, actionButton=0, id[0]=0, x[0]=720.0, y[0]=452.828, toolType[0]=TOOL_TYPE_UNKNOWN, buttonState=0, metaState=0, flags=0x0, edgeFlags=0x0, pointerCount=1, historySize=0, eventTime=642234767, downTime=642234767, deviceId=0, source=0x1002 }
02-01 16:16:04.253 19249 19249 I Input   : injectMotionEvent: MotionEvent { action=ACTION_MOVE, actionButton=0, id[0]=0, x[0]=720.0, y[0]=457.904, toolType[0]=TOOL_TYPE_UNKNOWN, buttonState=0, metaState=0, flags=0x0, edgeFlags=0x0, pointerCount=1, historySize=0, eventTime=642234785, downTime=642234785, deviceId=0, source=0x1002 }
02-01 16:16:04.268 19249 19249 I Input   : injectMotionEvent: MotionEvent { action=ACTION_MOVE, actionButton=0, id[0]=0, x[0]=720.0, y[0]=462.41602, toolType[0]=TOOL_TYPE_UNKNOWN, buttonState=0, metaState=0, flags=0x0, edgeFlags=0x0, pointerCount=1, historySize=0, eventTime=642234801, downTime=642234801, deviceId=0, source=0x1002 }
02-01 16:16:04.283 19249 19249 I Input   : injectMotionEvent: MotionEvent { action=ACTION_MOVE, actionButton=0, id[0]=0, x[0]=720.0, y[0]=466.646, toolType[0]=TOOL_TYPE_UNKNOWN, buttonState=0, metaState=0, flags=0x0, edgeFlags=0x0, pointerCount=1, historySize=0, eventTime=642234816, downTime=642234816, deviceId=0, source=0x1002 }
02-01 16:16:04.300 19249 19249 I Input   : injectMotionEvent: MotionEvent { action=ACTION_MOVE, actionButton=0, id[0]=0, x[0]=720.0, y[0]=471.44, toolType[0]=TOOL_TYPE_UNKNOWN, buttonState=0, metaState=0, flags=0x0, edgeFlags=0x0, pointerCount=1, historySize=0, eventTime=642234833, downTime=642234833, deviceId=0, source=0x1002 }
02-01 16:16:04.316 19249 19249 I Input   : injectMotionEvent: MotionEvent { action=ACTION_MOVE, actionButton=0, id[0]=0, x[0]=720.0, y[0]=475.952, toolType[0]=TOOL_TYPE_UNKNOWN, buttonState=0, metaState=0, flags=0x0, edgeFlags=0x0, pointerCount=1, historySize=0, eventTime=642234849, downTime=642234849, deviceId=0, source=0x1002 }
02-01 16:16:04.333 19249 19249 I Input   : injectMotionEvent: MotionEvent { action=ACTION_MOVE, actionButton=0, id[0]=0, x[0]=720.0, y[0]=480.746, toolType[0]=TOOL_TYPE_UNKNOWN, buttonState=0, metaState=0, flags=0x0, edgeFlags=0x0, pointerCount=1, historySize=0, eventTime=642234866, downTime=642234866, deviceId=0, source=0x1002 }
02-01 16:16:04.350 19249 19249 I Input   : injectMotionEvent: MotionEvent { action=ACTION_MOVE, actionButton=0, id[0]=0, x[0]=720.0, y[0]=485.53998, toolType[0]=TOOL_TYPE_UNKNOWN, buttonState=0, metaState=0, flags=0x0, edgeFlags=0x0, pointerCount=1, historySize=0, eventTime=642234883, downTime=642234883, deviceId=0, source=0x1002 }
02-01 16:16:04.366 19249 19249 I Input   : injectMotionEvent: MotionEvent { action=ACTION_MOVE, actionButton=0, id[0]=0, x[0]=720.0, y[0]=490.052, toolType[0]=TOOL_TYPE_UNKNOWN, buttonState=0, metaState=0, flags=0x0, edgeFlags=0x0, pointerCount=1, historySize=0, eventTime=642234899, downTime=642234899, deviceId=0, source=0x1002 }
02-01 16:16:04.383 19249 19249 I Input   : injectMotionEvent: MotionEvent { action=ACTION_UP, actionButton=0, id[0]=0, x[0]=720.0, y[0]=494.0, toolType[0]=TOOL_TYPE_UNKNOWN, buttonState=0, metaState=0, flags=0x0, edgeFlags=0x0, pointerCount=1, historySize=0, eventTime=642234916, downTime=642234916, deviceId=0, source=0x1002 }
02-01 16:16:04.922   512  2803 I soundtrigger: audio_extn_sound_trigger_update_device_status: device 0x2 of type 0 for Event 0
02-01 16:16:06.200  3673 17747 I art     : Starting a blocking GC Explicit
02-01 16:16:06.413  3673 17747 I art     : Explicit concurrent mark sweep GC freed 52766(2MB) AllocSpace objects, 1(20KB) LOS objects, 22% free, 56MB/72MB, paused 1.699ms total 212.631ms
02-01 16:16:13.284 24081 24314 W AppFlood: login Failed. code = 302
02-01 16:16:13.284 24081 24314 W AppFlood: connection failed 302 http://data.appflood.com/get_token?v=2.1&ts=1706775372913&app_key=lZXiVJ0O6TvojUm8&adtype=255&signature=4cff7bcad27b8022720a98d04cc4c282&data=AwNepUvzuQayMLc51WTzXzUNXqjlr3WpljDK%2B%2FbEWLOsQwZtAA5sBctrgVWKKZzGvrIj7iWXAfCuiUdEoCX7McTlxmWS21%2FKMprHhYlcvo1YvIj2TV4wZdparVoh71E4PfC3SjgBXWITrdRfLJsLC9Lu5slgogJ0ysH3s62iccYPwqWJZqoiH%2FgWP3ddogQR&uuid=zKtSrRYm4kaWyr%2Bd1VizDOPl3GLIqGWY2OYQ3F90TPvpz2%2B9W6xYEw%3D%3D&mac=&sm=1&aid=2ghem9U6A43DQimZ62qFw%2BmWO%2FXdZ9Pf&duid=&model=6
