--------- beginning of main
02-01 16:09:56.340 16247 16247 I Radio-JNI: register_android_hardware_Radio DONE
02-01 16:09:56.716 11053 11053 I ServiceManager: Waiting for service AtCmdFwd...
02-01 16:09:57.084 16261 16261 I Radio-JNI: register_android_hardware_Radio DONE
02-01 16:09:57.114  5860  5860 I GoogleInputMethodServic: GoogleInputMethodService.onFinishInput():3206 
--------- beginning of system
02-01 16:09:57.126  5860  5860 I GoogleInputMethodServic: GoogleInputMethodService.updateDeviceLockedStatus():2147 repeatCheckTimes = 0, locked = false
02-01 16:09:57.285  5860  5860 I GoogleInputMethodServic: GoogleInputMethodService.clearInputMethodServiceData():1532 clearInputMethodServiceData for onDestroy
02-01 16:09:57.318  5860  5860 I GoogleInputMethodServic: GoogleInputMethodService.discardAllKeyboardViewAndInputView():1733 discardAllKeyboardViewAndInputView()
02-01 16:09:57.325  5860  5860 I KeyboardModeManager: KeyboardModeManager.setKeyboardViewHolderProvider():569 setInputView() : supportsOneHandedMode=true
02-01 16:09:57.339  5860  5860 I NormalModeController: NormalModeController.getKeyboardBodyViewHolderPaddingBottom():89 currentPrimeKeyboardType:SOFT systemPaddingBottom:-1
02-01 16:09:57.344  5860  5860 I KeyboardModeManager: KeyboardModeManager.setKeyboardViewHolderProvider():559 setInputView() : entry=qqb{languageTag=en-US, variant=qwerty, hasLocalizedResources=true, conditionCacheKey=_device=phone_device_size=default_enable_more_candidates_view_for_multilingual=false_enable_nav_redesign_for_expression=true_enable_navbar_motion=true_enable_number_row=false_enable_preemptive_decode=true_enable_secondary_symbols=false_expressions=normal_four_or_more_letter_rows=false_keyboard_mode=normal_language=en-US_orientation=portrait_physical_keyboard=nokeys_rtl_layout=false_show_secondary_digits=true_show_suggestions=true_split_with_duplicate_keys=true_variant=qwerty, imeDef.stringId=ime_english_united_states, imeDef.className=com.google.android.apps.inputmethod.libs.latin5.LatinIme, imeDef.languageTag=en-US}
02-01 16:09:57.345  5860  5860 I KeyboardThemeProvider: KeyboardThemeProvider.reset():40 Reset keyboard theme
02-01 16:09:57.358  5860  5860 I WindowMetricsModule: WindowMetricsModule.onDestroy():47 
02-01 16:09:57.390  5860  5860 I EmojifyExtensionImpl: EmojifyExtensionImpl.onDestroy():605 Destroying Emojify extension gna@12108fd.
02-01 16:09:57.391  5860  5860 I AbstractOpenableExtensi: AbstractOpenableExtension.maybeDestroyExistingKeyboardGroupManager():515 Destroy existing keyboard group manager in gpc
02-01 16:09:57.393  5860  5860 I AbstractOpenableExtensi: AbstractOpenableExtension.maybeDestroyExistingKeyboardGroupManager():515 Destroy existing keyboard group manager in jot
02-01 16:09:57.421  5860  5860 I OnDevicePackDownloadMod: OnDevicePackDownloadModule.onDestroy():98 onDestroy()
02-01 16:09:57.429  5860  5860 I AbstractOpenableExtensi: AbstractOpenableExtension.maybeDestroyExistingKeyboardGroupManager():515 Destroy existing keyboard group manager in jkt
02-01 16:09:57.437  5860  5860 W NotificationCenter: NotificationCenter$ListenerData.notifyOnExecutor():667 Heavy notify work detected on UI thread: |qve->sby| takes 34ms
02-01 16:09:57.439  5860 15567 I JapaneseMozcExtension: JapaneseMozcExtension.onDestroyServiceInternal():81 onDestroyServiceInternal()
02-01 16:09:57.440  5860  5860 I AbstractOpenableExtensi: AbstractOpenableExtension$3.onSuccess():529 KeyboardGroupManager destroyed in gpc.
02-01 16:09:57.440  5860  5860 I AbstractOpenableExtensi: AbstractOpenableExtension$3.onSuccess():529 KeyboardGroupManager destroyed in jot.
02-01 16:09:57.440  5860  5860 I AbstractOpenableExtensi: AbstractOpenableExtension$3.onSuccess():529 KeyboardGroupManager destroyed in jkt.
02-01 16:09:57.717 11053 11053 I ServiceManager: Waiting for service AtCmdFwd...
02-01 16:09:58.012 16282 16282 I Radio-JNI: register_android_hardware_Radio DONE
02-01 16:09:58.035 16282 16282 I Input   : injectKeyEvent: KeyEvent { action=ACTION_DOWN, keyCode=KEYCODE_MENU, scanCode=0, metaState=0, flags=0x0, repeatCount=0, eventTime=641868562, downTime=641868562, deviceId=-1, source=0x101 }
02-01 16:09:58.112 16282 16282 I Input   : injectKeyEvent: KeyEvent { action=ACTION_UP, keyCode=KEYCODE_MENU, scanCode=0, metaState=0, flags=0x0, repeatCount=0, eventTime=641868562, downTime=641868562, deviceId=-1, source=0x101 }
02-01 16:09:58.152   512  2803 I soundtrigger: audio_extn_sound_trigger_update_device_status: device 0x2 of type 0 for Event 1
02-01 16:09:58.718 11053 11053 W Atfwd_Sendcmd: AtCmdFwd service not published, waiting... retryCnt : 3
02-01 16:09:58.722   512  2803 I soundtrigger: audio_extn_sound_trigger_update_device_status: device 0x2 of type 0 for Event 0
02-01 16:09:58.839 16302 16302 I Radio-JNI: register_android_hardware_Radio DONE
02-01 16:09:58.859 16302 16302 I Input   : injectKeyEvent: KeyEvent { action=ACTION_DOWN, keyCode=KEYCODE_BACK, scanCode=0, metaState=0, flags=0x0, repeatCount=0, eventTime=641869392, downTime=641869392, deviceId=-1, source=0x101 }
02-01 16:09:58.865 16302 16302 I Input   : injectKeyEvent: KeyEvent { action=ACTION_UP, keyCode=KEYCODE_BACK, scanCode=0, metaState=0, flags=0x0, repeatCount=0, eventTime=641869392, downTime=641869392, deviceId=-1, source=0x101 }
02-01 16:09:59.541   917  1743 I ActivityManager: Killing 15810:com.android.externalstorage/u0a10 (adj 15): empty #17
02-01 16:09:59.618 16323 16323 I Radio-JNI: register_android_hardware_Radio DONE
02-01 16:09:59.682 16323 16323 I art     : System.exit called, status: 0
02-01 16:09:59.682 16323 16323 I AndroidRuntime: VM exiting with result code 0.
02-01 16:10:00.110   917   928 I ActivityManager: Killing 15828:com.android.shell/2000 (adj 15): empty #17
02-01 16:10:00.355 24081 24314 W AppFlood: login Failed. code = 302
02-01 16:10:00.356 24081 24314 W AppFlood: connection failed 302 http://data.appflood.com/get_token?v=2.1&ts=1706775000068&app_key=lZXiVJ0O6TvojUm8&adtype=255&signature=888535569c63ce9f0ac76852f1e29fa4&data=AwNepUvzuQayMLc51WTzXzUNXqjlr3WpljDK%2B%2FbEWLOsQwZtAA5sBctrgVWKKZzGvrIj7iWXAfCuiUdEoCX7McTlxmWS21%2FKMprHhYlcvo1YvIj2TV4wZdparVoh71E4PfC3SjgBXWITrdRfLJsLC9Lu5slgogJ0ysH3s62iccYPwqWJZqoiH%2FgWP3ddogQR&uuid=zKtSrRYm4kaWyr%2Bd1VizDOPl3GLIqGWY2OYQ3F90TPvpz2%2B9W6xYEw%3D%3D&mac=&sm=1&aid=2ghem9U6A43DQimZ62qFw%2BmWO%2FXdZ9Pf&duid=&model=6
02-01 16:10:00.530 16376 16376 I Radio-JNI: register_android_hardware_Radio DONE
02-01 16:10:00.549   917  4148 I ActivityManager: Force stopping com.tleapps.simpletipcalculator appid=10174 user=0: from pid 16376
02-01 16:10:00.550   917  4148 I ActivityManager: Killing 12890:com.tleapps.simpletipcalculator/u0a174 (adj 0): stop com.tleapps.simpletipcalculator
02-01 16:10:00.614   917   927 I WindowState: WIN DEATH: Window{33a4ec5 u0 com.tleapps.simpletipcalculator/com.tleapps.simpletipcalculator.MainActivity}
02-01 16:10:00.625   917  2874 E ConnectivityService: RemoteException caught trying to send a callback msg for NetworkRequest [ id=1696, legacyType=-1, [ Capabilities: INTERNET&NOT_RESTRICTED&TRUSTED] ]
02-01 16:10:00.645   917  4148 W ActivityManager: Force removing ActivityRecord{faf7c81 u0 com.tleapps.simpletipcalculator/.MainActivity t578}: app died, no saved state
02-01 16:10:00.664   917  3376 W ActivityManager: Spurious death for ProcessRecord{307ff47 0:com.tleapps.simpletipcalculator/u0a174}, curProc for 12890: null
02-01 16:10:00.960   917  1743 W InputMethodManagerService: Got RemoteException sending setActive(false) notification to pid 12890 uid 10174
02-01 16:10:01.038  9358  9387 W A       : Queue length for executor EventBus is now 11. Perhaps some tasks are too long, or the pool is too small.
02-01 16:10:01.040  9358  9387 I A       : Using proto config with mendel
02-01 16:10:01.051  3673 12561 I NetworkScheduler.Stats: (REDACTED) Task %s/%s started execution. cause:%s exec_start_elapsed_seconds: %s
02-01 16:10:01.051  3673 12561 I NetworkScheduler.Stats: (REDACTED) Task %s/%s started execution. cause:%s exec_start_elapsed_seconds: %s
02-01 16:10:01.054  9358  9387 I A       : Using proto config with mendel
02-01 16:10:01.073   917  4293 I ActivityManager: Killing 15852:com.google.android.apps.docs/u0a43 (adj 15): empty #17
02-01 16:10:01.149 22338 31071 I PlayGamesServices[GamesSyncAdapter]: Starting sync for 84b62dd8
02-01 16:10:01.152 22338  3900 I PlayGamesServices[GamesSyncAdapter]: Starting sync for 781adb4c
02-01 16:10:01.175 22338  3900 I PlayGamesServices[GamesSyncAdapter]: Sync duration for 781adb4c: 2
02-01 16:10:01.175 22338 31071 I PlayGamesServices[GamesSyncAdapter]: Sync duration for 84b62dd8: 7
02-01 16:10:01.202  3673 12561 I NetworkScheduler.Stats: (REDACTED) Task %s/%s finished executing. cause:%s result: %s elapsed_millis: %s uptime_millis: %s exec_start_elapsed_seconds: %s
02-01 16:10:01.223  3673 12561 I NetworkScheduler.Stats: (REDACTED) Task %s/%s finished executing. cause:%s result: %s elapsed_millis: %s uptime_millis: %s exec_start_elapsed_seconds: %s
02-01 16:10:01.307 22338 22347 I art     : Background partial concurrent mark sweep GC freed 131877(9MB) AllocSpace objects, 72(3MB) LOS objects, 19% free, 65MB/81MB, paused 46.878ms total 209.007ms
02-01 16:10:01.330 16391 16391 I Radio-JNI: register_android_hardware_Radio DONE
02-01 16:10:01.347 16391 16391 I Input   : injectKeyEvent: KeyEvent { action=ACTION_DOWN, keyCode=KEYCODE_HOME, scanCode=0, metaState=0, flags=0x0, repeatCount=0, eventTime=641871880, downTime=641871880, deviceId=-1, source=0x101 }
02-01 16:10:01.352 22338  7660 I GetServiceValidatorImpl: (REDACTED) onGetService() from Client SDK version [%s], Module version [%s], PGA version [%s], Account [%s], Calling package [%s], Game package [%s]
02-01 16:10:01.353 16391 16391 I Input   : injectKeyEvent: KeyEvent { action=ACTION_UP, keyCode=KEYCODE_HOME, scanCode=0, metaState=0, flags=0x0, repeatCount=0, eventTime=641871880, downTime=641871880, deviceId=-1, source=0x101 }
02-01 16:10:01.355 22338  7660 W GetGamesServiceReqFacto: Parsing request with ignored arguments. signInOptionsBundle [Bundle[{com.google.android.gms.signin.internal.serverClientId=null, com.google.android.gms.signin.internal.usePromptModeForAuthCode=true, com.google.android.gms.signin.internal.logSessionId=null, com.google.android.gms.signin.internal.hostedDomain=null, com.google.android.gms.signin.internal.offlineAccessRequested=false, com.google.android.gms.signin.internal.waitForAccessTokenRefresh=false, com.google.android.gms.signin.internal.clientRequestedAccount=Account {name=<<default account>>, type=com.google}, com.google.android.gms.signin.internal.idTokenRequested=false, com.google.android.gms.signin.internal.forceCodeForRefreshToken=false}]], isRetryingSignIn [false], skipWelcomePopup [false], requireGooglePlus [false]
02-01 16:10:01.355 22338  7660 I GetGamesServiceReqFacto: Replacing request for `games` scope with `games_lite`
02-01 16:10:01.360   917  2858 I ActivityManager: START u0 {act=android.intent.action.MAIN cat=[android.intent.category.HOME] flg=0x10200000 cmp=com.google.android.googlequicksearchbox/com.google.android.launcher.GEL (has extras)} from uid 1000 on display 0
02-01 16:10:01.364 22338 16422 I SignInPerformer-10: (REDACTED) Handling request [%s], isFirstPartyCaller [%s]
02-01 16:10:01.365 22338 16422 I SignInPerformer-10: Successfully brokered first-party unauthenticated GamesService [CONTEXT service_id=1 ]
02-01 16:10:01.368 22338 16422 I GetGamesServiceV2Op: (REDACTED) Successfully brokered GamesService for request %s
02-01 16:10:01.376 22338 22338 W PlayGamesServices[GamesLogHelper]: Failed to log event: Must not be called on GoogleApiHandler thread.
02-01 16:10:01.378 22338 22338 W PlayGamesServices[GamesLogHelper]: Failed to log event: Must not be called on GoogleApiHandler thread.
02-01 16:10:01.450   917   926 I art     : Background partial concurrent mark sweep GC freed 87079(7MB) AllocSpace objects, 55(1116KB) LOS objects, 21% free, 58MB/74MB, paused 1.210ms total 142.140ms
02-01 16:10:02.565  5860  6076 I PhenotypeProcessReaper: Memory state is: 100
02-01 16:10:03.014   518   612 I ThermalEngine: ACTION: GPU - Setting GPU[0] to 510000000
02-01 16:10:06.015 11477 11477 I Finsky  : [1] abmx.onStartJob(128): SCH: job service start with id 9454.
02-01 16:10:06.020   518   612 I ThermalEngine: ACTION: GPU - Setting GPU[0] to 600000000
02-01 16:10:06.035 11477 15747 I Finsky  : [13636] aafo.a(115): SCH: Satisfied jobs for 9454 are: 12-1
02-01 16:10:06.054 11477 16457 I Finsky  : [13664] abky.accept(459): SCH: Job 12-1 starting
02-01 16:10:06.059 11477 11477 I Finsky  : [1] ContentSyncJob.w(14): [ContentSync] job started
02-01 16:10:06.241 11477 16459 I Finsky  : [13666] kuw.f(41): Completed 0 account content syncs with 0 successful.
02-01 16:10:06.242 11477 11477 I Finsky  : [1] ContentSyncJob.a(14): [ContentSync] Installation state replication succeeded.
02-01 16:10:06.265 11477 11477 I Finsky  : [1] able.r(83): SCH: jobFinished: 12-1. TimeElapsed: 188ms.
02-01 16:10:06.315 11477 11590 I Finsky  : [13570] otg.accept(58): SCH: Scheduling phonesky job Id: 1-1337, CT: 1706766640071, Constraints: [{ L: 38590350, D: 81790350, C: 1, I: 1, N: 1 }]
02-01 16:10:06.316 11477 11590 I Finsky  : [13570] otg.accept(58): SCH: Scheduling phonesky job Id: 34-56, CT: 1706766696306, Constraints: [{ L: 79199609, D: 1375199609, C: 1, I: 1, N: 1 }]
02-01 16:10:06.329 11477 11578 I Finsky  : [13565] knz.apply(318): SCH: Scheduling 1 system job(s)
02-01 16:10:06.329 11477 11578 I Finsky  : [13565] abla.d(88): SCH: Scheduling system job Id: 9457, L: 30224092, D: 73424092, C: false, I: false, N: 1
02-01 16:10:06.352 11477 16457 I Finsky  : [13664] abmx.a(26): SCH: job service finished with id 9454.
02-01 16:10:07.005   917 19866 E JavaBinder: *** Uncaught remote exception!  (Exceptions are not yet supported across processes.)
02-01 16:10:07.005   917 19866 E JavaBinder: java.lang.IndexOutOfBoundsException: Invalid index 22, size is 0
02-01 16:10:07.005   917 19866 E JavaBinder: 	at java.util.ArrayList.throwIndexOutOfBoundsException(ArrayList.java:255)
02-01 16:10:07.005   917 19866 E JavaBinder: 	at java.util.ArrayList.get(ArrayList.java:308)
02-01 16:10:07.005   917 19866 E JavaBinder: 	at android.os.Parcel.writeTypedList(Parcel.java:1166)
02-01 16:10:07.005   917 19866 E JavaBinder: 	at android.view.accessibility.IAccessibilityManager$Stub.onTransact(IAccessibilityManager.java:99)
02-01 16:10:07.005   917 19866 E JavaBinder: 	at android.os.Binder.execTransact(Binder.java:453)
02-01 16:10:12.242 16495 16495 I Radio-JNI: register_android_hardware_Radio DONE
02-01 16:10:12.271   917   928 I ActivityManager: START u0 {act=android.intent.action.MAIN cat=[android.intent.category.LAUNCHER] flg=0x10000000 cmp=com.tleapps.simpletipcalculator/.MainActivity} from uid 2000 on display 0
02-01 16:10:12.299   917  2971 I ActivityManager: Start proc 16506:com.tleapps.simpletipcalculator/u0a174 for activity com.tleapps.simpletipcalculator/.MainActivity
02-01 16:10:12.367 16506 16506 W System  : ClassLoader referenced unknown path: /data/app/com.tleapps.simpletipcalculator-1/lib/arm64
02-01 16:10:12.426 16506 16506 W art     : Before Android 4.1, method android.graphics.PorterDuffColorFilter android.support.graphics.drawable.VectorDrawableCompat.updateTintFilter(android.graphics.PorterDuffColorFilter, android.content.res.ColorStateList, android.graphics.PorterDuff$Mode) would have incorrectly overridden the package-private method in android.graphics.drawable.Drawable
02-01 16:10:12.527 16506 16506 W ResourceType: ResTable_typeSpec entry count inconsistent: given 84, previously 87
02-01 16:10:12.528 16506 16506 W ResourceType: ResTable_typeSpec entry count inconsistent: given 169, previously 173
02-01 16:10:12.528 16506 16506 W ResourceType: ResTable_typeSpec entry count inconsistent: given 3300, previously 3320
02-01 16:10:12.528 16506 16506 W ResourceType: ResTable_typeSpec entry count inconsistent: given 487, previously 4840
02-01 16:10:12.783 16506 16506 I DynamiteModule: Considering local module com.google.android.gms.ads.dynamite:0 and remote module com.google.android.gms.ads.dynamite:234310602
02-01 16:10:12.787 16506 16506 I DynamiteModule: Selected remote version of com.google.android.gms.ads.dynamite, version >= 234310602
02-01 16:10:12.811 16506 16506 W System  : ClassLoader referenced unknown path: /data/data/com.google.android.gms/app_chimera/m/00000000/n/arm64-v8a
02-01 16:10:12.876 16506 16506 E Ads     : Failed to retrieve lite SDK info.
02-01 16:10:12.876 16506 16506 E Ads     : java.lang.ClassNotFoundException: Didn't find class "com.google.android.gms.ads.internal.client.LiteSdkInfo" on path: DexPathList[[zip file "/data/app/com.tleapps.simpletipcalculator-1/base.apk"],nativeLibraryDirectories=[/data/app/com.tleapps.simpletipcalculator-1/lib/arm64, /vendor/lib64, /system/lib64]]
02-01 16:10:12.876 16506 16506 E Ads     : 	at dalvik.system.BaseDexClassLoader.findClass(BaseDexClassLoader.java:56)
02-01 16:10:12.876 16506 16506 E Ads     : 	at java.lang.ClassLoader.loadClass(ClassLoader.java:511)
02-01 16:10:12.876 16506 16506 E Ads     : 	at java.lang.ClassLoader.loadClass(ClassLoader.java:469)
02-01 16:10:12.876 16506 16506 E Ads     : 	at com.google.android.gms.ads.nonagon.util.q.e(:com.google.android.gms.policy_ads_fdr_dynamite@234310604@234310602023.578924991.578924991:8)
02-01 16:10:12.876 16506 16506 E Ads     : 	at com.google.android.gms.ads.nonagon.util.q.c(:com.google.android.gms.policy_ads_fdr_dynamite@234310604@234310602023.578924991.578924991:40)
02-01 16:10:12.876 16506 16506 E Ads     : 	at com.google.android.gms.ads.nonagon.a.s(:com.google.android.gms.policy_ads_fdr_dynamite@234310604@234310602023.578924991.578924991:15)
02-01 16:10:12.876 16506 16506 E Ads     : 	at com.google.android.gms.ads.nonagon.a.b(:com.google.android.gms.policy_ads_fdr_dynamite@234310604@234310602023.578924991.578924991:5)
02-01 16:10:12.876 16506 16506 E Ads     : 	at com.google.android.gms.ads.nonagon.shim.ab.<init>(:com.google.android.gms.policy_ads_fdr_dynamite@234310604@234310602023.578924991.578924991:6)
02-01 16:10:12.876 16506 16506 E Ads     : 	at com.google.android.gms.ads.ChimeraAdManagerCreatorImpl.newAdManagerByType(:com.google.android.gms.policy_ads_fdr_dynamite@234310604@234310602023.578924991.578924991:126)
02-01 16:10:12.876 16506 16506 E Ads     : 	at com.google.android.gms.ads.internal.client.bi.bP(:com.google.android.gms.policy_ads_fdr_dynamite@234310604@234310602023.578924991.578924991:89)
02-01 16:10:12.876 16506 16506 E Ads     : 	at m.aju.onTransact(:com.google.android.gms.policy_ads_fdr_dynamite@234310604@234310602023.578924991.578924991:21)
02-01 16:10:12.876 16506 16506 E Ads     : 	at android.os.Binder.transact(Binder.java:387)
02-01 16:10:12.876 16506 16506 E Ads     : 	at nex.fh(:com.google.android.gms@240213013@24.02.13 (040400-599553831):8)
02-01 16:10:12.876 16506 16506 E Ads     : 	at com.google.android.gms.ads.internal.client.ao.newAdManagerByType(:com.google.android.gms@240213013@24.02.13 (040400-599553831):24)
02-01 16:10:12.876 16506 16506 E Ads     : 	at com.google.android.gms.ads.AdManagerCreatorImpl.newAdManagerByType(:com.google.android.gms@240213013@24.02.13 (040400-599553831):48)
02-01 16:10:12.876 16506 16506 E Ads     : 	at com.google.android.gms.ads.internal.client.ap.fd(:com.google.android.gms@240213013@24.02.13 (040400-599553831):89)
02-01 16:10:12.876 16506 16506 E Ads     : 	at ney.onTransact(:com.google.android.gms@240213013@24.02.13 (040400-599553831):101)
02-01 16:10:12.876 16506 16506 E Ads     : 	at android.os.Binder.transact(Binder.java:387)
02-01 16:10:12.876 16506 16506 E Ads     : 	at com.google.android.gms.internal.ads.zzej.transactAndReadException(Unknown Source)
02-01 16:10:12.876 16506 16506 E Ads     : 	at com.google.android.gms.internal.ads.zzkw.zza(Unknown Source)
02-01 16:10:12.876 16506 16506 E Ads     : 	at com.google.android.gms.internal.ads.zzjh.zza(Unknown Source)
02-01 16:10:12.876 16506 16506 E Ads     : 	at com.google.android.gms.internal.ads.zzjs.zzib(Unknown Source)
02-01 16:10:12.876 16506 16506 E Ads     : 	at com.google.android.gms.internal.ads.zzjr$zza.zzid(Unknown Source)
02-01 16:10:12.876 16506 16506 E Ads     : 	at com.google.android.gms.internal.ads.zzjr.zza(Unknown Source)
02-01 16:10:12.876 16506 16506 E Ads     : 	at com.google.android.gms.internal.ads.zzly.zza(Unknown Source)
02-01 16:10:12.876 16506 16506 E Ads     : 	at com.google.android.gms.ads.BaseAdView.loadAd(Unknown Source)
02-01 16:10:12.876 16506 16506 E Ads     : 	at com.google.android.gms.ads.AdView.loadAd(Unknown Source)
02-01 16:10:12.876 16506 16506 E Ads     : 	at com.tleapps.simpletipcalculator.MainActivity.onCreate(MainActivity.kt:75)
02-01 16:10:12.876 16506 16506 E Ads     : 	at android.app.Activity.performCreate(Activity.java:6251)
02-01 16:10:12.876 16506 16506 E Ads     : 	at android.app.Instrumentation.callActivityOnCreate(Instrumentation.java:1107)
02-01 16:10:12.876 16506 16506 E Ads     : 	at android.app.ActivityThread.performLaunchActivity(ActivityThread.java:2369)
02-01 16:10:12.876 16506 16506 E Ads     : 	at android.app.ActivityThread.handleLaunchActivity(ActivityThread.java:2476)
02-01 16:10:12.876 16506 16506 E Ads     : 	at android.app.ActivityThread.-wrap11(ActivityThread.java)
02-01 16:10:12.876 16506 16506 E Ads     : 	at android.app.ActivityThread$H.handleMessage(ActivityThread.java:1344)
02-01 16:10:12.876 16506 16506 E Ads     : 	at android.os.Handler.dispatchMessage(Handler.java:102)
02-01 16:10:12.876 16506 16506 E Ads     : 	at android.os.Looper.loop(Looper.java:148)
02-01 16:10:12.876 16506 16506 E Ads     : 	at android.app.ActivityThread.main(ActivityThread.java:5417)
02-01 16:10:12.876 16506 16506 E Ads     : 	at java.lang.reflect.Method.invoke(Native Method)
02-01 16:10:12.876 16506 16506 E Ads     : 	at com.android.internal.os.ZygoteInit$MethodAndArgsCaller.run(ZygoteInit.java:726)
02-01 16:10:12.876 16506 16506 E Ads     : 	at com.android.internal.os.ZygoteInit.main(ZygoteInit.java:616)
02-01 16:10:12.876 16506 16506 E Ads     : 	Suppressed: java.lang.ClassNotFoundException: com.google.android.gms.ads.internal.client.LiteSdkInfo
02-01 16:10:12.876 16506 16506 E Ads     : 		at java.lang.Class.classForName(Native Method)
02-01 16:10:12.876 16506 16506 E Ads     : 		at java.lang.BootClassLoader.findClass(ClassLoader.java:781)
02-01 16:10:12.876 16506 16506 E Ads     : 		at java.lang.BootClassLoader.loadClass(ClassLoad
02-01 16:10:12.890 16506 16506 I Ads     : Updating ad debug logging enablement.
02-01 16:10:12.904 16506 16506 I Ads     : Use RequestConfiguration.Builder().setTestDeviceIds(Arrays.asList("790F111A36D26C05888E5B9465FB941B")) to get test ads on this device.
02-01 16:10:12.924 16506 16506 I art     : Rejecting re-init on previously-failed class java.lang.Class<j$.util.concurrent.f>
02-01 16:10:12.975 16506 16506 I WebViewFactory: Loading com.google.android.webview version 95.0.4638.74 (code 463807403)
02-01 16:10:12.978 16506 16506 E webviewchromiumloader: Failed to open relro file /data/misc/shared_relro/libwebviewchromium64.relro: No such file or directory
02-01 16:10:12.978 16506 16506 W WebViewFactory: failed to load with relro file, proceeding without
02-01 16:10:13.031 16506 16506 I cr_WVCFactoryProvider: Loaded version=95.0.4638.74 minSdkVersion=21 isBundle=true multiprocess=false packageId=2
02-01 16:10:13.124 16506 16506 I cr_LibraryLoader: Successfully loaded native library
02-01 16:10:13.125 16506 16506 I cr_CachingUmaRecorder: Flushed 7 samples from 7 histograms.
02-01 16:10:13.138 16506 16528 I art     : Rejecting re-init on previously-failed class java.lang.Class<m.ajp>
02-01 16:10:13.169 16506 16554 W Ads     : Invoke Firebase method getInstance error.
02-01 16:10:13.169 16506 16554 W Ads     : The Google Mobile Ads SDK will not integrate with Firebase. Admob/Firebase integration requires the latest Firebase SDK jar, but Firebase SDK is either missing or out of date
02-01 16:10:13.185 16506 16506 W ConnectionStatusConfig: Dynamic lookup for intent failed for action: com.google.android.gms.ads.service.CACHE
02-01 16:10:13.210 16506 16529 W Ads     : Update ad debug logging enablement as false
02-01 16:10:13.270 16506 16566 I Adreno  : QUALCOMM build                   : 63c06b2, I8366cd0437
02-01 16:10:13.270 16506 16566 I Adreno  : Build Date                       : 10/21/15
02-01 16:10:13.270 16506 16566 I Adreno  : OpenGL ES Shader Compiler Version: XE031.05.13.02
02-01 16:10:13.270 16506 16566 I Adreno  : Local Branch                     : 
02-01 16:10:13.270 16506 16566 I Adreno  : Remote Branch                    : quic/LA.BF64.1.2.9_v2
02-01 16:10:13.270 16506 16566 I Adreno  : Remote Branch                    : NONE
02-01 16:10:13.270 16506 16566 I Adreno  : Reconstruct Branch               : NOTHING
02-01 16:10:13.275 16506 16566 I OpenGLRenderer: Initialized EGL, version 1.4
02-01 16:10:13.351   917   935 I ActivityManager: Displayed com.tleapps.simpletipcalculator/.MainActivity: +1s69ms
02-01 16:10:13.365 16506 16570 W ConnectionStatusConfig: Dynamic lookup for intent failed for action: com.google.android.gms.ads.service.START
02-01 16:10:13.447 22338 16026 I Icing   : IndexChimeraService.getServiceInterface callingPackage=com.google.android.gms componentName=null serviceId=30
02-01 16:10:13.459  9358 16395 I PBSessionCacheImpl: Deleted sessionId[41158626015785815] from persistence.
02-01 16:10:13.474 22338  3900 I Icing   : Usage reports ok 1, Failed Usage reports 0, indexed 0, rejected 0
02-01 16:10:13.486 22338 22338 I Ads     : Received log message: <Google:HTML> You are currently using version 234310999.12451000.1 of the SDK, which is deprecated. Please consider updating your SDK to the most recent SDK version to get the latest features and bug fixes. The latest SDK can be installed from https://googlemobileadssdk.page.link/android-install-instructions. More information about the SDK deprecation schedule is available at https://developers.google.com/admob/android/deprecation.
02-01 16:10:13.505 22338 16574 I Ads     : SDK version: afma-sdk-a-v234310999.12451000.1
02-01 16:10:13.507 22338 16574 I Ads     : HTTP timeout: 60000 milliseconds.
02-01 16:10:13.542  9358  9387 W SearchServiceCore: Abort, client detached.
02-01 16:10:13.718 11053 11053 I ServiceManager: Waiting for service AtCmdFwd...
02-01 16:10:14.238 16506 16506 E chromium: [ERROR:network_service_instance_impl.cc(179)] Failed to grant sandbox access to network context data for /data/user/0/com.tleapps.simpletipcalculator/app_webview/Default with result 7: No such file or directory (2)
02-01 16:10:14.294 16506 16506 I art     : Rejecting re-init on previously-failed class java.lang.Class<com.google.android.gms.ads.eventattestation.internal.i>
02-01 16:10:14.319 16506 16617 E libEGL  : validate_display:255 error 3008 (EGL_BAD_DISPLAY)
02-01 16:10:14.325 16506 16609 W cr_media: Requires BLUETOOTH permission
02-01 16:10:14.350 16506 16617 E libEGL  : validate_display:255 error 3008 (EGL_BAD_DISPLAY)
02-01 16:10:14.606 21702 12659 W surfboard: tcp pair replaced, source port 39760 dest port 443
02-01 16:10:14.719 11053 11053 I ServiceManager: Waiting for service AtCmdFwd...
02-01 16:10:14.961 16506 16506 W Ads     : JS: Unrecognized feature: 'attribution-reporting'. (https://www.googletagservices.com/dcm/impl_v99.js:93)
02-01 16:10:14.962 16506 16506 W Ads     : JS: Origin trial controlled feature not enabled: 'attribution-reporting'. (https://www.googletagservices.com/dcm/impl_v99.js:105)
02-01 16:10:15.057 16506 16506 I Ads     : JS: The jsLoaded GMSG has been sent (https://googleads.g.doubleclick.net/mads/static/mad/sdk/native/production/sdk-core-v40-impl.html:788)
02-01 16:10:15.527 21702 21710 I art     : Background sticky concurrent mark sweep GC freed 423644(14MB) AllocSpace objects, 6(120KB) LOS objects, 28% free, 38MB/53MB, paused 1.569ms total 122.463ms
02-01 16:10:15.707 24081 24477 W AppFlood: login Failed. code = 302
02-01 16:10:15.708 24081 24477 W AppFlood: connection failed 302 http://data.appflood.com/get_token?v=2.1&ts=1706775015355&app_key=lZXiVJ0O6TvojUm8&adtype=255&signature=2a23f55f15a8fec04a7c034428b93d2c&data=AwNepUvzuQayMLc51WTzXzUNXqjlr3WpljDK%2B%2FbEWLOsQwZtAA5sBctrgVWKKZzGvrIj7iWXAfCuiUdEoCX7McTlxmWS21%2FKMprHhYlcvo1YvIj2TV4wZdparVoh71E4PfC3SjgBXWITrdRfLJsLC9Lu5slgogJ0ysH3s62iccYPwqWJZqoiH%2FgWP3ddogQR&uuid=zKtSrRYm4kaWyr%2Bd1VizDOPl3GLIqGWY2OYQ3F90TPvpz2%2B9W6xYEw%3D%3D&mac=&sm=1&aid=2ghem9U6A43DQimZ62qFw%2BmWO%2FXdZ9Pf&duid=&model=6
02-01 16:10:15.719 11053 11053 I ServiceManager: Waiting for service AtCmdFwd...
02-01 16:10:16.315 21702 12659 W surfboard: tcp pair replaced, source port 42702 dest port 443
02-01 16:10:16.719 11053 11053 I ServiceManager: Waiting for service AtCmdFwd...
02-01 16:10:17.720 11053 11053 I ServiceManager: Waiting for service AtCmdFwd...
02-01 16:10:18.721 11053 11053 W Atfwd_Sendcmd: AtCmdFwd service not published, waiting... retryCnt : 4
02-01 16:10:19.005  9358 16396 I art     : Waiting for a blocking GC DisableMovingGc
02-01 16:10:19.006  9358 16396 I art     : Starting a blocking GC DisableMovingGc
02-01 16:10:26.540 16738 16738 I Radio-JNI: register_android_hardware_Radio DONE
02-01 16:10:26.562 16738 16738 I Input   : injectMotionEvent: MotionEvent { action=ACTION_DOWN, actionButton=0, id[0]=0, x[0]=982.0, y[0]=480.0, toolType[0]=TOOL_TYPE_UNKNOWN, buttonState=0, metaState=0, flags=0x0, edgeFlags=0x0, pointerCount=1, historySize=0, eventTime=641897092, downTime=641897092, deviceId=0, source=0x1002 }
02-01 16:10:26.579 16738 16738 I Input   : injectMotionEvent: MotionEvent { action=ACTION_MOVE, actionButton=0, id[0]=0, x[0]=982.0, y[0]=480.0, toolType[0]=TOOL_TYPE_UNKNOWN, buttonState=0, metaState=0, flags=0x0, edgeFlags=0x0, pointerCount=1, historySize=0, eventTime=641897092, downTime=641897092, deviceId=0, source=0x1002 }
02-01 16:10:26.595 16738 16738 I Input   : injectMotionEvent: MotionEvent { action=ACTION_MOVE, actionButton=0, id[0]=0, x[0]=982.0, y[0]=480.0, toolType[0]=TOOL_TYPE_UNKNOWN, buttonState=0, metaState=0, flags=0x0, edgeFlags=0x0, pointerCount=1, historySize=0, eventTime=641897128, downTime=641897128, deviceId=0, source=0x1002 }
02-01 16:10:26.612 16738 16738 I Input   : injectMotionEvent: MotionEvent { action=ACTION_MOVE, actionButton=0, id[0]=0, x[0]=982.0, y[0]=480.0, toolType[0]=TOOL_TYPE_UNKNOWN, buttonState=0, metaState=0, flags=0x0, edgeFlags=0x0, pointerCount=1, historySize=0, eventTime=641897145, downTime=641897145, deviceId=0, source=0x1002 }
02-01 16:10:26.628 16738 16738 I Input   : injectMotionEvent: MotionEvent { action=ACTION_MOVE, actionButton=0, id[0]=0, x[0]=982.0, y[0]=480.0, toolType[0]=TOOL_TYPE_UNKNOWN, buttonState=0, metaState=0, flags=0x0, edgeFlags=0x0, pointerCount=1, historySize=0, eventTime=641897161, downTime=641897161, deviceId=0, source=0x1002 }
02-01 16:10:26.645 16738 16738 I Input   : injectMotionEvent: MotionEvent { action=ACTION_MOVE, actionButton=0, id[0]=0, x[0]=982.0, y[0]=480.0, toolType[0]=TOOL_TYPE_UNKNOWN, buttonState=0, metaState=0, flags=0x0, edgeFlags=0x0, pointerCount=1, historySize=0, eventTime=641897178, downTime=641897178, deviceId=0, source=0x1002 }
02-01 16:10:26.662 16738 16738 I Input   : injectMotionEvent: MotionEvent { action=ACTION_MOVE, actionButton=0, id[0]=0, x[0]=982.0, y[0]=480.0, toolType[0]=TOOL_TYPE_UNKNOWN, buttonState=0, metaState=0, flags=0x0, edgeFlags=0x0, pointerCount=1, historySize=0, eventTime=641897195, downTime=641897195, deviceId=0, source=0x1002 }
02-01 16:10:26.681 16738 16738 I Input   : injectMotionEvent: MotionEvent { action=ACTION_MOVE, actionButton=0, id[0]=0, x[0]=982.0, y[0]=480.0, toolType[0]=TOOL_TYPE_UNKNOWN, buttonState=0, metaState=0, flags=0x0, edgeFlags=0x0, pointerCount=1, historySize=0, eventTime=641897214, downTime=641897214, deviceId=0, source=0x1002 }
02-01 16:10:26.696 16738 16738 I Input   : injectMotionEvent: MotionEvent { action=ACTION_MOVE, actionButton=0, id[0]=0, x[0]=982.0, y[0]=480.0, toolType[0]=TOOL_TYPE_UNKNOWN, buttonState=0, metaState=0, flags=0x0, edgeFlags=0x0, pointerCount=1, historySize=0, eventTime=641897229, downTime=641897229, deviceId=0, source=0x1002 }
02-01 16:10:26.712 16738 16738 I Input   : injectMotionEvent: MotionEvent { action=ACTION_MOVE, actionButton=0, id[0]=0, x[0]=982.0, y[0]=480.0, toolType[0]=TOOL_TYPE_UNKNOWN, buttonState=0, metaState=0, flags=0x0, edgeFlags=0x0, pointerCount=1, historySize=0, eventTime=641897245, downTime=641897245, deviceId=0, source=0x1002 }
02-01 16:10:26.729 16738 16738 I Input   : injectMotionEvent: MotionEvent { action=ACTION_MOVE, actionButton=0, id[0]=0, x[0]=982.0, y[0]=480.0, toolType[0]=TOOL_TYPE_UNKNOWN, buttonState=0, metaState=0, flags=0x0, edgeFlags=0x0, pointerCount=1, historySize=0, eventTime=641897262, downTime=641897262, deviceId=0, source=0x1002 }
02-01 16:10:26.745 16738 16738 I Input   : injectMotionEvent: MotionEvent { action=ACTION_MOVE, actionButton=0, id[0]=0, x[0]=982.0, y[0]=480.0, toolType[0]=TOOL_TYPE_UNKNOWN, buttonState=0, metaState=0, flags=0x0, edgeFlags=0x0, pointerCount=1, historySize=0, eventTime=641897278, downTime=641897278, deviceId=0, source=0x1002 }
02-01 16:10:26.761 16738 16738 I Input   : injectMotionEvent: MotionEvent { action=ACTION_UP, actionButton=0, id[0]=0, x[0]=982.0, y[0]=480.0, toolType[0]=TOOL_TYPE_UNKNOWN, buttonState=0, metaState=0, flags=0x0, edgeFlags=0x0, pointerCount=1, historySize=0, eventTime=641897294, downTime=641897294, deviceId=0, source=0x1002 }
02-01 16:10:26.903 16171 16753 I Adreno  : QUALCOMM build                   : 63c06b2, I8366cd0437
02-01 16:10:26.903 16171 16753 I Adreno  : Build Date                       : 10/21/15
02-01 16:10:26.903 16171 16753 I Adreno  : OpenGL ES Shader Compiler Version: XE031.05.13.02
02-01 16:10:26.903 16171 16753 I Adreno  : Local Branch                     : 
02-01 16:10:26.903 16171 16753 I Adreno  : Remote Branch                    : quic/LA.BF64.1.2.9_v2
02-01 16:10:26.903 16171 16753 I Adreno  : Remote Branch                    : NONE
02-01 16:10:26.903 16171 16753 I Adreno  : Reconstruct Branch               : NOTHING
02-01 16:10:26.906 16171 16753 I OpenGLRenderer: Initialized EGL, version 1.4
02-01 16:10:27.356 16764 16764 I Radio-JNI: register_android_hardware_Radio DONE
02-01 16:10:28.007 16774 16774 I Radio-JNI: register_android_hardware_Radio DONE
02-01 16:10:28.025 16774 16774 I Input   : injectKeyEvent: KeyEvent { action=ACTION_DOWN, keyCode=KEYCODE_ENTER, scanCode=0, metaState=0, flags=0x0, repeatCount=0, eventTime=641898557, downTime=641898557, deviceId=-1, source=0x101 }
02-01 16:10:28.034 16774 16774 I Input   : injectKeyEvent: KeyEvent { action=ACTION_UP, keyCode=KEYCODE_ENTER, scanCode=0, metaState=0, flags=0x0, repeatCount=0, eventTime=641898557, downTime=641898557, deviceId=-1, source=0x101 }
02-01 16:10:28.670 16795 16795 I Radio-JNI: register_android_hardware_Radio DONE
02-01 16:10:28.688 16795 16795 I Input   : injectKeyEvent: KeyEvent { action=ACTION_DOWN, keyCode=KEYCODE_SEARCH, scanCode=0, metaState=0, flags=0x0, repeatCount=0, eventTime=641899221, downTime=641899221, deviceId=-1, source=0x101 }
02-01 16:10:28.693 16795 16795 I Input   : injectKeyEvent: KeyEvent { action=ACTION_UP, keyCode=KEYCODE_SEARCH, scanCode=0, metaState=0, flags=0x0, repeatCount=0, eventTime=641899221, downTime=641899221, deviceId=-1, source=0x101 }
02-01 16:10:30.711 21702 12659 W surfboard: tcp pair replaced, source port 40379 dest port 443
02-01 16:10:31.003 24081 24145 W AppFlood: login Failed. code = 302
02-01 16:10:31.025 24081 24145 W AppFlood: connection failed 302 http://data.appflood.com/get_token?v=2.1&ts=1706775030707&app_key=lZXiVJ0O6TvojUm8&adtype=255&signature=ca4a578fcc1ade1d205595ca50782b47&data=AwNepUvzuQayMLc51WTzXzUNXqjlr3WpljDK%2B%2FbEWLOsQwZtAA5sBctrgVWKKZzGvrIj7iWXAfCuiUdEoCX7McTlxmWS21%2FKMprHhYlcvo1YvIj2TV4wZdparVoh71E4PfC3SjgBXWITrdRfLJsLC9Lu5slgogJ0ysH3s62iccYPwqWJZqoiH%2FgWP3ddogQR&uuid=zKtSrRYm4kaWyr%2Bd1VizDOPl3GLIqGWY2OYQ3F90TPvpz2%2B9W6xYEw%3D%3D&mac=&sm=1&aid=2ghem9U6A43DQimZ62qFw%2BmWO%2FXdZ9Pf&duid=&model=6
02-01 16:10:38.722 11053 11053 I ServiceManager: Waiting for service AtCmdFwd...
02-01 16:10:39.722 11053 11053 I ServiceManager: Waiting for service AtCmdFwd...
02-01 16:10:40.723 11053 11053 I ServiceManager: Waiting for service AtCmdFwd...
02-01 16:10:41.023 16897 16897 I Radio-JNI: register_android_hardware_Radio DONE
02-01 16:10:41.039 16897 16897 I Input   : injectMotionEvent: MotionEvent { action=ACTION_DOWN, actionButton=0, id[0]=0, x[0]=982.0, y[0]=480.0, toolType[0]=TOOL_TYPE_UNKNOWN, buttonState=0, metaState=0, flags=0x0, edgeFlags=0x0, pointerCount=1, historySize=0, eventTime=641911572, downTime=641911572, deviceId=0, source=0x1002 }
02-01 16:10:41.047 16897 16897 I Input   : injectMotionEvent: MotionEvent { action=ACTION_MOVE, actionButton=0, id[0]=0, x[0]=982.0, y[0]=480.0, toolType[0]=TOOL_TYPE_UNKNOWN, buttonState=0, metaState=0, flags=0x0, edgeFlags=0x0, pointerCount=1, historySize=0, eventTime=641911572, downTime=641911572, deviceId=0, source=0x1002 }
02-01 16:10:41.048 16897 16897 I Input   : injectMotionEvent: MotionEvent { action=ACTION_MOVE, actionButton=0, id[0]=0, x[0]=982.0, y[0]=480.0, toolType[0]=TOOL_TYPE_UNKNOWN, buttonState=0, metaState=0, flags=0x0, edgeFlags=0x0, pointerCount=1, historySize=0, eventTime=641911581, downTime=641911581, deviceId=0, source=0x1002 }
02-01 16:10:41.065 16897 16897 I Input   : injectMotionEvent: MotionEvent { action=ACTION_MOVE, actionButton=0, id[0]=0, x[0]=982.0, y[0]=480.0, toolType[0]=TOOL_TYPE_UNKNOWN, buttonState=0, metaState=0, flags=0x0, edgeFlags=0x0, pointerCount=1, historySize=0, eventTime=641911598, downTime=641911598, deviceId=0, source=0x1002 }
02-01 16:10:41.081 16897 16897 I Input   : injectMotionEvent: MotionEvent { action=ACTION_MOVE, actionButton=0, id[0]=0, x[0]=982.0, y[0]=480.0, toolType[0]=TOOL_TYPE_UNKNOWN, buttonState=0, metaState=0, flags=0x0, edgeFlags=0x0, pointerCount=1, historySize=0, eventTime=641911614, downTime=641911614, deviceId=0, source=0x1002 }
02-01 16:10:41.098 16897 16897 I Input   : injectMotionEvent: MotionEvent { action=ACTION_MOVE, actionButton=0, id[0]=0, x[0]=982.0, y[0]=480.0, toolType[0]=TOOL_TYPE_UNKNOWN, buttonState=0, metaState=0, flags=0x0, edgeFlags=0x0, pointerCount=1, historySize=0, eventTime=641911631, downTime=641911631, deviceId=0, source=0x1002 }
02-01 16:10:41.114 16897 16897 I Input   : injectMotionEvent: MotionEvent { action=ACTION_MOVE, actionButton=0, id[0]=0, x[0]=982.0, y[0]=480.0, toolType[0]=TOOL_TYPE_UNKNOWN, buttonState=0, metaState=0, flags=0x0, edgeFlags=0x0, pointerCount=1, historySize=0, eventTime=641911647, downTime=641911647, deviceId=0, source=0x1002 }
02-01 16:10:41.130 16897 16897 I Input   : injectMotionEvent: MotionEvent { action=ACTION_MOVE, actionButton=0, id[0]=0, x[0]=982.0, y[0]=480.0, toolType[0]=TOOL_TYPE_UNKNOWN, buttonState=0, metaState=0, flags=0x0, edgeFlags=0x0, pointerCount=1, historySize=0, eventTime=641911663, downTime=641911663, deviceId=0, source=0x1002 }
02-01 16:10:41.147 16897 16897 I Input   : injectMotionEvent: MotionEvent { action=ACTION_MOVE, actionButton=0, id[0]=0, x[0]=982.0, y[0]=480.0, toolType[0]=TOOL_TYPE_UNKNOWN, buttonState=0, metaState=0, flags=0x0, edgeFlags=0x0, pointerCount=1, historySize=0, eventTime=641911680, downTime=641911680, deviceId=0, source=0x1002 }
02-01 16:10:41.164 16897 16897 I Input   : injectMotionEvent: MotionEvent { action=ACTION_MOVE, actionButton=0, id[0]=0, x[0]=982.0, y[0]=480.0, toolType[0]=TOOL_TYPE_UNKNOWN, buttonState=0, metaState=0, flags=0x0, edgeFlags=0x0, pointerCount=1, historySize=0, eventTime=641911697, downTime=641911697, deviceId=0, source=0x1002 }
02-01 16:10:41.181 16897 16897 I Input   : injectMotionEvent: MotionEvent { action=ACTION_MOVE, actionButton=0, id[0]=0, x[0]=982.0, y[0]=480.0, toolType[0]=TOOL_TYPE_UNKNOWN, buttonState=0, metaState=0, flags=0x0, edgeFlags=0x0, pointerCount=1, historySize=0, eventTime=641911714, downTime=641911714, deviceId=0, source=0x1002 }
02-01 16:10:41.197 16897 16897 I Input   : injectMotionEvent: MotionEvent { action=ACTION_MOVE, actionButton=0, id[0]=0, x[0]=982.0, y[0]=480.0, toolType[0]=TOOL_TYPE_UNKNOWN, buttonState=0, metaState=0, flags=0x0, edgeFlags=0x0, pointerCount=1, historySize=0, eventTime=641911730, downTime=641911730, deviceId=0, source=0x1002 }
02-01 16:10:41.214 16897 16897 I Input   : injectMotionEvent: MotionEvent { action=ACTION_MOVE, actionButton=0, id[0]=0, x[0]=982.0, y[0]=480.0, toolType[0]=TOOL_TYPE_UNKNOWN, buttonState=0, metaState=0, flags=0x0, edgeFlags=0x0, pointerCount=1, historySize=0, eventTime=641911747, downTime=641911747, deviceId=0, source=0x1002 }
02-01 16:10:41.231 16897 16897 I Input   : injectMotionEvent: MotionEvent { action=ACTION_MOVE, actionButton=0, id[0]=0, x[0]=982.0, y[0]=480.0, toolType[0]=TOOL_TYPE_UNKNOWN, buttonState=0, metaState=0, flags=0x0, edgeFlags=0x0, pointerCount=1, historySize=0, eventTime=641911764, downTime=641911764, deviceId=0, source=0x1002 }
02-01 16:10:41.247 16897 16897 I Input   : injectMotionEvent: MotionEvent { action=ACTION_UP, actionButton=0, id[0]=0, x[0]=982.0, y[0]=480.0, toolType[0]=TOOL_TYPE_UNKNOWN, buttonState=0, metaState=0, flags=0x0, edgeFlags=0x0, pointerCount=1, historySize=0, eventTime=641911780, downTime=641911780, deviceId=0, source=0x1002 }
02-01 16:10:41.724 11053 11053 I ServiceManager: Waiting for service AtCmdFwd...
02-01 16:10:41.864 16919 16919 I Radio-JNI: register_android_hardware_Radio DONE
02-01 16:10:42.488 16935 16935 I Radio-JNI: register_android_hardware_Radio DONE
02-01 16:10:42.505 16935 16935 I Input   : injectKeyEvent: KeyEvent { action=ACTION_DOWN, keyCode=KEYCODE_ENTER, scanCode=0, metaState=0, flags=0x0, repeatCount=0, eventTime=641913038, downTime=641913038, deviceId=-1, source=0x101 }
02-01 16:10:42.510 16935 16935 I Input   : injectKeyEvent: KeyEvent { action=ACTION_UP, keyCode=KEYCODE_ENTER, scanCode=0, metaState=0, flags=0x0, repeatCount=0, eventTime=641913038, downTime=641913038, deviceId=-1, source=0x101 }
02-01 16:10:42.724 11053 11053 I ServiceManager: Waiting for service AtCmdFwd...
02-01 16:10:43.170 16960 16960 I Radio-JNI: register_android_hardware_Radio DONE
02-01 16:10:43.187 16960 16960 I Input   : injectKeyEvent: KeyEvent { action=ACTION_DOWN, keyCode=KEYCODE_SEARCH, scanCode=0, metaState=0, flags=0x0, repeatCount=0, eventTime=641913720, downTime=641913720, deviceId=-1, source=0x101 }
02-01 16:10:43.192 16960 16960 I Input   : injectKeyEvent: KeyEvent { action=ACTION_UP, keyCode=KEYCODE_SEARCH, scanCode=0, metaState=0, flags=0x0, repeatCount=0, eventTime=641913720, downTime=641913720, deviceId=-1, source=0x101 }
02-01 16:10:43.725 11053 11053 W Atfwd_Sendcmd: AtCmdFwd service not published, waiting... retryCnt : 5
02-01 16:10:45.131  2996  3006 I art     : Background partial concurrent mark sweep GC freed 317161(15MB) AllocSpace objects, 29(1208KB) LOS objects, 32% free, 33MB/49MB, paused 660us total 130.325ms
02-01 16:10:46.294 24081 24213 W AppFlood: login Failed. code = 302
02-01 16:10:46.294 24081 24213 W AppFlood: connection failed 302 http://data.appflood.com/get_token?v=2.1&ts=1706775046003&app_key=lZXiVJ0O6TvojUm8&adtype=255&signature=5c28b0b66b02ab73c02af6dc70e41a95&data=AwNepUvzuQayMLc51WTzXzUNXqjlr3WpljDK%2B%2FbEWLOsQwZtAA5sBctrgVWKKZzGvrIj7iWXAfCuiUdEoCX7McTlxmWS21%2FKMprHhYlcvo1YvIj2TV4wZdparVoh71E4PfC3SjgBXWITrdRfLJsLC9Lu5slgogJ0ysH3s62iccYPwqWJZqoiH%2FgWP3ddogQR&uuid=zKtSrRYm4kaWyr%2Bd1VizDOPl3GLIqGWY2OYQ3F90TPvpz2%2B9W6xYEw%3D%3D&mac=&sm=1&aid=2ghem9U6A43DQimZ62qFw%2BmWO%2FXdZ9Pf&duid=&model=6
02-01 16:10:49.641 21702 12659 W surfboard: tcp pair replaced, source port 40613 dest port 443
02-01 16:10:49.641 21702 12659 W surfboard: close tcp connection due to pair replaced
02-01 16:10:50.637 21702 12659 W surfboard: tcp pair replaced, source port 40613 dest port 443
02-01 16:10:54.628 21702 12659 W surfboard: tcp pair replaced, source port 40615 dest port 443
02-01 16:10:58.079 17134 17134 I Radio-JNI: register_android_hardware_Radio DONE
02-01 16:10:58.101 17134 17134 I Input   : injectMotionEvent: MotionEvent { action=ACTION_DOWN, actionButton=0, id[0]=0, x[0]=1114.0, y[0]=830.0, toolType[0]=TOOL_TYPE_UNKNOWN, buttonState=0, metaState=0, flags=0x0, edgeFlags=0x0, pointerCount=1, historySize=0, eventTime=641928633, downTime=641928633, deviceId=0, source=0x1002 }
02-01 16:10:58.110 17134 17134 I Input   : injectMotionEvent: MotionEvent { action=ACTION_MOVE, actionButton=0, id[0]=0, x[0]=1114.0, y[0]=830.0, toolType[0]=TOOL_TYPE_UNKNOWN, buttonState=0, metaState=0, flags=0x0, edgeFlags=0x0, pointerCount=1, historySize=0, eventTime=641928633, downTime=641928633, deviceId=0, source=0x1002 }
02-01 16:10:58.127 17134 17134 I Input   : injectMotionEvent: MotionEvent { action=ACTION_MOVE, actionButton=0, id[0]=0, x[0]=1114.0, y[0]=830.0, toolType[0]=TOOL_TYPE_UNKNOWN, buttonState=0, metaState=0, flags=0x0, edgeFlags=0x0, pointerCount=1, historySize=0, eventTime=641928660, downTime=641928660, deviceId=0, source=0x1002 }
02-01 16:10:58.144 17134 17134 I Input   : injectMotionEvent: MotionEvent { action=ACTION_MOVE, actionButton=0, id[0]=0, x[0]=1114.0, y[0]=830.0, toolType[0]=TOOL_TYPE_UNKNOWN, buttonState=0, metaState=0, flags=0x0, edgeFlags=0x0, pointerCount=1, historySize=0, eventTime=641928677, downTime=641928677, deviceId=0, source=0x1002 }
02-01 16:10:58.160 17134 17134 I Input   : injectMotionEvent: MotionEvent { action=ACTION_MOVE, actionButton=0, id[0]=0, x[0]=1114.0, y[0]=830.0, toolType[0]=TOOL_TYPE_UNKNOWN, buttonState=0, metaState=0, flags=0x0, edgeFlags=0x0, pointerCount=1, historySize=0, eventTime=641928693, downTime=641928693, deviceId=0, source=0x1002 }
02-01 16:10:58.176 17134 17134 I Input   : injectMotionEvent: MotionEvent { action=ACTION_MOVE, actionButton=0, id[0]=0, x[0]=1114.0, y[0]=830.0, toolType[0]=TOOL_TYPE_UNKNOWN, buttonState=0, metaState=0, flags=0x0, edgeFlags=0x0, pointerCount=1, historySize=0, eventTime=641928709, downTime=641928709, deviceId=0, source=0x1002 }
02-01 16:10:58.193 17134 17134 I Input   : injectMotionEvent: MotionEvent { action=ACTION_MOVE, actionButton=0, id[0]=0, x[0]=1114.0, y[0]=830.0, toolType[0]=TOOL_TYPE_UNKNOWN, buttonState=0, metaState=0, flags=0x0, edgeFlags=0x0, pointerCount=1, historySize=0, eventTime=641928726, downTime=641928726, deviceId=0, source=0x1002 }
02-01 16:10:58.209 17134 17134 I Input   : injectMotionEvent: MotionEvent { action=ACTION_MOVE, actionButton=0, id[0]=0, x[0]=1114.0, y[0]=830.0, toolType[0]=TOOL_TYPE_UNKNOWN, buttonState=0, metaState=0, flags=0x0, edgeFlags=0x0, pointerCount=1, historySize=0, eventTime=641928742, downTime=641928742, deviceId=0, source=0x1002 }
02-01 16:10:58.226 17134 17134 I Input   : injectMotionEvent: MotionEvent { action=ACTION_MOVE, actionButton=0, id[0]=0, x[0]=1114.0, y[0]=830.0, toolType[0]=TOOL_TYPE_UNKNOWN, buttonState=0, metaState=0, flags=0x0, edgeFlags=0x0, pointerCount=1, historySize=0, eventTime=641928759, downTime=641928759, deviceId=0, source=0x1002 }
02-01 16:10:58.243 17134 17134 I Input   : injectMotionEvent: MotionEvent { action=ACTION_MOVE, actionButton=0, id[0]=0, x[0]=1114.0, y[0]=830.0, toolType[0]=TOOL_TYPE_UNKNOWN, buttonState=0, metaState=0, flags=0x0, edgeFlags=0x0, pointerCount=1, historySize=0, eventTime=641928776, downTime=641928776, deviceId=0, source=0x1002 }
02-01 16:10:58.260 17134 17134 I Input   : injectMotionEvent: MotionEvent { action=ACTION_MOVE, actionButton=0, id[0]=0, x[0]=1114.0, y[0]=830.0, toolType[0]=TOOL_TYPE_UNKNOWN, buttonState=0, metaState=0, flags=0x0, edgeFlags=0x0, pointerCount=1, historySize=0, eventTime=641928793, downTime=641928793, deviceId=0, source=0x1002 }
02-01 16:10:58.276 17134 17134 I Input   : injectMotionEvent: MotionEvent { action=ACTION_MOVE, actionButton=0, id[0]=0, x[0]=1114.0, y[0]=830.0, toolType[0]=TOOL_TYPE_UNKNOWN, buttonState=0, metaState=0, flags=0x0, edgeFlags=0x0, pointerCount=1, historySize=0, eventTime=641928809, downTime=641928809, deviceId=0, source=0x1002 }
02-01 16:10:58.293 17134 17134 I Input   : injectMotionEvent: MotionEvent { action=ACTION_MOVE, actionButton=0, id[0]=0, x[0]=1114.0, y[0]=830.0, toolType[0]=TOOL_TYPE_UNKNOWN, buttonState=0, metaState=0, flags=0x0, edgeFlags=0x0, pointerCount=1, historySize=0, eventTime=641928826, downTime=641928826, deviceId=0, source=0x1002 }
02-01 16:10:58.309 17134 17134 I Input   : injectMotionEvent: MotionEvent { action=ACTION_UP, actionButton=0, id[0]=0, x[0]=1114.0, y[0]=830.0, toolType[0]=TOOL_TYPE_UNKNOWN, buttonState=0, metaState=0, flags=0x0, edgeFlags=0x0, pointerCount=1, historySize=0, eventTime=641928842, downTime=641928842, deviceId=0, source=0x1002 }
02-01 16:10:58.952 17154 17154 I Radio-JNI: register_android_hardware_Radio DONE
02-01 16:10:59.602 17171 17171 I Radio-JNI: register_android_hardware_Radio DONE
02-01 16:10:59.620 17171 17171 I Input   : injectKeyEvent: KeyEvent { action=ACTION_DOWN, keyCode=KEYCODE_ENTER, scanCode=0, metaState=0, flags=0x0, repeatCount=0, eventTime=641930153, downTime=641930153, deviceId=-1, source=0x101 }
02-01 16:10:59.632 17171 17171 I Input   : injectKeyEvent: KeyEvent { action=ACTION_UP, keyCode=KEYCODE_ENTER, scanCode=0, metaState=0, flags=0x0, repeatCount=0, eventTime=641930153, downTime=641930153, deviceId=-1, source=0x101 }
02-01 16:11:00.272 17187 17187 I Radio-JNI: register_android_hardware_Radio DONE
02-01 16:11:00.291 17187 17187 I Input   : injectKeyEvent: KeyEvent { action=ACTION_DOWN, keyCode=KEYCODE_SEARCH, scanCode=0, metaState=0, flags=0x0, repeatCount=0, eventTime=641930823, downTime=641930823, deviceId=-1, source=0x101 }
02-01 16:11:00.295 17187 17187 I Input   : injectKeyEvent: KeyEvent { action=ACTION_UP, keyCode=KEYCODE_SEARCH, scanCode=0, metaState=0, flags=0x0, repeatCount=0, eventTime=641930823, downTime=641930823, deviceId=-1, source=0x101 }
02-01 16:11:01.587 24081 24314 W AppFlood: login Failed. code = 302
